
== S  the seed F (Thread A / S2 dual witness) is one of the four defects
PASS S1  [identity] T_psi = actT R_H phiW = E00 + E13 + E22 + E31 = T_(1,1); F = E00/2 - T_psi/4 = e_(1,1)
PASS S2  [identity] cnot F = E00/2 - (E00 - E13 - E22 + E31)/4 = e_(-1,-1), and ipW(F, cnot F) = 0
PASS Sc  [countercontrol] countercontrol: ipW(F, F) = 1/4 (the orthogonality test separates a defect from itself)

== V  the V+ sub-problem: dimensions, the |k-| <= |k+| identity, the symmetrized products, E0 in V+
PASS V1  [enumerate] dim V+ = rank (I + cnot)/2 = 10 and dim V- = rank (I - cnot)/2 = 6
PASS V2  [identity] <k, cnot k> = |k+|^2 - |k-|^2 for a generic table k, symbolic (so every k in a cnot-invariant self-dual cone has |k-| <= |k+|)
PASS V3  [identity] pinching: (rho + CNOT rho CNOT)/2 = P+ rho P+ + P- rho P-, symbolic (P+- the CNOT eigenprojectors)
PASS V4  [identity] P- |ab> = (a1 (b0 - b1)/sqrt 2) |1->, P+ |ab> = a0 b0 |00> + a0 b1 |01> + (a1 (b0 + b1)/sqrt 2) |1+>, symbolic: K_gen+ is generated by (|v_ab><v_ab|, |<1-|ab>|^2), v_ab = P+ |ab>
PASS V5  [witness] E0 lies in V+ (cnot E0 = E0) and outside Q3 n V+ = PSD(3) + R_+ (g^T pauliW(E0) g = -1/4): K1 n V+ is a self-dual cone of V+ containing K_gen+ and different from PSD(3) + R_+
FAIL Vc  [countercontrol] countercontrol: the axis product prodState(e1, e1) has a nonzero V- part (p != cnot p)

== F  the one-parameter family e_c = E00 + c (E13 - E22), c in (1/2, 1]
PASS F1  [identity] cnot e_c = e_c (symbolic c)
PASS F2  [identity] pauliW(e_c) = ((1-2c) g g^T + f1 f1^T + (1+2c) f3 f3^T + f4 f4^T)/4, symbolic in c
PASS F3  [identity] ipW(e_c, prodState x y) = (1 - c) + c (1 + x1 y3 - x2 y2), symbolic: e_c in maxCone for 0 <= c <= 1 (1 + x1 y3 - x2 y2 >= 0 on the ball, x1_k1_core C2)
PASS F4  [identity] SD1 certificate: pauliW(e_c) - ((2c-1)/4)(I - 2 g g^T) = ((1-c)/2) f1 f1^T + (1/2) f3 f3^T + ((1-c)/2) f4 f4^T, symbolic in c (PSD iff c <= 1); e_c is not PSD iff c > 1/2
PASS F5  [witness] instance c = 3/4: lowest eigenvalue (1 - 2c)/4 = -1/8 < 0 and certificate coefficients (1-c)/2 = 1/8 > 0: K(e_{3/4}) meets H1-H3 with a strict SD1 inequality and differs from Q3
PASS Fc  [countercontrol] countercontrol: at c = 3/2 the certificate coefficient (1-c)/2 = -1/4 < 0 (and e_c leaves maxCone, x1_k1_core C1c): the c <= 1 condition is load-bearing

kinds: identity 9, enumerate 1, witness 2, countercontrol 3
X5-SEEDS-VPLUS: FAILED -- 1 of 15: Vc
