DRIVER CC: 143 jobs, 0 checkpointed, 143 to run, 1 procs
[13:48:49] 1/143 ((0, 1), (0, 1)) 47s True
[13:49:35] 2/143 ((0, 1), (0, 2)) 46s False
[13:50:22] 3/143 ((0, 1), (0, 3)) 46s False
[13:51:08] 4/143 ((0, 1), (1, 0)) 46s True
[13:51:52] 5/143 ((0, 1), (1, 2)) 44s False
[13:52:37] 6/143 ((0, 1), (1, 3)) 45s False
[13:53:23] 7/143 ((0, 1), (2, 0)) 46s False
[13:54:08] 8/143 ((0, 1), (2, 1)) 45s False
[13:54:53] 9/143 ((0, 1), (3, 0)) 45s False
[13:55:40] 10/143 ((0, 1), (3, 1)) 46s False
[13:56:25] 11/143 ((0, 1), (3, 2)) 45s False
[13:57:11] 12/143 ((0, 2), (0, 1)) 46s False
[13:57:57] 13/143 ((0, 2), (0, 2)) 46s True
[13:58:43] 14/143 ((0, 2), (0, 3)) 46s True
[13:59:29] 15/143 ((0, 2), (1, 0)) 46s False
[14:00:15] 16/143 ((0, 2), (1, 2)) 46s True
[14:01:02] 17/143 ((0, 2), (1, 3)) 46s True
[14:01:48] 18/143 ((0, 2), (2, 0)) 46s True
[14:02:34] 19/143 ((0, 2), (2, 1)) 46s True
[14:03:21] 20/143 ((0, 2), (2, 3)) 47s False
[14:04:07] 21/143 ((0, 2), (3, 0)) 46s True
[14:04:53] 22/143 ((0, 2), (3, 1)) 46s True
[14:05:39] 23/143 ((0, 2), (3, 2)) 46s False
[14:06:25] 24/143 ((0, 3), (0, 1)) 46s False
[14:07:11] 25/143 ((0, 3), (0, 2)) 46s True
[14:07:57] 26/143 ((0, 3), (0, 3)) 46s True
[14:08:45] 27/143 ((0, 3), (1, 0)) 48s False
[14:09:31] 28/143 ((0, 3), (1, 2)) 46s True
[14:10:17] 29/143 ((0, 3), (1, 3)) 46s True
[14:11:03] 30/143 ((0, 3), (2, 0)) 45s True
[14:11:50] 31/143 ((0, 3), (2, 1)) 47s True
[14:12:36] 32/143 ((0, 3), (2, 3)) 47s False
[14:13:22] 33/143 ((0, 3), (3, 0)) 46s True
[14:14:08] 34/143 ((0, 3), (3, 1)) 46s True
[14:14:53] 35/143 ((0, 3), (3, 2)) 45s False
[14:15:39] 36/143 ((1, 0), (0, 1)) 46s True
[14:16:25] 37/143 ((1, 0), (0, 2)) 46s False
[14:17:10] 38/143 ((1, 0), (0, 3)) 46s False
[14:17:56] 39/143 ((1, 0), (1, 0)) 46s True
[14:18:43] 40/143 ((1, 0), (1, 2)) 46s False
[14:19:29] 41/143 ((1, 0), (1, 3)) 46s False
[14:20:14] 42/143 ((1, 0), (2, 0)) 45s False
[14:21:01] 43/143 ((1, 0), (2, 1)) 47s False
[14:21:46] 44/143 ((1, 0), (2, 3)) 45s False
[14:22:33] 45/143 ((1, 0), (3, 0)) 47s False
[14:23:19] 46/143 ((1, 0), (3, 1)) 47s False
[14:24:05] 47/143 ((1, 0), (3, 2)) 46s False
[14:24:51] 48/143 ((1, 2), (0, 1)) 46s False
[14:25:38] 49/143 ((1, 2), (0, 2)) 47s True
[14:26:25] 50/143 ((1, 2), (0, 3)) 47s True
[14:27:11] 51/143 ((1, 2), (1, 0)) 46s False
[14:27:57] 52/143 ((1, 2), (1, 2)) 47s True
[14:28:45] 53/143 ((1, 2), (1, 3)) 47s True
[14:29:31] 54/143 ((1, 2), (2, 0)) 46s True
[14:30:16] 55/143 ((1, 2), (2, 1)) 45s True
[14:31:02] 56/143 ((1, 2), (2, 3)) 46s False
[14:31:49] 57/143 ((1, 2), (3, 0)) 47s True
[14:32:35] 58/143 ((1, 2), (3, 1)) 46s True
[14:33:22] 59/143 ((1, 2), (3, 2)) 47s False
[14:34:08] 60/143 ((1, 3), (0, 1)) 46s False
[14:34:56] 61/143 ((1, 3), (0, 2)) 48s True
[14:35:44] 62/143 ((1, 3), (0, 3)) 48s True
[14:36:30] 63/143 ((1, 3), (1, 0)) 47s False
[14:37:17] 64/143 ((1, 3), (1, 2)) 47s True
[14:38:03] 65/143 ((1, 3), (1, 3)) 46s True
[14:38:51] 66/143 ((1, 3), (2, 0)) 47s True
[14:39:36] 67/143 ((1, 3), (2, 1)) 45s True
[14:40:23] 68/143 ((1, 3), (2, 3)) 47s False
[14:41:10] 69/143 ((1, 3), (3, 0)) 47s True
[14:41:57] 70/143 ((1, 3), (3, 1)) 47s True
[14:42:43] 71/143 ((1, 3), (3, 2)) 46s False
[14:43:29] 72/143 ((2, 0), (0, 1)) 46s False
[14:44:18] 73/143 ((2, 0), (0, 2)) 49s True
[14:45:06] 74/143 ((2, 0), (0, 3)) 49s True
[14:45:54] 75/143 ((2, 0), (1, 0)) 47s False
[14:46:40] 76/143 ((2, 0), (1, 2)) 46s True
[14:47:28] 77/143 ((2, 0), (1, 3)) 48s True
[14:48:14] 78/143 ((2, 0), (2, 0)) 46s True
[14:49:00] 79/143 ((2, 0), (2, 1)) 47s True
[14:49:48] 80/143 ((2, 0), (2, 3)) 48s False
[14:50:34] 81/143 ((2, 0), (3, 0)) 46s True
[14:51:20] 82/143 ((2, 0), (3, 1)) 45s True
[14:52:08] 83/143 ((2, 0), (3, 2)) 48s False
[14:52:54] 84/143 ((2, 1), (0, 1)) 47s False
[14:53:41] 85/143 ((2, 1), (0, 2)) 46s True
[14:54:25] 86/143 ((2, 1), (0, 3)) 45s True
[14:55:13] 87/143 ((2, 1), (1, 0)) 47s False
[14:55:58] 88/143 ((2, 1), (1, 2)) 45s True
[14:56:44] 89/143 ((2, 1), (1, 3)) 46s True
[14:57:30] 90/143 ((2, 1), (2, 0)) 47s True
[14:58:18] 91/143 ((2, 1), (2, 1)) 48s True
[14:59:04] 92/143 ((2, 1), (2, 3)) 47s False
[14:59:53] 93/143 ((2, 1), (3, 0)) 48s True
[15:00:44] 94/143 ((2, 1), (3, 1)) 51s True
[15:01:34] 95/143 ((2, 1), (3, 2)) 50s False
[15:02:20] 96/143 ((2, 3), (0, 1)) 46s False
[15:03:06] 97/143 ((2, 3), (0, 2)) 46s False
[15:03:52] 98/143 ((2, 3), (0, 3)) 46s False
[15:04:40] 99/143 ((2, 3), (1, 0)) 47s False
[15:05:26] 100/143 ((2, 3), (1, 2)) 47s False
[15:06:12] 101/143 ((2, 3), (1, 3)) 46s False
[15:06:58] 102/143 ((2, 3), (2, 0)) 47s False
[15:07:45] 103/143 ((2, 3), (2, 1)) 46s False
[15:08:33] 104/143 ((2, 3), (2, 3)) 49s True
[15:09:19] 105/143 ((2, 3), (3, 0)) 45s False
[15:10:07] 106/143 ((2, 3), (3, 1)) 49s False
[15:10:54] 107/143 ((2, 3), (3, 2)) 47s True
[15:11:41] 108/143 ((3, 0), (0, 1)) 47s False
[15:12:28] 109/143 ((3, 0), (0, 2)) 47s True
[15:13:17] 110/143 ((3, 0), (0, 3)) 48s True
[15:14:05] 111/143 ((3, 0), (1, 0)) 49s False
[15:14:53] 112/143 ((3, 0), (1, 2)) 47s True
[15:15:39] 113/143 ((3, 0), (1, 3)) 47s True
[15:16:27] 114/143 ((3, 0), (2, 0)) 48s True
[15:17:15] 115/143 ((3, 0), (2, 1)) 48s True
[15:18:01] 116/143 ((3, 0), (2, 3)) 46s False
[15:18:47] 117/143 ((3, 0), (3, 0)) 46s True
[15:19:36] 118/143 ((3, 0), (3, 1)) 49s True
[15:20:23] 119/143 ((3, 0), (3, 2)) 47s False
[15:21:10] 120/143 ((3, 1), (0, 1)) 47s False
[15:21:58] 121/143 ((3, 1), (0, 2)) 48s True
[15:22:45] 122/143 ((3, 1), (0, 3)) 47s True
[15:23:35] 123/143 ((3, 1), (1, 0)) 49s False
[15:24:22] 124/143 ((3, 1), (1, 2)) 48s True
[15:25:08] 125/143 ((3, 1), (1, 3)) 46s True
[15:25:55] 126/143 ((3, 1), (2, 0)) 46s True
[15:26:41] 127/143 ((3, 1), (2, 1)) 46s True
[15:27:29] 128/143 ((3, 1), (2, 3)) 47s False
[15:28:16] 129/143 ((3, 1), (3, 0)) 47s True
[15:29:01] 130/143 ((3, 1), (3, 1)) 46s True
[15:29:47] 131/143 ((3, 1), (3, 2)) 45s False
[15:30:33] 132/143 ((3, 2), (0, 1)) 46s False
[15:31:19] 133/143 ((3, 2), (0, 2)) 46s False
[15:32:06] 134/143 ((3, 2), (0, 3)) 47s False
[15:32:52] 135/143 ((3, 2), (1, 0)) 46s False
[15:33:37] 136/143 ((3, 2), (1, 2)) 45s False
[15:34:24] 137/143 ((3, 2), (1, 3)) 47s False
[15:35:10] 138/143 ((3, 2), (2, 0)) 46s False
[15:35:59] 139/143 ((3, 2), (2, 1)) 49s False
[15:36:48] 140/143 ((3, 2), (2, 3)) 49s True
[15:37:38] 141/143 ((3, 2), (3, 0)) 50s False
[15:38:25] 142/143 ((3, 2), (3, 1)) 47s False
[15:39:14] 143/143 ((3, 2), (3, 2)) 49s True
CC3-CENSUS: 143 runs; sha256 729bdd5b1192062fbffb3a42226ebf7218a84df1557916844aa840c806b1410e
CC3-CENSUS linear: G2 72/143, G3norm 143/143, G3idle 143/143
CC3-CENSUS (invasive, G2 under mutation): {(True, True): 8, (True, False): 68, (False, False): 3, (False, True): 64} ; bites on 71 of 143
