STAGE B: 76 advancing kappa
STAGE B: 76 advancing kappa
DRIVER B: 76 jobs, 0 checkpointed, 76 to run, 4 procs
[12:19:35] 1/76 ((0, 1), (0, 1)) 287s AT-RANK
[12:19:36] 2/76 ((0, 1), (0, 3)) 288s AT-RANK
[12:19:37] 3/76 ((0, 1), (1, 0)) 289s AT-RANK
[12:19:40] 4/76 ((0, 1), (0, 2)) 292s AT-RANK
[12:24:18] 5/76 ((0, 1), (1, 2)) 283s AT-RANK
[12:24:19] 6/76 ((0, 1), (2, 0)) 282s AT-RANK
[12:24:21] 7/76 ((0, 1), (1, 3)) 285s AT-RANK
[12:24:25] 8/76 ((0, 1), (2, 1)) 285s AT-RANK
[12:29:05] 9/76 ((0, 1), (3, 0)) 287s AT-RANK
[12:29:05] 10/76 ((0, 1), (3, 1)) 286s AT-RANK
[12:29:06] 11/76 ((0, 2), (0, 1)) 286s AT-RANK
[12:29:10] 12/76 ((0, 2), (1, 0)) 285s AT-RANK
[12:33:56] 13/76 ((0, 3), (0, 1)) 289s AT-RANK
[12:33:56] 14/76 ((0, 2), (2, 3)) 291s AT-RANK
[12:33:57] 15/76 ((0, 2), (3, 2)) 292s AT-RANK
[12:34:01] 16/76 ((0, 3), (1, 0)) 290s AT-RANK
[12:38:46] 17/76 ((0, 3), (3, 2)) 290s AT-RANK
[12:38:47] 18/76 ((0, 3), (2, 3)) 292s AT-RANK
[12:38:51] 19/76 ((1, 0), (0, 1)) 293s AT-RANK
[12:38:51] 20/76 ((1, 0), (0, 2)) 290s AT-RANK
[12:43:39] 21/76 ((1, 0), (0, 3)) 294s AT-RANK
[12:43:40] 22/76 ((1, 0), (1, 0)) 293s AT-RANK
[12:43:45] 23/76 ((1, 0), (1, 3)) 294s AT-RANK
[12:43:47] 24/76 ((1, 0), (1, 2)) 296s AT-RANK
[12:48:28] 25/76 ((1, 0), (2, 0)) 289s AT-RANK
[12:48:29] 26/76 ((1, 0), (2, 1)) 289s AT-RANK
[12:48:37] 27/76 ((1, 0), (3, 0)) 292s AT-RANK
[12:48:40] 28/76 ((1, 0), (3, 1)) 293s AT-RANK
[12:53:23] 29/76 ((1, 2), (0, 1)) 294s AT-RANK
[12:53:24] 30/76 ((1, 2), (1, 0)) 295s AT-RANK
[12:53:31] 31/76 ((1, 2), (2, 3)) 294s AT-RANK
[12:53:37] 32/76 ((1, 2), (3, 2)) 296s AT-RANK
[12:58:16] 33/76 ((1, 3), (0, 1)) 294s AT-RANK
[12:58:20] 34/76 ((1, 3), (1, 0)) 295s AT-RANK
[12:58:25] 35/76 ((1, 3), (2, 3)) 294s AT-RANK
[12:58:35] 36/76 ((1, 3), (3, 2)) 298s AT-RANK
[13:03:14] 37/76 ((2, 0), (0, 1)) 297s AT-RANK
[13:03:16] 38/76 ((2, 0), (1, 0)) 296s AT-RANK
[13:03:22] 39/76 ((2, 0), (2, 3)) 296s AT-RANK
[13:03:34] 40/76 ((2, 0), (3, 2)) 299s AT-RANK
[13:08:06] 41/76 ((2, 1), (1, 0)) 290s AT-RANK
[13:08:06] 42/76 ((2, 1), (0, 1)) 293s AT-RANK
[13:08:12] 43/76 ((2, 1), (2, 3)) 290s AT-RANK
[13:08:25] 44/76 ((2, 1), (3, 2)) 291s AT-RANK
[13:12:59] 45/76 ((2, 3), (0, 1)) 292s AT-RANK
[13:13:01] 46/76 ((2, 3), (0, 2)) 295s AT-RANK
[13:13:02] 47/76 ((2, 3), (0, 3)) 290s AT-RANK
[13:13:18] 48/76 ((2, 3), (1, 0)) 292s AT-RANK
[13:17:56] 49/76 ((2, 3), (1, 2)) 298s AT-RANK
[13:17:57] 50/76 ((2, 3), (2, 0)) 295s AT-RANK
[13:17:59] 51/76 ((2, 3), (1, 3)) 297s AT-RANK
[13:18:14] 52/76 ((2, 3), (2, 1)) 296s AT-RANK
[13:22:47] 53/76 ((2, 3), (3, 0)) 290s AT-RANK
[13:22:48] 54/76 ((2, 3), (3, 1)) 289s AT-RANK
[13:22:50] 55/76 ((2, 3), (2, 3)) 294s AT-RANK
[13:23:02] 56/76 ((2, 3), (3, 2)) 288s AT-RANK
[13:27:35] 57/76 ((3, 0), (0, 1)) 288s AT-RANK
[13:27:35] 58/76 ((3, 0), (1, 0)) 287s AT-RANK
[13:27:39] 59/76 ((3, 0), (2, 3)) 289s AT-RANK
[13:27:49] 60/76 ((3, 0), (3, 2)) 287s AT-RANK
[13:32:27] 61/76 ((3, 1), (1, 0)) 291s AT-RANK
[13:32:27] 62/76 ((3, 1), (0, 1)) 292s AT-RANK
[13:32:33] 63/76 ((3, 1), (2, 3)) 294s AT-RANK
[13:32:41] 64/76 ((3, 1), (3, 2)) 292s AT-RANK
[13:37:14] 65/76 ((3, 2), (0, 1)) 288s AT-RANK
[13:37:15] 66/76 ((3, 2), (0, 2)) 288s AT-RANK
[13:37:25] 67/76 ((3, 2), (0, 3)) 292s AT-RANK
[13:37:28] 68/76 ((3, 2), (1, 0)) 287s AT-RANK
[13:42:02] 69/76 ((3, 2), (1, 3)) 288s AT-RANK
[13:42:03] 70/76 ((3, 2), (1, 2)) 289s AT-RANK
[13:42:16] 71/76 ((3, 2), (2, 0)) 291s AT-RANK
[13:42:16] 72/76 ((3, 2), (2, 1)) 288s AT-RANK
[13:46:51] 73/76 ((3, 2), (2, 3)) 288s AT-RANK
[13:46:51] 74/76 ((3, 2), (3, 0)) 288s AT-RANK
[13:47:02] 75/76 ((3, 2), (3, 2)) 286s AT-RANK
[13:47:06] 76/76 ((3, 2), (3, 1)) 290s AT-RANK
STAGE B linear: 76 runs; sha256 48296b1806502fec53360b77a78a6e0aac3ea979ae7d2e4c61a6572c40a3a1cc
TALLY B linear: AT-RANK: 76
