lean_manuscript_census: 225 modules, 104 families, 197 cited identifiers, 16 supersessions
  current             representation bridge and counting                   7 module(s), 7 anchor(s)
  current             equivalence chain and memory                         17 module(s), 9 anchor(s)
  current             Hamiltonian reconstruction                           11 module(s), 2 anchor(s)
  current             coherent completions                                 16 module(s), 1 anchor(s)
  verification-only   instruments, dilation and assembly                   16 module(s), 0 anchor(s)
  current             completion classification and the primitive-source chain 27 module(s), 6 anchor(s)
  current             substratum source                                    4 module(s), 2 anchor(s)
  current             typed completion                                     2 module(s), 2 anchor(s)
  current             quasilocal completion                                4 module(s), 2 anchor(s)
  scope-consistent    instrument audit                                     2 module(s), 1 anchor(s)
  current             continuous time (CT2)                                4 module(s), 6 anchor(s)
  current             minimal repertoire                                   1 module(s), 8 anchor(s)
  kernel-only         route B: consequence closure                         1 module(s), 0 anchor(s)
  kernel-only         manuscript axioms A1-A6                              1 module(s), 0 anchor(s)
  current             lift audit: executable layer flows                   1 module(s), 3 anchor(s)
  kernel-only         substratum interface: sourced observer theory        1 module(s), 0 anchor(s)
  verification-only   scalar closure: contractive architecture             1 module(s), 0 anchor(s)
  verification-only   instrument realization: one-instrument provenance    1 module(s), 0 anchor(s)
  kernel-only         flow endpoint: executable layer flow on the sourced baseline 1 module(s), 0 anchor(s)
  current             phase source: the stated access and the stipulated phases 1 module(s), 3 anchor(s)
  current             Q3 from the closure: one executable layer flow       1 module(s), 3 anchor(s)
  current             executability source: the stated access and the layer flows 1 module(s), 3 anchor(s)
  current             lift source: the observer-level lift in the operational interface 1 module(s), 3 anchor(s)
  kernel-only         C5 discovery: the kill battery and the polarization map 1 module(s), 0 anchor(s)
  kernel-only         polarization closure: O2 by counting and O1 by construction 1 module(s), 0 anchor(s)
  kernel-only         coherent-continuum source: the strengthened necessary condition and the unsourced path 1 module(s), 0 anchor(s)
  kernel-only         state-mixing coupling construction: one sourced pair coupling and the completion 1 module(s), 0 anchor(s)
  kernel-only         real pair-flow reduction: the principle, the reduction and the sourcing audit 1 module(s), 0 anchor(s)
  kernel-only         operational pair-flow equivalence: the closure with one sourced pair flow is exactly quantum mechanics 1 module(s), 0 anchor(s)
  kernel-only         discrete completion: one fixed gate, dense unitary control and the instrument fork 1 module(s), 0 anchor(s)
  kernel-only         dense-instrument bridge: from dense unitary control to dense finite quantum mechanics 1 module(s), 0 anchor(s)
  kernel-only         frozen substratum sourcing: the ceilings of the stated architecture 1 module(s), 0 anchor(s)
  kernel-only         stochastic observer interface: the determination gap of the stated architecture 1 module(s), 0 anchor(s)
  kernel-only         causal readback: the candidate forms and the divisibility no-go 1 module(s), 0 anchor(s)
  kernel-only         recurrence horizon: an identity return with an earlier overlap forbids divisibility 1 module(s), 0 anchor(s)
  kernel-only         physical C4 discharge: the realization clause as a rooted predicate, its controls, and the lattice residual 1 module(s), 0 anchor(s)
  kernel-only         physical C4 round 2: the storage-time reading of the store clause, and the two readings' relation 1 module(s), 0 anchor(s)
  kernel-only         hydrodynamics round H-E: H3 as a candidate bridge condition toward closure 1 module(s), 0 anchor(s)
  kernel-only         scaling family: tightness of the return horizon, uniform in the horizon 1 module(s), 0 anchor(s)
  current             OI-N passive observation                             4 module(s), 6 anchor(s)
  kernel-only         rooted classification: the finite-visible intrinsic characterization of the realizable class 3 module(s), 0 anchor(s)
  kernel-only         quantum representation: the all-time translation layer of the representation boundary 3 module(s), 0 anchor(s)
  current             operational sourcing at the Arc C boundary: what representation supplies, what the canonical witness supplies, and what the access verdict is stable against 1 module(s), 1 anchor(s)
  kernel-only         transpose bridge: the two orientations of P-divisibility are the same predicate 1 module(s), 0 anchor(s)
  kernel-only         candidate selection: the representation does not determine the candidate intermediate 1 module(s), 0 anchor(s)
  kernel-only         tuple instantiation and the Source-A branch test     1 module(s), 0 anchor(s)
  kernel-only         the continuous-extension round (act 8, Track I layer 0 and Track B layers 1-2) 1 module(s), 0 anchor(s)
  kernel-only         the dilation-choice test at reduced strength (act 7 layer 2, Track B) 1 module(s), 0 anchor(s)
  kernel-only         hydrodynamics round H-A: source audit of the concrete wave representative 1 module(s), 0 anchor(s)
  kernel-only         hydrodynamics round H-B: the reversible streaming-and-collision substratum 1 module(s), 0 anchor(s)
  kernel-only         readback robustness on the map axis (act 9, P0a, Track B) 1 module(s), 0 anchor(s)
  kernel-only         anchor robustness on the anchor axis (act 10, P0b, Track B) 1 module(s), 0 anchor(s)
  current             A6 background independence, round 1: definition and interface audit (substratum) 1 module(s), 5 anchor(s)
  kernel-only         A6 instantiation, round 2: the packaged carrier and the complex lift (substratum) 1 module(s), 0 anchor(s)
  current             the coherent-lift stabilizer no-go (act 11, Track B) 1 module(s), 4 anchor(s)
  current             the two-sided invisible gauge and the fibre-Gram classification (act 12, Track B) 1 module(s), 6 anchor(s)
  kernel-only         cross-time invariants of the relative evolution (act 13, Track B) 1 module(s), 0 anchor(s)
  kernel-only         is the residual threading freedom redundancy or physical (act 14, Track B) 1 module(s), 0 anchor(s)
  kernel-only         the PQ3 (d) cancellation fork on the relative-candidate carrier (act 15, Track B) 1 module(s), 0 anchor(s)
  kernel-only         the cancellation question on the re-anchored-channel carrier (act 16, Track B) 1 module(s), 0 anchor(s)
  kernel-only         what selects or constrains the cross-time Gram/orbit trajectory (act 17, Track B) 1 module(s), 0 anchor(s)
  kernel-only         Substratum Lemma 24.1 — the semigroup-transfer step (reconstruction) 1 module(s), 0 anchor(s)
  kernel-only         Substratum Lemma 24.1A — ST5 sufficiency, the word-trace kernel (reconstruction) 1 module(s), 0 anchor(s)
  kernel-only         the intermediate regime between the visible data and act 13's level-2 datum (act 18, Track B) 1 module(s), 0 anchor(s)
  kernel-only         what “gauge-natural” means — the naturality classification of the carrier relabelling's representative-level lift (act 20, Track B) 1 module(s), 0 anchor(s)
  kernel-only         the rigidity of the cross-time laws act 18 opened, re-frozen at act 20's certified naturality — the condition ladder, the census and the same-initial-orbit test (act 21, Track B) 1 module(s), 0 anchor(s)
  kernel-only         does the standing prefix through L4n force L5? — the factor-swap relabelling against unchanged factorization, and ΦCTRL named for L4n (act 22, Track B) 1 module(s), 0 anchor(s)
  kernel-only         the gaps of act 21's ladder bundled — L1, L3i, L3s and the L4n/L5 corner at act 21's product configuration (act 23, Track B) 1 module(s), 0 anchor(s)
  kernel-only         the orbit-geometry selector audit — the mixed-triple invariants, their metric, its controls, the twelve families against it and the rigidity cells, at act 12's and act 21's configurations (act 24, Track B) 1 module(s), 0 anchor(s)
  kernel-only         the orbit-geometry isometries — the normalized realizable quotient, the finite family that acts on it, the internal description of its classes at the single carrier, a gated classification of its surjective isometries, and the prefix-constrained corollary (act 25, Track B) 1 module(s), 0 anchor(s)
  kernel-only         the circle-gluing rigidity of the normalized space — the restricted Euclidean metric and the mandatory affine extension, the census of the relabelled Fourier circles, a gated classification of the surjective isometries or a kernel-certified isometry outside the family, and the prefix-constrained corollary (act 26, Track B) 1 module(s), 0 anchor(s)
  kernel-only         strict-natural lifts of class maps at the single carrier (act 27, Track B) 1 module(s), 0 anchor(s)
  kernel-only         the freedom factorization leaves at the product configuration (act 28, Track B) 1 module(s), 0 anchor(s)
  kernel-only         admission at the product configuration: the two standing hypotheses, a product-carrier lift, and full admission (act 29, Track B) 1 module(s), 0 anchor(s)
  kernel-only         product-carrier strictification, its transfer, the lift, and full admission (act 30, Track B) 1 module(s), 0 anchor(s)
  kernel-only         Track B act 31 — off-locus uniqueness after full product admission 1 module(s), 0 anchor(s)
  kernel-only         the surjective isometries of the normalized single-carrier space and the four-shape family (act 32, Track B) 1 module(s), 0 anchor(s)
  kernel-only         the isometry group of the normalized single-carrier space — the circle preservation, the normal form over the incidence graph K₃,₃ with nine conjugation bits, the group law, order 36864, and act 25's family as a subgroup of index 16 (act 33, Track B) 1 module(s), 0 anchor(s)
  kernel-only         the product-embedded stratum — the exact feature factorization, the eighty-one tori with the coloured K₃,₃ × K₃,₃ incidence, the factorwise action of act 33's group with the factor exchange, the properness of the stratum, and the factor restriction of factorized surjective isometries (act 34, Track B) 1 module(s), 0 anchor(s)
  kernel-only         the Diţă hulls of the product-embedded stratum — the column and row constructions realizable over flat unitary factors and unit twist phases, the stratum inside both hulls, the cross-ratio identity of product tuples, act 34's witness as a relabelled stratum point, twisted and real points off the stratum, the extendable operations and the survival of the twist modulus (act 35, Track B) 1 module(s), 0 anchor(s)
  kernel-only         the Diţă factorization hierarchy at the product-embedded stratum — Diţă's construction over any factorization of the sixteen-point carrier realizable in both forms, its 2 × 8 and 8 × 2 instances, an exact 2 × 8 family through the certified rational stratum point, and a named point of it off the stratum (act 36, Track B) 1 module(s), 0 anchor(s)
  kernel-only         the exclusivity of the 2 × 8 arc through the product-embedded stratum point — the arc symmetric, its frozen 2 × 8 factorization persistent in both orientations, and each of eight other named factorization classes of the stratum point admitted only at the base point (act 37, Track B) 1 module(s), 0 anchor(s)
  kernel-only         a genuine non-Diţă local escape at the product-embedded stratum point — the explicit arc SIG ∘ u^E realizable at every unit u, each of nine named factorization classes of the stratum point admitted along it only at the base point, and realizable matrices in none of their eighteen Diţă forms in every neighbourhood of SIG (act 38, Track B) 1 module(s), 0 anchor(s)
  kernel-only         the three-parameter realizable family through the product-embedded stratum point — SIG ∘ u₁^A u₂^B u₃^C, act 38's pieces, a realizable complex Hadamard matrix at every point of the three-torus, through SIG at (1, 1, 1) and with act 38's arc as its diagonal (act 39, Track B) 1 module(s), 0 anchor(s)
  kernel-only         the Diţă locus of act 39's three-parameter family — the points of the three-torus at which SIG ∘ u₁^A u₂^B u₃^C admits a Diţă structure are the five faces u₁ = ±1, u₂ = 1, u₃ = ±1: explicit factorizations on each whole face and exclusions at twenty named index maps in the kernel, the converse by exact computation over every index map (acts 40 and 41) (act 40, Track B) 1 module(s), 0 anchor(s)
  current             the fixed-basis image of a single-time lift: trajectory laws determined by the visible law, stable under contractively scaled partial permutations, equal exactly when the visible laws are equal (act 45, Track B) 1 module(s), 6 anchor(s)
  kernel-only         the dimension-free core of the finite native-gate ball no-go: the averaging bound, the Lorentz test, the vanishing of the E+ block for p >= 2, parity, and the count d in {1, 3} (round NB-1, reconstruction) 1 module(s), 0 anchor(s)
  kernel-only         the corrected field-neutral vocabulary of the pre-quantum completion — proper effects, boundary states read in the body, relative strict convexity, group-flow drivability — with Lemma C and its converse, the semantic controls, Lemmas B and D and the finite-exposure bounds (round KINF-2, reconstruction) 1 module(s), 0 anchor(s)
  kernel-only         conditional orbit-generation infrastructure — the reduced orbit-generation theorem for one sharp readout on the 3-ball, its transport along affine coordinate changes and affine charts, generated words of a drive, boundary transitivity of the control drive, and the four-dimensional countercontrol (round OG-1, reconstruction) 2 module(s), 0 anchor(s)
  kernel-only         the common fixed point and invariant inner product of the affine automorphisms of a compact convex body, on the translation space of its affine span — centroid and second-moment form (round IIP-1, reconstruction) 1 module(s), 0 anchor(s)
  kernel-only         the stage completion — directed finite stages, stage consistency (SC∞), the completion body and its stage-effect interface, the binary-visible condition (ELEM-bin) and the affine-span chart of a body of finite rank (round CMP-1, reconstruction) 1 module(s), 0 anchor(s)
  kernel-only         completion-valued operation data and the affine automorphisms of the completed body they induce (round OPACT-1, reconstruction) 1 module(s), 0 anchor(s)
  kernel-only         the completed-chart adapter, the boundary-state bridge, boundary purity, and the invariant-inner-product ball of a boundary-transitive body (round TRB-1, reconstruction) 1 module(s), 0 anchor(s)
  kernel-only         iterated operation data and finite/infinite order on the completed body (round ORD-1, reconstruction) 1 module(s), 0 anchor(s)
  kernel-only         the weak field-neutral composite interface: product states and effects, attachment, discard, joint reversible action, sharp readout and no-signalling on products (round COMP-1, reconstruction) 1 module(s), 0 anchor(s)
  kernel-only         the composite dimension selector in the coordinate realization: two identical balls on the locally tomographic bilinear carrier W d with the full affine effect set, one common NOT and the native-gate hypotheses force d into {1, 3}, and 3 under the entangling clause (round DIM-1, reconstruction) 1 module(s), 0 anchor(s)
  kernel-only         the effect set and the product-test cone of the coordinate ball eball d for every d >= 1: the sharp directional effects determine the maximal product cone of round DIM-1, OG-1's named hypotheses make them available without a mixing closure, and the full effect set follows only with the unit and the named mixing closure (round EFF-1, reconstruction) 1 module(s), 0 anchor(s)
  kernel-only         DIM-1's dimension selectors relative to a family of available test functionals: for every d >= 1, effect soundness with body preservation, K∞-Seed, K∞-Trans and K∞-V4 carry the native-gate and entangling hypotheses stated on the available family's product cone to DIM-1's, so d in {1, 3} and, with the entangling clause, d = 3 (round K1-BRIDGE-1, reconstruction) 1 module(s), 0 anchor(s)
  kernel-only         two interface facts of the composite route at the elementary ball: no candidate cone of two copies of eball 3 is invariant under DIM-1's gate and the one-copy reflection diag(1, -1, 1), and DIM-1's dimension selector, absolute and relative, gives d = 3 from 2 <= d in place of the entangling clause (round K2-GUARD-1, reconstruction) 1 module(s), 0 anchor(s)
  kernel-only         the premise 2 <= d of the dimension selector at the elementary ball as two sharp binary tests distinct modulo complementation, and its independence from the selector's other relative hypotheses (round K1-SHARP-TESTS-1, reconstruction) 1 module(s), 0 anchor(s)
  kernel-only         the ball, cone and selector consumers of K∞-Trans under a dense boundary orbit: TRB-1's ball identification, EFF-1's cone equality and the relative selectors of K1-BRIDGE-1 and K2-GUARD-1 hold with DenseBoundaryOrbit in place of BoundaryTransitive, a strictly weaker hypothesis (round KTRANS-DENSE-1, reconstruction) 1 module(s), 0 anchor(s)
  kernel-only         DIM-1's parity count from the target and control relations alone, the π-rotation NOT those relations force at d = 3, and forward positivity as a separate condition on the gate at d = 3 and d = 5 (round PARITY-NOT-1, reconstruction) 1 module(s), 0 anchor(s)
  kernel-only         The dimensions carrying a NOT, DIM-1's frame and the two gate relations are exactly the odd ones, and at each odd dimension at least three an explicit gate of the family with the frame and the relations fails forward positivity (round ODD-CHAR-1, reconstruction) 1 module(s), 0 anchor(s)
  kernel-only         DIM-1's dimension selector without the target relation: the control relation alone forces odd dimension; the frame, both positivity clauses and the control relation give d = 1 or d = 3; and at d = 5 explicit countermodels show that neither positivity clause can be dropped and that the target relation does not replace the control relation (round RELC-SELECT-1, reconstruction) 4 module(s), 0 anchor(s)

  UNCLASSIFIED module FourCopyBipolar has no registry family; give it a disposition in verification/lean-manuscript-census.json
  UNCLASSIFIED module FourCopyBridge has no registry family; give it a disposition in verification/lean-manuscript-census.json
  UNCLASSIFIED module FourCopyCore has no registry family; give it a disposition in verification/lean-manuscript-census.json
  UNCLASSIFIED module FourCopyDefs has no registry family; give it a disposition in verification/lean-manuscript-census.json
  UNCLASSIFIED module FourCopyEuler has no registry family; give it a disposition in verification/lean-manuscript-census.json
  UNCLASSIFIED module FourCopyHeadline has no registry family; give it a disposition in verification/lean-manuscript-census.json
  UNCLASSIFIED module FourCopyIE1 has no registry family; give it a disposition in verification/lean-manuscript-census.json
  UNCLASSIFIED module FourCopyLocal has no registry family; give it a disposition in verification/lean-manuscript-census.json
  UNCLASSIFIED module FourCopyPackage has no registry family; give it a disposition in verification/lean-manuscript-census.json
  UNCLASSIFIED module FourCopyParity has no registry family; give it a disposition in verification/lean-manuscript-census.json
  UNCLASSIFIED module FourCopyTables has no registry family; give it a disposition in verification/lean-manuscript-census.json

lean_manuscript_census: FAILED (11 problem(s))
