PASS A1 gateFlow(t) unitary (symbolic t)
PASS A2 gateFlow group law gateFlow(s) gateFlow(t) = gateFlow(s+t)
PASS A3 gateFlow(1) = X (the substratum's visible swap)
PASS A4 gateFlow(1/2) entries (1+i)/2, (1-i)/2: two nonzero entries in a column (non-monomial)
PASS A5 Bloch(gateFlow(t)) = Rx(pi t)  (symbolic t)
PASS A6 Bloch(X) = diag(1,-1,-1) = Rx(pi)
PASS A7 branch k=1: unit_k(1) = X and Bloch(unit_k(t)) = Rx((2k+1) pi t)  (drive not unique)
PASS A7 branch k=2: unit_k(1) = X and Bloch(unit_k(t)) = Rx((2k+1) pi t)  (drive not unique)
PASS A7 branch k=-1: unit_k(1) = X and Bloch(unit_k(t)) = Rx((2k+1) pi t)  (drive not unique)
PASS B1 Bloch(diag(1,e^{i phi})) = Rz(phi): D X D^dagger = cos(phi) X + sin(phi) Y
PASS B2 quarter phase acts as Rz(pi/2)
PASS B3 J=diag(1,e^{i phi}): J Rx(pi/2) J^-1 moves e_x exactly when sin(phi) != 0 (third coord = +-sin phi)
PASS B4 J=X diag(1,e^{i phi}): same criterion, D9 iff sin(phi) != 0
PASS B5 real monomial J=Z: J Rx(t) J^-1 is the flow member Rx(+-t) (D9 fails)
PASS B5 real monomial J=X: J Rx(t) J^-1 is the flow member Rx(+-t) (D9 fails)
PASS B5 real monomial J=XZ: J Rx(t) J^-1 is the flow member Rx(+-t) (D9 fails)
PASS B5 real monomial J=1: J Rx(t) J^-1 is the flow member Rx(+-t) (D9 fails)
PASS B6 quarter phase: S Rx(t) S^-1 = Ry(-t)-type rotation (not a flow member: moves e_x at t=pi/2)
PASS B7 ... and Ry(pi/2) e_x != e_x
PASS C1 Bloch(rot theta) = Ry(-2 theta)-type rotation about y
PASS C2 rot(pi/2) = [[0,-1],[1,0]] is monomial (signed permutation), maps |0> to |1>
PASS C3 Bloch(rot(pi/2)) = diag(-1,1,-1) != Bloch(X) = diag(1,-1,-1): pair-flow NOT is not the visible swap off the z-axis
PASS C4 both agree on the classical pair: z -> -z
PASS C5 rebit: rot theta acts on the (x,z) disk as a rotation by +-2 theta
PASS C6 rebit: real monomials act on the disk as O(2) elements (X: (x,z)->(x,-z); Z: (x,z)->(-x,z))
PASS C7 rebit: every reflection F conjugates the rotation flow to its inverse, F R(a) F^-1 = R(-a); rotations commute with it  => D9 fails for every J in O(2)
PASS D1 W = P+ + b P- is unitary and fixes the all-ones vector
PASS D2 Bloch(W) fixes e_x (ones ray = Bloch +x point)
PASS D3 Bloch(W) commutes with the gate-flow image Rx(t): no ones-fixing J satisfies D9
PASS D4 the gate flow itself is ones-fixing (InstrumentRealization.gateFlow_mulVec_ones)
PASS D5 the quarter phase is not ones-fixing (PhaseSource.phaseGate_moves_ones)
PASS E1 rational rotations R_n -> id (n=1..60) each move the effect e0: the indicator of {e0} is displaced by 1 in sup norm, so the induced action on l^inf(E) violates flow_continuous
PASS E2 ... while ||R_60 - 1|| entries are O(1/n): 1 - cos = 2/(n^2+1)
PASS F1 B^4 drive: flow orthogonal, group law, N = flow(pi) involutive and moves e_1
PASS F2 B^4 drive: J flow(pi/2) J^-1 moves e_3 (= e_z), every flow member fixes e_3 (D9 holds)
PASS F3 B^4 drive: every generator fixes e_4, so the drive group is not boundary-transitive (K 3.11)
PASS G1 qubit: N = Bloch(gateFlow(1)) involutive, moves e_z
PASS G2 qubit: J = Bloch(S) satisfies D9 against the gate flow (B6 + B7)
PASS G3 qubit: Rz(-pi/2) Rx(t) Rz(pi/2) is a rotation about the y-axis
PASS H1 toy: D(t) = U_Z(t) U_X(t) has D(1/2)^2 not proportional to D(1) (no group law for the composite)
PASS H2 toy: D(1) = Z X, the composite of the two involutions (endpoint is the update)
PASS I0 rot(pi/4)^8 = 1 and rot(pi/4)^7 = rot(-pi/4) = rot(pi/4)^dagger (inverse is a word in the gate)
PASS I1 level n=1: gateFlow(t) = M D_t M^7 with M = mixImage n (pi/4)  (symbolic t)
PASS I2 level n=1: gateFlow(t) = H D_t H with H = siteSwapImage n  (symbolic t)
PASS I1 level n=2: gateFlow(t) = M D_t M^7 with M = mixImage n (pi/4)  (symbolic t)
PASS I2 level n=2: gateFlow(t) = H D_t H with H = siteSwapImage n  (symbolic t)
PASS I1 level n=3: gateFlow(t) = M D_t M^7 with M = mixImage n (pi/4)  (symbolic t)
PASS I2 level n=3: gateFlow(t) = H D_t H with H = siteSwapImage n  (symbolic t)
PASS I3 the fixed gate rot(pi/4) is a Clifford angle: Bloch(rot(pi/4)) maps e_z to +-e_x
PASS I4 a generic fixed non-monomial gate (Cayley rotation 3/5,4/5) with the phase generator iZ spans su(2) (rank 3)
PASS I5 ... also for a complex non-monomial gate [[3/5, 4i/5],[4i/5, 3/5]] (rank 3)
PASS I6 control: every monomial J (X, diag(1,i), X diag(1,i)) gives rank 1 (J Z J^dagger = +-Z)
OK -- 52 checks, 0 failed
