== 0. act 36's stabilizer of SIG in G_ext, replayed for the census ==
  PASS  factor stabilizer products without factor exchange and with it         ([256, 256, 256, 256], [0, 0, 0, 0])
  PASS  stabilizer order                                                       1024
E == A + B + Cc: True
piece A     straight True  strict classes [('k2', 'row'), ('k4', 'row'), ('e2', 'row'), ('t1', 'column'), ('t1', 'row'), ('t2', 'row'), ('t3', 'row')]  relaxed classes [('k2', 'row'), ('k4', 'row'), ('e2', 'row'), ('t1', 'column'), ('t1', 'row'), ('t2', 'row'), ('t3', 'row')]
piece B     straight True  strict classes [('k1', 'row'), ('k4', 'column'), ('t1', 'row'), ('t2', 'column')]  relaxed classes [('k1', 'row'), ('k4', 'column'), ('t1', 'row'), ('t2', 'column')]
piece Cc    straight True  strict classes [('k2', 'column'), ('t1', 'column'), ('t2', 'column'), ('t3', 'column'), ('t3', 'row')]  relaxed classes [('k2', 'column'), ('t1', 'column'), ('t2', 'column'), ('t3', 'column'), ('t3', 'row')]
piece A+B   straight True  strict classes [('t1', 'row')]  relaxed classes [('t1', 'row')]
piece A+Cc  straight True  strict classes [('t1', 'column'), ('t3', 'row')]  relaxed classes [('t1', 'column'), ('t3', 'row')]
piece B+Cc  straight True  strict classes [('t2', 'column')]  relaxed classes [('t2', 'column')]
orbit size (stabilizer x sign, gauge-normalized images): 512
canonical representative (lexicographically minimal gauge normal form):
 0  0  0  0  0  0  0  0  0  0  0  0  0  0  0  0
 0 -1 -1 -1 -2 -2 -2 -2 -1 -1  0 -1 -2 -2 -2 -2
 0  0  0  0 -1 -1 -1 -1  0  0  0  0 -1 -1 -1 -1
 0 -1 -1 -1 -2 -2 -2 -2 -1 -1  0 -1 -2 -2 -2 -2
 0 -1 -1 -1 -2 -2 -2 -2 -1 -1  0 -1 -2 -2 -2 -2
 0  0  0  0 -1 -1 -1 -1  0  0  0  0 -1 -1 -1 -1
 0 -1 -1 -1 -2 -2 -2 -2 -1 -1  0 -1 -2 -2 -2 -2
 0  0  0  0 -1 -1 -1 -1  0  0  0  0 -1 -1 -1 -1
 0  0  0  0  0  0  0  0  0  0  0  0  0  0  0  0
 0 -1 -1 -1 -2 -2 -2 -2 -1 -1  0 -1 -2 -2 -2 -2
 0  0  0  0 -1 -1 -1 -1  0  0  0  0 -1 -1 -1 -1
 0 -1 -1 -1 -2 -2 -2 -2 -1 -1  0 -1 -2 -2 -2 -2
 0 -1 -1  0 -2 -2 -2 -1 -1 -1  0  0 -2 -2 -2 -1
 0  0  0  1 -1 -1 -1  0  0  0  0  1 -1 -1 -1  0
 0 -1 -1  0 -2 -2 -2 -1 -1 -1  0  0 -2 -2 -2 -1
 0  0  0  1 -1 -1 -1  0  0  0  0  1 -1 -1 -1  0
canonical rep straight: True support 156 values [-2, -1, 0, 1]
orbit gauge-normal supports: min 48 max 216
1s
candidate exceptional points (where some row pair becomes proportional on some block): 40 36s
['zeta(0) z^-1 w^-1', 'zeta(1/2) z^-1 w^-1', 'zeta(0) z^-1 w^0', 'zeta(1/2) z^-1 w^0', 'zeta(0) z^-1 w^1', 'zeta(1/2) z^-1 w^1', 'zeta(0) z^-1/2 w^0', 'zeta(1/4) z^-1/2 w^0', 'zeta(1/2) z^-1/2 w^0', 'zeta(3/4) z^-1/2 w^0', 'zeta(0) z^-1/2 w^1/2', 'zeta(1/4) z^-1/2 w^1/2', 'zeta(1/2) z^-1/2 w^1/2', 'zeta(3/4) z^-1/2 w^1/2', 'zeta(0) z^0 w^-1', 'zeta(1/2) z^0 w^-1', 'zeta(0) z^0 w^-1/2', 'zeta(1/4) z^0 w^-1/2', 'zeta(1/2) z^0 w^-1/2', 'zeta(3/4) z^0 w^-1/2', 'zeta(0) z^0 w^0', 'zeta(1/4) z^0 w^0', 'zeta(1/2) z^0 w^0', 'zeta(3/4) z^0 w^0', 'zeta(0) z^0 w^1/2', 'zeta(1/4) z^0 w^1/2', 'zeta(1/2) z^0 w^1/2', 'zeta(3/4) z^0 w^1/2', 'zeta(0) z^0 w^1', 'zeta(1/2) z^0 w^1', 'zeta(0) z^1/2 w^0', 'zeta(1/4) z^1/2 w^0', 'zeta(1/2) z^1/2 w^0', 'zeta(3/4) z^1/2 w^0', 'zeta(0) z^1 w^-1', 'zeta(1/2) z^1 w^-1', 'zeta(0) z^1 w^0', 'zeta(1/2) z^1 w^0', 'zeta(0) z^1 w^1', 'zeta(1/2) z^1 w^1']
points admitting a Diţă structure (exact set): [('zeta(0) z^0 w^0', {('column', (4, 4)): (5, 4), ('column', (8, 2)): (3, 2), ('column', (2, 8)): (3, 3), ('row', (4, 4)): (5, 4), ('row', (8, 2)): (3, 2), ('row', (2, 8)): (3, 3)}), ('zeta(1/2) z^0 w^0', {('column', (4, 4)): (1, 0), ('column', (8, 2)): (1, 0), ('column', (2, 8)): (1, 1), ('row', (4, 4)): (1, 0), ('row', (8, 2)): (1, 0), ('row', (2, 8)): (1, 1)})] 279s
