== 0. act 36's stabilizer of SIG in G_ext, replayed for the census ==
  PASS  factor stabilizer products without factor exchange and with it         ([256, 256, 256, 256], [0, 0, 0, 0])
  PASS  stabilizer order                                                       1024
tables loaded 32s
membership rows strict (2868, 256) relaxed (2726, 256) 33s
sols 65536 nodes 71825 sigs 65536 nonstrict 0 nonrelaxed 0 60s
sols 131072 nodes 149749 sigs 131072 nonstrict 0 nonrelaxed 0 79s
sols 196608 nodes 231103 sigs 196608 nonstrict 0 nonrelaxed 0 100s
sols 262144 nodes 316530 sigs 262144 nonstrict 0 nonrelaxed 0 119s
sols 327680 nodes 396991 sigs 327680 nonstrict 0 nonrelaxed 0 133s
sols 393216 nodes 483050 sigs 393216 nonstrict 0 nonrelaxed 0 151s
sols 458752 nodes 562497 sigs 458752 nonstrict 0 nonrelaxed 0 164s
sols 524288 nodes 635799 sigs 524288 nonstrict 0 nonrelaxed 0 180s
sols 589824 nodes 715626 sigs 589824 nonstrict 3676 nonrelaxed 7416 194s
sols 655360 nodes 791722 sigs 655360 nonstrict 4640 nonrelaxed 9728 216s
sols 720896 nodes 865843 sigs 720896 nonstrict 6440 nonrelaxed 13248 232s
sols 786432 nodes 941004 sigs 786432 nonstrict 7264 nonrelaxed 14336 248s
sols 851968 nodes 1013845 sigs 851968 nonstrict 9488 nonrelaxed 17920 262s
sols 917504 nodes 1086161 sigs 917504 nonstrict 9600 nonrelaxed 17920 296s
sols 983040 nodes 1157775 sigs 983040 nonstrict 9600 nonrelaxed 17920 319s
sols 1048576 nodes 1239461 sigs 1048576 nonstrict 12132 nonrelaxed 21696 340s
sols 1114112 nodes 1320125 sigs 1114112 nonstrict 18368 nonrelaxed 31584 360s
sols 1179648 nodes 1404396 sigs 1179648 nonstrict 22480 nonrelaxed 35640 388s
sols 1245184 nodes 1489406 sigs 1245184 nonstrict 27744 nonrelaxed 40704 416s
sols 1310720 nodes 1568074 sigs 1310720 nonstrict 31968 nonrelaxed 45952 429s
sols 1376256 nodes 1642442 sigs 1376256 nonstrict 31968 nonrelaxed 45952 450s
sols 1441792 nodes 1721117 sigs 1441792 nonstrict 35056 nonrelaxed 50240 471s
sols 1507328 nodes 1806138 sigs 1507328 nonstrict 35056 nonrelaxed 50240 487s
sols 1572864 nodes 1892667 sigs 1572864 nonstrict 35056 nonrelaxed 50240 505s
sols 1638400 nodes 1970097 sigs 1638400 nonstrict 37008 nonrelaxed 53184 529s
sols 1703936 nodes 2038978 sigs 1703936 nonstrict 37008 nonrelaxed 53184 550s
sols 1769472 nodes 2109498 sigs 1769472 nonstrict 37660 nonrelaxed 54752 573s
sols 1835008 nodes 2183419 sigs 1835008 nonstrict 39328 nonrelaxed 57472 593s
sols 1900544 nodes 2259795 sigs 1900544 nonstrict 41200 nonrelaxed 58432 619s
sols 1966080 nodes 2342255 sigs 1966080 nonstrict 47296 nonrelaxed 64640 646s
sols 2031616 nodes 2425994 sigs 2031616 nonstrict 51264 nonrelaxed 71552 684s
sols 2097152 nodes 2509076 sigs 2097152 nonstrict 55987 nonrelaxed 77144 711s
sols 2162688 nodes 2587690 sigs 2162688 nonstrict 59232 nonrelaxed 78720 737s
sols 2228224 nodes 2659741 sigs 2228224 nonstrict 59592 nonrelaxed 80008 752s
sols 2293760 nodes 2732063 sigs 2293760 nonstrict 61552 nonrelaxed 83008 772s
sols 2359296 nodes 2801029 sigs 2359296 nonstrict 61552 nonrelaxed 83008 790s
sols 2424832 nodes 2877514 sigs 2424832 nonstrict 63504 nonrelaxed 85952 806s
sols 2490368 nodes 2962042 sigs 2490368 nonstrict 63504 nonrelaxed 85952 820s
sols 2555904 nodes 3048636 sigs 2555904 nonstrict 63504 nonrelaxed 85952 838s
sols 2621440 nodes 3128608 sigs 2621440 nonstrict 66592 nonrelaxed 90240 855s
sols 2686976 nodes 3202088 sigs 2686976 nonstrict 66592 nonrelaxed 90240 870s
sols 2752512 nodes 3280224 sigs 2752512 nonstrict 70488 nonrelaxed 95256 893s
sols 2818048 nodes 3364875 sigs 2818048 nonstrict 74560 nonrelaxed 99840 916s
sols 2883584 nodes 3449352 sigs 2883584 nonstrict 80160 nonrelaxed 104576 944s
sols 2949120 nodes 3529375 sigs 2949120 nonstrict 84704 nonrelaxed 112768 964s
sols 3014656 nodes 3613466 sigs 3014656 nonstrict 88960 nonrelaxed 118272 985s
sols 3080192 nodes 3685534 sigs 3080192 nonstrict 88960 nonrelaxed 118272 1002s
sols 3145728 nodes 3757304 sigs 3145728 nonstrict 88960 nonrelaxed 118272 1020s
sols 3211264 nodes 3830042 sigs 3211264 nonstrict 91296 nonrelaxed 121856 1038s
sols 3276800 nodes 3904151 sigs 3276800 nonstrict 91296 nonrelaxed 121856 1053s
sols 3342336 nodes 3979163 sigs 3342336 nonstrict 93920 nonrelaxed 126464 1071s
sols 3407872 nodes 4053544 sigs 3407872 nonstrict 93952 nonrelaxed 126520 1087s
sols 3473408 nodes 4134952 sigs 3473408 nonstrict 98560 nonrelaxed 136192 1104s
sols 3538944 nodes 4207175 sigs 3538944 nonstrict 98560 nonrelaxed 136192 1118s
sols 3604480 nodes 4286364 sigs 3604480 nonstrict 98560 nonrelaxed 136192 1134s
sols 3670016 nodes 4372590 sigs 3670016 nonstrict 98560 nonrelaxed 136192 1152s
sols 3735552 nodes 4453376 sigs 3735552 nonstrict 98560 nonrelaxed 136192 1168s
sols 3801088 nodes 4536792 sigs 3801088 nonstrict 98560 nonrelaxed 136192 1184s
sols 3866624 nodes 4620109 sigs 3866624 nonstrict 98560 nonrelaxed 136192 1200s
sols 3932160 nodes 4698087 sigs 3932160 nonstrict 98560 nonrelaxed 136192 1216s
sols 3997696 nodes 4770690 sigs 3997696 nonstrict 98560 nonrelaxed 136192 1230s
sols 4063232 nodes 4843230 sigs 4063232 nonstrict 102928 nonrelaxed 141888 1248s
sols 4128768 nodes 4915032 sigs 4128768 nonstrict 105280 nonrelaxed 145152 1267s
sols 4194304 nodes 4988098 sigs 4194304 nonstrict 112000 nonrelaxed 154112 1285s
sols 4259840 nodes 5058742 sigs 4259840 nonstrict 112000 nonrelaxed 154112 1306s
sols 4325376 nodes 5131509 sigs 4325376 nonstrict 116712 nonrelaxed 160488 1322s
sols 4390912 nodes 5203582 sigs 4390912 nonstrict 118720 nonrelaxed 163072 1342s
sols 4456448 nodes 5276426 sigs 4456448 nonstrict 123696 nonrelaxed 169696 1358s
sols 4521984 nodes 5348417 sigs 4521984 nonstrict 125440 nonrelaxed 172032 1379s
sols 4587520 nodes 5421317 sigs 4587520 nonstrict 130678 nonrelaxed 178854 1396s
sols 4653056 nodes 5493688 sigs 4653056 nonstrict 132160 nonrelaxed 180992 1416s
sols 4718592 nodes 5570113 sigs 4718592 nonstrict 132472 nonrelaxed 182464 1434s
sols 4784128 nodes 5653480 sigs 4784128 nonstrict 133312 nonrelaxed 186304 1451s
sols 4849664 nodes 5733999 sigs 4849664 nonstrict 133792 nonrelaxed 187840 1468s
sols 4915200 nodes 5815475 sigs 4915200 nonstrict 134536 nonrelaxed 190592 1487s
sols 4980736 nodes 5898642 sigs 4980736 nonstrict 135520 nonrelaxed 194816 1506s
sols 5046272 nodes 5979987 sigs 5046272 nonstrict 136000 nonrelaxed 196856 1523s
sols 5111808 nodes 6053223 sigs 5111808 nonstrict 136000 nonrelaxed 196864 1540s
sols 5177344 nodes 6126425 sigs 5177344 nonstrict 136020 nonrelaxed 196912 1557s
sols 5242880 nodes 6207778 sigs 5242880 nonstrict 136960 nonrelaxed 198912 1574s
sols 5308416 nodes 6290906 sigs 5308416 nonstrict 138928 nonrelaxed 203136 1593s
sols 5373952 nodes 6372393 sigs 5373952 nonstrict 140416 nonrelaxed 205888 1613s
sols 5439488 nodes 6452913 sigs 5439488 nonstrict 141376 nonrelaxed 207424 1630s
sols 5505024 nodes 6536332 sigs 5505024 nonstrict 143056 nonrelaxed 211264 1646s
sols 5570560 nodes 6612659 sigs 5570560 nonstrict 143680 nonrelaxed 212736 1662s
sols 5636096 nodes 6684619 sigs 5636096 nonstrict 143680 nonrelaxed 212736 1683s
sols 5701632 nodes 6757492 sigs 5701632 nonstrict 148876 nonrelaxed 219552 1707s
sols 5767168 nodes 6828619 sigs 5767168 nonstrict 150400 nonrelaxed 221696 1730s
sols 5832704 nodes 6901690 sigs 5832704 nonstrict 157120 nonrelaxed 230656 1750s
sols 5898240 nodes 6973412 sigs 5898240 nonstrict 157120 nonrelaxed 230656 1774s
sols 5963776 nodes 7045639 sigs 5963776 nonstrict 157120 nonrelaxed 230656 1792s
sols 6029312 nodes 7127113 sigs 6029312 nonstrict 157120 nonrelaxed 233664 1815s
sols 6094848 nodes 7209739 sigs 6094848 nonstrict 157120 nonrelaxed 239184 1834s
sols 6160384 nodes 7291488 sigs 6160384 nonstrict 157120 nonrelaxed 244096 1852s
sols 6225920 nodes 7372019 sigs 6225920 nonstrict 157120 nonrelaxed 246592 1871s
sols 6291456 nodes 7455772 sigs 6291456 nonstrict 157120 nonrelaxed 252112 1891s
sols 6356992 nodes 7532993 sigs 6356992 nonstrict 157120 nonrelaxed 254208 1907s
sols 6422528 nodes 7606157 sigs 6422528 nonstrict 157120 nonrelaxed 254208 1927s
sols 6488064 nodes 7683149 sigs 6488064 nonstrict 157120 nonrelaxed 256304 1944s
sols 6553600 nodes 7766851 sigs 6553600 nonstrict 157120 nonrelaxed 261824 1967s
sols 6619136 nodes 7847400 sigs 6619136 nonstrict 157120 nonrelaxed 264320 1987s
sols 6684672 nodes 7929048 sigs 6684672 nonstrict 157120 nonrelaxed 269232 2005s
sols 6750208 nodes 8011771 sigs 6750208 nonstrict 157120 nonrelaxed 274752 2019s
sols 6815744 nodes 8093229 sigs 6815744 nonstrict 157120 nonrelaxed 277760 2035s
sols 6881280 nodes 8165671 sigs 6881280 nonstrict 157120 nonrelaxed 277760 2050s
sols 6946816 nodes 8237471 sigs 6946816 nonstrict 157120 nonrelaxed 277760 2069s
sols 7012352 nodes 8310512 sigs 7012352 nonstrict 163840 nonrelaxed 286720 2088s
sols 7077888 nodes 8381492 sigs 7077888 nonstrict 164806 nonrelaxed 288314 2111s
sols 7143424 nodes 8454488 sigs 7143424 nonstrict 170560 nonrelaxed 295680 2129s
sols 7208960 nodes 8526584 sigs 7208960 nonstrict 170560 nonrelaxed 295680 2147s
sols 7274496 nodes 8600149 sigs 7274496 nonstrict 170560 nonrelaxed 296448 2167s
sols 7340032 nodes 8681394 sigs 7340032 nonstrict 170560 nonrelaxed 299240 2187s
sols 7405568 nodes 8764273 sigs 7405568 nonstrict 170560 nonrelaxed 304880 2206s
sols 7471104 nodes 8845809 sigs 7471104 nonstrict 170560 nonrelaxed 309120 2225s
sols 7536640 nodes 8926328 sigs 7536640 nonstrict 170560 nonrelaxed 311616 2249s
sols 7602176 nodes 9009597 sigs 7602176 nonstrict 170560 nonrelaxed 317424 2272s
sols 7667712 nodes 9085493 sigs 7667712 nonstrict 170560 nonrelaxed 319232 2295s
sols 7733248 nodes 9158669 sigs 7733248 nonstrict 170560 nonrelaxed 319232 2315s
sols 7798784 nodes 9237493 sigs 7798784 nonstrict 170560 nonrelaxed 321448 2335s
sols 7864320 nodes 9321049 sigs 7864320 nonstrict 170560 nonrelaxed 327564 2357s
sols 7929856 nodes 9401326 sigs 7929856 nonstrict 170560 nonrelaxed 329960 2381s
sols 7995392 nodes 9483101 sigs 7995392 nonstrict 170560 nonrelaxed 334256 2405s
sols 8060928 nodes 9566135 sigs 8060928 nonstrict 170560 nonrelaxed 339776 2429s
sols 8126464 nodes 9646944 sigs 8126464 nonstrict 170560 nonrelaxed 342784 2452s
sols 8192000 nodes 9718538 sigs 8192000 nonstrict 170560 nonrelaxed 342784 2469s
sols 8257536 nodes 9789893 sigs 8257536 nonstrict 170560 nonrelaxed 342784 2490s
sols 8323072 nodes 9863326 sigs 8323072 nonstrict 177280 nonrelaxed 351744 2512s
sols 8388608 nodes 9934744 sigs 8388608 nonstrict 179632 nonrelaxed 355008 2534s
sols 8454144 nodes 10007082 sigs 8454144 nonstrict 184000 nonrelaxed 360704 2557s
sols 8519680 nodes 10078934 sigs 8519680 nonstrict 184000 nonrelaxed 360704 2577s
sols 8585216 nodes 10156609 sigs 8585216 nonstrict 184312 nonrelaxed 362176 2594s
sols 8650752 nodes 10240218 sigs 8650752 nonstrict 185152 nonrelaxed 366016 2613s
sols 8716288 nodes 10320653 sigs 8716288 nonstrict 185632 nonrelaxed 367552 2633s
sols 8781824 nodes 10402675 sigs 8781824 nonstrict 186520 nonrelaxed 370688 2655s
sols 8847360 nodes 10485275 sigs 8847360 nonstrict 187360 nonrelaxed 374528 2677s
sols 8912896 nodes 10566651 sigs 8912896 nonstrict 187840 nonrelaxed 376576 2700s
sols 8978432 nodes 10639815 sigs 8978432 nonstrict 187840 nonrelaxed 376576 2719s
sols 9043968 nodes 10713597 sigs 9043968 nonstrict 188176 nonrelaxed 377536 2737s
sols 9109504 nodes 10795197 sigs 9109504 nonstrict 189208 nonrelaxed 379768 2755s
sols 9175040 nodes 10877167 sigs 9175040 nonstrict 190768 nonrelaxed 382848 2774s
sols 9240576 nodes 10959745 sigs 9240576 nonstrict 192592 nonrelaxed 386128 2796s
sols 9306112 nodes 11040142 sigs 9306112 nonstrict 193504 nonrelaxed 387680 2816s
sols 9371648 nodes 11122804 sigs 9371648 nonstrict 195184 nonrelaxed 391488 2836s
sols 9437184 nodes 11197921 sigs 9437184 nonstrict 195520 nonrelaxed 392448 2858s
sols 9502720 nodes 11270934 sigs 9502720 nonstrict 197872 nonrelaxed 395712 2879s
sols 9568256 nodes 11343484 sigs 9568256 nonstrict 202240 nonrelaxed 401408 2901s
sols 9633792 nodes 11415814 sigs 9633792 nonstrict 204592 nonrelaxed 404672 2926s
sols 9699328 nodes 11488362 sigs 9699328 nonstrict 208960 nonrelaxed 410368 2947s
sols 9764864 nodes 11560685 sigs 9764864 nonstrict 211312 nonrelaxed 413632 2970s
sols 9830400 nodes 11632959 sigs 9830400 nonstrict 215680 nonrelaxed 419328 2995s
sols 9895936 nodes 11703863 sigs 9895936 nonstrict 216496 nonrelaxed 420628 3020s
sols 9961472 nodes 11776917 sigs 9961472 nonstrict 222400 nonrelaxed 428288 3051s
sols 10027008 nodes 11849126 sigs 10027008 nonstrict 226768 nonrelaxed 433984 3077s
sols 10092544 nodes 11921841 sigs 10092544 nonstrict 229120 nonrelaxed 437248 3105s
sols 10158080 nodes 11994342 sigs 10158080 nonstrict 229120 nonrelaxed 437248 3128s
sols 10223616 nodes 12072974 sigs 10223616 nonstrict 229120 nonrelaxed 437248 3151s
sols 10289152 nodes 12158875 sigs 10289152 nonstrict 229120 nonrelaxed 437248 3176s
sols 10354688 nodes 12239983 sigs 10354688 nonstrict 229120 nonrelaxed 437248 3202s
sols 10420224 nodes 12322651 sigs 10420224 nonstrict 229120 nonrelaxed 437248 3222s
