== 0. act 36's stabilizer of SIG in G_ext, replayed for the census ==
  PASS  factor stabilizer products without factor exchange and with it         ([256, 256, 256, 256], [0, 0, 0, 0])
  PASS  stabilizer order                                                       1024
== 1. realizability: the arc is a complex Hadamard family through SIG ==
  PASS  symbolic SIG equals the numeric SIG entrywise (i^p z^q w^r)            True
  PASS  E = A + B + C equals the frozen table; entries in {0, 1}; the three pieces are disjoint (True, True, True)
  PASS  supports of A, B, C and E                                              (16, 16, 16, 48)
  PASS  E is not a row-and-column shift (its gauge normal form is not zero): the arc is not a diagonal rephasing of SIG True
  PASS  the Laurent identity H(u) H(u)^* = 16 I: every level set of every row-pair difference has vanishing pair sum (exact) []
  PASS  the number of level sets over the 120 row pairs, and the differences taken (248, [-1, 0, 1])
  PASS  every level-set sum vanishes monomial by monomial: the identity holds with z and w symbolic units, as the kernel states it True
  PASS  H(1) = SIG; H(u) unitary at u = u5, u60, -1 and i                      (True, True, True, True, True)
  PASS  H(u5) differs from SIG in exactly the 48 support entries, each by the unit u5 48
  (6s)
== 2. class exclusions: the eighteen census structures, each admitted only at u = 1 ==
  PASS  act 37's census replayed: the nine column-form structures of SIG are exactly the frozen classes' index sets [(((0, 1, 2, 3), (4, 5, 6, 7), (8, 9, 10, 11), (12, 13, 14, 15)), ((0, 4, 8, 12), (1, 5, 9, 13), (2, 6, 10, 14), (3, 7, 11, 15))), (((0, 1, 2, 3, 8, 9, 10, 11), (4, 5, 6, 7, 12, 13, 14, 15)), ((0, 8), (1, 9), (2, 10), (3, 11), (4, 12), (5, 13), (6, 14), (7, 15))), (((0, 2), (1, 3), (4, 6), (5, 7), (8, 10), (9, 11), (12, 14), (13, 15)), ((0, 2, 4, 6, 8, 10, 12, 14), (1, 3, 5, 7, 9, 11, 13, 15))), (((0, 2, 4, 6, 8, 10, 12, 14), (1, 3, 5, 7, 9, 11, 13, 15)), ((0, 2), (1, 3), (4, 6), (5, 7), (8, 10), (9, 11), (12, 14), (13, 15))), (((0, 2, 5, 7, 8, 10, 13, 15), (1, 3, 4, 6, 9, 11, 12, 14)), ((0, 10), (1, 11), (2, 8), (3, 9), (4, 14), (5, 15), (6, 12), (7, 13))), (((0, 2, 8, 10), (1, 3, 9, 11), (4, 6, 12, 14), (5, 7, 13, 15)), ((0, 2, 8, 10), (1, 3, 9, 11), (4, 6, 12, 14), (5, 7, 13, 15))), (((0, 2, 9, 11), (1, 3, 8, 10), (4, 6, 13, 15), (5, 7, 12, 14)), ((0, 6, 8, 14), (1, 7, 9, 15), (2, 4, 10, 12), (3, 5, 11, 13))), (((0, 4, 8, 12), (1, 5, 9, 13), (2, 6, 10, 14), (3, 7, 11, 15)), ((0, 1, 2, 3), (4, 5, 6, 7), (8, 9, 10, 11), (12, 13, 14, 15))), (((0, 8), (1, 9), (2, 10), (3, 11), (4, 12), (5, 13), (6, 14), (7, 15)), ((0, 1, 2, 3, 8, 9, 10, 11), (4, 5, 6, 7, 12, 13, 14, 15)))]
  PASS  the row-form structures are the same index sets (SIG symmetric)        [(((0, 1, 2, 3), (4, 5, 6, 7), (8, 9, 10, 11), (12, 13, 14, 15)), ((0, 4, 8, 12), (1, 5, 9, 13), (2, 6, 10, 14), (3, 7, 11, 15))), (((0, 1, 2, 3, 8, 9, 10, 11), (4, 5, 6, 7, 12, 13, 14, 15)), ((0, 8), (1, 9), (2, 10), (3, 11), (4, 12), (5, 13), (6, 14), (7, 15))), (((0, 2), (1, 3), (4, 6), (5, 7), (8, 10), (9, 11), (12, 14), (13, 15)), ((0, 2, 4, 6, 8, 10, 12, 14), (1, 3, 5, 7, 9, 11, 13, 15))), (((0, 2, 4, 6, 8, 10, 12, 14), (1, 3, 5, 7, 9, 11, 13, 15)), ((0, 2), (1, 3), (4, 6), (5, 7), (8, 10), (9, 11), (12, 14), (13, 15))), (((0, 2, 5, 7, 8, 10, 13, 15), (1, 3, 4, 6, 9, 11, 12, 14)), ((0, 10), (1, 11), (2, 8), (3, 9), (4, 14), (5, 15), (6, 12), (7, 13))), (((0, 2, 8, 10), (1, 3, 9, 11), (4, 6, 12, 14), (5, 7, 13, 15)), ((0, 2, 8, 10), (1, 3, 9, 11), (4, 6, 12, 14), (5, 7, 13, 15))), (((0, 2, 9, 11), (1, 3, 8, 10), (4, 6, 13, 15), (5, 7, 12, 14)), ((0, 6, 8, 14), (1, 7, 9, 15), (2, 4, 10, 12), (3, 5, 11, 13))), (((0, 4, 8, 12), (1, 5, 9, 13), (2, 6, 10, 14), (3, 7, 11, 15)), ((0, 1, 2, 3), (4, 5, 6, 7), (8, 9, 10, 11), (12, 13, 14, 15))), (((0, 8), (1, 9), (2, 10), (3, 11), (4, 12), (5, 13), (6, 14), (7, 15)), ((0, 1, 2, 3, 8, 9, 10, 11), (4, 5, 6, 7, 12, 13, 14, 15)))]
  PASS  each of the eighteen structures imposes non-identity conditions, all of the form u^k = 1 with trivial constant part True
  PASS  their exponents k lie in {-2, -1, 1, 2}, and the counts of non-identity conditions by structure (True, [56, 54, 26, 28, 52, 72, 48, 58, 44, 31, 34, 24, 16, 23, 16, 39, 52, 16])
  PASS  each structure is admitted at u = 1 alone (the intersection of its condition solution sets) True
  PASS  the kernel witness identity of every structure is forced by its Diţă form, has the frozen exponent sums differing by one, and rational constants for seventeen of the eighteen True
  PASS  the one non-rational witness, class t2 in the column form, reads (z/16) u = z/16 (False, [0, 1, 0], [1, 0])
  (11s)
== 3. all-index exhaustion: at a generic u no index maps whatever pass the proportionality test ==
  PASS  structures at a generic u (u a free symbol), (candidates, exact) by form and shape {('column', (4, 4)): (0, 0), ('column', (8, 2)): (0, 0), ('column', (2, 8)): (0, 0), ('row', (4, 4)): (0, 0), ('row', (8, 2)): (0, 0), ('row', (2, 8)): (0, 0)}
  (12s)
== 4. the exceptional set: every point at which any structure could appear, decided by the exhaustive search ==
  PASS  the candidate exceptional set, exactly (forty points), both forms together ['zeta(0) z^-1 w^-1', 'zeta(1/2) z^-1 w^-1', 'zeta(0) z^-1 w^0', 'zeta(1/2) z^-1 w^0', 'zeta(0) z^-1 w^1', 'zeta(1/2) z^-1 w^1', 'zeta(0) z^-1/2 w^0', 'zeta(1/4) z^-1/2 w^0', 'zeta(1/2) z^-1/2 w^0', 'zeta(3/4) z^-1/2 w^0', 'zeta(0) z^-1/2 w^1/2', 'zeta(1/4) z^-1/2 w^1/2', 'zeta(1/2) z^-1/2 w^1/2', 'zeta(3/4) z^-1/2 w^1/2', 'zeta(0) z^0 w^-1', 'zeta(1/2) z^0 w^-1', 'zeta(0) z^0 w^-1/2', 'zeta(1/4) z^0 w^-1/2', 'zeta(1/2) z^0 w^-1/2', 'zeta(3/4) z^0 w^-1/2', 'zeta(0) z^0 w^0', 'zeta(1/4) z^0 w^0', 'zeta(1/2) z^0 w^0', 'zeta(3/4) z^0 w^0', 'zeta(0) z^0 w^1/2', 'zeta(1/4) z^0 w^1/2', 'zeta(1/2) z^0 w^1/2', 'zeta(3/4) z^0 w^1/2', 'zeta(0) z^0 w^1', 'zeta(1/2) z^0 w^1', 'zeta(0) z^1/2 w^0', 'zeta(1/4) z^1/2 w^0', 'zeta(1/2) z^1/2 w^0', 'zeta(3/4) z^1/2 w^0', 'zeta(0) z^1 w^-1', 'zeta(1/2) z^1 w^-1', 'zeta(0) z^1 w^0', 'zeta(1/2) z^1 w^0', 'zeta(0) z^1 w^1', 'zeta(1/2) z^1 w^1']
  PASS  twenty of the candidates are Gaussian rational, twenty are square roots outside Q(i) 20
  (43s)
  PASS  at u = 1 the search returns the eighteen structures: (candidates, exact) by form and shape {('column', (4, 4)): (5, 4), ('column', (8, 2)): (3, 2), ('column', (2, 8)): (3, 3), ('row', (4, 4)): (5, 4), ('row', (8, 2)): (3, 2), ('row', (2, 8)): (3, 3)}
  PASS  at u = -1 exactly one 2x8 structure per form is admitted: (candidates, exact) by form and shape {('column', (4, 4)): (1, 0), ('column', (8, 2)): (1, 0), ('column', (2, 8)): (1, 1), ('row', (4, 4)): (1, 0), ('row', (8, 2)): (1, 0), ('row', (2, 8)): (1, 1)}
  PASS  the two structures at u = -1: index maps outside the census, blocks by column parity in the column form ([(((0, 2, 4, 6, 8, 10, 12, 14), (1, 3, 5, 7, 9, 11, 13, 15)), ((0, 2), (1, 3), (4, 6), (5, 15), (7, 13), (8, 10), (9, 11), (12, 14)))], [(((0, 1, 2, 3, 8, 9, 10, 11), (4, 5, 6, 7, 12, 13, 14, 15)), ((0, 2), (1, 9), (3, 11), (4, 12), (5, 13), (6, 14), (7, 15), (8, 10)))], False)
  PASS  THE EXACT EXCEPTIONAL SET IS {1, -1}: the units at which some index maps admit a Diţă form of H(u) in some orientation ['zeta(0) z^0 w^0', 'zeta(1/2) z^0 w^0']
  PASS  and the same up to diagonal equivalence: the units at which a proportionality candidate satisfies the relaxed rank-one condition ['zeta(0) z^0 w^0', 'zeta(1/2) z^0 w^0']
  PASS  at u = 1 and u = -1 the relaxed structures are the strict ones         True
  (286s)
== 5. sharpness: the structures at u = 1 and u = -1 are certified by exact reconstruction ==
  PASS  at u = -1: H(-1) is reconstructed exactly from flat unitary factors and unit twists at the column-form maps, and H(-1)^T at the row-form maps (True, True)
  PASS  at u = -1 the numeric exhaustive search with factor unitarity finds exactly these two structures and nothing of the other shapes ([(((0, 2, 4, 6, 8, 10, 12, 14), (1, 3, 5, 7, 9, 11, 13, 15)), ((0, 2), (1, 3), (4, 6), (5, 15), (7, 13), (8, 10), (9, 11), (12, 14)))], [(((0, 1, 2, 3, 8, 9, 10, 11), (4, 5, 6, 7, 12, 13, 14, 15)), ((0, 2), (1, 9), (3, 11), (4, 12), (5, 13), (6, 14), (7, 15), (8, 10)))])
  PASS  at u = 1: SIG is reconstructed exactly at every one of the nine census structures, and H(1) = SIG (True, True)
  PASS  the structures at u = -1 are not admitted at generic u nor at u = 1 (the exceptional structures are isolated) (False, False, False, True, True)
  (303s)
== 6. generic non-Diţă: the combination ==
  PASS  the set of units at which H(u) admits any Diţă structure, of any shape, index map or orientation, strictly or up to diagonal equivalence, is exactly {1, -1}; every other unit is a realizable non-Diţă point ['zeta(0) z^0 w^0', 'zeta(1/2) z^0 w^0']
  PASS  at generic u: no candidates at all (section 3), so no structure is admitted identically and none outside the candidate set True
  (303s)
== 7. controls ==
  PASS  the numeric exhaustive search (with factor unitarity) agrees with the symbolic one at all twenty Gaussian-rational candidates, both forms []
  PASS  a genuine deformation inside each of the nine classes (one twist phase u5): unitary, off SIG, and found by the search in its own class [(True, True, True), (True, True, True), (True, True, True), (True, True, True), (True, True, True), (True, True, True), (True, True, True), (True, True, True), (True, True, True)]
  PASS  the exponent matrix transported by three stabilizer elements (product, transposed, conjugating) is straight and admits no candidate at generic u; the transported matrices admit exactly two structures at u = -1 and none at u5 [(True, True, 2, 0), (True, True, 2, 0), (True, True, 2, 0)]
  PASS  the three elements fix SIG only up to a diagonal rephasing, which is why the matrices and not the exponent matrix are searched [False, False, False]
  PASS  the three elements are of the kinds intended                           ['product', 'transposed']
  PASS  a perturbed exponent matrix (the entry at ((0,1),(0,2)) cleared) is not straight: H(u) is not unitary at u5 and the Laurent identity fails (False, False)
  PASS  the three pieces and their pairwise sums are straight lines, each admitting some census structure identically; the triple admits none (interpretation: three Diţă directions whose sum is not Diţă) {'A': (True, [('e2', 'row'), ('k2', 'row'), ('k4', 'row'), ('t1', 'column'), ('t1', 'row'), ('t2', 'row'), ('t3', 'row')]), 'B': (True, [('k1', 'row'), ('k4', 'column'), ('t1', 'row'), ('t2', 'column')]), 'C': (True, [('k2', 'column'), ('t1', 'column'), ('t2', 'column'), ('t3', 'column'), ('t3', 'row')]), 'A+B': (True, [('t1', 'row')]), 'A+C': (True, [('t1', 'column'), ('t3', 'row')]), 'B+C': (True, [('t2', 'column')]), 'A+B+C': (True, [])}
  PASS  act 37's arc W is straight and identically in the frozen 2x8 class t1 in both orientations and in no other structure (control of the classifier) (True, [('t1', 'column'), ('t1', 'row')])
  (461s)
== 8. the tangent space at SIG (interpretation, exact integer ranks) ==
  PASS  the tangent space of unitary deformations SIG o exp(iR) at SIG: rank of the first-moment equations, its dimension with the 31 gauge directions, and the defect (176, 80, 49)
  PASS  the dimension of the tangent directions along which each structure is admitted identically (with gauge), by class: column and row forms agree ([36, 46, 36, 36, 44, 44, 57, 57, 49], True)
  PASS  the witness exponent matrix is tangent (it is straight) and lies in none of the eighteen subspaces, while the tangent space is the sum of all eighteen: the obstruction is nonlinear compatibility, not a missing tangent direction (True, True, 80)
  (485s)

dita_local_escape_probe: OK -- along the arc H(u) = SIG o u^E through the certified stratum point, E = A + B + C the frozen exponent matrix: H(u) is a complex Hadamard matrix at every unit u; each of the eighteen census structures is admitted only at u = 1; at a generic u no index maps pass the proportionality test; the candidate exceptional set has forty points and the exhaustive search at each of them finds a Dita structure at u = 1 and u = -1 only, strictly and up to diagonal equivalence: for every unit u outside {1, -1}, H(u) admits no Dita structure of any shape, index map or orientation
