PASS A-C-x level(i): dim 2 NOT-REACHABLE-ABELIAN; level(ii): dim 2 NOT-REACHABLE-ABELIAN
PASS A-C-y level(i): dim 2 NOT-REACHABLE-ABELIAN; level(ii): dim 2 NOT-REACHABLE-ABELIAN
PASS A-C-z level(i): dim 1 NOT-REACHABLE-ABELIAN; level(ii): dim 1 NOT-REACHABLE-ABELIAN
PASS A-C-(3,4,0)/5 level(i): dim 2 NOT-REACHABLE-ABELIAN; level(ii): dim 6 REACHABLE; exits K(E0), K(Z_F) at (cos,sin)(theta/2) = (3/5, 4/5)
PASS A-C-(0,3,4)/5 level(i): dim 4 REACHABLE; level(ii): dim 6 REACHABLE; exits K(E0), K(Z_F) at (cos,sin)(theta/2) = (3/5, 4/5)
PASS A-C-(3,0,4)/5 level(i): dim 4 REACHABLE; level(ii): dim 6 REACHABLE; exits K(E0), K(Z_F) at (cos,sin)(theta/2) = (3/5, 4/5)
PASS A-C-(1,2,2)/3 level(i): dim 4 REACHABLE; level(ii): dim 6 REACHABLE; exits K(E0), K(Z_F) at (cos,sin)(theta/2) = (3/5, 4/5)
PASS A-C-(2,1,2)/3 level(i): dim 4 REACHABLE; level(ii): dim 6 REACHABLE; exits K(E0), K(Z_F) at (cos,sin)(theta/2) = (3/5, 4/5)
PASS A-C-(2,2,1)/3 level(i): dim 4 REACHABLE; level(ii): dim 6 REACHABLE; exits K(E0), K(Z_F) at (cos,sin)(theta/2) = (3/5, 4/5)
PASS A-T-x level(i): dim 1 NOT-REACHABLE-ABELIAN; level(ii): dim 1 NOT-REACHABLE-ABELIAN
PASS A-T-y level(i): dim 2 NOT-REACHABLE-ABELIAN; level(ii): dim 2 NOT-REACHABLE-ABELIAN
PASS A-T-z level(i): dim 2 NOT-REACHABLE-ABELIAN; level(ii): dim 2 NOT-REACHABLE-ABELIAN
PASS A-T-(3,4,0)/5 level(i): dim 4 REACHABLE; level(ii): dim 6 REACHABLE; exits K(E0), K(Z_F) at (cos,sin)(theta/2) = (3/5, 4/5)
PASS A-T-(0,3,4)/5 level(i): dim 2 NOT-REACHABLE-ABELIAN; level(ii): dim 6 REACHABLE; exits K(E0), K(Z_F) at (cos,sin)(theta/2) = (3/5, 4/5)
PASS A-T-(3,0,4)/5 level(i): dim 4 REACHABLE; level(ii): dim 6 REACHABLE; exits K(E0), K(Z_F) at (cos,sin)(theta/2) = (3/5, 4/5)
PASS A-T-(1,2,2)/3 level(i): dim 4 REACHABLE; level(ii): dim 6 REACHABLE; exits K(E0), K(Z_F) at (cos,sin)(theta/2) = (3/5, 4/5)
PASS A-T-(2,1,2)/3 level(i): dim 4 REACHABLE; level(ii): dim 6 REACHABLE; exits K(E0), K(Z_F) at (cos,sin)(theta/2) = (3/5, 4/5)
PASS A-T-(2,2,1)/3 level(i): dim 4 REACHABLE; level(ii): dim 6 REACHABLE; exits K(E0), K(Z_F) at (cos,sin)(theta/2) = (3/5, 4/5)
PASS B-drive-both drive-both (X(x)I, I(x)X): level(ii) dim 3 NOT-REACHABLE-ABELIAN
PASS B-S2 S2 torus (Z(x)I, I(x)X): level(ii) dim 2 NOT-REACHABLE-ABELIAN
PASS B-S5 S5 (su(2)(x)I + I(x)su(2)): level(ii) dim 15 REACHABLE
PASS Q1 retention instance: Ad(U(x)I), U about (1,2,2)/3, maps a pure state to a PSD table
VERDICT Y3-AXES-EXACT
