== T1 classical simplex tower  Delta_0 < Delta_1 < ... (forward maps = inclusions)
ok   T1 stage 1->2: carried point masses keep every carried table entry (SC)
ok   T1 stage 2: table in [0,1]
ok   T1 stage 2: seed pi_0 is 1 on delta_0 and 0 on delta_1
ok   T1 stage 2: visible partition sums to the unit on every preparation
ok   T1 stage 2->3: carried point masses keep every carried table entry (SC)
ok   T1 stage 3: table in [0,1]
ok   T1 stage 3: seed pi_0 is 1 on delta_0 and 0 on delta_1
ok   T1 stage 3: visible partition sums to the unit on every preparation
ok   T1 stage 3->4: carried point masses keep every carried table entry (SC)
ok   T1 stage 4: table in [0,1]
ok   T1 stage 4: seed pi_0 is 1 on delta_0 and 0 on delta_1
ok   T1 stage 4: visible partition sums to the unit on every preparation
ok   T1 stage 4->5: carried point masses keep every carried table entry (SC)
ok   T1 stage 5: table in [0,1]
ok   T1 stage 5: seed pi_0 is 1 on delta_0 and 0 on delta_1
ok   T1 stage 5: visible partition sums to the unit on every preparation
ok   T1 stage 5->6: carried point masses keep every carried table entry (SC)
ok   T1 stage 6: table in [0,1]
ok   T1 stage 6: seed pi_0 is 1 on delta_0 and 0 on delta_1
ok   T1 stage 6: visible partition sums to the unit on every preparation
ok   T1 stage 6->7: carried point masses keep every carried table entry (SC)
ok   T1 stage 7: table in [0,1]
ok   T1 stage 7: seed pi_0 is 1 on delta_0 and 0 on delta_1
ok   T1 stage 7: visible partition sums to the unit on every preparation
ok   T1 stage 7->8: carried point masses keep every carried table entry (SC)
ok   T1 stage 8: table in [0,1]
ok   T1 stage 8: seed pi_0 is 1 on delta_0 and 0 on delta_1
ok   T1 stage 8: visible partition sums to the unit on every preparation
== T2 consistent disk tower (illustrative surrogate: rational unit vectors, effects (1+u.r)/2)
ok   T2 direction (Fraction(1, 1), Fraction(0, 1)) is a rational unit vector
ok   T2 direction (Fraction(0, 1), Fraction(1, 1)) is a rational unit vector
ok   T2 direction (Fraction(3, 5), Fraction(4, 5)) is a rational unit vector
ok   T2 direction (Fraction(4, 5), Fraction(3, 5)) is a rational unit vector
ok   T2 direction (Fraction(15, 17), Fraction(8, 17)) is a rational unit vector
ok   T2 direction (Fraction(12, 13), Fraction(5, 13)) is a rational unit vector
ok   T2 direction (Fraction(35, 37), Fraction(12, 37)) is a rational unit vector
ok   T2 direction (Fraction(24, 25), Fraction(7, 25)) is a rational unit vector
ok   T2 stage 2: table in [0,1]
ok   T2 stage 2: seed (1+x.r)/2 is 1 on +x and 0 on -x
ok   T2 stage 3: table in [0,1]
ok   T2 stage 3: seed (1+x.r)/2 is 1 on +x and 0 on -x
ok   T2 stage 4: table in [0,1]
ok   T2 stage 4: seed (1+x.r)/2 is 1 on +x and 0 on -x
ok   T2 stage 5: table in [0,1]
ok   T2 stage 5: seed (1+x.r)/2 is 1 on +x and 0 on -x
ok   T2 stage 6: table in [0,1]
ok   T2 stage 6: seed (1+x.r)/2 is 1 on +x and 0 on -x
ok   T2 stage 7: table in [0,1]
ok   T2 stage 7: seed (1+x.r)/2 is 1 on +x and 0 on -x
ok   T2 stage 8: table in [0,1]
ok   T2 stage 8: seed (1+x.r)/2 is 1 on +x and 0 on -x
NOTE T2 consistency is by construction (one formula for every stage); the tower is a surrogate for the completion's shape, not an OI construction.
== C1a two-stage tower violating stage consistency
ok   C1a both tables valid stages
ok   C1a seed sharp at stage sigma
ok   C1a SC fails at (e, x)
ok   C1a with the later stage's value the seed is not certain at x_v: sharpness lost
ok   C1a affine dimension <= 1 (finite rank)
NOTE C1a: without SC the carried value p(e_v|x_v) is not a well-defined function on the colimit; any choice rule other than 'the first stage' loses the 1.
== C1b countable-simplex completion in [0,1]^{E_inf}, product topology
ok   C1b delta_n agrees with the escape state on the first 1 visible coordinates for all n>=1
ok   C1b delta_n agrees with the escape state on the first 2 visible coordinates for all n>=2
ok   C1b delta_n agrees with the escape state on the first 3 visible coordinates for all n>=3
ok   C1b delta_n agrees with the escape state on the first 4 visible coordinates for all n>=4
ok   C1b delta_n agrees with the escape state on the first 5 visible coordinates for all n>=5
ok   C1b delta_n agrees with the escape state on the first 6 visible coordinates for all n>=6
ok   C1b delta_n agrees with the escape state on the first 7 visible coordinates for all n>=7
ok   C1b delta_n agrees with the escape state on the first 8 visible coordinates for all n>=8
ok   C1b delta_n agrees with the escape state on the first 9 visible coordinates for all n>=9
ok   C1b delta_n agrees with the escape state on the first 10 visible coordinates for all n>=10
NOTE C1b: hence delta_n -> 0̸ (escape state) in the product topology; 0̸ lies in the closed hull Omega_inf.
ok   C1b escape state: sum of the first 1 visible coordinates is 0 while the unit is 1
ok   C1b escape state: sum of the first 2 visible coordinates is 0 while the unit is 1
ok   C1b escape state: sum of the first 3 visible coordinates is 0 while the unit is 1
ok   C1b escape state: sum of the first 4 visible coordinates is 0 while the unit is 1
ok   C1b escape state: sum of the first 5 visible coordinates is 0 while the unit is 1
ok   C1b escape state: sum of the first 6 visible coordinates is 0 while the unit is 1
ok   C1b escape state: sum of the first 7 visible coordinates is 0 while the unit is 1
ok   C1b escape state: sum of the first 8 visible coordinates is 0 while the unit is 1
ok   C1b escape state: sum of the first 9 visible coordinates is 0 while the unit is 1
ok   C1b escape state: sum of the first 10 visible coordinates is 0 while the unit is 1
NOTE C1b: the infinite visible partition is not a test on Omega_inf (the escape state has no visible value); a finite stage partition still is, being a closed linear condition on finitely many coordinates.
ok   C1b stage seed pi_1 sharp on (delta_1, delta_0)
ok   C1b stage seed pi_2 sharp on (delta_2, delta_0)
ok   C1b stage seed pi_3 sharp on (delta_3, delta_0)
ok   C1b stage seed pi_4 sharp on (delta_4, delta_0)
ok   C1b stage seed pi_5 sharp on (delta_5, delta_0)
ok   C1b stage seed pi_6 sharp on (delta_6, delta_0)
ok   C1b stage seed pi_7 sharp on (delta_7, delta_0)
ok   C1b stage seed pi_8 sharp on (delta_8, delta_0)
ok   C1b stage seed pi_9 sharp on (delta_9, delta_0)
ok   C1b stage seed pi_10 sharp on (delta_10, delta_0)
ok   C1b stage seed pi_11 sharp on (delta_11, delta_0)
ok   C1b pi_n -> 0 on the mixture [Fraction(1, 2), Fraction(1, 3), Fraction(1, 6)] (n >= 3)
ok   C1b pi_n -> 0 on the mixture [Fraction(1, 4), Fraction(1, 4), Fraction(1, 4), Fraction(1, 4)] (n >= 4)
ok   C1b pi_n -> 0 on the mixture [Fraction(1, 1)] (n >= 1)
ok   C1b pi_n = 0 on the escape state for every n
ok   C1b lim e_n(delta_n) = 1 but (lim e_n)(lim delta_n) = 0: the limit of stage seeds is never certain
ok   C1b fixed-stage seed pi_0: 1 on delta_0, 0 on delta_1, in [0,1] at the escape state
ok   C1b delta_0..delta_1 affinely independent: affine dimension >= 1 (rank unbounded)
ok   C1b delta_0..delta_2 affinely independent: affine dimension >= 2 (rank unbounded)
ok   C1b delta_0..delta_3 affinely independent: affine dimension >= 3 (rank unbounded)
ok   C1b delta_0..delta_4 affinely independent: affine dimension >= 4 (rank unbounded)
ok   C1b delta_0..delta_5 affinely independent: affine dimension >= 5 (rank unbounded)
ok   C1b delta_0..delta_6 affinely independent: affine dimension >= 6 (rank unbounded)
ok   C1b delta_0..delta_7 affinely independent: affine dimension >= 7 (rank unbounded)
ok   C1b delta_0..delta_8 affinely independent: affine dimension >= 8 (rank unbounded)
== C2 SIC realization of the Bloch ball, exact in Q(sqrt3)
ok   C2 mutation: exact sign test (1-√3<0, -1+√3>0, 2-√3>0)
ok   C2 tetrahedral Gram
ok   C2 sum a_i = 0
ok   C2 sum b_i b_i^T = 4 I
ok   C2(i) constant term of c.p(r) is 1/2
ok   C2(i) coefficient of r_0 of c.p(r) is 0
ok   C2(i) coefficient of r_1 of c.p(r) is 0
ok   C2(i) coefficient of r_2 of c.p(r) is 1/2
ok   C2(i) the ball image spans aff(Delta_3), so the response vector c is unique
ok   C2(i) c_max = 1/2 + √3/2 > 1: the sharp coordinate is an effect on the ball, not a response effect (Main.md:540)
ok   C2(ii) T=(): |T|=0, |s_T|^2=0; certain somewhere=False, zero somewhere=True; not sharp
ok   C2(ii) T=(0,): |T|=1, |s_T|^2=3; certain somewhere=False, zero somewhere=True; not sharp
ok   C2(ii) T=(1,): |T|=1, |s_T|^2=3; certain somewhere=False, zero somewhere=True; not sharp
ok   C2(ii) T=(2,): |T|=1, |s_T|^2=3; certain somewhere=False, zero somewhere=True; not sharp
ok   C2(ii) T=(3,): |T|=1, |s_T|^2=3; certain somewhere=False, zero somewhere=True; not sharp
ok   C2(ii) T=(0, 1): |T|=2, |s_T|^2=4; certain somewhere=False, zero somewhere=False; not sharp
ok   C2(ii) T=(0, 2): |T|=2, |s_T|^2=4; certain somewhere=False, zero somewhere=False; not sharp
ok   C2(ii) T=(0, 3): |T|=2, |s_T|^2=4; certain somewhere=False, zero somewhere=False; not sharp
ok   C2(ii) T=(1, 2): |T|=2, |s_T|^2=4; certain somewhere=False, zero somewhere=False; not sharp
ok   C2(ii) T=(1, 3): |T|=2, |s_T|^2=4; certain somewhere=False, zero somewhere=False; not sharp
ok   C2(ii) T=(2, 3): |T|=2, |s_T|^2=4; certain somewhere=False, zero somewhere=False; not sharp
ok   C2(ii) T=(0, 1, 2): |T|=3, |s_T|^2=3; certain somewhere=True, zero somewhere=False; not sharp
ok   C2(ii) T=(0, 1, 3): |T|=3, |s_T|^2=3; certain somewhere=True, zero somewhere=False; not sharp
ok   C2(ii) T=(0, 2, 3): |T|=3, |s_T|^2=3; certain somewhere=True, zero somewhere=False; not sharp
ok   C2(ii) T=(1, 2, 3): |T|=3, |s_T|^2=3; certain somewhere=True, zero somewhere=False; not sharp
ok   C2(ii) T=(0, 1, 2, 3): |T|=4, |s_T|^2=0; certain somewhere=True, zero somewhere=False; not sharp
ok   C2(iii) p_0(-a_1) = 1/3
ok   C2(iii) p_0(-a_2) = 1/3
ok   C2(iii) p_0(-a_3) = 1/3
ok   C2(iii) p_1(-a_0) = 1/3
ok   C2(iii) p_1(-a_2) = 1/3
ok   C2(iii) p_1(-a_3) = 1/3
ok   C2(iii) p_2(-a_0) = 1/3
ok   C2(iii) p_2(-a_1) = 1/3
ok   C2(iii) p_2(-a_3) = 1/3
ok   C2(iii) p_3(-a_0) = 1/3
ok   C2(iii) p_3(-a_1) = 1/3
ok   C2(iii) p_3(-a_2) = 1/3
NOTE C2(iii): p_i(r) = 0 iff a_i.r = -1 with |r|<=1, iff r = -a_i (Cauchy-Schwarz equality); with the 1/3 checks, no ball state has two zero coordinates, so a state conditioned on a cell of size <= 2 is not in the ball image, and p_i(r) = 1 needs a_i.r = 3 > |r|. Closing the body under visible conditioning adds the vertices of Delta_3, so the closed body is Delta_3 and the ball geometry is gone.
== C3 classical finite simplex Delta_3, constant tower
ok   C3 constant tower is consistent
ok   C3 seed pi_2 sharp on (delta_2, delta_0)
ok   C3 partition of unity on every preparation
== M region inclusion X -> X (x) 1 (matrix regime, imported field; RL:102, RL:116, RL:125)
ok   M (X (x) 1)^2 = X (x) 1: the included projector stays sharp
ok   M duality tr((X(x)1) rho) = tr(X restrict(rho)) (exact instance)
ok   M the pair |0><0| (x) s, |1><1| (x) s keeps the values 1/0
OK -- 144 checks, 5 written notes
