[2026-10-04 10:12:59] DRIVER H_R_LS_H1: 143 jobs, 0 checkpointed, 143 to run, 3 procs
[10:13:26] 1/143 ((0, 1), (0, 2)) 27s NO-OVER-RANK-AT-A(dims [2, 3, 4])
[10:13:26] 2/143 ((0, 1), (0, 1)) 28s NO-OVER-RANK-AT-A(dims [2, 3, 4])
[10:13:26] 3/143 ((0, 1), (0, 3)) 28s OVER-RANK(rank 5, dims [2, 4, 5])
[10:13:48] 4/143 ((0, 1), (1, 0)) 22s NO-OVER-RANK-AT-A(dims [2, 3, 4])
[10:13:49] 5/143 ((0, 1), (1, 3)) 22s NO-OVER-RANK-AT-A(dims [2, 3, 4])
[10:13:49] 6/143 ((0, 1), (1, 2)) 22s OVER-RANK(rank 5, dims [2, 4, 5])
[10:14:12] 7/143 ((0, 1), (2, 0)) 24s NO-OVER-RANK-AT-A(dims [2, 3, 4])
[10:14:13] 8/143 ((0, 1), (3, 0)) 24s OVER-RANK(rank 5, dims [2, 4, 5])
[10:14:13] 9/143 ((0, 1), (2, 1)) 24s OVER-RANK(rank 5, dims [2, 4, 5])
[10:14:38] 10/143 ((0, 1), (3, 1)) 26s NO-OVER-RANK-AT-A(dims [2, 3, 4])
[10:14:38] 11/143 ((0, 1), (3, 2)) 26s NOT-INVASIVE(rank 4)
[10:14:38] 12/143 ((0, 2), (0, 1)) 26s NO-OVER-RANK-AT-A(dims [2, 3, 4])
[10:15:02] 13/143 ((0, 2), (0, 3)) 24s OVER-RANK(rank 5, dims [2, 4, 5])
[10:15:02] 14/143 ((0, 2), (1, 0)) 24s NO-OVER-RANK-AT-A(dims [2, 3, 4])
[10:15:02] 15/143 ((0, 2), (0, 2)) 24s NO-OVER-RANK-AT-A(dims [2, 3, 4])
[10:15:24] 16/143 ((0, 2), (1, 2)) 22s OVER-RANK(rank 5, dims [2, 4, 5])
[10:15:25] 17/143 ((0, 2), (1, 3)) 23s NO-OVER-RANK-AT-A(dims [2, 3, 4])
[10:15:25] 18/143 ((0, 2), (2, 0)) 23s NO-OVER-RANK-AT-A(dims [2, 3, 4])
[10:15:47] 19/143 ((0, 2), (2, 1)) 23s OVER-RANK(rank 5, dims [2, 4, 5])
[10:15:48] 20/143 ((0, 2), (2, 3)) 23s NO-OVER-RANK-AT-A(dims [2, 3, 4])
[10:15:49] 21/143 ((0, 2), (3, 0)) 24s OVER-RANK(rank 5, dims [2, 4, 5])
[10:16:12] 22/143 ((0, 2), (3, 1)) 25s NO-OVER-RANK-AT-A(dims [2, 3, 4])
[10:16:13] 23/143 ((0, 2), (3, 2)) 25s NO-OVER-RANK-AT-A(dims [2, 3, 4])
[10:16:14] 24/143 ((0, 3), (0, 1)) 25s OVER-RANK(rank 5, dims [2, 4, 5])
[10:16:36] 25/143 ((0, 3), (0, 2)) 24s OVER-RANK(rank 5, dims [2, 4, 5])
[10:16:37] 26/143 ((0, 3), (0, 3)) 24s OVER-RANK(rank 5, dims [2, 4, 5])
[10:16:38] 27/143 ((0, 3), (1, 0)) 24s OVER-RANK(rank 5, dims [2, 4, 5])
[10:17:00] 28/143 ((0, 3), (1, 2)) 23s OVER-RANK(rank 5, dims [2, 3, 4])
[10:17:02] 29/143 ((0, 3), (1, 3)) 24s OVER-RANK(rank 5, dims [2, 4, 5])
[10:17:02] 30/143 ((0, 3), (2, 0)) 24s OVER-RANK(rank 5, dims [2, 4, 5])
[10:17:23] 31/143 ((0, 3), (2, 1)) 23s OVER-RANK(rank 5, dims [2, 3, 4])
[10:17:25] 32/143 ((0, 3), (2, 3)) 23s OVER-RANK(rank 5, dims [2, 4, 5])
[10:17:25] 33/143 ((0, 3), (3, 0)) 23s OVER-RANK(rank 5, dims [2, 4, 5])
[10:17:47] 34/143 ((0, 3), (3, 1)) 25s OVER-RANK(rank 5, dims [2, 4, 5])
[10:17:49] 35/143 ((0, 3), (3, 2)) 24s OVER-RANK(rank 5, dims [2, 4, 5])
[10:17:49] 36/143 ((1, 0), (0, 1)) 25s NO-OVER-RANK-AT-A(dims [2, 3, 4])
[10:18:11] 37/143 ((1, 0), (0, 2)) 24s NO-OVER-RANK-AT-A(dims [2, 3, 4])
[10:18:12] 38/143 ((1, 0), (1, 0)) 23s NO-OVER-RANK-AT-A(dims [2, 3, 4])
[10:18:13] 39/143 ((1, 0), (0, 3)) 24s OVER-RANK(rank 5, dims [2, 4, 5])
[10:18:35] 40/143 ((1, 0), (1, 2)) 24s OVER-RANK(rank 5, dims [2, 4, 5])
[10:18:37] 41/143 ((1, 0), (2, 0)) 24s NO-OVER-RANK-AT-A(dims [2, 3, 4])
[10:18:37] 42/143 ((1, 0), (1, 3)) 24s NO-OVER-RANK-AT-A(dims [2, 3, 4])
[10:18:59] 43/143 ((1, 0), (2, 1)) 24s OVER-RANK(rank 5, dims [2, 4, 5])
[10:18:59] 44/143 ((1, 0), (2, 3)) 23s NOT-INVASIVE(rank 4)
[10:19:00] 45/143 ((1, 0), (3, 0)) 23s OVER-RANK(rank 5, dims [2, 4, 5])
[10:19:23] 46/143 ((1, 0), (3, 1)) 24s NO-OVER-RANK-AT-A(dims [2, 3, 4])
[10:19:23] 47/143 ((1, 2), (0, 1)) 23s OVER-RANK(rank 5, dims [2, 4, 5])
[10:19:23] 48/143 ((1, 0), (3, 2)) 24s NOT-INVASIVE(rank 4)
[10:19:46] 49/143 ((1, 2), (0, 3)) 23s OVER-RANK(rank 5, dims [2, 3, 4])
[10:19:46] 50/143 ((1, 2), (0, 2)) 23s OVER-RANK(rank 5, dims [2, 4, 5])
[10:19:46] 51/143 ((1, 2), (1, 0)) 23s OVER-RANK(rank 5, dims [2, 4, 5])
[10:20:10] 52/143 ((1, 2), (1, 2)) 24s OVER-RANK(rank 5, dims [2, 4, 5])
[10:20:10] 53/143 ((1, 2), (2, 0)) 24s OVER-RANK(rank 5, dims [2, 4, 5])
[10:20:10] 54/143 ((1, 2), (1, 3)) 25s OVER-RANK(rank 5, dims [2, 4, 5])
[10:20:35] 55/143 ((1, 2), (3, 0)) 25s OVER-RANK(rank 5, dims [2, 3, 4])
[10:20:35] 56/143 ((1, 2), (2, 1)) 25s OVER-RANK(rank 5, dims [2, 4, 5])
[10:20:36] 57/143 ((1, 2), (2, 3)) 26s OVER-RANK(rank 5, dims [2, 4, 5])
[10:21:00] 58/143 ((1, 2), (3, 1)) 25s OVER-RANK(rank 5, dims [2, 4, 5])
[10:21:00] 59/143 ((1, 3), (0, 1)) 23s NO-OVER-RANK-AT-A(dims [2, 3, 4])
[10:21:01] 60/143 ((1, 2), (3, 2)) 25s OVER-RANK(rank 5, dims [2, 4, 5])
[10:21:23] 61/143 ((1, 3), (0, 3)) 24s OVER-RANK(rank 5, dims [2, 4, 5])
[10:21:23] 62/143 ((1, 3), (0, 2)) 24s NO-OVER-RANK-AT-A(dims [2, 3, 4])
[10:21:24] 63/143 ((1, 3), (1, 0)) 23s NO-OVER-RANK-AT-A(dims [2, 3, 4])
[10:21:47] 64/143 ((1, 3), (1, 2)) 24s OVER-RANK(rank 5, dims [2, 4, 5])
[10:21:47] 65/143 ((1, 3), (1, 3)) 24s NO-OVER-RANK-AT-A(dims [2, 3, 4])
[10:21:47] 66/143 ((1, 3), (2, 0)) 24s NO-OVER-RANK-AT-A(dims [2, 3, 4])
[10:22:10] 67/143 ((1, 3), (3, 0)) 23s OVER-RANK(rank 5, dims [2, 4, 5])
[10:22:10] 68/143 ((1, 3), (2, 3)) 23s NO-OVER-RANK-AT-A(dims [2, 3, 4])
[10:22:11] 69/143 ((1, 3), (2, 1)) 24s OVER-RANK(rank 5, dims [2, 4, 5])
[10:22:33] 70/143 ((1, 3), (3, 2)) 23s NO-OVER-RANK-AT-A(dims [2, 3, 4])
[10:22:34] 71/143 ((2, 0), (0, 1)) 23s NO-OVER-RANK-AT-A(dims [2, 3, 4])
[10:22:34] 72/143 ((1, 3), (3, 1)) 24s NO-OVER-RANK-AT-A(dims [2, 3, 4])
[10:22:57] 73/143 ((2, 0), (0, 2)) 24s NO-OVER-RANK-AT-A(dims [2, 3, 4])
[10:22:58] 74/143 ((2, 0), (1, 0)) 25s NO-OVER-RANK-AT-A(dims [2, 3, 4])
[10:22:58] 75/143 ((2, 0), (0, 3)) 25s OVER-RANK(rank 5, dims [2, 4, 5])
[10:23:21] 76/143 ((2, 0), (1, 2)) 24s OVER-RANK(rank 5, dims [2, 4, 5])
[10:23:22] 77/143 ((2, 0), (1, 3)) 23s NO-OVER-RANK-AT-A(dims [2, 3, 4])
[10:23:23] 78/143 ((2, 0), (2, 0)) 25s NO-OVER-RANK-AT-A(dims [2, 3, 4])
[10:23:45] 79/143 ((2, 0), (2, 3)) 24s NO-OVER-RANK-AT-A(dims [2, 3, 4])
[10:23:45] 80/143 ((2, 0), (2, 1)) 24s OVER-RANK(rank 5, dims [2, 4, 5])
[10:23:46] 81/143 ((2, 0), (3, 0)) 23s OVER-RANK(rank 5, dims [2, 4, 5])
[10:24:10] 82/143 ((2, 0), (3, 1)) 25s NO-OVER-RANK-AT-A(dims [2, 3, 4])
[10:24:11] 83/143 ((2, 0), (3, 2)) 25s NO-OVER-RANK-AT-A(dims [2, 3, 4])
[10:24:11] 84/143 ((2, 1), (0, 1)) 25s OVER-RANK(rank 5, dims [2, 4, 5])
[10:24:35] 85/143 ((2, 1), (0, 3)) 25s OVER-RANK(rank 5, dims [2, 3, 4])
[10:24:36] 86/143 ((2, 1), (0, 2)) 25s OVER-RANK(rank 5, dims [2, 4, 5])
[10:24:36] 87/143 ((2, 1), (1, 0)) 25s OVER-RANK(rank 5, dims [2, 4, 5])
[10:24:59] 88/143 ((2, 1), (1, 2)) 23s OVER-RANK(rank 5, dims [2, 4, 5])
[10:24:59] 89/143 ((2, 1), (1, 3)) 24s OVER-RANK(rank 5, dims [2, 4, 5])
[10:25:00] 90/143 ((2, 1), (2, 0)) 24s OVER-RANK(rank 5, dims [2, 4, 5])
[10:25:22] 91/143 ((2, 1), (2, 1)) 24s OVER-RANK(rank 5, dims [2, 4, 5])
[10:25:24] 92/143 ((2, 1), (2, 3)) 24s OVER-RANK(rank 5, dims [2, 4, 5])
[10:25:24] 93/143 ((2, 1), (3, 0)) 24s OVER-RANK(rank 5, dims [2, 3, 4])
[10:25:46] 94/143 ((2, 1), (3, 1)) 24s OVER-RANK(rank 5, dims [2, 4, 5])
[10:25:48] 95/143 ((2, 3), (0, 1)) 23s NO-OVER-RANK-AT-A(dims [2, 3, 4])
[10:25:49] 96/143 ((2, 1), (3, 2)) 25s OVER-RANK(rank 5, dims [2, 4, 5])
[10:26:10] 97/143 ((2, 3), (0, 2)) 24s NO-OVER-RANK-AT-A(dims [2, 3, 4])
[10:26:11] 98/143 ((2, 3), (0, 3)) 23s OVER-RANK(rank 5, dims [2, 4, 5])
[10:26:12] 99/143 ((2, 3), (1, 0)) 23s NO-OVER-RANK-AT-A(dims [2, 3, 4])
[10:26:34] 100/143 ((2, 3), (1, 2)) 24s OVER-RANK(rank 5, dims [2, 4, 5])
[10:26:35] 101/143 ((2, 3), (1, 3)) 24s NO-OVER-RANK-AT-A(dims [2, 3, 4])
[10:26:35] 102/143 ((2, 3), (2, 0)) 23s NO-OVER-RANK-AT-A(dims [2, 3, 4])
[10:26:59] 103/143 ((2, 3), (2, 1)) 25s OVER-RANK(rank 5, dims [2, 4, 5])
[10:27:00] 104/143 ((2, 3), (2, 3)) 25s NO-OVER-RANK-AT-A(dims [2, 3, 4])
[10:27:00] 105/143 ((2, 3), (3, 0)) 25s OVER-RANK(rank 5, dims [2, 4, 5])
[10:27:24] 106/143 ((2, 3), (3, 1)) 25s NO-OVER-RANK-AT-A(dims [2, 3, 4])
[10:27:25] 107/143 ((3, 0), (0, 1)) 25s OVER-RANK(rank 5, dims [2, 4, 5])
[10:27:25] 108/143 ((2, 3), (3, 2)) 25s NO-OVER-RANK-AT-A(dims [2, 3, 4])
[10:27:50] 109/143 ((3, 0), (0, 2)) 25s OVER-RANK(rank 5, dims [2, 4, 5])
[10:27:50] 110/143 ((3, 0), (0, 3)) 25s OVER-RANK(rank 5, dims [2, 4, 5])
[10:27:50] 111/143 ((3, 0), (1, 0)) 25s OVER-RANK(rank 5, dims [2, 4, 5])
[10:28:15] 112/143 ((3, 0), (1, 2)) 26s OVER-RANK(rank 5, dims [2, 3, 4])
[10:28:16] 113/143 ((3, 0), (1, 3)) 26s OVER-RANK(rank 5, dims [2, 4, 5])
[10:28:16] 114/143 ((3, 0), (2, 0)) 26s OVER-RANK(rank 5, dims [2, 4, 5])
[10:28:41] 115/143 ((3, 0), (2, 1)) 26s OVER-RANK(rank 5, dims [2, 3, 4])
[10:28:42] 116/143 ((3, 0), (3, 0)) 26s OVER-RANK(rank 5, dims [2, 4, 5])
[10:28:42] 117/143 ((3, 0), (2, 3)) 26s OVER-RANK(rank 5, dims [2, 4, 5])
[10:29:05] 118/143 ((3, 0), (3, 1)) 23s OVER-RANK(rank 5, dims [2, 4, 5])
[10:29:05] 119/143 ((3, 0), (3, 2)) 24s OVER-RANK(rank 5, dims [2, 4, 5])
[10:29:06] 120/143 ((3, 1), (0, 1)) 24s NO-OVER-RANK-AT-A(dims [2, 3, 4])
[10:29:28] 121/143 ((3, 1), (0, 2)) 23s NO-OVER-RANK-AT-A(dims [2, 3, 4])
[10:29:29] 122/143 ((3, 1), (1, 0)) 23s NO-OVER-RANK-AT-A(dims [2, 3, 4])
[10:29:29] 123/143 ((3, 1), (0, 3)) 24s OVER-RANK(rank 5, dims [2, 4, 5])
[10:29:52] 124/143 ((3, 1), (1, 2)) 24s OVER-RANK(rank 5, dims [2, 4, 5])
[10:29:52] 125/143 ((3, 1), (2, 0)) 23s NO-OVER-RANK-AT-A(dims [2, 3, 4])
[10:29:52] 126/143 ((3, 1), (1, 3)) 24s NO-OVER-RANK-AT-A(dims [2, 3, 4])
[10:30:16] 127/143 ((3, 1), (2, 1)) 24s OVER-RANK(rank 5, dims [2, 4, 5])
[10:30:16] 128/143 ((3, 1), (3, 0)) 24s OVER-RANK(rank 5, dims [2, 4, 5])
[10:30:18] 129/143 ((3, 1), (2, 3)) 26s NO-OVER-RANK-AT-A(dims [2, 3, 4])
[10:30:39] 130/143 ((3, 1), (3, 1)) 23s NO-OVER-RANK-AT-A(dims [2, 3, 4])
[10:30:39] 131/143 ((3, 1), (3, 2)) 23s NO-OVER-RANK-AT-A(dims [2, 3, 4])
[10:30:42] 132/143 ((3, 2), (0, 1)) 24s NO-OVER-RANK-AT-A(dims [2, 3, 4])
[10:31:03] 133/143 ((3, 2), (0, 2)) 25s NO-OVER-RANK-AT-A(dims [2, 3, 4])
[10:31:04] 134/143 ((3, 2), (0, 3)) 25s OVER-RANK(rank 5, dims [2, 4, 5])
[10:31:06] 135/143 ((3, 2), (1, 0)) 24s NO-OVER-RANK-AT-A(dims [2, 3, 4])
[10:31:27] 136/143 ((3, 2), (1, 2)) 24s OVER-RANK(rank 5, dims [2, 4, 5])
[10:31:28] 137/143 ((3, 2), (1, 3)) 24s NO-OVER-RANK-AT-A(dims [2, 3, 4])
[10:31:29] 138/143 ((3, 2), (2, 0)) 23s NO-OVER-RANK-AT-A(dims [2, 3, 4])
[10:31:50] 139/143 ((3, 2), (2, 1)) 23s OVER-RANK(rank 5, dims [2, 4, 5])
[10:31:52] 140/143 ((3, 2), (3, 0)) 23s OVER-RANK(rank 5, dims [2, 4, 5])
[10:31:52] 141/143 ((3, 2), (2, 3)) 23s NO-OVER-RANK-AT-A(dims [2, 3, 4])
[10:32:17] 142/143 ((3, 2), (3, 1)) 26s NO-OVER-RANK-AT-A(dims [2, 3, 4])
[10:32:19] 143/143 ((3, 2), (3, 2)) 28s NO-OVER-RANK-AT-A(dims [2, 3, 4])
ARTIFACT H_R_LS_H1.json: 143 records; sha256 1286d5ca6f44f71bd8fed92505521753294c70febb083418e78b3d3675db72af
TALLY H R_LS H1: NO-OVER-RANK-AT-A: 60
TALLY H R_LS H1: NOT-INVASIVE: 3
TALLY H R_LS H1: OVER-RANK: 80
TALLY H R_LS H1: non-invasive kappa with rank > 4: 0
