[2026-10-04 11:14:12] DRIVER H_R_5_H2: 143 jobs, 0 checkpointed, 143 to run, 3 procs
[11:14:13] 1/143 ((0, 1), (0, 1)) 2s NO-OVER-RANK-AT-A(dims [2, 3, 4])
[11:14:13] 2/143 ((0, 1), (0, 2)) 2s NO-OVER-RANK-AT-A(dims [2, 3, 4])
[11:14:13] 3/143 ((0, 1), (0, 3)) 2s NO-OVER-RANK-AT-A(dims [2, 3, 4])
[11:14:15] 4/143 ((0, 1), (1, 2)) 2s NO-OVER-RANK-AT-A(dims [2, 3, 4])
[11:14:15] 5/143 ((0, 1), (1, 3)) 2s NO-OVER-RANK-AT-A(dims [2, 3, 4])
[11:14:15] 6/143 ((0, 1), (1, 0)) 2s NO-OVER-RANK-AT-A(dims [2, 3, 4])
[11:14:16] 7/143 ((0, 1), (2, 0)) 1s NO-OVER-RANK-AT-A(dims [2, 3, 4])
[11:14:17] 8/143 ((0, 1), (2, 1)) 2s NO-OVER-RANK-AT-A(dims [2, 3, 4])
[11:14:17] 9/143 ((0, 1), (3, 0)) 2s NO-OVER-RANK-AT-A(dims [2, 3, 4])
[11:14:18] 10/143 ((0, 1), (3, 1)) 1s NO-OVER-RANK-AT-A(dims [2, 3, 4])
[11:14:18] 11/143 ((0, 1), (3, 2)) 2s NOT-INVASIVE(rank 4)
[11:14:18] 12/143 ((0, 2), (0, 1)) 1s NO-OVER-RANK-AT-A(dims [2, 3, 4])
[11:14:20] 13/143 ((0, 2), (0, 2)) 2s NO-OVER-RANK-AT-A(dims [2, 3, 4])
[11:14:20] 14/143 ((0, 2), (0, 3)) 2s NO-OVER-RANK-AT-A(dims [2, 3, 4])
[11:14:20] 15/143 ((0, 2), (1, 0)) 2s NO-OVER-RANK-AT-A(dims [2, 3, 4])
[11:14:21] 16/143 ((0, 2), (1, 2)) 2s NO-OVER-RANK-AT-A(dims [2, 3, 4])
[11:14:21] 17/143 ((0, 2), (2, 0)) 2s NO-OVER-RANK-AT-A(dims [2, 3, 4])
[11:14:22] 18/143 ((0, 2), (1, 3)) 2s NO-OVER-RANK-AT-A(dims [2, 3, 4])
[11:14:23] 19/143 ((0, 2), (2, 1)) 2s NO-OVER-RANK-AT-A(dims [2, 3, 4])
[11:14:23] 20/143 ((0, 2), (2, 3)) 2s NO-OVER-RANK-AT-A(dims [2, 3, 4])
[11:14:23] 21/143 ((0, 2), (3, 0)) 2s NO-OVER-RANK-AT-A(dims [2, 3, 4])
[11:14:25] 22/143 ((0, 2), (3, 1)) 2s NO-OVER-RANK-AT-A(dims [2, 3, 4])
[11:14:25] 23/143 ((0, 2), (3, 2)) 2s NO-OVER-RANK-AT-A(dims [2, 3, 4])
[11:14:25] 24/143 ((0, 3), (0, 1)) 2s NO-OVER-RANK-AT-A(dims [2, 3, 4])
[11:14:26] 25/143 ((0, 3), (0, 2)) 2s NO-OVER-RANK-AT-A(dims [2, 3, 4])
[11:14:27] 26/143 ((0, 3), (0, 3)) 2s NO-OVER-RANK-AT-A(dims [2, 3, 4])
[11:14:27] 27/143 ((0, 3), (1, 0)) 2s NO-OVER-RANK-AT-A(dims [2, 3, 4])
[11:14:28] 28/143 ((0, 3), (1, 2)) 2s NO-OVER-RANK-AT-A(dims [2, 3, 4])
[11:14:28] 29/143 ((0, 3), (1, 3)) 2s NO-OVER-RANK-AT-A(dims [2, 3, 4])
[11:14:28] 30/143 ((0, 3), (2, 0)) 2s NO-OVER-RANK-AT-A(dims [2, 3, 4])
[11:14:30] 31/143 ((0, 3), (2, 1)) 2s NO-OVER-RANK-AT-A(dims [2, 3, 4])
[11:14:30] 32/143 ((0, 3), (2, 3)) 2s NO-OVER-RANK-AT-A(dims [2, 3, 4])
[11:14:30] 33/143 ((0, 3), (3, 0)) 2s NO-OVER-RANK-AT-A(dims [2, 3, 4])
[11:14:31] 34/143 ((0, 3), (3, 2)) 1s NO-OVER-RANK-AT-A(dims [2, 3, 4])
[11:14:31] 35/143 ((0, 3), (3, 1)) 2s NO-OVER-RANK-AT-A(dims [2, 3, 4])
[11:14:32] 36/143 ((1, 0), (0, 1)) 2s NO-OVER-RANK-AT-A(dims [2, 3, 4])
[11:14:33] 37/143 ((1, 0), (0, 2)) 2s NO-OVER-RANK-AT-A(dims [2, 3, 4])
[11:14:33] 38/143 ((1, 0), (0, 3)) 2s NO-OVER-RANK-AT-A(dims [2, 3, 4])
[11:14:34] 39/143 ((1, 0), (1, 0)) 2s NO-OVER-RANK-AT-A(dims [2, 3, 4])
[11:14:35] 40/143 ((1, 0), (1, 3)) 2s NO-OVER-RANK-AT-A(dims [2, 3, 4])
[11:14:35] 41/143 ((1, 0), (1, 2)) 2s NO-OVER-RANK-AT-A(dims [2, 3, 4])
[11:14:35] 42/143 ((1, 0), (2, 0)) 2s NO-OVER-RANK-AT-A(dims [2, 3, 4])
[11:14:36] 43/143 ((1, 0), (2, 1)) 2s NO-OVER-RANK-AT-A(dims [2, 3, 4])
[11:14:36] 44/143 ((1, 0), (2, 3)) 2s NOT-INVASIVE(rank 4)
[11:14:37] 45/143 ((1, 0), (3, 0)) 2s NO-OVER-RANK-AT-A(dims [2, 3, 4])
[11:14:38] 46/143 ((1, 0), (3, 2)) 2s NOT-INVASIVE(rank 4)
[11:14:38] 47/143 ((1, 0), (3, 1)) 2s NO-OVER-RANK-AT-A(dims [2, 3, 4])
[11:14:38] 48/143 ((1, 2), (0, 1)) 2s NO-OVER-RANK-AT-A(dims [2, 3, 4])
[11:14:40] 49/143 ((1, 2), (0, 2)) 2s NO-OVER-RANK-AT-A(dims [2, 3, 4])
[11:14:40] 50/143 ((1, 2), (0, 3)) 2s NO-OVER-RANK-AT-A(dims [2, 3, 4])
[11:14:40] 51/143 ((1, 2), (1, 0)) 2s NO-OVER-RANK-AT-A(dims [2, 3, 4])
[11:14:41] 52/143 ((1, 2), (1, 2)) 2s NO-OVER-RANK-AT-A(dims [2, 3, 4])
[11:14:41] 53/143 ((1, 2), (1, 3)) 2s NO-OVER-RANK-AT-A(dims [2, 3, 4])
[11:14:42] 54/143 ((1, 2), (2, 0)) 2s NO-OVER-RANK-AT-A(dims [2, 3, 4])
[11:14:43] 55/143 ((1, 2), (2, 1)) 2s NO-OVER-RANK-AT-A(dims [2, 3, 4])
[11:14:43] 56/143 ((1, 2), (2, 3)) 2s NO-OVER-RANK-AT-A(dims [2, 3, 4])
[11:14:43] 57/143 ((1, 2), (3, 0)) 2s NO-OVER-RANK-AT-A(dims [2, 3, 4])
[11:14:44] 58/143 ((1, 2), (3, 1)) 2s NO-OVER-RANK-AT-A(dims [2, 3, 4])
[11:14:44] 59/143 ((1, 3), (0, 1)) 1s NO-OVER-RANK-AT-A(dims [2, 3, 4])
[11:14:45] 60/143 ((1, 2), (3, 2)) 2s NO-OVER-RANK-AT-A(dims [2, 3, 4])
[11:14:46] 61/143 ((1, 3), (0, 3)) 1s NO-OVER-RANK-AT-A(dims [2, 3, 4])
[11:14:46] 62/143 ((1, 3), (0, 2)) 1s NO-OVER-RANK-AT-A(dims [2, 3, 4])
[11:14:46] 63/143 ((1, 3), (1, 0)) 2s NO-OVER-RANK-AT-A(dims [2, 3, 4])
[11:14:47] 64/143 ((1, 3), (1, 3)) 2s NO-OVER-RANK-AT-A(dims [2, 3, 4])
[11:14:47] 65/143 ((1, 3), (1, 2)) 2s NO-OVER-RANK-AT-A(dims [2, 3, 4])
[11:14:48] 66/143 ((1, 3), (2, 0)) 2s NO-OVER-RANK-AT-A(dims [2, 3, 4])
[11:14:49] 67/143 ((1, 3), (2, 1)) 2s NO-OVER-RANK-AT-A(dims [2, 3, 4])
[11:14:49] 68/143 ((1, 3), (2, 3)) 2s NO-OVER-RANK-AT-A(dims [2, 3, 4])
[11:14:49] 69/143 ((1, 3), (3, 0)) 2s NO-OVER-RANK-AT-A(dims [2, 3, 4])
[11:14:51] 70/143 ((1, 3), (3, 1)) 2s NO-OVER-RANK-AT-A(dims [2, 3, 4])
[11:14:51] 71/143 ((1, 3), (3, 2)) 2s NO-OVER-RANK-AT-A(dims [2, 3, 4])
[11:14:51] 72/143 ((2, 0), (0, 1)) 2s NO-OVER-RANK-AT-A(dims [2, 3, 4])
[11:14:52] 73/143 ((2, 0), (0, 2)) 2s NO-OVER-RANK-AT-A(dims [2, 3, 4])
[11:14:52] 74/143 ((2, 0), (0, 3)) 2s NO-OVER-RANK-AT-A(dims [2, 3, 4])
[11:14:53] 75/143 ((2, 0), (1, 0)) 2s NO-OVER-RANK-AT-A(dims [2, 3, 4])
[11:14:54] 76/143 ((2, 0), (1, 2)) 2s NO-OVER-RANK-AT-A(dims [2, 3, 4])
[11:14:54] 77/143 ((2, 0), (1, 3)) 1s NO-OVER-RANK-AT-A(dims [2, 3, 4])
[11:14:54] 78/143 ((2, 0), (2, 0)) 2s NO-OVER-RANK-AT-A(dims [2, 3, 4])
[11:14:56] 79/143 ((2, 0), (2, 3)) 2s NO-OVER-RANK-AT-A(dims [2, 3, 4])
[11:14:56] 80/143 ((2, 0), (2, 1)) 2s NO-OVER-RANK-AT-A(dims [2, 3, 4])
[11:14:56] 81/143 ((2, 0), (3, 0)) 2s NO-OVER-RANK-AT-A(dims [2, 3, 4])
[11:14:57] 82/143 ((2, 0), (3, 1)) 2s NO-OVER-RANK-AT-A(dims [2, 3, 4])
[11:14:57] 83/143 ((2, 0), (3, 2)) 2s NO-OVER-RANK-AT-A(dims [2, 3, 4])
[11:14:58] 84/143 ((2, 1), (0, 1)) 2s NO-OVER-RANK-AT-A(dims [2, 3, 4])
[11:14:59] 85/143 ((2, 1), (0, 2)) 2s NO-OVER-RANK-AT-A(dims [2, 3, 4])
[11:14:59] 86/143 ((2, 1), (0, 3)) 2s NO-OVER-RANK-AT-A(dims [2, 3, 4])
[11:14:59] 87/143 ((2, 1), (1, 0)) 2s NO-OVER-RANK-AT-A(dims [2, 3, 4])
[11:15:00] 88/143 ((2, 1), (1, 2)) 2s NO-OVER-RANK-AT-A(dims [2, 3, 4])
[11:15:01] 89/143 ((2, 1), (1, 3)) 2s NO-OVER-RANK-AT-A(dims [2, 3, 4])
[11:15:01] 90/143 ((2, 1), (2, 0)) 2s NO-OVER-RANK-AT-A(dims [2, 3, 4])
[11:15:02] 91/143 ((2, 1), (2, 1)) 2s NO-OVER-RANK-AT-A(dims [2, 3, 4])
[11:15:03] 92/143 ((2, 1), (2, 3)) 2s NO-OVER-RANK-AT-A(dims [2, 3, 4])
[11:15:03] 93/143 ((2, 1), (3, 0)) 2s NO-OVER-RANK-AT-A(dims [2, 3, 4])
[11:15:04] 94/143 ((2, 1), (3, 1)) 2s NO-OVER-RANK-AT-A(dims [2, 3, 4])
[11:15:04] 95/143 ((2, 1), (3, 2)) 2s NO-OVER-RANK-AT-A(dims [2, 3, 4])
[11:15:04] 96/143 ((2, 3), (0, 1)) 1s NO-OVER-RANK-AT-A(dims [2, 3, 4])
[11:15:05] 97/143 ((2, 3), (0, 2)) 2s NO-OVER-RANK-AT-A(dims [2, 3, 4])
[11:15:06] 98/143 ((2, 3), (0, 3)) 2s NO-OVER-RANK-AT-A(dims [2, 3, 4])
[11:15:06] 99/143 ((2, 3), (1, 0)) 2s NO-OVER-RANK-AT-A(dims [2, 3, 4])
[11:15:07] 100/143 ((2, 3), (1, 2)) 2s NO-OVER-RANK-AT-A(dims [2, 3, 4])
[11:15:07] 101/143 ((2, 3), (1, 3)) 2s NO-OVER-RANK-AT-A(dims [2, 3, 4])
[11:15:08] 102/143 ((2, 3), (2, 0)) 2s NO-OVER-RANK-AT-A(dims [2, 3, 4])
[11:15:09] 103/143 ((2, 3), (2, 1)) 2s NO-OVER-RANK-AT-A(dims [2, 3, 4])
[11:15:09] 104/143 ((2, 3), (2, 3)) 2s NO-OVER-RANK-AT-A(dims [2, 3, 4])
[11:15:09] 105/143 ((2, 3), (3, 0)) 2s NO-OVER-RANK-AT-A(dims [2, 3, 4])
[11:15:10] 106/143 ((2, 3), (3, 1)) 2s NO-OVER-RANK-AT-A(dims [2, 3, 4])
[11:15:11] 107/143 ((2, 3), (3, 2)) 2s NO-OVER-RANK-AT-A(dims [2, 3, 4])
[11:15:11] 108/143 ((3, 0), (0, 1)) 2s NO-OVER-RANK-AT-A(dims [2, 3, 4])
[11:15:12] 109/143 ((3, 0), (0, 2)) 2s NO-OVER-RANK-AT-A(dims [2, 3, 4])
[11:15:13] 110/143 ((3, 0), (0, 3)) 2s NO-OVER-RANK-AT-A(dims [2, 3, 4])
[11:15:13] 111/143 ((3, 0), (1, 0)) 2s NO-OVER-RANK-AT-A(dims [2, 3, 4])
[11:15:13] 112/143 ((3, 0), (1, 2)) 2s NO-OVER-RANK-AT-A(dims [2, 3, 4])
[11:15:14] 113/143 ((3, 0), (1, 3)) 2s NO-OVER-RANK-AT-A(dims [2, 3, 4])
[11:15:14] 114/143 ((3, 0), (2, 0)) 2s NO-OVER-RANK-AT-A(dims [2, 3, 4])
[11:15:15] 115/143 ((3, 0), (2, 1)) 2s NO-OVER-RANK-AT-A(dims [2, 3, 4])
[11:15:16] 116/143 ((3, 0), (2, 3)) 2s NO-OVER-RANK-AT-A(dims [2, 3, 4])
[11:15:16] 117/143 ((3, 0), (3, 0)) 2s NO-OVER-RANK-AT-A(dims [2, 3, 4])
[11:15:17] 118/143 ((3, 0), (3, 1)) 2s NO-OVER-RANK-AT-A(dims [2, 3, 4])
[11:15:17] 119/143 ((3, 1), (0, 1)) 2s NO-OVER-RANK-AT-A(dims [2, 3, 4])
[11:15:17] 120/143 ((3, 0), (3, 2)) 2s NO-OVER-RANK-AT-A(dims [2, 3, 4])
[11:15:18] 121/143 ((3, 1), (0, 2)) 2s NO-OVER-RANK-AT-A(dims [2, 3, 4])
[11:15:19] 122/143 ((3, 1), (0, 3)) 2s NO-OVER-RANK-AT-A(dims [2, 3, 4])
[11:15:19] 123/143 ((3, 1), (1, 0)) 2s NO-OVER-RANK-AT-A(dims [2, 3, 4])
[11:15:20] 124/143 ((3, 1), (1, 2)) 2s NO-OVER-RANK-AT-A(dims [2, 3, 4])
[11:15:21] 125/143 ((3, 1), (1, 3)) 2s NO-OVER-RANK-AT-A(dims [2, 3, 4])
[11:15:21] 126/143 ((3, 1), (2, 0)) 2s NO-OVER-RANK-AT-A(dims [2, 3, 4])
[11:15:21] 127/143 ((3, 1), (2, 1)) 2s NO-OVER-RANK-AT-A(dims [2, 3, 4])
[11:15:22] 128/143 ((3, 1), (2, 3)) 2s NO-OVER-RANK-AT-A(dims [2, 3, 4])
[11:15:22] 129/143 ((3, 1), (3, 0)) 2s NO-OVER-RANK-AT-A(dims [2, 3, 4])
[11:15:23] 130/143 ((3, 1), (3, 1)) 2s NO-OVER-RANK-AT-A(dims [2, 3, 4])
[11:15:24] 131/143 ((3, 1), (3, 2)) 2s NO-OVER-RANK-AT-A(dims [2, 3, 4])
[11:15:24] 132/143 ((3, 2), (0, 1)) 2s NO-OVER-RANK-AT-A(dims [2, 3, 4])
[11:15:25] 133/143 ((3, 2), (0, 2)) 2s NO-OVER-RANK-AT-A(dims [2, 3, 4])
[11:15:25] 134/143 ((3, 2), (0, 3)) 2s NO-OVER-RANK-AT-A(dims [2, 3, 4])
[11:15:26] 135/143 ((3, 2), (1, 0)) 2s NO-OVER-RANK-AT-A(dims [2, 3, 4])
[11:15:26] 136/143 ((3, 2), (1, 2)) 2s NO-OVER-RANK-AT-A(dims [2, 3, 4])
[11:15:27] 137/143 ((3, 2), (1, 3)) 2s NO-OVER-RANK-AT-A(dims [2, 3, 4])
[11:15:27] 138/143 ((3, 2), (2, 0)) 2s NO-OVER-RANK-AT-A(dims [2, 3, 4])
[11:15:28] 139/143 ((3, 2), (2, 1)) 2s NO-OVER-RANK-AT-A(dims [2, 3, 4])
[11:15:28] 140/143 ((3, 2), (2, 3)) 2s NO-OVER-RANK-AT-A(dims [2, 3, 4])
[11:15:29] 141/143 ((3, 2), (3, 0)) 2s NO-OVER-RANK-AT-A(dims [2, 3, 4])
[11:15:30] 142/143 ((3, 2), (3, 1)) 2s NO-OVER-RANK-AT-A(dims [2, 3, 4])
[11:15:30] 143/143 ((3, 2), (3, 2)) 2s NO-OVER-RANK-AT-A(dims [2, 3, 4])
ARTIFACT H_R_5_H2.json: 143 records; sha256 4553283a21928485bc269817ad348029a0635981ebf374e6beed60633f154a37
TALLY H R_5 H2: NO-OVER-RANK-AT-A: 140
TALLY H R_5 H2: NOT-INVASIVE: 3
TALLY H R_5 H2: non-invasive kappa with rank > 4: 0
