[2026-10-04 09:52:22] DRIVER H_R_LL_H1: 143 jobs, 0 checkpointed, 143 to run, 3 procs
[09:52:49] 1/143 ((0, 1), (0, 3)) 26s NO-OVER-RANK-AT-A(dims [2, 3, 4])
[09:52:49] 2/143 ((0, 1), (0, 2)) 27s OVER-RANK(rank 5, dims [2, 4, 5])
[09:52:49] 3/143 ((0, 1), (0, 1)) 27s NO-OVER-RANK-AT-A(dims [2, 3, 4])
[09:53:12] 4/143 ((0, 1), (1, 3)) 23s OVER-RANK(rank 5, dims [2, 4, 5])
[09:53:12] 5/143 ((0, 1), (1, 0)) 23s NO-OVER-RANK-AT-A(dims [2, 3, 4])
[09:53:12] 6/143 ((0, 1), (1, 2)) 23s NO-OVER-RANK-AT-A(dims [2, 3, 4])
[09:53:34] 7/143 ((0, 1), (2, 0)) 22s OVER-RANK(rank 5, dims [2, 4, 5])
[09:53:34] 8/143 ((0, 1), (2, 1)) 23s NO-OVER-RANK-AT-A(dims [2, 3, 4])
[09:53:35] 9/143 ((0, 1), (3, 0)) 23s NO-OVER-RANK-AT-A(dims [2, 3, 4])
[09:53:56] 10/143 ((0, 1), (3, 1)) 23s OVER-RANK(rank 5, dims [2, 4, 5])
[09:53:57] 11/143 ((0, 1), (3, 2)) 23s NOT-INVASIVE(rank 4)
[09:53:58] 12/143 ((0, 2), (0, 1)) 23s OVER-RANK(rank 5, dims [2, 4, 5])
[09:54:19] 13/143 ((0, 2), (0, 2)) 23s OVER-RANK(rank 5, dims [2, 4, 5])
[09:54:19] 14/143 ((0, 2), (0, 3)) 22s OVER-RANK(rank 5, dims [2, 4, 5])
[09:54:20] 15/143 ((0, 2), (1, 0)) 22s OVER-RANK(rank 5, dims [2, 4, 5])
[09:54:42] 16/143 ((0, 2), (1, 2)) 23s OVER-RANK(rank 5, dims [2, 4, 5])
[09:54:42] 17/143 ((0, 2), (1, 3)) 22s OVER-RANK(rank 5, dims [2, 3, 4])
[09:54:44] 18/143 ((0, 2), (2, 0)) 23s OVER-RANK(rank 5, dims [2, 4, 5])
[09:55:06] 19/143 ((0, 2), (2, 1)) 24s OVER-RANK(rank 5, dims [2, 4, 5])
[09:55:06] 20/143 ((0, 2), (2, 3)) 24s OVER-RANK(rank 5, dims [2, 4, 5])
[09:55:07] 21/143 ((0, 2), (3, 0)) 23s OVER-RANK(rank 5, dims [2, 4, 5])
[09:55:29] 22/143 ((0, 2), (3, 1)) 23s OVER-RANK(rank 5, dims [2, 3, 4])
[09:55:30] 23/143 ((0, 3), (0, 1)) 24s NO-OVER-RANK-AT-A(dims [2, 3, 4])
[09:55:31] 24/143 ((0, 2), (3, 2)) 24s OVER-RANK(rank 5, dims [2, 4, 5])
[09:55:52] 25/143 ((0, 3), (0, 2)) 23s OVER-RANK(rank 5, dims [2, 4, 5])
[09:55:54] 26/143 ((0, 3), (0, 3)) 24s NO-OVER-RANK-AT-A(dims [2, 3, 4])
[09:55:54] 27/143 ((0, 3), (1, 0)) 24s NO-OVER-RANK-AT-A(dims [2, 3, 4])
[09:56:17] 28/143 ((0, 3), (1, 2)) 25s NO-OVER-RANK-AT-A(dims [2, 3, 4])
[09:56:18] 29/143 ((0, 3), (2, 0)) 24s OVER-RANK(rank 5, dims [2, 4, 5])
[09:56:18] 30/143 ((0, 3), (1, 3)) 25s OVER-RANK(rank 5, dims [2, 4, 5])
[09:56:41] 31/143 ((0, 3), (2, 1)) 25s NO-OVER-RANK-AT-A(dims [2, 3, 4])
[09:56:43] 32/143 ((0, 3), (2, 3)) 25s NO-OVER-RANK-AT-A(dims [2, 3, 4])
[09:56:43] 33/143 ((0, 3), (3, 0)) 25s NO-OVER-RANK-AT-A(dims [2, 3, 4])
[09:57:05] 34/143 ((0, 3), (3, 1)) 23s OVER-RANK(rank 5, dims [2, 4, 5])
[09:57:05] 35/143 ((0, 3), (3, 2)) 23s NO-OVER-RANK-AT-A(dims [2, 3, 4])
[09:57:07] 36/143 ((1, 0), (0, 1)) 24s NO-OVER-RANK-AT-A(dims [2, 3, 4])
[09:57:27] 37/143 ((1, 0), (0, 2)) 22s OVER-RANK(rank 5, dims [2, 4, 5])
[09:57:29] 38/143 ((1, 0), (0, 3)) 23s NO-OVER-RANK-AT-A(dims [2, 3, 4])
[09:57:30] 39/143 ((1, 0), (1, 0)) 23s NO-OVER-RANK-AT-A(dims [2, 3, 4])
[09:57:50] 40/143 ((1, 0), (1, 2)) 22s NO-OVER-RANK-AT-A(dims [2, 3, 4])
[09:57:52] 41/143 ((1, 0), (2, 0)) 22s OVER-RANK(rank 5, dims [2, 4, 5])
[09:57:52] 42/143 ((1, 0), (1, 3)) 23s OVER-RANK(rank 5, dims [2, 4, 5])
[09:58:13] 43/143 ((1, 0), (2, 1)) 23s NO-OVER-RANK-AT-A(dims [2, 3, 4])
[09:58:15] 44/143 ((1, 0), (2, 3)) 23s NOT-INVASIVE(rank 4)
[09:58:15] 45/143 ((1, 0), (3, 0)) 23s NO-OVER-RANK-AT-A(dims [2, 3, 4])
[09:58:37] 46/143 ((1, 0), (3, 1)) 24s OVER-RANK(rank 5, dims [2, 4, 5])
[09:58:38] 47/143 ((1, 0), (3, 2)) 24s NOT-INVASIVE(rank 4)
[09:58:39] 48/143 ((1, 2), (0, 1)) 23s NO-OVER-RANK-AT-A(dims [2, 3, 4])
[09:59:02] 49/143 ((1, 2), (0, 3)) 23s NO-OVER-RANK-AT-A(dims [2, 3, 4])
[09:59:02] 50/143 ((1, 2), (0, 2)) 25s OVER-RANK(rank 5, dims [2, 4, 5])
[09:59:03] 51/143 ((1, 2), (1, 0)) 24s NO-OVER-RANK-AT-A(dims [2, 3, 4])
[09:59:26] 52/143 ((1, 2), (1, 2)) 24s NO-OVER-RANK-AT-A(dims [2, 3, 4])
[09:59:26] 53/143 ((1, 2), (1, 3)) 24s OVER-RANK(rank 5, dims [2, 4, 5])
[09:59:28] 54/143 ((1, 2), (2, 0)) 25s OVER-RANK(rank 5, dims [2, 4, 5])
[09:59:50] 55/143 ((1, 2), (2, 1)) 24s NO-OVER-RANK-AT-A(dims [2, 3, 4])
[09:59:50] 56/143 ((1, 2), (2, 3)) 24s NO-OVER-RANK-AT-A(dims [2, 3, 4])
[09:59:51] 57/143 ((1, 2), (3, 0)) 24s NO-OVER-RANK-AT-A(dims [2, 3, 4])
[10:00:13] 58/143 ((1, 2), (3, 1)) 23s OVER-RANK(rank 5, dims [2, 4, 5])
[10:00:13] 59/143 ((1, 2), (3, 2)) 23s NO-OVER-RANK-AT-A(dims [2, 3, 4])
[10:00:14] 60/143 ((1, 3), (0, 1)) 22s OVER-RANK(rank 5, dims [2, 4, 5])
[10:00:36] 61/143 ((1, 3), (0, 2)) 23s OVER-RANK(rank 5, dims [2, 3, 4])
[10:00:37] 62/143 ((1, 3), (0, 3)) 24s OVER-RANK(rank 5, dims [2, 4, 5])
[10:00:38] 63/143 ((1, 3), (1, 0)) 24s OVER-RANK(rank 5, dims [2, 4, 5])
[10:00:59] 64/143 ((1, 3), (1, 2)) 23s OVER-RANK(rank 5, dims [2, 4, 5])
[10:01:00] 65/143 ((1, 3), (1, 3)) 23s OVER-RANK(rank 5, dims [2, 4, 5])
[10:01:01] 66/143 ((1, 3), (2, 0)) 23s OVER-RANK(rank 5, dims [2, 3, 4])
[10:01:23] 67/143 ((1, 3), (2, 1)) 23s OVER-RANK(rank 5, dims [2, 4, 5])
[10:01:23] 68/143 ((1, 3), (2, 3)) 23s OVER-RANK(rank 5, dims [2, 4, 5])
[10:01:25] 69/143 ((1, 3), (3, 0)) 24s OVER-RANK(rank 5, dims [2, 4, 5])
[10:01:45] 70/143 ((1, 3), (3, 1)) 23s OVER-RANK(rank 5, dims [2, 4, 5])
[10:01:46] 71/143 ((1, 3), (3, 2)) 23s OVER-RANK(rank 5, dims [2, 4, 5])
[10:01:48] 72/143 ((2, 0), (0, 1)) 23s OVER-RANK(rank 5, dims [2, 4, 5])
[10:02:08] 73/143 ((2, 0), (0, 2)) 22s OVER-RANK(rank 5, dims [2, 4, 5])
[10:02:08] 74/143 ((2, 0), (0, 3)) 23s OVER-RANK(rank 5, dims [2, 4, 5])
[10:02:10] 75/143 ((2, 0), (1, 0)) 22s OVER-RANK(rank 5, dims [2, 4, 5])
[10:02:30] 76/143 ((2, 0), (1, 2)) 23s OVER-RANK(rank 5, dims [2, 4, 5])
[10:02:32] 77/143 ((2, 0), (1, 3)) 23s OVER-RANK(rank 5, dims [2, 3, 4])
[10:02:33] 78/143 ((2, 0), (2, 0)) 23s OVER-RANK(rank 5, dims [2, 4, 5])
[10:02:53] 79/143 ((2, 0), (2, 1)) 23s OVER-RANK(rank 5, dims [2, 4, 5])
[10:02:55] 80/143 ((2, 0), (2, 3)) 23s OVER-RANK(rank 5, dims [2, 4, 5])
[10:02:56] 81/143 ((2, 0), (3, 0)) 23s OVER-RANK(rank 5, dims [2, 4, 5])
[10:03:17] 82/143 ((2, 0), (3, 1)) 24s OVER-RANK(rank 5, dims [2, 3, 4])
[10:03:18] 83/143 ((2, 0), (3, 2)) 23s OVER-RANK(rank 5, dims [2, 4, 5])
[10:03:19] 84/143 ((2, 1), (0, 1)) 23s NO-OVER-RANK-AT-A(dims [2, 3, 4])
[10:03:40] 85/143 ((2, 1), (0, 2)) 22s OVER-RANK(rank 5, dims [2, 4, 5])
[10:03:42] 86/143 ((2, 1), (0, 3)) 23s NO-OVER-RANK-AT-A(dims [2, 3, 4])
[10:03:42] 87/143 ((2, 1), (1, 0)) 23s NO-OVER-RANK-AT-A(dims [2, 3, 4])
[10:04:03] 88/143 ((2, 1), (1, 2)) 24s NO-OVER-RANK-AT-A(dims [2, 3, 4])
[10:04:05] 89/143 ((2, 1), (1, 3)) 23s OVER-RANK(rank 5, dims [2, 4, 5])
[10:04:05] 90/143 ((2, 1), (2, 0)) 23s OVER-RANK(rank 5, dims [2, 4, 5])
[10:04:27] 91/143 ((2, 1), (2, 1)) 24s NO-OVER-RANK-AT-A(dims [2, 3, 4])
[10:04:29] 92/143 ((2, 1), (2, 3)) 24s NO-OVER-RANK-AT-A(dims [2, 3, 4])
[10:04:29] 93/143 ((2, 1), (3, 0)) 24s NO-OVER-RANK-AT-A(dims [2, 3, 4])
[10:04:52] 94/143 ((2, 1), (3, 1)) 25s OVER-RANK(rank 5, dims [2, 4, 5])
[10:04:53] 95/143 ((2, 1), (3, 2)) 24s NO-OVER-RANK-AT-A(dims [2, 3, 4])
[10:04:54] 96/143 ((2, 3), (0, 1)) 24s NO-OVER-RANK-AT-A(dims [2, 3, 4])
[10:05:15] 97/143 ((2, 3), (0, 2)) 23s OVER-RANK(rank 5, dims [2, 4, 5])
[10:05:16] 98/143 ((2, 3), (0, 3)) 23s NO-OVER-RANK-AT-A(dims [2, 3, 4])
[10:05:17] 99/143 ((2, 3), (1, 0)) 23s NO-OVER-RANK-AT-A(dims [2, 3, 4])
[10:05:38] 100/143 ((2, 3), (1, 2)) 23s NO-OVER-RANK-AT-A(dims [2, 3, 4])
[10:05:38] 101/143 ((2, 3), (1, 3)) 22s OVER-RANK(rank 5, dims [2, 4, 5])
[10:05:39] 102/143 ((2, 3), (2, 0)) 23s OVER-RANK(rank 5, dims [2, 4, 5])
[10:06:01] 103/143 ((2, 3), (2, 1)) 23s NO-OVER-RANK-AT-A(dims [2, 3, 4])
[10:06:01] 104/143 ((2, 3), (2, 3)) 23s NO-OVER-RANK-AT-A(dims [2, 3, 4])
[10:06:03] 105/143 ((2, 3), (3, 0)) 24s NO-OVER-RANK-AT-A(dims [2, 3, 4])
[10:06:25] 106/143 ((2, 3), (3, 1)) 25s OVER-RANK(rank 5, dims [2, 4, 5])
[10:06:27] 107/143 ((2, 3), (3, 2)) 26s NO-OVER-RANK-AT-A(dims [2, 3, 4])
[10:06:29] 108/143 ((3, 0), (0, 1)) 26s NO-OVER-RANK-AT-A(dims [2, 3, 4])
[10:06:49] 109/143 ((3, 0), (0, 2)) 24s OVER-RANK(rank 5, dims [2, 4, 5])
[10:06:51] 110/143 ((3, 0), (0, 3)) 24s NO-OVER-RANK-AT-A(dims [2, 3, 4])
[10:06:52] 111/143 ((3, 0), (1, 0)) 23s NO-OVER-RANK-AT-A(dims [2, 3, 4])
[10:07:12] 112/143 ((3, 0), (1, 2)) 23s NO-OVER-RANK-AT-A(dims [2, 3, 4])
[10:07:13] 113/143 ((3, 0), (1, 3)) 22s OVER-RANK(rank 5, dims [2, 4, 5])
[10:07:14] 114/143 ((3, 0), (2, 0)) 22s OVER-RANK(rank 5, dims [2, 4, 5])
[10:07:36] 115/143 ((3, 0), (2, 1)) 24s NO-OVER-RANK-AT-A(dims [2, 3, 4])
[10:07:36] 116/143 ((3, 0), (2, 3)) 23s NO-OVER-RANK-AT-A(dims [2, 3, 4])
[10:07:37] 117/143 ((3, 0), (3, 0)) 23s NO-OVER-RANK-AT-A(dims [2, 3, 4])
[10:07:59] 118/143 ((3, 0), (3, 1)) 23s OVER-RANK(rank 5, dims [2, 4, 5])
[10:07:59] 119/143 ((3, 0), (3, 2)) 23s NO-OVER-RANK-AT-A(dims [2, 3, 4])
[10:08:00] 120/143 ((3, 1), (0, 1)) 23s OVER-RANK(rank 5, dims [2, 4, 5])
[10:08:22] 121/143 ((3, 1), (0, 2)) 23s OVER-RANK(rank 5, dims [2, 3, 4])
[10:08:22] 122/143 ((3, 1), (0, 3)) 23s OVER-RANK(rank 5, dims [2, 4, 5])
[10:08:24] 123/143 ((3, 1), (1, 0)) 24s OVER-RANK(rank 5, dims [2, 4, 5])
[10:08:46] 124/143 ((3, 1), (1, 3)) 24s OVER-RANK(rank 5, dims [2, 4, 5])
[10:08:46] 125/143 ((3, 1), (1, 2)) 24s OVER-RANK(rank 5, dims [2, 4, 5])
[10:08:48] 126/143 ((3, 1), (2, 0)) 24s OVER-RANK(rank 5, dims [2, 3, 4])
[10:09:10] 127/143 ((3, 1), (2, 1)) 24s OVER-RANK(rank 5, dims [2, 4, 5])
[10:09:10] 128/143 ((3, 1), (2, 3)) 24s OVER-RANK(rank 5, dims [2, 4, 5])
[10:09:13] 129/143 ((3, 1), (3, 0)) 25s OVER-RANK(rank 5, dims [2, 4, 5])
[10:09:35] 130/143 ((3, 1), (3, 2)) 24s OVER-RANK(rank 5, dims [2, 4, 5])
[10:09:35] 131/143 ((3, 1), (3, 1)) 24s OVER-RANK(rank 5, dims [2, 4, 5])
[10:09:37] 132/143 ((3, 2), (0, 1)) 24s NO-OVER-RANK-AT-A(dims [2, 3, 4])
[10:10:00] 133/143 ((3, 2), (0, 2)) 26s OVER-RANK(rank 5, dims [2, 4, 5])
[10:10:01] 134/143 ((3, 2), (0, 3)) 26s NO-OVER-RANK-AT-A(dims [2, 3, 4])
[10:10:02] 135/143 ((3, 2), (1, 0)) 25s NO-OVER-RANK-AT-A(dims [2, 3, 4])
[10:10:25] 136/143 ((3, 2), (1, 2)) 25s NO-OVER-RANK-AT-A(dims [2, 3, 4])
[10:10:26] 137/143 ((3, 2), (1, 3)) 25s OVER-RANK(rank 5, dims [2, 4, 5])
[10:10:27] 138/143 ((3, 2), (2, 0)) 25s OVER-RANK(rank 5, dims [2, 4, 5])
[10:10:49] 139/143 ((3, 2), (2, 1)) 23s NO-OVER-RANK-AT-A(dims [2, 3, 4])
[10:10:49] 140/143 ((3, 2), (3, 0)) 22s NO-OVER-RANK-AT-A(dims [2, 3, 4])
[10:10:49] 141/143 ((3, 2), (2, 3)) 23s NO-OVER-RANK-AT-A(dims [2, 3, 4])
[10:11:13] 142/143 ((3, 2), (3, 1)) 25s OVER-RANK(rank 5, dims [2, 4, 5])
[10:11:13] 143/143 ((3, 2), (3, 2)) 25s NO-OVER-RANK-AT-A(dims [2, 3, 4])
ARTIFACT H_R_LL_H1.json: 143 records; sha256 4c8e160a6d63b674437f9a7e781e16b651671ecca093fb0f7ddbad87d187292a
TALLY H R_LL H1: NO-OVER-RANK-AT-A: 60
TALLY H R_LL H1: NOT-INVASIVE: 3
TALLY H R_LL H1: OVER-RANK: 80
TALLY H R_LL H1: non-invasive kappa with rank > 4: 0
