[2026-10-04 10:54:54] DRIVER H_R_5_H1: 143 jobs, 0 checkpointed, 143 to run, 3 procs
[10:55:19] 1/143 ((0, 1), (0, 3)) 25s OVER-RANK(rank 8, dims [2, 5, 8])
[10:55:20] 2/143 ((0, 1), (0, 2)) 26s OVER-RANK(rank 8, dims [2, 5, 8])
[10:55:20] 3/143 ((0, 1), (0, 1)) 27s OVER-RANK(rank 7, dims [2, 5, 7])
[10:55:43] 4/143 ((0, 1), (1, 2)) 23s OVER-RANK(rank 8, dims [2, 5, 8])
[10:55:43] 5/143 ((0, 1), (1, 0)) 24s OVER-RANK(rank 7, dims [2, 5, 7])
[10:55:44] 6/143 ((0, 1), (1, 3)) 24s OVER-RANK(rank 8, dims [2, 5, 8])
[10:56:06] 7/143 ((0, 1), (2, 0)) 24s OVER-RANK(rank 8, dims [2, 5, 8])
[10:56:07] 8/143 ((0, 1), (2, 1)) 24s OVER-RANK(rank 8, dims [2, 5, 8])
[10:56:08] 9/143 ((0, 1), (3, 0)) 24s OVER-RANK(rank 8, dims [2, 5, 8])
[10:56:30] 10/143 ((0, 1), (3, 2)) 24s NOT-INVASIVE(rank 7)
[10:56:30] 11/143 ((0, 1), (3, 1)) 24s OVER-RANK(rank 8, dims [2, 5, 8])
[10:56:32] 12/143 ((0, 2), (0, 1)) 24s OVER-RANK(rank 8, dims [2, 5, 8])
[10:56:54] 13/143 ((0, 2), (0, 3)) 24s OVER-RANK(rank 8, dims [2, 5, 7])
[10:56:54] 14/143 ((0, 2), (0, 2)) 24s OVER-RANK(rank 8, dims [2, 5, 8])
[10:56:55] 15/143 ((0, 2), (1, 0)) 23s OVER-RANK(rank 8, dims [2, 5, 8])
[10:57:18] 16/143 ((0, 2), (1, 2)) 24s OVER-RANK(rank 8, dims [2, 5, 8])
[10:57:18] 17/143 ((0, 2), (2, 0)) 23s OVER-RANK(rank 8, dims [2, 5, 8])
[10:57:19] 18/143 ((0, 2), (1, 3)) 25s OVER-RANK(rank 8, dims [2, 5, 7])
[10:57:42] 19/143 ((0, 2), (2, 1)) 24s OVER-RANK(rank 8, dims [2, 5, 8])
[10:57:43] 20/143 ((0, 2), (2, 3)) 24s OVER-RANK(rank 8, dims [2, 5, 8])
[10:57:43] 21/143 ((0, 2), (3, 0)) 24s OVER-RANK(rank 8, dims [2, 5, 7])
[10:58:06] 22/143 ((0, 2), (3, 1)) 23s OVER-RANK(rank 8, dims [2, 5, 7])
[10:58:06] 23/143 ((0, 2), (3, 2)) 23s OVER-RANK(rank 8, dims [2, 5, 8])
[10:58:07] 24/143 ((0, 3), (0, 1)) 24s OVER-RANK(rank 8, dims [2, 5, 8])
[10:58:29] 25/143 ((0, 3), (0, 2)) 23s OVER-RANK(rank 8, dims [2, 5, 7])
[10:58:29] 26/143 ((0, 3), (0, 3)) 23s OVER-RANK(rank 8, dims [2, 5, 8])
[10:58:31] 27/143 ((0, 3), (1, 0)) 24s OVER-RANK(rank 8, dims [2, 5, 8])
[10:58:53] 28/143 ((0, 3), (1, 3)) 24s OVER-RANK(rank 8, dims [2, 5, 8])
[10:58:54] 29/143 ((0, 3), (1, 2)) 25s OVER-RANK(rank 8, dims [2, 5, 7])
[10:58:56] 30/143 ((0, 3), (2, 0)) 25s OVER-RANK(rank 8, dims [2, 5, 7])
[10:59:18] 31/143 ((0, 3), (2, 1)) 24s OVER-RANK(rank 8, dims [2, 5, 7])
[10:59:18] 32/143 ((0, 3), (2, 3)) 24s OVER-RANK(rank 8, dims [2, 5, 8])
[10:59:20] 33/143 ((0, 3), (3, 0)) 24s OVER-RANK(rank 8, dims [2, 5, 8])
[10:59:42] 34/143 ((0, 3), (3, 1)) 24s OVER-RANK(rank 8, dims [2, 5, 8])
[10:59:42] 35/143 ((0, 3), (3, 2)) 24s OVER-RANK(rank 8, dims [2, 5, 8])
[10:59:44] 36/143 ((1, 0), (0, 1)) 24s OVER-RANK(rank 7, dims [2, 5, 7])
[11:00:06] 37/143 ((1, 0), (0, 2)) 24s OVER-RANK(rank 8, dims [2, 5, 8])
[11:00:07] 38/143 ((1, 0), (0, 3)) 25s OVER-RANK(rank 8, dims [2, 5, 8])
[11:00:08] 39/143 ((1, 0), (1, 0)) 24s OVER-RANK(rank 7, dims [2, 5, 7])
[11:00:31] 40/143 ((1, 0), (1, 3)) 24s OVER-RANK(rank 8, dims [2, 5, 8])
[11:00:31] 41/143 ((1, 0), (1, 2)) 25s OVER-RANK(rank 8, dims [2, 5, 8])
[11:00:32] 42/143 ((1, 0), (2, 0)) 24s OVER-RANK(rank 8, dims [2, 5, 8])
[11:00:55] 43/143 ((1, 0), (3, 0)) 23s OVER-RANK(rank 8, dims [2, 5, 8])
[11:00:55] 44/143 ((1, 0), (2, 1)) 24s OVER-RANK(rank 8, dims [2, 5, 8])
[11:00:55] 45/143 ((1, 0), (2, 3)) 24s OVER-RANK(rank 7, dims [2, 4, 7])
[11:01:19] 46/143 ((1, 0), (3, 2)) 24s OVER-RANK(rank 7, dims [2, 4, 7])
[11:01:19] 47/143 ((1, 2), (0, 1)) 24s OVER-RANK(rank 8, dims [2, 5, 8])
[11:01:19] 48/143 ((1, 0), (3, 1)) 25s OVER-RANK(rank 8, dims [2, 5, 8])
[11:01:42] 49/143 ((1, 2), (0, 2)) 23s OVER-RANK(rank 8, dims [2, 5, 8])
[11:01:42] 50/143 ((1, 2), (0, 3)) 23s OVER-RANK(rank 8, dims [2, 5, 7])
[11:01:43] 51/143 ((1, 2), (1, 0)) 23s OVER-RANK(rank 8, dims [2, 5, 8])
[11:02:05] 52/143 ((1, 2), (1, 2)) 23s OVER-RANK(rank 8, dims [2, 5, 8])
[11:02:06] 53/143 ((1, 2), (1, 3)) 23s OVER-RANK(rank 8, dims [2, 5, 7])
[11:02:06] 54/143 ((1, 2), (2, 0)) 23s OVER-RANK(rank 8, dims [2, 5, 8])
[11:02:29] 55/143 ((1, 2), (2, 1)) 24s OVER-RANK(rank 8, dims [2, 5, 8])
[11:02:30] 56/143 ((1, 2), (3, 0)) 24s OVER-RANK(rank 8, dims [2, 5, 7])
[11:02:30] 57/143 ((1, 2), (2, 3)) 24s OVER-RANK(rank 8, dims [2, 5, 8])
[11:02:54] 58/143 ((1, 2), (3, 1)) 25s OVER-RANK(rank 8, dims [2, 5, 7])
[11:02:54] 59/143 ((1, 2), (3, 2)) 24s OVER-RANK(rank 8, dims [2, 5, 8])
[11:02:56] 60/143 ((1, 3), (0, 1)) 25s OVER-RANK(rank 8, dims [2, 5, 8])
[11:03:18] 61/143 ((1, 3), (0, 2)) 24s OVER-RANK(rank 8, dims [2, 5, 7])
[11:03:18] 62/143 ((1, 3), (0, 3)) 24s OVER-RANK(rank 8, dims [2, 5, 8])
[11:03:20] 63/143 ((1, 3), (1, 0)) 25s OVER-RANK(rank 8, dims [2, 5, 8])
[11:03:42] 64/143 ((1, 3), (1, 2)) 24s OVER-RANK(rank 8, dims [2, 5, 7])
[11:03:42] 65/143 ((1, 3), (1, 3)) 24s OVER-RANK(rank 8, dims [2, 5, 8])
[11:03:44] 66/143 ((1, 3), (2, 0)) 23s OVER-RANK(rank 8, dims [2, 5, 7])
[11:04:07] 67/143 ((1, 3), (2, 3)) 25s OVER-RANK(rank 8, dims [2, 5, 8])
[11:04:08] 68/143 ((1, 3), (2, 1)) 25s OVER-RANK(rank 8, dims [2, 5, 7])
[11:04:09] 69/143 ((1, 3), (3, 0)) 25s OVER-RANK(rank 8, dims [2, 5, 8])
[11:04:29] 70/143 ((1, 3), (3, 2)) 22s OVER-RANK(rank 8, dims [2, 5, 8])
[11:04:30] 71/143 ((1, 3), (3, 1)) 22s OVER-RANK(rank 8, dims [2, 5, 8])
[11:04:32] 72/143 ((2, 0), (0, 1)) 23s OVER-RANK(rank 8, dims [2, 5, 8])
[11:04:55] 73/143 ((2, 0), (0, 2)) 26s OVER-RANK(rank 8, dims [2, 5, 8])
[11:04:56] 74/143 ((2, 0), (0, 3)) 26s OVER-RANK(rank 8, dims [2, 5, 7])
[11:04:56] 75/143 ((2, 0), (1, 0)) 25s OVER-RANK(rank 8, dims [2, 5, 8])
[11:05:19] 76/143 ((2, 0), (1, 3)) 23s OVER-RANK(rank 8, dims [2, 5, 7])
[11:05:20] 77/143 ((2, 0), (1, 2)) 24s OVER-RANK(rank 8, dims [2, 5, 8])
[11:05:20] 78/143 ((2, 0), (2, 0)) 24s OVER-RANK(rank 8, dims [2, 5, 8])
[11:05:45] 79/143 ((2, 0), (2, 1)) 27s OVER-RANK(rank 8, dims [2, 5, 8])
[11:05:46] 80/143 ((2, 0), (3, 0)) 25s OVER-RANK(rank 8, dims [2, 5, 7])
[11:05:46] 81/143 ((2, 0), (2, 3)) 26s OVER-RANK(rank 8, dims [2, 5, 8])
[11:06:07] 82/143 ((2, 0), (3, 1)) 22s OVER-RANK(rank 8, dims [2, 5, 7])
[11:06:08] 83/143 ((2, 1), (0, 1)) 22s OVER-RANK(rank 8, dims [2, 5, 8])
[11:06:08] 84/143 ((2, 0), (3, 2)) 22s OVER-RANK(rank 8, dims [2, 5, 8])
[11:06:33] 85/143 ((2, 1), (0, 3)) 25s OVER-RANK(rank 8, dims [2, 5, 7])
[11:06:33] 86/143 ((2, 1), (0, 2)) 26s OVER-RANK(rank 8, dims [2, 5, 8])
[11:06:33] 87/143 ((2, 1), (1, 0)) 26s OVER-RANK(rank 8, dims [2, 5, 8])
[11:06:56] 88/143 ((2, 1), (1, 2)) 23s OVER-RANK(rank 8, dims [2, 5, 8])
[11:06:56] 89/143 ((2, 1), (1, 3)) 23s OVER-RANK(rank 8, dims [2, 5, 7])
[11:06:56] 90/143 ((2, 1), (2, 0)) 23s OVER-RANK(rank 8, dims [2, 5, 8])
[11:07:19] 91/143 ((2, 1), (2, 3)) 23s OVER-RANK(rank 8, dims [2, 5, 8])
[11:07:20] 92/143 ((2, 1), (2, 1)) 24s OVER-RANK(rank 8, dims [2, 5, 8])
[11:07:20] 93/143 ((2, 1), (3, 0)) 23s OVER-RANK(rank 8, dims [2, 5, 7])
[11:07:43] 94/143 ((2, 1), (3, 1)) 24s OVER-RANK(rank 8, dims [2, 5, 7])
[11:07:43] 95/143 ((2, 1), (3, 2)) 24s OVER-RANK(rank 8, dims [2, 5, 8])
[11:07:44] 96/143 ((2, 3), (0, 1)) 24s OVER-RANK(rank 7, dims [2, 5, 7])
[11:08:07] 97/143 ((2, 3), (0, 2)) 24s OVER-RANK(rank 8, dims [2, 5, 8])
[11:08:07] 98/143 ((2, 3), (0, 3)) 24s OVER-RANK(rank 8, dims [2, 5, 8])
[11:08:08] 99/143 ((2, 3), (1, 0)) 24s OVER-RANK(rank 7, dims [2, 5, 7])
[11:08:31] 100/143 ((2, 3), (1, 3)) 24s OVER-RANK(rank 8, dims [2, 5, 8])
[11:08:32] 101/143 ((2, 3), (1, 2)) 25s OVER-RANK(rank 8, dims [2, 5, 8])
[11:08:32] 102/143 ((2, 3), (2, 0)) 24s OVER-RANK(rank 8, dims [2, 5, 8])
[11:08:55] 103/143 ((2, 3), (3, 0)) 24s OVER-RANK(rank 8, dims [2, 5, 8])
[11:08:56] 104/143 ((2, 3), (2, 3)) 24s OVER-RANK(rank 7, dims [2, 4, 7])
[11:08:56] 105/143 ((2, 3), (2, 1)) 25s OVER-RANK(rank 8, dims [2, 5, 8])
[11:09:20] 106/143 ((2, 3), (3, 1)) 24s OVER-RANK(rank 8, dims [2, 5, 8])
[11:09:21] 107/143 ((3, 0), (0, 1)) 24s OVER-RANK(rank 8, dims [2, 5, 8])
[11:09:21] 108/143 ((2, 3), (3, 2)) 26s OVER-RANK(rank 7, dims [2, 4, 7])
[11:09:43] 109/143 ((3, 0), (0, 2)) 23s OVER-RANK(rank 8, dims [2, 5, 7])
[11:09:43] 110/143 ((3, 0), (0, 3)) 23s OVER-RANK(rank 8, dims [2, 5, 8])
[11:09:44] 111/143 ((3, 0), (1, 0)) 23s OVER-RANK(rank 8, dims [2, 5, 8])
[11:10:08] 112/143 ((3, 0), (1, 2)) 26s OVER-RANK(rank 8, dims [2, 5, 7])
[11:10:08] 113/143 ((3, 0), (1, 3)) 25s OVER-RANK(rank 8, dims [2, 5, 8])
[11:10:10] 114/143 ((3, 0), (2, 0)) 26s OVER-RANK(rank 8, dims [2, 5, 7])
[11:10:33] 115/143 ((3, 0), (2, 3)) 25s OVER-RANK(rank 8, dims [2, 5, 8])
[11:10:33] 116/143 ((3, 0), (3, 0)) 24s OVER-RANK(rank 8, dims [2, 5, 8])
[11:10:34] 117/143 ((3, 0), (2, 1)) 25s OVER-RANK(rank 8, dims [2, 5, 7])
[11:10:58] 118/143 ((3, 0), (3, 1)) 25s OVER-RANK(rank 8, dims [2, 5, 8])
[11:10:58] 119/143 ((3, 1), (0, 1)) 25s OVER-RANK(rank 8, dims [2, 5, 8])
[11:10:58] 120/143 ((3, 0), (3, 2)) 25s OVER-RANK(rank 8, dims [2, 5, 8])
[11:11:21] 121/143 ((3, 1), (0, 2)) 23s OVER-RANK(rank 8, dims [2, 5, 7])
[11:11:21] 122/143 ((3, 1), (0, 3)) 23s OVER-RANK(rank 8, dims [2, 5, 8])
[11:11:22] 123/143 ((3, 1), (1, 0)) 24s OVER-RANK(rank 8, dims [2, 5, 8])
[11:11:45] 124/143 ((3, 1), (1, 2)) 24s OVER-RANK(rank 8, dims [2, 5, 7])
[11:11:45] 125/143 ((3, 1), (2, 0)) 24s OVER-RANK(rank 8, dims [2, 5, 7])
[11:11:46] 126/143 ((3, 1), (1, 3)) 24s OVER-RANK(rank 8, dims [2, 5, 8])
[11:12:10] 127/143 ((3, 1), (2, 3)) 24s OVER-RANK(rank 8, dims [2, 5, 8])
[11:12:10] 128/143 ((3, 1), (3, 0)) 24s OVER-RANK(rank 8, dims [2, 5, 8])
[11:12:10] 129/143 ((3, 1), (2, 1)) 25s OVER-RANK(rank 8, dims [2, 5, 7])
[11:12:34] 130/143 ((3, 1), (3, 2)) 24s OVER-RANK(rank 8, dims [2, 5, 8])
[11:12:34] 131/143 ((3, 1), (3, 1)) 25s OVER-RANK(rank 8, dims [2, 5, 8])
[11:12:35] 132/143 ((3, 2), (0, 1)) 24s OVER-RANK(rank 7, dims [2, 5, 7])
[11:12:58] 133/143 ((3, 2), (0, 2)) 24s OVER-RANK(rank 8, dims [2, 5, 8])
[11:12:58] 134/143 ((3, 2), (1, 0)) 24s OVER-RANK(rank 7, dims [2, 5, 7])
[11:12:59] 135/143 ((3, 2), (0, 3)) 25s OVER-RANK(rank 8, dims [2, 5, 8])
[11:13:22] 136/143 ((3, 2), (1, 2)) 24s OVER-RANK(rank 8, dims [2, 5, 8])
[11:13:23] 137/143 ((3, 2), (2, 0)) 24s OVER-RANK(rank 8, dims [2, 5, 8])
[11:13:23] 138/143 ((3, 2), (1, 3)) 25s OVER-RANK(rank 8, dims [2, 5, 8])
[11:13:47] 139/143 ((3, 2), (2, 1)) 25s OVER-RANK(rank 8, dims [2, 5, 8])
[11:13:48] 140/143 ((3, 2), (2, 3)) 25s OVER-RANK(rank 7, dims [2, 4, 7])
[11:13:48] 141/143 ((3, 2), (3, 0)) 25s OVER-RANK(rank 8, dims [2, 5, 8])
[11:14:11] 142/143 ((3, 2), (3, 1)) 25s OVER-RANK(rank 8, dims [2, 5, 8])
[11:14:12] 143/143 ((3, 2), (3, 2)) 24s OVER-RANK(rank 7, dims [2, 4, 7])
ARTIFACT H_R_5_H1.json: 143 records; sha256 043fae70a460feaf6c9730dbfb944443926347b3fc345c60e450204679da607b
TALLY H R_5 H1: NOT-INVASIVE: 1
TALLY H R_5 H1: OVER-RANK: 142
TALLY H R_5 H1: non-invasive kappa with rank > 4: 1
