[2026-10-04 10:53:15] DRIVER H_R_NL_H2: 143 jobs, 0 checkpointed, 143 to run, 3 procs
[10:53:17] 1/143 ((0, 1), (0, 2)) 2s OVER-RANK(rank 15, dims [2, 5, 12])
[10:53:17] 2/143 ((0, 1), (0, 1)) 2s OVER-RANK(rank 13, dims [2, 4, 9])
[10:53:17] 3/143 ((0, 1), (0, 3)) 2s OVER-RANK(rank 13, dims [2, 4, 9])
[10:53:18] 4/143 ((0, 1), (1, 3)) 2s OVER-RANK(rank 15, dims [2, 5, 12])
[10:53:18] 5/143 ((0, 1), (1, 0)) 2s OVER-RANK(rank 13, dims [2, 5, 11])
[10:53:19] 6/143 ((0, 1), (1, 2)) 2s OVER-RANK(rank 13, dims [2, 5, 11])
[10:53:20] 7/143 ((0, 1), (2, 0)) 2s OVER-RANK(rank 15, dims [2, 5, 12])
[10:53:20] 8/143 ((0, 1), (2, 1)) 2s OVER-RANK(rank 13, dims [2, 4, 9])
[10:53:20] 9/143 ((0, 1), (3, 0)) 2s OVER-RANK(rank 13, dims [2, 5, 11])
[10:53:22] 10/143 ((0, 1), (3, 2)) 2s OVER-RANK(rank 11, dims [2, 5, 10])
[10:53:22] 11/143 ((0, 2), (0, 1)) 2s OVER-RANK(rank 16, dims [2, 5, 12])
[10:53:22] 12/143 ((0, 1), (3, 1)) 2s OVER-RANK(rank 15, dims [2, 5, 12])
[10:53:24] 13/143 ((0, 2), (0, 2)) 2s OVER-RANK(rank 17, dims [2, 5, 12])
[10:53:24] 14/143 ((0, 2), (1, 0)) 2s OVER-RANK(rank 16, dims [2, 5, 12])
[10:53:24] 15/143 ((0, 2), (0, 3)) 2s OVER-RANK(rank 17, dims [2, 5, 12])
[10:53:26] 16/143 ((0, 2), (1, 2)) 2s OVER-RANK(rank 17, dims [2, 5, 12])
[10:53:26] 17/143 ((0, 2), (1, 3)) 2s OVER-RANK(rank 17, dims [2, 5, 11])
[10:53:26] 18/143 ((0, 2), (2, 0)) 2s OVER-RANK(rank 17, dims [2, 5, 12])
[10:53:27] 19/143 ((0, 2), (2, 3)) 2s OVER-RANK(rank 15, dims [2, 5, 12])
[10:53:27] 20/143 ((0, 2), (2, 1)) 2s OVER-RANK(rank 17, dims [2, 5, 12])
[10:53:27] 21/143 ((0, 2), (3, 0)) 2s OVER-RANK(rank 17, dims [2, 5, 12])
[10:53:29] 22/143 ((0, 3), (0, 1)) 1s OVER-RANK(rank 13, dims [2, 4, 9])
[10:53:29] 23/143 ((0, 2), (3, 1)) 2s OVER-RANK(rank 17, dims [2, 5, 11])
[10:53:29] 24/143 ((0, 2), (3, 2)) 2s OVER-RANK(rank 15, dims [2, 5, 12])
[10:53:31] 25/143 ((0, 3), (0, 2)) 2s OVER-RANK(rank 17, dims [2, 5, 12])
[10:53:31] 26/143 ((0, 3), (0, 3)) 2s OVER-RANK(rank 13, dims [2, 4, 9])
[10:53:31] 27/143 ((0, 3), (1, 0)) 2s OVER-RANK(rank 13, dims [2, 5, 11])
[10:53:33] 28/143 ((0, 3), (1, 2)) 2s OVER-RANK(rank 13, dims [2, 5, 11])
[10:53:33] 29/143 ((0, 3), (2, 0)) 2s OVER-RANK(rank 17, dims [2, 5, 12])
[10:53:33] 30/143 ((0, 3), (1, 3)) 2s OVER-RANK(rank 17, dims [2, 5, 12])
[10:53:34] 31/143 ((0, 3), (3, 0)) 1s OVER-RANK(rank 13, dims [2, 5, 11])
[10:53:34] 32/143 ((0, 3), (2, 1)) 2s OVER-RANK(rank 13, dims [2, 4, 9])
[10:53:35] 33/143 ((0, 3), (2, 3)) 2s OVER-RANK(rank 13, dims [2, 4, 9])
[10:53:36] 34/143 ((0, 3), (3, 1)) 1s OVER-RANK(rank 17, dims [2, 5, 12])
[10:53:36] 35/143 ((0, 3), (3, 2)) 2s OVER-RANK(rank 13, dims [2, 5, 11])
[10:53:36] 36/143 ((1, 0), (0, 1)) 2s OVER-RANK(rank 13, dims [2, 5, 11])
[10:53:37] 37/143 ((1, 0), (0, 2)) 2s OVER-RANK(rank 15, dims [2, 5, 12])
[10:53:38] 38/143 ((1, 0), (0, 3)) 2s OVER-RANK(rank 13, dims [2, 5, 11])
[10:53:38] 39/143 ((1, 0), (1, 0)) 2s OVER-RANK(rank 13, dims [2, 4, 9])
[10:53:39] 40/143 ((1, 0), (1, 2)) 2s OVER-RANK(rank 13, dims [2, 4, 9])
[10:53:40] 41/143 ((1, 0), (1, 3)) 2s OVER-RANK(rank 15, dims [2, 5, 12])
[10:53:40] 42/143 ((1, 0), (2, 0)) 2s OVER-RANK(rank 15, dims [2, 5, 12])
[10:53:41] 43/143 ((1, 0), (2, 1)) 2s OVER-RANK(rank 13, dims [2, 5, 11])
[10:53:41] 44/143 ((1, 0), (2, 3)) 2s OVER-RANK(rank 11, dims [2, 5, 10])
[10:53:42] 45/143 ((1, 0), (3, 0)) 2s OVER-RANK(rank 13, dims [2, 4, 9])
[10:53:43] 46/143 ((1, 0), (3, 1)) 2s OVER-RANK(rank 15, dims [2, 5, 12])
[10:53:43] 47/143 ((1, 0), (3, 2)) 2s OVER-RANK(rank 11, dims [2, 4, 8])
[10:53:43] 48/143 ((1, 2), (0, 1)) 2s OVER-RANK(rank 13, dims [2, 5, 11])
[10:53:44] 49/143 ((1, 2), (0, 2)) 2s OVER-RANK(rank 17, dims [2, 5, 12])
[10:53:45] 50/143 ((1, 2), (1, 0)) 1s OVER-RANK(rank 13, dims [2, 4, 9])
[10:53:45] 51/143 ((1, 2), (0, 3)) 2s OVER-RANK(rank 13, dims [2, 5, 11])
[10:53:46] 52/143 ((1, 2), (1, 2)) 2s OVER-RANK(rank 13, dims [2, 4, 9])
[10:53:46] 53/143 ((1, 2), (1, 3)) 2s OVER-RANK(rank 17, dims [2, 5, 12])
[10:53:47] 54/143 ((1, 2), (2, 0)) 2s OVER-RANK(rank 17, dims [2, 5, 12])
[10:53:47] 55/143 ((1, 2), (2, 1)) 2s OVER-RANK(rank 13, dims [2, 5, 11])
[10:53:48] 56/143 ((1, 2), (2, 3)) 2s OVER-RANK(rank 13, dims [2, 5, 11])
[10:53:49] 57/143 ((1, 2), (3, 0)) 2s OVER-RANK(rank 13, dims [2, 4, 9])
[10:53:49] 58/143 ((1, 2), (3, 1)) 2s OVER-RANK(rank 17, dims [2, 5, 12])
[10:53:50] 59/143 ((1, 2), (3, 2)) 2s OVER-RANK(rank 13, dims [2, 4, 9])
[10:53:50] 60/143 ((1, 3), (0, 1)) 2s OVER-RANK(rank 16, dims [2, 5, 12])
[10:53:51] 61/143 ((1, 3), (0, 2)) 2s OVER-RANK(rank 17, dims [2, 5, 11])
[10:53:51] 62/143 ((1, 3), (0, 3)) 2s OVER-RANK(rank 17, dims [2, 5, 12])
[10:53:52] 63/143 ((1, 3), (1, 0)) 2s OVER-RANK(rank 16, dims [2, 5, 12])
[10:53:53] 64/143 ((1, 3), (1, 2)) 2s OVER-RANK(rank 17, dims [2, 5, 12])
[10:53:53] 65/143 ((1, 3), (1, 3)) 1s OVER-RANK(rank 17, dims [2, 5, 12])
[10:53:54] 66/143 ((1, 3), (2, 0)) 2s OVER-RANK(rank 17, dims [2, 5, 11])
[10:53:54] 67/143 ((1, 3), (2, 3)) 1s OVER-RANK(rank 15, dims [2, 5, 12])
[10:53:54] 68/143 ((1, 3), (2, 1)) 2s OVER-RANK(rank 17, dims [2, 5, 12])
[10:53:55] 69/143 ((1, 3), (3, 0)) 1s OVER-RANK(rank 17, dims [2, 5, 12])
[10:53:56] 70/143 ((1, 3), (3, 1)) 2s OVER-RANK(rank 17, dims [2, 5, 12])
[10:53:56] 71/143 ((1, 3), (3, 2)) 2s OVER-RANK(rank 15, dims [2, 5, 12])
[10:53:57] 72/143 ((2, 0), (0, 1)) 1s OVER-RANK(rank 16, dims [2, 5, 12])
[10:53:58] 73/143 ((2, 0), (0, 2)) 2s OVER-RANK(rank 17, dims [2, 5, 12])
[10:53:58] 74/143 ((2, 0), (0, 3)) 2s OVER-RANK(rank 17, dims [2, 5, 12])
[10:53:59] 75/143 ((2, 0), (1, 0)) 2s OVER-RANK(rank 16, dims [2, 5, 12])
[10:54:00] 76/143 ((2, 0), (1, 2)) 2s OVER-RANK(rank 17, dims [2, 5, 12])
[10:54:00] 77/143 ((2, 0), (1, 3)) 2s OVER-RANK(rank 17, dims [2, 5, 11])
[10:54:00] 78/143 ((2, 0), (2, 0)) 2s OVER-RANK(rank 17, dims [2, 5, 12])
[10:54:01] 79/143 ((2, 0), (2, 3)) 2s OVER-RANK(rank 15, dims [2, 5, 12])
[10:54:02] 80/143 ((2, 0), (2, 1)) 2s OVER-RANK(rank 17, dims [2, 5, 12])
[10:54:02] 81/143 ((2, 0), (3, 0)) 2s OVER-RANK(rank 17, dims [2, 5, 12])
[10:54:03] 82/143 ((2, 0), (3, 1)) 2s OVER-RANK(rank 17, dims [2, 5, 11])
[10:54:03] 83/143 ((2, 0), (3, 2)) 2s OVER-RANK(rank 15, dims [2, 5, 12])
[10:54:04] 84/143 ((2, 1), (0, 1)) 2s OVER-RANK(rank 13, dims [2, 4, 9])
[10:54:05] 85/143 ((2, 1), (0, 2)) 2s OVER-RANK(rank 17, dims [2, 5, 12])
[10:54:05] 86/143 ((2, 1), (0, 3)) 2s OVER-RANK(rank 13, dims [2, 4, 9])
[10:54:05] 87/143 ((2, 1), (1, 0)) 2s OVER-RANK(rank 13, dims [2, 5, 11])
[10:54:07] 88/143 ((2, 1), (1, 2)) 2s OVER-RANK(rank 13, dims [2, 5, 11])
[10:54:07] 89/143 ((2, 1), (1, 3)) 2s OVER-RANK(rank 17, dims [2, 5, 12])
[10:54:07] 90/143 ((2, 1), (2, 0)) 2s OVER-RANK(rank 17, dims [2, 5, 12])
[10:54:08] 91/143 ((2, 1), (2, 1)) 2s OVER-RANK(rank 13, dims [2, 4, 9])
[10:54:09] 92/143 ((2, 1), (2, 3)) 2s OVER-RANK(rank 13, dims [2, 4, 9])
[10:54:09] 93/143 ((2, 1), (3, 0)) 2s OVER-RANK(rank 13, dims [2, 5, 11])
[10:54:10] 94/143 ((2, 1), (3, 1)) 2s OVER-RANK(rank 17, dims [2, 5, 12])
[10:54:10] 95/143 ((2, 1), (3, 2)) 2s OVER-RANK(rank 13, dims [2, 5, 11])
[10:54:11] 96/143 ((2, 3), (0, 1)) 2s OVER-RANK(rank 13, dims [2, 4, 9])
[10:54:12] 97/143 ((2, 3), (0, 2)) 2s OVER-RANK(rank 16, dims [2, 5, 12])
[10:54:12] 98/143 ((2, 3), (0, 3)) 2s OVER-RANK(rank 13, dims [2, 4, 9])
[10:54:13] 99/143 ((2, 3), (1, 0)) 2s OVER-RANK(rank 13, dims [2, 5, 11])
[10:54:13] 100/143 ((2, 3), (1, 2)) 2s OVER-RANK(rank 13, dims [2, 5, 11])
[10:54:14] 101/143 ((2, 3), (1, 3)) 2s OVER-RANK(rank 16, dims [2, 5, 12])
[10:54:14] 102/143 ((2, 3), (2, 0)) 2s OVER-RANK(rank 16, dims [2, 5, 12])
[10:54:15] 103/143 ((2, 3), (2, 1)) 2s OVER-RANK(rank 13, dims [2, 4, 9])
[10:54:16] 104/143 ((2, 3), (2, 3)) 2s OVER-RANK(rank 13, dims [2, 4, 9])
[10:54:16] 105/143 ((2, 3), (3, 0)) 2s OVER-RANK(rank 13, dims [2, 5, 11])
[10:54:17] 106/143 ((2, 3), (3, 2)) 1s OVER-RANK(rank 13, dims [2, 5, 11])
[10:54:17] 107/143 ((2, 3), (3, 1)) 2s OVER-RANK(rank 16, dims [2, 5, 12])
[10:54:18] 108/143 ((3, 0), (0, 1)) 2s OVER-RANK(rank 13, dims [2, 5, 11])
[10:54:18] 109/143 ((3, 0), (0, 2)) 1s OVER-RANK(rank 17, dims [2, 5, 12])
[10:54:19] 110/143 ((3, 0), (0, 3)) 2s OVER-RANK(rank 13, dims [2, 5, 11])
[10:54:19] 111/143 ((3, 0), (1, 0)) 2s OVER-RANK(rank 13, dims [2, 4, 9])
[10:54:20] 112/143 ((3, 0), (1, 2)) 2s OVER-RANK(rank 13, dims [2, 4, 9])
[10:54:21] 113/143 ((3, 0), (1, 3)) 2s OVER-RANK(rank 17, dims [2, 5, 12])
[10:54:21] 114/143 ((3, 0), (2, 0)) 2s OVER-RANK(rank 17, dims [2, 5, 12])
[10:54:22] 115/143 ((3, 0), (2, 1)) 2s OVER-RANK(rank 13, dims [2, 5, 11])
[10:54:23] 116/143 ((3, 0), (2, 3)) 2s OVER-RANK(rank 13, dims [2, 5, 11])
[10:54:23] 117/143 ((3, 0), (3, 0)) 2s OVER-RANK(rank 13, dims [2, 4, 9])
[10:54:24] 118/143 ((3, 0), (3, 1)) 2s OVER-RANK(rank 17, dims [2, 5, 12])
[10:54:24] 119/143 ((3, 0), (3, 2)) 2s OVER-RANK(rank 13, dims [2, 4, 9])
[10:54:25] 120/143 ((3, 1), (0, 1)) 2s OVER-RANK(rank 16, dims [2, 5, 12])
[10:54:25] 121/143 ((3, 1), (0, 2)) 2s OVER-RANK(rank 17, dims [2, 5, 11])
[10:54:26] 122/143 ((3, 1), (0, 3)) 2s OVER-RANK(rank 17, dims [2, 5, 12])
[10:54:27] 123/143 ((3, 1), (1, 0)) 2s OVER-RANK(rank 16, dims [2, 5, 12])
[10:54:27] 124/143 ((3, 1), (1, 2)) 2s OVER-RANK(rank 17, dims [2, 5, 12])
[10:54:28] 125/143 ((3, 1), (1, 3)) 2s OVER-RANK(rank 17, dims [2, 5, 12])
[10:54:29] 126/143 ((3, 1), (2, 0)) 2s OVER-RANK(rank 17, dims [2, 5, 11])
[10:54:29] 127/143 ((3, 1), (2, 1)) 2s OVER-RANK(rank 17, dims [2, 5, 12])
[10:54:30] 128/143 ((3, 1), (2, 3)) 2s OVER-RANK(rank 15, dims [2, 5, 12])
[10:54:31] 129/143 ((3, 1), (3, 0)) 2s OVER-RANK(rank 17, dims [2, 5, 12])
[10:54:31] 130/143 ((3, 1), (3, 1)) 2s OVER-RANK(rank 17, dims [2, 5, 12])
[10:54:32] 131/143 ((3, 1), (3, 2)) 2s OVER-RANK(rank 15, dims [2, 5, 12])
[10:54:33] 132/143 ((3, 2), (0, 1)) 2s OVER-RANK(rank 13, dims [2, 5, 11])
[10:54:33] 133/143 ((3, 2), (0, 2)) 2s OVER-RANK(rank 16, dims [2, 5, 12])
[10:54:34] 134/143 ((3, 2), (0, 3)) 2s OVER-RANK(rank 13, dims [2, 5, 11])
[10:54:34] 135/143 ((3, 2), (1, 0)) 2s OVER-RANK(rank 13, dims [2, 4, 9])
[10:54:35] 136/143 ((3, 2), (1, 2)) 2s OVER-RANK(rank 13, dims [2, 4, 9])
[10:54:35] 137/143 ((3, 2), (1, 3)) 2s OVER-RANK(rank 16, dims [2, 5, 12])
[10:54:36] 138/143 ((3, 2), (2, 0)) 2s OVER-RANK(rank 16, dims [2, 5, 12])
[10:54:37] 139/143 ((3, 2), (2, 1)) 2s OVER-RANK(rank 13, dims [2, 5, 11])
[10:54:37] 140/143 ((3, 2), (2, 3)) 2s OVER-RANK(rank 13, dims [2, 5, 11])
[10:54:38] 141/143 ((3, 2), (3, 0)) 2s OVER-RANK(rank 13, dims [2, 4, 9])
[10:54:39] 142/143 ((3, 2), (3, 1)) 2s OVER-RANK(rank 16, dims [2, 5, 12])
[10:54:39] 143/143 ((3, 2), (3, 2)) 2s OVER-RANK(rank 13, dims [2, 4, 9])
ARTIFACT H_R_NL_H2.json: 143 records; sha256 085ecd9d8fae0e0b915d97ed0c08b75ba2c0adb47d54a1a233a0486b90eff134
TALLY H R_NL H2: OVER-RANK: 143
TALLY H R_NL H2: non-invasive kappa with rank > 4: 0
