[2026-10-04 10:11:14] DRIVER H_R_LL_H2: 143 jobs, 0 checkpointed, 143 to run, 3 procs
[10:11:15] 1/143 ((0, 1), (0, 1)) 1s NO-OVER-RANK-AT-A(dims [2, 3, 4])
[10:11:15] 2/143 ((0, 1), (0, 2)) 1s NO-OVER-RANK-AT-A(dims [2, 3, 4])
[10:11:15] 3/143 ((0, 1), (0, 3)) 2s NO-OVER-RANK-AT-A(dims [2, 3, 4])
[10:11:17] 4/143 ((0, 1), (1, 2)) 1s NO-OVER-RANK-AT-A(dims [2, 3, 4])
[10:11:17] 5/143 ((0, 1), (1, 0)) 2s NO-OVER-RANK-AT-A(dims [2, 3, 4])
[10:11:17] 6/143 ((0, 1), (1, 3)) 2s NO-OVER-RANK-AT-A(dims [2, 3, 4])
[10:11:18] 7/143 ((0, 1), (2, 0)) 2s NO-OVER-RANK-AT-A(dims [2, 3, 4])
[10:11:18] 8/143 ((0, 1), (2, 1)) 2s NO-OVER-RANK-AT-A(dims [2, 3, 4])
[10:11:19] 9/143 ((0, 1), (3, 0)) 2s NO-OVER-RANK-AT-A(dims [2, 3, 4])
[10:11:20] 10/143 ((0, 1), (3, 1)) 2s NO-OVER-RANK-AT-A(dims [2, 3, 4])
[10:11:20] 11/143 ((0, 1), (3, 2)) 2s NOT-INVASIVE(rank 4)
[10:11:21] 12/143 ((0, 2), (0, 1)) 2s NO-OVER-RANK-AT-A(dims [2, 3, 4])
[10:11:21] 13/143 ((0, 2), (0, 2)) 2s NO-OVER-RANK-AT-A(dims [2, 3, 4])
[10:11:22] 14/143 ((0, 2), (0, 3)) 2s NO-OVER-RANK-AT-A(dims [2, 3, 4])
[10:11:23] 15/143 ((0, 2), (1, 0)) 2s NO-OVER-RANK-AT-A(dims [2, 3, 4])
[10:11:23] 16/143 ((0, 2), (1, 2)) 2s NO-OVER-RANK-AT-A(dims [2, 3, 4])
[10:11:24] 17/143 ((0, 2), (1, 3)) 2s NO-OVER-RANK-AT-A(dims [2, 3, 4])
[10:11:24] 18/143 ((0, 2), (2, 0)) 2s NO-OVER-RANK-AT-A(dims [2, 3, 4])
[10:11:25] 19/143 ((0, 2), (2, 1)) 2s NO-OVER-RANK-AT-A(dims [2, 3, 4])
[10:11:25] 20/143 ((0, 2), (2, 3)) 2s NO-OVER-RANK-AT-A(dims [2, 3, 4])
[10:11:26] 21/143 ((0, 2), (3, 0)) 2s NO-OVER-RANK-AT-A(dims [2, 3, 4])
[10:11:27] 22/143 ((0, 2), (3, 1)) 2s NO-OVER-RANK-AT-A(dims [2, 3, 4])
[10:11:27] 23/143 ((0, 2), (3, 2)) 2s NO-OVER-RANK-AT-A(dims [2, 3, 4])
[10:11:28] 24/143 ((0, 3), (0, 1)) 2s NO-OVER-RANK-AT-A(dims [2, 3, 4])
[10:11:29] 25/143 ((0, 3), (0, 2)) 2s NO-OVER-RANK-AT-A(dims [2, 3, 4])
[10:11:29] 26/143 ((0, 3), (0, 3)) 2s NO-OVER-RANK-AT-A(dims [2, 3, 4])
[10:11:30] 27/143 ((0, 3), (1, 0)) 2s NO-OVER-RANK-AT-A(dims [2, 3, 4])
[10:11:30] 28/143 ((0, 3), (1, 2)) 2s NO-OVER-RANK-AT-A(dims [2, 3, 4])
[10:11:31] 29/143 ((0, 3), (1, 3)) 2s NO-OVER-RANK-AT-A(dims [2, 3, 4])
[10:11:31] 30/143 ((0, 3), (2, 0)) 2s NO-OVER-RANK-AT-A(dims [2, 3, 4])
[10:11:32] 31/143 ((0, 3), (2, 1)) 2s NO-OVER-RANK-AT-A(dims [2, 3, 4])
[10:11:33] 32/143 ((0, 3), (2, 3)) 2s NO-OVER-RANK-AT-A(dims [2, 3, 4])
[10:11:33] 33/143 ((0, 3), (3, 0)) 2s NO-OVER-RANK-AT-A(dims [2, 3, 4])
[10:11:34] 34/143 ((0, 3), (3, 1)) 2s NO-OVER-RANK-AT-A(dims [2, 3, 4])
[10:11:34] 35/143 ((0, 3), (3, 2)) 2s NO-OVER-RANK-AT-A(dims [2, 3, 4])
[10:11:35] 36/143 ((1, 0), (0, 1)) 2s NO-OVER-RANK-AT-A(dims [2, 3, 4])
[10:11:36] 37/143 ((1, 0), (0, 2)) 2s NO-OVER-RANK-AT-A(dims [2, 3, 4])
[10:11:36] 38/143 ((1, 0), (0, 3)) 2s NO-OVER-RANK-AT-A(dims [2, 3, 4])
[10:11:36] 39/143 ((1, 0), (1, 0)) 2s NO-OVER-RANK-AT-A(dims [2, 3, 4])
[10:11:38] 40/143 ((1, 0), (1, 2)) 2s NO-OVER-RANK-AT-A(dims [2, 3, 4])
[10:11:38] 41/143 ((1, 0), (2, 0)) 1s NO-OVER-RANK-AT-A(dims [2, 3, 4])
[10:11:38] 42/143 ((1, 0), (1, 3)) 2s NO-OVER-RANK-AT-A(dims [2, 3, 4])
[10:11:39] 43/143 ((1, 0), (2, 1)) 2s NO-OVER-RANK-AT-A(dims [2, 3, 4])
[10:11:39] 44/143 ((1, 0), (2, 3)) 2s NOT-INVASIVE(rank 4)
[10:11:40] 45/143 ((1, 0), (3, 0)) 2s NO-OVER-RANK-AT-A(dims [2, 3, 4])
[10:11:41] 46/143 ((1, 0), (3, 1)) 2s NO-OVER-RANK-AT-A(dims [2, 3, 4])
[10:11:41] 47/143 ((1, 0), (3, 2)) 2s NOT-INVASIVE(rank 4)
[10:11:41] 48/143 ((1, 2), (0, 1)) 2s NO-OVER-RANK-AT-A(dims [2, 3, 4])
[10:11:42] 49/143 ((1, 2), (0, 2)) 1s NO-OVER-RANK-AT-A(dims [2, 3, 4])
[10:11:43] 50/143 ((1, 2), (0, 3)) 2s NO-OVER-RANK-AT-A(dims [2, 3, 4])
[10:11:43] 51/143 ((1, 2), (1, 0)) 2s NO-OVER-RANK-AT-A(dims [2, 3, 4])
[10:11:44] 52/143 ((1, 2), (1, 2)) 1s NO-OVER-RANK-AT-A(dims [2, 3, 4])
[10:11:44] 53/143 ((1, 2), (1, 3)) 2s NO-OVER-RANK-AT-A(dims [2, 3, 4])
[10:11:45] 54/143 ((1, 2), (2, 0)) 2s NO-OVER-RANK-AT-A(dims [2, 3, 4])
[10:11:45] 55/143 ((1, 2), (2, 1)) 2s NO-OVER-RANK-AT-A(dims [2, 3, 4])
[10:11:46] 56/143 ((1, 2), (2, 3)) 2s NO-OVER-RANK-AT-A(dims [2, 3, 4])
[10:11:47] 57/143 ((1, 2), (3, 0)) 2s NO-OVER-RANK-AT-A(dims [2, 3, 4])
[10:11:47] 58/143 ((1, 2), (3, 1)) 2s NO-OVER-RANK-AT-A(dims [2, 3, 4])
[10:11:47] 59/143 ((1, 2), (3, 2)) 2s NO-OVER-RANK-AT-A(dims [2, 3, 4])
[10:11:48] 60/143 ((1, 3), (0, 1)) 2s NO-OVER-RANK-AT-A(dims [2, 3, 4])
[10:11:49] 61/143 ((1, 3), (0, 2)) 2s NO-OVER-RANK-AT-A(dims [2, 3, 4])
[10:11:49] 62/143 ((1, 3), (0, 3)) 2s NO-OVER-RANK-AT-A(dims [2, 3, 4])
[10:11:50] 63/143 ((1, 3), (1, 0)) 2s NO-OVER-RANK-AT-A(dims [2, 3, 4])
[10:11:50] 64/143 ((1, 3), (1, 2)) 2s NO-OVER-RANK-AT-A(dims [2, 3, 4])
[10:11:51] 65/143 ((1, 3), (1, 3)) 2s NO-OVER-RANK-AT-A(dims [2, 3, 4])
[10:11:52] 66/143 ((1, 3), (2, 0)) 2s NO-OVER-RANK-AT-A(dims [2, 3, 4])
[10:11:52] 67/143 ((1, 3), (2, 1)) 2s NO-OVER-RANK-AT-A(dims [2, 3, 4])
[10:11:52] 68/143 ((1, 3), (2, 3)) 2s NO-OVER-RANK-AT-A(dims [2, 3, 4])
[10:11:53] 69/143 ((1, 3), (3, 0)) 2s NO-OVER-RANK-AT-A(dims [2, 3, 4])
[10:11:53] 70/143 ((1, 3), (3, 1)) 2s NO-OVER-RANK-AT-A(dims [2, 3, 4])
[10:11:54] 71/143 ((1, 3), (3, 2)) 2s NO-OVER-RANK-AT-A(dims [2, 3, 4])
[10:11:55] 72/143 ((2, 0), (0, 1)) 2s NO-OVER-RANK-AT-A(dims [2, 3, 4])
[10:11:55] 73/143 ((2, 0), (0, 2)) 2s NO-OVER-RANK-AT-A(dims [2, 3, 4])
[10:11:55] 74/143 ((2, 0), (0, 3)) 2s NO-OVER-RANK-AT-A(dims [2, 3, 4])
[10:11:56] 75/143 ((2, 0), (1, 0)) 2s NO-OVER-RANK-AT-A(dims [2, 3, 4])
[10:11:57] 76/143 ((2, 0), (1, 2)) 2s NO-OVER-RANK-AT-A(dims [2, 3, 4])
[10:11:57] 77/143 ((2, 0), (1, 3)) 2s NO-OVER-RANK-AT-A(dims [2, 3, 4])
[10:11:58] 78/143 ((2, 0), (2, 0)) 2s NO-OVER-RANK-AT-A(dims [2, 3, 4])
[10:11:58] 79/143 ((2, 0), (2, 1)) 2s NO-OVER-RANK-AT-A(dims [2, 3, 4])
[10:11:59] 80/143 ((2, 0), (2, 3)) 2s NO-OVER-RANK-AT-A(dims [2, 3, 4])
[10:12:00] 81/143 ((2, 0), (3, 0)) 2s NO-OVER-RANK-AT-A(dims [2, 3, 4])
[10:12:00] 82/143 ((2, 0), (3, 1)) 1s NO-OVER-RANK-AT-A(dims [2, 3, 4])
[10:12:00] 83/143 ((2, 0), (3, 2)) 1s NO-OVER-RANK-AT-A(dims [2, 3, 4])
[10:12:01] 84/143 ((2, 1), (0, 1)) 2s NO-OVER-RANK-AT-A(dims [2, 3, 4])
[10:12:02] 85/143 ((2, 1), (0, 2)) 2s NO-OVER-RANK-AT-A(dims [2, 3, 4])
[10:12:02] 86/143 ((2, 1), (0, 3)) 2s NO-OVER-RANK-AT-A(dims [2, 3, 4])
[10:12:03] 87/143 ((2, 1), (1, 0)) 2s NO-OVER-RANK-AT-A(dims [2, 3, 4])
[10:12:03] 88/143 ((2, 1), (1, 3)) 2s NO-OVER-RANK-AT-A(dims [2, 3, 4])
[10:12:03] 89/143 ((2, 1), (1, 2)) 2s NO-OVER-RANK-AT-A(dims [2, 3, 4])
[10:12:04] 90/143 ((2, 1), (2, 0)) 2s NO-OVER-RANK-AT-A(dims [2, 3, 4])
[10:12:05] 91/143 ((2, 1), (2, 3)) 2s NO-OVER-RANK-AT-A(dims [2, 3, 4])
[10:12:05] 92/143 ((2, 1), (2, 1)) 2s NO-OVER-RANK-AT-A(dims [2, 3, 4])
[10:12:06] 93/143 ((2, 1), (3, 0)) 2s NO-OVER-RANK-AT-A(dims [2, 3, 4])
[10:12:07] 94/143 ((2, 1), (3, 1)) 2s NO-OVER-RANK-AT-A(dims [2, 3, 4])
[10:12:07] 95/143 ((2, 1), (3, 2)) 2s NO-OVER-RANK-AT-A(dims [2, 3, 4])
[10:12:08] 96/143 ((2, 3), (0, 1)) 2s NO-OVER-RANK-AT-A(dims [2, 3, 4])
[10:12:08] 97/143 ((2, 3), (0, 2)) 2s NO-OVER-RANK-AT-A(dims [2, 3, 4])
[10:12:08] 98/143 ((2, 3), (0, 3)) 2s NO-OVER-RANK-AT-A(dims [2, 3, 4])
[10:12:09] 99/143 ((2, 3), (1, 0)) 2s NO-OVER-RANK-AT-A(dims [2, 3, 4])
[10:12:10] 100/143 ((2, 3), (1, 2)) 1s NO-OVER-RANK-AT-A(dims [2, 3, 4])
[10:12:10] 101/143 ((2, 3), (1, 3)) 2s NO-OVER-RANK-AT-A(dims [2, 3, 4])
[10:12:11] 102/143 ((2, 3), (2, 0)) 2s NO-OVER-RANK-AT-A(dims [2, 3, 4])
[10:12:11] 103/143 ((2, 3), (2, 1)) 2s NO-OVER-RANK-AT-A(dims [2, 3, 4])
[10:12:12] 104/143 ((2, 3), (2, 3)) 2s NO-OVER-RANK-AT-A(dims [2, 3, 4])
[10:12:13] 105/143 ((2, 3), (3, 0)) 2s NO-OVER-RANK-AT-A(dims [2, 3, 4])
[10:12:13] 106/143 ((2, 3), (3, 1)) 2s NO-OVER-RANK-AT-A(dims [2, 3, 4])
[10:12:13] 107/143 ((2, 3), (3, 2)) 2s NO-OVER-RANK-AT-A(dims [2, 3, 4])
[10:12:14] 108/143 ((3, 0), (0, 1)) 2s NO-OVER-RANK-AT-A(dims [2, 3, 4])
[10:12:15] 109/143 ((3, 0), (0, 2)) 2s NO-OVER-RANK-AT-A(dims [2, 3, 4])
[10:12:15] 110/143 ((3, 0), (0, 3)) 2s NO-OVER-RANK-AT-A(dims [2, 3, 4])
[10:12:16] 111/143 ((3, 0), (1, 0)) 2s NO-OVER-RANK-AT-A(dims [2, 3, 4])
[10:12:16] 112/143 ((3, 0), (1, 2)) 2s NO-OVER-RANK-AT-A(dims [2, 3, 4])
[10:12:17] 113/143 ((3, 0), (1, 3)) 2s NO-OVER-RANK-AT-A(dims [2, 3, 4])
[10:12:18] 114/143 ((3, 0), (2, 0)) 2s NO-OVER-RANK-AT-A(dims [2, 3, 4])
[10:12:18] 115/143 ((3, 0), (2, 1)) 2s NO-OVER-RANK-AT-A(dims [2, 3, 4])
[10:12:18] 116/143 ((3, 0), (2, 3)) 2s NO-OVER-RANK-AT-A(dims [2, 3, 4])
[10:12:20] 117/143 ((3, 0), (3, 0)) 2s NO-OVER-RANK-AT-A(dims [2, 3, 4])
[10:12:20] 118/143 ((3, 0), (3, 1)) 2s NO-OVER-RANK-AT-A(dims [2, 3, 4])
[10:12:20] 119/143 ((3, 0), (3, 2)) 2s NO-OVER-RANK-AT-A(dims [2, 3, 4])
[10:12:21] 120/143 ((3, 1), (0, 1)) 2s NO-OVER-RANK-AT-A(dims [2, 3, 4])
[10:12:21] 121/143 ((3, 1), (0, 2)) 2s NO-OVER-RANK-AT-A(dims [2, 3, 4])
[10:12:22] 122/143 ((3, 1), (0, 3)) 2s NO-OVER-RANK-AT-A(dims [2, 3, 4])
[10:12:23] 123/143 ((3, 1), (1, 0)) 2s NO-OVER-RANK-AT-A(dims [2, 3, 4])
[10:12:23] 124/143 ((3, 1), (1, 2)) 2s NO-OVER-RANK-AT-A(dims [2, 3, 4])
[10:12:24] 125/143 ((3, 1), (1, 3)) 2s NO-OVER-RANK-AT-A(dims [2, 3, 4])
[10:12:25] 126/143 ((3, 1), (2, 0)) 2s NO-OVER-RANK-AT-A(dims [2, 3, 4])
[10:12:25] 127/143 ((3, 1), (2, 3)) 2s NO-OVER-RANK-AT-A(dims [2, 3, 4])
[10:12:25] 128/143 ((3, 1), (2, 1)) 2s NO-OVER-RANK-AT-A(dims [2, 3, 4])
[10:12:27] 129/143 ((3, 1), (3, 0)) 2s NO-OVER-RANK-AT-A(dims [2, 3, 4])
[10:12:27] 130/143 ((3, 1), (3, 1)) 2s NO-OVER-RANK-AT-A(dims [2, 3, 4])
[10:12:27] 131/143 ((3, 1), (3, 2)) 2s NO-OVER-RANK-AT-A(dims [2, 3, 4])
[10:12:28] 132/143 ((3, 2), (0, 1)) 2s NO-OVER-RANK-AT-A(dims [2, 3, 4])
[10:12:29] 133/143 ((3, 2), (0, 3)) 1s NO-OVER-RANK-AT-A(dims [2, 3, 4])
[10:12:29] 134/143 ((3, 2), (0, 2)) 2s NO-OVER-RANK-AT-A(dims [2, 3, 4])
[10:12:30] 135/143 ((3, 2), (1, 0)) 2s NO-OVER-RANK-AT-A(dims [2, 3, 4])
[10:12:30] 136/143 ((3, 2), (1, 2)) 1s NO-OVER-RANK-AT-A(dims [2, 3, 4])
[10:12:30] 137/143 ((3, 2), (1, 3)) 2s NO-OVER-RANK-AT-A(dims [2, 3, 4])
[10:12:32] 138/143 ((3, 2), (2, 1)) 2s NO-OVER-RANK-AT-A(dims [2, 3, 4])
[10:12:32] 139/143 ((3, 2), (2, 0)) 2s NO-OVER-RANK-AT-A(dims [2, 3, 4])
[10:12:32] 140/143 ((3, 2), (2, 3)) 2s NO-OVER-RANK-AT-A(dims [2, 3, 4])
[10:12:33] 141/143 ((3, 2), (3, 0)) 2s NO-OVER-RANK-AT-A(dims [2, 3, 4])
[10:12:33] 142/143 ((3, 2), (3, 1)) 2s NO-OVER-RANK-AT-A(dims [2, 3, 4])
[10:12:33] 143/143 ((3, 2), (3, 2)) 2s NO-OVER-RANK-AT-A(dims [2, 3, 4])
ARTIFACT H_R_LL_H2.json: 143 records; sha256 460a40240af42f6588123a54966712f9acc86c7685580259838e4c20f7fc7b49
TALLY H R_LL H2: NO-OVER-RANK-AT-A: 140
TALLY H R_LL H2: NOT-INVASIVE: 3
TALLY H R_LL H2: non-invasive kappa with rank > 4: 0
