[2026-10-04 10:32:19] DRIVER H_R_LS_H2: 143 jobs, 0 checkpointed, 143 to run, 3 procs
[10:32:21] 1/143 ((0, 1), (0, 2)) 2s NO-OVER-RANK-AT-A(dims [2, 3, 4])
[10:32:21] 2/143 ((0, 1), (0, 3)) 2s NO-OVER-RANK-AT-A(dims [2, 3, 4])
[10:32:21] 3/143 ((0, 1), (0, 1)) 2s NO-OVER-RANK-AT-A(dims [2, 3, 4])
[10:32:23] 4/143 ((0, 1), (1, 0)) 2s NO-OVER-RANK-AT-A(dims [2, 3, 4])
[10:32:23] 5/143 ((0, 1), (1, 2)) 2s NO-OVER-RANK-AT-A(dims [2, 3, 4])
[10:32:23] 6/143 ((0, 1), (1, 3)) 2s NO-OVER-RANK-AT-A(dims [2, 3, 4])
[10:32:24] 7/143 ((0, 1), (2, 0)) 2s NO-OVER-RANK-AT-A(dims [2, 3, 4])
[10:32:25] 8/143 ((0, 1), (3, 0)) 2s NO-OVER-RANK-AT-A(dims [2, 3, 4])
[10:32:25] 9/143 ((0, 1), (2, 1)) 2s NO-OVER-RANK-AT-A(dims [2, 3, 4])
[10:32:26] 10/143 ((0, 1), (3, 1)) 2s NO-OVER-RANK-AT-A(dims [2, 3, 4])
[10:32:26] 11/143 ((0, 1), (3, 2)) 2s NOT-INVASIVE(rank 4)
[10:32:26] 12/143 ((0, 2), (0, 1)) 2s NO-OVER-RANK-AT-A(dims [2, 3, 4])
[10:32:28] 13/143 ((0, 2), (0, 3)) 2s NO-OVER-RANK-AT-A(dims [2, 3, 4])
[10:32:28] 14/143 ((0, 2), (0, 2)) 2s NO-OVER-RANK-AT-A(dims [2, 3, 4])
[10:32:28] 15/143 ((0, 2), (1, 0)) 2s NO-OVER-RANK-AT-A(dims [2, 3, 4])
[10:32:29] 16/143 ((0, 2), (1, 2)) 2s NO-OVER-RANK-AT-A(dims [2, 3, 4])
[10:32:30] 17/143 ((0, 2), (2, 0)) 2s NO-OVER-RANK-AT-A(dims [2, 3, 4])
[10:32:30] 18/143 ((0, 2), (1, 3)) 2s NO-OVER-RANK-AT-A(dims [2, 3, 4])
[10:32:31] 19/143 ((0, 2), (2, 1)) 2s NO-OVER-RANK-AT-A(dims [2, 3, 4])
[10:32:31] 20/143 ((0, 2), (3, 0)) 1s NO-OVER-RANK-AT-A(dims [2, 3, 4])
[10:32:31] 21/143 ((0, 2), (2, 3)) 2s NO-OVER-RANK-AT-A(dims [2, 3, 4])
[10:32:33] 22/143 ((0, 2), (3, 1)) 2s NO-OVER-RANK-AT-A(dims [2, 3, 4])
[10:32:33] 23/143 ((0, 2), (3, 2)) 2s NO-OVER-RANK-AT-A(dims [2, 3, 4])
[10:32:33] 24/143 ((0, 3), (0, 1)) 1s NO-OVER-RANK-AT-A(dims [2, 3, 4])
[10:32:34] 25/143 ((0, 3), (0, 3)) 2s NO-OVER-RANK-AT-A(dims [2, 3, 4])
[10:32:35] 26/143 ((0, 3), (0, 2)) 2s NO-OVER-RANK-AT-A(dims [2, 3, 4])
[10:32:35] 27/143 ((0, 3), (1, 0)) 2s NO-OVER-RANK-AT-A(dims [2, 3, 4])
[10:32:36] 28/143 ((0, 3), (2, 0)) 2s NO-OVER-RANK-AT-A(dims [2, 3, 4])
[10:32:36] 29/143 ((0, 3), (1, 2)) 2s NO-OVER-RANK-AT-A(dims [2, 3, 4])
[10:32:36] 30/143 ((0, 3), (1, 3)) 2s NO-OVER-RANK-AT-A(dims [2, 3, 4])
[10:32:38] 31/143 ((0, 3), (2, 3)) 2s NO-OVER-RANK-AT-A(dims [2, 3, 4])
[10:32:38] 32/143 ((0, 3), (2, 1)) 2s NO-OVER-RANK-AT-A(dims [2, 3, 4])
[10:32:38] 33/143 ((0, 3), (3, 0)) 2s NO-OVER-RANK-AT-A(dims [2, 3, 4])
[10:32:40] 34/143 ((0, 3), (3, 1)) 2s NO-OVER-RANK-AT-A(dims [2, 3, 4])
[10:32:40] 35/143 ((0, 3), (3, 2)) 2s NO-OVER-RANK-AT-A(dims [2, 3, 4])
[10:32:40] 36/143 ((1, 0), (0, 1)) 2s NO-OVER-RANK-AT-A(dims [2, 3, 4])
[10:32:41] 37/143 ((1, 0), (0, 3)) 2s NO-OVER-RANK-AT-A(dims [2, 3, 4])
[10:32:41] 38/143 ((1, 0), (0, 2)) 2s NO-OVER-RANK-AT-A(dims [2, 3, 4])
[10:32:41] 39/143 ((1, 0), (1, 0)) 2s NO-OVER-RANK-AT-A(dims [2, 3, 4])
[10:32:42] 40/143 ((1, 0), (1, 3)) 1s NO-OVER-RANK-AT-A(dims [2, 3, 4])
[10:32:43] 41/143 ((1, 0), (2, 0)) 1s NO-OVER-RANK-AT-A(dims [2, 3, 4])
[10:32:43] 42/143 ((1, 0), (1, 2)) 2s NO-OVER-RANK-AT-A(dims [2, 3, 4])
[10:32:44] 43/143 ((1, 0), (2, 1)) 2s NO-OVER-RANK-AT-A(dims [2, 3, 4])
[10:32:44] 44/143 ((1, 0), (2, 3)) 2s NOT-INVASIVE(rank 4)
[10:32:44] 45/143 ((1, 0), (3, 0)) 1s NO-OVER-RANK-AT-A(dims [2, 3, 4])
[10:32:46] 46/143 ((1, 0), (3, 1)) 2s NO-OVER-RANK-AT-A(dims [2, 3, 4])
[10:32:46] 47/143 ((1, 2), (0, 1)) 2s NO-OVER-RANK-AT-A(dims [2, 3, 4])
[10:32:46] 48/143 ((1, 0), (3, 2)) 2s NOT-INVASIVE(rank 4)
[10:32:47] 49/143 ((1, 2), (0, 2)) 2s NO-OVER-RANK-AT-A(dims [2, 3, 4])
[10:32:48] 50/143 ((1, 2), (0, 3)) 2s NO-OVER-RANK-AT-A(dims [2, 3, 4])
[10:32:48] 51/143 ((1, 2), (1, 0)) 2s NO-OVER-RANK-AT-A(dims [2, 3, 4])
[10:32:49] 52/143 ((1, 2), (1, 2)) 1s NO-OVER-RANK-AT-A(dims [2, 3, 4])
[10:32:49] 53/143 ((1, 2), (2, 0)) 1s NO-OVER-RANK-AT-A(dims [2, 3, 4])
[10:32:49] 54/143 ((1, 2), (1, 3)) 2s NO-OVER-RANK-AT-A(dims [2, 3, 4])
[10:32:50] 55/143 ((1, 2), (2, 1)) 2s NO-OVER-RANK-AT-A(dims [2, 3, 4])
[10:32:51] 56/143 ((1, 2), (2, 3)) 1s NO-OVER-RANK-AT-A(dims [2, 3, 4])
[10:32:51] 57/143 ((1, 2), (3, 0)) 2s NO-OVER-RANK-AT-A(dims [2, 3, 4])
[10:32:52] 58/143 ((1, 2), (3, 1)) 2s NO-OVER-RANK-AT-A(dims [2, 3, 4])
[10:32:52] 59/143 ((1, 2), (3, 2)) 2s NO-OVER-RANK-AT-A(dims [2, 3, 4])
[10:32:53] 60/143 ((1, 3), (0, 1)) 2s NO-OVER-RANK-AT-A(dims [2, 3, 4])
[10:32:54] 61/143 ((1, 3), (0, 2)) 2s NO-OVER-RANK-AT-A(dims [2, 3, 4])
[10:32:54] 62/143 ((1, 3), (0, 3)) 2s NO-OVER-RANK-AT-A(dims [2, 3, 4])
[10:32:54] 63/143 ((1, 3), (1, 0)) 2s NO-OVER-RANK-AT-A(dims [2, 3, 4])
[10:32:55] 64/143 ((1, 3), (1, 2)) 2s NO-OVER-RANK-AT-A(dims [2, 3, 4])
[10:32:55] 65/143 ((1, 3), (1, 3)) 1s NO-OVER-RANK-AT-A(dims [2, 3, 4])
[10:32:56] 66/143 ((1, 3), (2, 0)) 2s NO-OVER-RANK-AT-A(dims [2, 3, 4])
[10:32:57] 67/143 ((1, 3), (2, 3)) 2s NO-OVER-RANK-AT-A(dims [2, 3, 4])
[10:32:57] 68/143 ((1, 3), (2, 1)) 2s NO-OVER-RANK-AT-A(dims [2, 3, 4])
[10:32:58] 69/143 ((1, 3), (3, 0)) 2s NO-OVER-RANK-AT-A(dims [2, 3, 4])
[10:32:59] 70/143 ((1, 3), (3, 1)) 2s NO-OVER-RANK-AT-A(dims [2, 3, 4])
[10:32:59] 71/143 ((1, 3), (3, 2)) 2s NO-OVER-RANK-AT-A(dims [2, 3, 4])
[10:32:59] 72/143 ((2, 0), (0, 1)) 2s NO-OVER-RANK-AT-A(dims [2, 3, 4])
[10:33:00] 73/143 ((2, 0), (0, 3)) 1s NO-OVER-RANK-AT-A(dims [2, 3, 4])
[10:33:00] 74/143 ((2, 0), (0, 2)) 2s NO-OVER-RANK-AT-A(dims [2, 3, 4])
[10:33:01] 75/143 ((2, 0), (1, 0)) 2s NO-OVER-RANK-AT-A(dims [2, 3, 4])
[10:33:02] 76/143 ((2, 0), (1, 2)) 2s NO-OVER-RANK-AT-A(dims [2, 3, 4])
[10:33:02] 77/143 ((2, 0), (1, 3)) 2s NO-OVER-RANK-AT-A(dims [2, 3, 4])
[10:33:02] 78/143 ((2, 0), (2, 0)) 2s NO-OVER-RANK-AT-A(dims [2, 3, 4])
[10:33:03] 79/143 ((2, 0), (2, 1)) 2s NO-OVER-RANK-AT-A(dims [2, 3, 4])
[10:33:04] 80/143 ((2, 0), (2, 3)) 2s NO-OVER-RANK-AT-A(dims [2, 3, 4])
[10:33:04] 81/143 ((2, 0), (3, 0)) 2s NO-OVER-RANK-AT-A(dims [2, 3, 4])
[10:33:05] 82/143 ((2, 0), (3, 2)) 1s NO-OVER-RANK-AT-A(dims [2, 3, 4])
[10:33:05] 83/143 ((2, 0), (3, 1)) 2s NO-OVER-RANK-AT-A(dims [2, 3, 4])
[10:33:06] 84/143 ((2, 1), (0, 1)) 2s NO-OVER-RANK-AT-A(dims [2, 3, 4])
[10:33:07] 85/143 ((2, 1), (0, 3)) 2s NO-OVER-RANK-AT-A(dims [2, 3, 4])
[10:33:07] 86/143 ((2, 1), (0, 2)) 2s NO-OVER-RANK-AT-A(dims [2, 3, 4])
[10:33:07] 87/143 ((2, 1), (1, 0)) 2s NO-OVER-RANK-AT-A(dims [2, 3, 4])
[10:33:08] 88/143 ((2, 1), (1, 3)) 2s NO-OVER-RANK-AT-A(dims [2, 3, 4])
[10:33:09] 89/143 ((2, 1), (1, 2)) 2s NO-OVER-RANK-AT-A(dims [2, 3, 4])
[10:33:09] 90/143 ((2, 1), (2, 0)) 2s NO-OVER-RANK-AT-A(dims [2, 3, 4])
[10:33:10] 91/143 ((2, 1), (2, 1)) 2s NO-OVER-RANK-AT-A(dims [2, 3, 4])
[10:33:10] 92/143 ((2, 1), (2, 3)) 2s NO-OVER-RANK-AT-A(dims [2, 3, 4])
[10:33:11] 93/143 ((2, 1), (3, 0)) 2s NO-OVER-RANK-AT-A(dims [2, 3, 4])
[10:33:12] 94/143 ((2, 1), (3, 1)) 2s NO-OVER-RANK-AT-A(dims [2, 3, 4])
[10:33:12] 95/143 ((2, 3), (0, 1)) 2s NO-OVER-RANK-AT-A(dims [2, 3, 4])
[10:33:12] 96/143 ((2, 1), (3, 2)) 2s NO-OVER-RANK-AT-A(dims [2, 3, 4])
[10:33:13] 97/143 ((2, 3), (0, 2)) 2s NO-OVER-RANK-AT-A(dims [2, 3, 4])
[10:33:14] 98/143 ((2, 3), (1, 0)) 2s NO-OVER-RANK-AT-A(dims [2, 3, 4])
[10:33:14] 99/143 ((2, 3), (0, 3)) 2s NO-OVER-RANK-AT-A(dims [2, 3, 4])
[10:33:15] 100/143 ((2, 3), (1, 2)) 2s NO-OVER-RANK-AT-A(dims [2, 3, 4])
[10:33:16] 101/143 ((2, 3), (2, 0)) 2s NO-OVER-RANK-AT-A(dims [2, 3, 4])
[10:33:16] 102/143 ((2, 3), (1, 3)) 2s NO-OVER-RANK-AT-A(dims [2, 3, 4])
[10:33:17] 103/143 ((2, 3), (2, 1)) 2s NO-OVER-RANK-AT-A(dims [2, 3, 4])
[10:33:17] 104/143 ((2, 3), (2, 3)) 2s NO-OVER-RANK-AT-A(dims [2, 3, 4])
[10:33:17] 105/143 ((2, 3), (3, 0)) 2s NO-OVER-RANK-AT-A(dims [2, 3, 4])
[10:33:19] 106/143 ((2, 3), (3, 1)) 2s NO-OVER-RANK-AT-A(dims [2, 3, 4])
[10:33:19] 107/143 ((2, 3), (3, 2)) 1s NO-OVER-RANK-AT-A(dims [2, 3, 4])
[10:33:19] 108/143 ((3, 0), (0, 1)) 2s NO-OVER-RANK-AT-A(dims [2, 3, 4])
[10:33:20] 109/143 ((3, 0), (0, 2)) 2s NO-OVER-RANK-AT-A(dims [2, 3, 4])
[10:33:20] 110/143 ((3, 0), (0, 3)) 2s NO-OVER-RANK-AT-A(dims [2, 3, 4])
[10:33:21] 111/143 ((3, 0), (1, 0)) 2s NO-OVER-RANK-AT-A(dims [2, 3, 4])
[10:33:22] 112/143 ((3, 0), (1, 2)) 2s NO-OVER-RANK-AT-A(dims [2, 3, 4])
[10:33:22] 113/143 ((3, 0), (1, 3)) 2s NO-OVER-RANK-AT-A(dims [2, 3, 4])
[10:33:22] 114/143 ((3, 0), (2, 0)) 2s NO-OVER-RANK-AT-A(dims [2, 3, 4])
[10:33:24] 115/143 ((3, 0), (2, 3)) 2s NO-OVER-RANK-AT-A(dims [2, 3, 4])
[10:33:24] 116/143 ((3, 0), (2, 1)) 2s NO-OVER-RANK-AT-A(dims [2, 3, 4])
[10:33:24] 117/143 ((3, 0), (3, 0)) 2s NO-OVER-RANK-AT-A(dims [2, 3, 4])
[10:33:25] 118/143 ((3, 0), (3, 1)) 2s NO-OVER-RANK-AT-A(dims [2, 3, 4])
[10:33:25] 119/143 ((3, 0), (3, 2)) 2s NO-OVER-RANK-AT-A(dims [2, 3, 4])
[10:33:26] 120/143 ((3, 1), (0, 1)) 2s NO-OVER-RANK-AT-A(dims [2, 3, 4])
[10:33:27] 121/143 ((3, 1), (0, 2)) 2s NO-OVER-RANK-AT-A(dims [2, 3, 4])
[10:33:27] 122/143 ((3, 1), (0, 3)) 2s NO-OVER-RANK-AT-A(dims [2, 3, 4])
[10:33:27] 123/143 ((3, 1), (1, 0)) 2s NO-OVER-RANK-AT-A(dims [2, 3, 4])
[10:33:28] 124/143 ((3, 1), (1, 2)) 2s NO-OVER-RANK-AT-A(dims [2, 3, 4])
[10:33:29] 125/143 ((3, 1), (1, 3)) 2s NO-OVER-RANK-AT-A(dims [2, 3, 4])
[10:33:29] 126/143 ((3, 1), (2, 0)) 2s NO-OVER-RANK-AT-A(dims [2, 3, 4])
[10:33:30] 127/143 ((3, 1), (2, 1)) 2s NO-OVER-RANK-AT-A(dims [2, 3, 4])
[10:33:30] 128/143 ((3, 1), (2, 3)) 2s NO-OVER-RANK-AT-A(dims [2, 3, 4])
[10:33:31] 129/143 ((3, 1), (3, 0)) 2s NO-OVER-RANK-AT-A(dims [2, 3, 4])
[10:33:32] 130/143 ((3, 1), (3, 1)) 2s NO-OVER-RANK-AT-A(dims [2, 3, 4])
[10:33:32] 131/143 ((3, 1), (3, 2)) 2s NO-OVER-RANK-AT-A(dims [2, 3, 4])
[10:33:32] 132/143 ((3, 2), (0, 1)) 2s NO-OVER-RANK-AT-A(dims [2, 3, 4])
[10:33:33] 133/143 ((3, 2), (0, 2)) 2s NO-OVER-RANK-AT-A(dims [2, 3, 4])
[10:33:34] 134/143 ((3, 2), (0, 3)) 2s NO-OVER-RANK-AT-A(dims [2, 3, 4])
[10:33:34] 135/143 ((3, 2), (1, 0)) 2s NO-OVER-RANK-AT-A(dims [2, 3, 4])
[10:33:35] 136/143 ((3, 2), (1, 2)) 2s NO-OVER-RANK-AT-A(dims [2, 3, 4])
[10:33:35] 137/143 ((3, 2), (1, 3)) 2s NO-OVER-RANK-AT-A(dims [2, 3, 4])
[10:33:36] 138/143 ((3, 2), (2, 0)) 2s NO-OVER-RANK-AT-A(dims [2, 3, 4])
[10:33:37] 139/143 ((3, 2), (2, 3)) 1s NO-OVER-RANK-AT-A(dims [2, 3, 4])
[10:33:37] 140/143 ((3, 2), (2, 1)) 2s NO-OVER-RANK-AT-A(dims [2, 3, 4])
[10:33:37] 141/143 ((3, 2), (3, 0)) 2s NO-OVER-RANK-AT-A(dims [2, 3, 4])
[10:33:38] 142/143 ((3, 2), (3, 1)) 2s NO-OVER-RANK-AT-A(dims [2, 3, 4])
[10:33:39] 143/143 ((3, 2), (3, 2)) 2s NO-OVER-RANK-AT-A(dims [2, 3, 4])
ARTIFACT H_R_LS_H2.json: 143 records; sha256 a682094f58841ff8555b09a7f344d3f3cdf4e9ae185431aa0c0d803d88f1cd8f
TALLY H R_LS H2: NO-OVER-RANK-AT-A: 140
TALLY H R_LS H2: NOT-INVASIVE: 3
TALLY H R_LS H2: non-invasive kappa with rank > 4: 0
