[2026-10-04 10:33:55] DRIVER H_R_NL_H1: 143 jobs, 0 checkpointed, 143 to run, 3 procs
[10:34:20] 1/143 ((0, 1), (0, 1)) 26s OVER-RANK(rank 13, dims [2, 4, 9])
[10:34:20] 2/143 ((0, 1), (0, 2)) 26s OVER-RANK(rank 15, dims [2, 5, 12])
[10:34:21] 3/143 ((0, 1), (0, 3)) 26s OVER-RANK(rank 13, dims [2, 4, 9])
[10:34:45] 4/143 ((0, 1), (1, 0)) 25s OVER-RANK(rank 13, dims [2, 5, 11])
[10:34:46] 5/143 ((0, 1), (1, 2)) 25s OVER-RANK(rank 13, dims [2, 5, 11])
[10:34:46] 6/143 ((0, 1), (1, 3)) 24s OVER-RANK(rank 15, dims [2, 5, 12])
[10:35:10] 7/143 ((0, 1), (2, 1)) 24s OVER-RANK(rank 13, dims [2, 4, 9])
[10:35:10] 8/143 ((0, 1), (2, 0)) 24s OVER-RANK(rank 15, dims [2, 5, 12])
[10:35:10] 9/143 ((0, 1), (3, 0)) 25s OVER-RANK(rank 13, dims [2, 5, 11])
[10:35:33] 10/143 ((0, 1), (3, 2)) 23s OVER-RANK(rank 11, dims [2, 5, 10])
[10:35:34] 11/143 ((0, 1), (3, 1)) 24s OVER-RANK(rank 15, dims [2, 5, 12])
[10:35:34] 12/143 ((0, 2), (0, 1)) 24s OVER-RANK(rank 16, dims [2, 5, 12])
[10:35:57] 13/143 ((0, 2), (0, 2)) 24s OVER-RANK(rank 17, dims [2, 5, 12])
[10:35:57] 14/143 ((0, 2), (0, 3)) 23s OVER-RANK(rank 17, dims [2, 5, 12])
[10:35:58] 15/143 ((0, 2), (1, 0)) 24s OVER-RANK(rank 16, dims [2, 5, 12])
[10:36:20] 16/143 ((0, 2), (1, 3)) 24s OVER-RANK(rank 17, dims [2, 5, 11])
[10:36:21] 17/143 ((0, 2), (1, 2)) 24s OVER-RANK(rank 17, dims [2, 5, 12])
[10:36:21] 18/143 ((0, 2), (2, 0)) 23s OVER-RANK(rank 17, dims [2, 5, 12])
[10:36:45] 19/143 ((0, 2), (2, 1)) 24s OVER-RANK(rank 17, dims [2, 5, 12])
[10:36:45] 20/143 ((0, 2), (2, 3)) 24s OVER-RANK(rank 15, dims [2, 5, 12])
[10:36:46] 21/143 ((0, 2), (3, 0)) 25s OVER-RANK(rank 17, dims [2, 5, 12])
[10:37:08] 22/143 ((0, 2), (3, 1)) 23s OVER-RANK(rank 17, dims [2, 5, 11])
[10:37:08] 23/143 ((0, 2), (3, 2)) 23s OVER-RANK(rank 15, dims [2, 5, 12])
[10:37:09] 24/143 ((0, 3), (0, 1)) 23s OVER-RANK(rank 13, dims [2, 4, 9])
[10:37:32] 25/143 ((0, 3), (0, 3)) 23s OVER-RANK(rank 13, dims [2, 4, 9])
[10:37:32] 26/143 ((0, 3), (0, 2)) 24s OVER-RANK(rank 17, dims [2, 5, 12])
[10:37:33] 27/143 ((0, 3), (1, 0)) 24s OVER-RANK(rank 13, dims [2, 5, 11])
[10:37:56] 28/143 ((0, 3), (1, 3)) 24s OVER-RANK(rank 17, dims [2, 5, 12])
[10:37:56] 29/143 ((0, 3), (1, 2)) 24s OVER-RANK(rank 13, dims [2, 5, 11])
[10:37:57] 30/143 ((0, 3), (2, 0)) 24s OVER-RANK(rank 17, dims [2, 5, 12])
[10:38:21] 31/143 ((0, 3), (2, 1)) 25s OVER-RANK(rank 13, dims [2, 4, 9])
[10:38:21] 32/143 ((0, 3), (2, 3)) 25s OVER-RANK(rank 13, dims [2, 4, 9])
[10:38:22] 33/143 ((0, 3), (3, 0)) 25s OVER-RANK(rank 13, dims [2, 5, 11])
[10:38:44] 34/143 ((0, 3), (3, 2)) 23s OVER-RANK(rank 13, dims [2, 5, 11])
[10:38:44] 35/143 ((0, 3), (3, 1)) 24s OVER-RANK(rank 17, dims [2, 5, 12])
[10:38:46] 36/143 ((1, 0), (0, 1)) 23s OVER-RANK(rank 13, dims [2, 5, 11])
[10:39:07] 37/143 ((1, 0), (0, 2)) 23s OVER-RANK(rank 15, dims [2, 5, 12])
[10:39:08] 38/143 ((1, 0), (0, 3)) 23s OVER-RANK(rank 13, dims [2, 5, 11])
[10:39:10] 39/143 ((1, 0), (1, 0)) 24s OVER-RANK(rank 13, dims [2, 4, 9])
[10:39:31] 40/143 ((1, 0), (1, 2)) 23s OVER-RANK(rank 13, dims [2, 4, 9])
[10:39:32] 41/143 ((1, 0), (1, 3)) 24s OVER-RANK(rank 15, dims [2, 5, 12])
[10:39:34] 42/143 ((1, 0), (2, 0)) 24s OVER-RANK(rank 15, dims [2, 5, 12])
[10:39:55] 43/143 ((1, 0), (2, 1)) 24s OVER-RANK(rank 13, dims [2, 5, 11])
[10:39:56] 44/143 ((1, 0), (2, 3)) 23s OVER-RANK(rank 11, dims [2, 5, 10])
[10:39:57] 45/143 ((1, 0), (3, 0)) 23s OVER-RANK(rank 13, dims [2, 4, 9])
[10:40:20] 46/143 ((1, 0), (3, 1)) 26s OVER-RANK(rank 15, dims [2, 5, 12])
[10:40:21] 47/143 ((1, 0), (3, 2)) 25s OVER-RANK(rank 11, dims [2, 4, 8])
[10:40:22] 48/143 ((1, 2), (0, 1)) 25s OVER-RANK(rank 13, dims [2, 5, 11])
[10:40:45] 49/143 ((1, 2), (0, 3)) 25s OVER-RANK(rank 13, dims [2, 5, 11])
[10:40:45] 50/143 ((1, 2), (0, 2)) 25s OVER-RANK(rank 17, dims [2, 5, 12])
[10:40:48] 51/143 ((1, 2), (1, 0)) 26s OVER-RANK(rank 13, dims [2, 4, 9])
[10:41:09] 52/143 ((1, 2), (1, 2)) 24s OVER-RANK(rank 13, dims [2, 4, 9])
[10:41:10] 53/143 ((1, 2), (1, 3)) 25s OVER-RANK(rank 17, dims [2, 5, 12])
[10:41:12] 54/143 ((1, 2), (2, 0)) 23s OVER-RANK(rank 17, dims [2, 5, 12])
[10:41:33] 55/143 ((1, 2), (2, 1)) 24s OVER-RANK(rank 13, dims [2, 5, 11])
[10:41:34] 56/143 ((1, 2), (2, 3)) 24s OVER-RANK(rank 13, dims [2, 5, 11])
[10:41:36] 57/143 ((1, 2), (3, 0)) 24s OVER-RANK(rank 13, dims [2, 4, 9])
[10:41:58] 58/143 ((1, 2), (3, 1)) 25s OVER-RANK(rank 17, dims [2, 5, 12])
[10:41:58] 59/143 ((1, 2), (3, 2)) 24s OVER-RANK(rank 13, dims [2, 4, 9])
[10:42:00] 60/143 ((1, 3), (0, 1)) 24s OVER-RANK(rank 16, dims [2, 5, 12])
[10:42:22] 61/143 ((1, 3), (0, 2)) 24s OVER-RANK(rank 17, dims [2, 5, 11])
[10:42:23] 62/143 ((1, 3), (0, 3)) 25s OVER-RANK(rank 17, dims [2, 5, 12])
[10:42:25] 63/143 ((1, 3), (1, 0)) 24s OVER-RANK(rank 16, dims [2, 5, 12])
[10:42:47] 64/143 ((1, 3), (1, 2)) 25s OVER-RANK(rank 17, dims [2, 5, 12])
[10:42:47] 65/143 ((1, 3), (1, 3)) 24s OVER-RANK(rank 17, dims [2, 5, 12])
[10:42:48] 66/143 ((1, 3), (2, 0)) 24s OVER-RANK(rank 17, dims [2, 5, 11])
[10:43:11] 67/143 ((1, 3), (2, 1)) 25s OVER-RANK(rank 17, dims [2, 5, 12])
[10:43:12] 68/143 ((1, 3), (3, 0)) 23s OVER-RANK(rank 17, dims [2, 5, 12])
[10:43:12] 69/143 ((1, 3), (2, 3)) 25s OVER-RANK(rank 15, dims [2, 5, 12])
[10:43:34] 70/143 ((1, 3), (3, 1)) 23s OVER-RANK(rank 17, dims [2, 5, 12])
[10:43:35] 71/143 ((1, 3), (3, 2)) 23s OVER-RANK(rank 15, dims [2, 5, 12])
[10:43:36] 72/143 ((2, 0), (0, 1)) 24s OVER-RANK(rank 16, dims [2, 5, 12])
[10:43:58] 73/143 ((2, 0), (0, 2)) 24s OVER-RANK(rank 17, dims [2, 5, 12])
[10:43:59] 74/143 ((2, 0), (0, 3)) 24s OVER-RANK(rank 17, dims [2, 5, 12])
[10:44:00] 75/143 ((2, 0), (1, 0)) 23s OVER-RANK(rank 16, dims [2, 5, 12])
[10:44:24] 76/143 ((2, 0), (1, 2)) 25s OVER-RANK(rank 17, dims [2, 5, 12])
[10:44:24] 77/143 ((2, 0), (1, 3)) 25s OVER-RANK(rank 17, dims [2, 5, 11])
[10:44:26] 78/143 ((2, 0), (2, 0)) 26s OVER-RANK(rank 17, dims [2, 5, 12])
[10:44:48] 79/143 ((2, 0), (2, 3)) 24s OVER-RANK(rank 15, dims [2, 5, 12])
[10:44:48] 80/143 ((2, 0), (2, 1)) 25s OVER-RANK(rank 17, dims [2, 5, 12])
[10:44:50] 81/143 ((2, 0), (3, 0)) 24s OVER-RANK(rank 17, dims [2, 5, 12])
[10:45:13] 82/143 ((2, 0), (3, 2)) 25s OVER-RANK(rank 15, dims [2, 5, 12])
[10:45:13] 83/143 ((2, 0), (3, 1)) 25s OVER-RANK(rank 17, dims [2, 5, 11])
[10:45:14] 84/143 ((2, 1), (0, 1)) 25s OVER-RANK(rank 13, dims [2, 4, 9])
[10:45:38] 85/143 ((2, 1), (0, 2)) 25s OVER-RANK(rank 17, dims [2, 5, 12])
[10:45:38] 86/143 ((2, 1), (0, 3)) 25s OVER-RANK(rank 13, dims [2, 4, 9])
[10:45:40] 87/143 ((2, 1), (1, 0)) 25s OVER-RANK(rank 13, dims [2, 5, 11])
[10:46:04] 88/143 ((2, 1), (1, 3)) 26s OVER-RANK(rank 17, dims [2, 5, 12])
[10:46:04] 89/143 ((2, 1), (1, 2)) 26s OVER-RANK(rank 13, dims [2, 5, 11])
[10:46:04] 90/143 ((2, 1), (2, 0)) 25s OVER-RANK(rank 17, dims [2, 5, 12])
[10:46:27] 91/143 ((2, 1), (2, 1)) 23s OVER-RANK(rank 13, dims [2, 4, 9])
[10:46:27] 92/143 ((2, 1), (2, 3)) 23s OVER-RANK(rank 13, dims [2, 4, 9])
[10:46:28] 93/143 ((2, 1), (3, 0)) 24s OVER-RANK(rank 13, dims [2, 5, 11])
[10:46:51] 94/143 ((2, 1), (3, 2)) 25s OVER-RANK(rank 13, dims [2, 5, 11])
[10:46:52] 95/143 ((2, 1), (3, 1)) 25s OVER-RANK(rank 17, dims [2, 5, 12])
[10:46:53] 96/143 ((2, 3), (0, 1)) 25s OVER-RANK(rank 13, dims [2, 4, 9])
[10:47:15] 97/143 ((2, 3), (0, 3)) 24s OVER-RANK(rank 13, dims [2, 4, 9])
[10:47:16] 98/143 ((2, 3), (0, 2)) 24s OVER-RANK(rank 16, dims [2, 5, 12])
[10:47:17] 99/143 ((2, 3), (1, 0)) 24s OVER-RANK(rank 13, dims [2, 5, 11])
[10:47:40] 100/143 ((2, 3), (1, 2)) 24s OVER-RANK(rank 13, dims [2, 5, 11])
[10:47:40] 101/143 ((2, 3), (1, 3)) 24s OVER-RANK(rank 16, dims [2, 5, 12])
[10:47:41] 102/143 ((2, 3), (2, 0)) 24s OVER-RANK(rank 16, dims [2, 5, 12])
[10:48:03] 103/143 ((2, 3), (2, 1)) 23s OVER-RANK(rank 13, dims [2, 4, 9])
[10:48:03] 104/143 ((2, 3), (2, 3)) 23s OVER-RANK(rank 13, dims [2, 4, 9])
[10:48:04] 105/143 ((2, 3), (3, 0)) 23s OVER-RANK(rank 13, dims [2, 5, 11])
[10:48:26] 106/143 ((2, 3), (3, 1)) 24s OVER-RANK(rank 16, dims [2, 5, 12])
[10:48:27] 107/143 ((2, 3), (3, 2)) 23s OVER-RANK(rank 13, dims [2, 5, 11])
[10:48:28] 108/143 ((3, 0), (0, 1)) 24s OVER-RANK(rank 13, dims [2, 5, 11])
[10:48:51] 109/143 ((3, 0), (0, 2)) 25s OVER-RANK(rank 17, dims [2, 5, 12])
[10:48:52] 110/143 ((3, 0), (0, 3)) 25s OVER-RANK(rank 13, dims [2, 5, 11])
[10:48:53] 111/143 ((3, 0), (1, 0)) 25s OVER-RANK(rank 13, dims [2, 4, 9])
[10:49:15] 112/143 ((3, 0), (1, 3)) 23s OVER-RANK(rank 17, dims [2, 5, 12])
[10:49:15] 113/143 ((3, 0), (1, 2)) 24s OVER-RANK(rank 13, dims [2, 4, 9])
[10:49:17] 114/143 ((3, 0), (2, 0)) 24s OVER-RANK(rank 17, dims [2, 5, 12])
[10:49:39] 115/143 ((3, 0), (2, 1)) 24s OVER-RANK(rank 13, dims [2, 5, 11])
[10:49:40] 116/143 ((3, 0), (2, 3)) 25s OVER-RANK(rank 13, dims [2, 5, 11])
[10:49:41] 117/143 ((3, 0), (3, 0)) 23s OVER-RANK(rank 13, dims [2, 4, 9])
[10:50:03] 118/143 ((3, 0), (3, 1)) 24s OVER-RANK(rank 17, dims [2, 5, 12])
[10:50:05] 119/143 ((3, 0), (3, 2)) 25s OVER-RANK(rank 13, dims [2, 4, 9])
[10:50:05] 120/143 ((3, 1), (0, 1)) 24s OVER-RANK(rank 16, dims [2, 5, 12])
[10:50:26] 121/143 ((3, 1), (0, 2)) 23s OVER-RANK(rank 17, dims [2, 5, 11])
[10:50:27] 122/143 ((3, 1), (0, 3)) 23s OVER-RANK(rank 17, dims [2, 5, 12])
[10:50:27] 123/143 ((3, 1), (1, 0)) 23s OVER-RANK(rank 16, dims [2, 5, 12])
[10:50:52] 124/143 ((3, 1), (1, 2)) 26s OVER-RANK(rank 17, dims [2, 5, 12])
[10:50:52] 125/143 ((3, 1), (1, 3)) 25s OVER-RANK(rank 17, dims [2, 5, 12])
[10:50:54] 126/143 ((3, 1), (2, 0)) 26s OVER-RANK(rank 17, dims [2, 5, 11])
[10:51:17] 127/143 ((3, 1), (2, 3)) 25s OVER-RANK(rank 15, dims [2, 5, 12])
[10:51:17] 128/143 ((3, 1), (2, 1)) 25s OVER-RANK(rank 17, dims [2, 5, 12])
[10:51:19] 129/143 ((3, 1), (3, 0)) 25s OVER-RANK(rank 17, dims [2, 5, 12])
[10:51:40] 130/143 ((3, 1), (3, 1)) 23s OVER-RANK(rank 17, dims [2, 5, 12])
[10:51:41] 131/143 ((3, 1), (3, 2)) 24s OVER-RANK(rank 15, dims [2, 5, 12])
[10:51:42] 132/143 ((3, 2), (0, 1)) 23s OVER-RANK(rank 13, dims [2, 5, 11])
[10:52:03] 133/143 ((3, 2), (0, 2)) 23s OVER-RANK(rank 16, dims [2, 5, 12])
[10:52:05] 134/143 ((3, 2), (1, 0)) 23s OVER-RANK(rank 13, dims [2, 4, 9])
[10:52:05] 135/143 ((3, 2), (0, 3)) 23s OVER-RANK(rank 13, dims [2, 5, 11])
[10:52:27] 136/143 ((3, 2), (1, 2)) 24s OVER-RANK(rank 13, dims [2, 4, 9])
[10:52:28] 137/143 ((3, 2), (1, 3)) 23s OVER-RANK(rank 16, dims [2, 5, 12])
[10:52:29] 138/143 ((3, 2), (2, 0)) 24s OVER-RANK(rank 16, dims [2, 5, 12])
[10:52:51] 139/143 ((3, 2), (2, 1)) 24s OVER-RANK(rank 13, dims [2, 5, 11])
[10:52:51] 140/143 ((3, 2), (2, 3)) 24s OVER-RANK(rank 13, dims [2, 5, 11])
[10:52:53] 141/143 ((3, 2), (3, 0)) 24s OVER-RANK(rank 13, dims [2, 4, 9])
[10:53:13] 142/143 ((3, 2), (3, 1)) 22s OVER-RANK(rank 16, dims [2, 5, 12])
[10:53:15] 143/143 ((3, 2), (3, 2)) 23s OVER-RANK(rank 13, dims [2, 4, 9])
ARTIFACT H_R_NL_H1.json: 143 records; sha256 db1eef929666c16ad9f2d4cae7c6789b5aa8389b8d85c721b889dad4f4081b51
TALLY H R_NL H1: OVER-RANK: 143
TALLY H R_NL H1: non-invasive kappa with rank > 4: 0
