[2026-10-04 02:50:40] DRIVER stageA_R_LS: 143 jobs, 0 checkpointed, 143 to run, 4 procs
[02:50:45] 1/143 ((0, 1), (0, 2)) 6s ADVANCE(dims [2, 3, 4])
[02:50:46] 2/143 ((0, 1), (1, 0)) 6s ADVANCE(dims [2, 3, 4])
[02:50:46] 3/143 ((0, 1), (0, 1)) 6s ADVANCE(dims [2, 3, 4])
[02:50:46] 4/143 ((0, 1), (0, 3)) 6s ADVANCE(dims [2, 3, 4])
[02:50:51] 5/143 ((0, 1), (1, 2)) 6s ADVANCE(dims [2, 3, 4])
[02:50:52] 6/143 ((0, 1), (1, 3)) 6s ADVANCE(dims [2, 3, 4])
[02:50:52] 7/143 ((0, 1), (2, 0)) 6s ADVANCE(dims [2, 3, 4])
[02:50:52] 8/143 ((0, 1), (2, 1)) 6s ADVANCE(dims [2, 3, 4])
[02:50:57] 9/143 ((0, 1), (3, 0)) 6s ADVANCE(dims [2, 3, 4])
[02:50:58] 10/143 ((0, 1), (3, 2)) 6s NOT-INVASIVE(rank 4)
[02:50:58] 11/143 ((0, 1), (3, 1)) 6s ADVANCE(dims [2, 3, 4])
[02:50:58] 12/143 ((0, 2), (0, 1)) 6s ADVANCE(dims [2, 3, 4])
[02:51:05] 13/143 ((0, 2), (0, 3)) 7s NOT-INVASIVE(rank 1)
[02:51:05] 14/143 ((0, 2), (1, 0)) 8s ADVANCE(dims [2, 3, 4])
[02:51:05] 15/143 ((0, 2), (0, 2)) 8s NOT-INVASIVE(rank 1)
[02:51:06] 16/143 ((0, 2), (1, 2)) 8s NOT-INVASIVE(rank 1)
[02:51:11] 17/143 ((0, 2), (1, 3)) 6s NOT-INVASIVE(rank 1)
[02:51:11] 18/143 ((0, 2), (2, 1)) 6s NOT-INVASIVE(rank 1)
[02:51:11] 19/143 ((0, 2), (2, 0)) 6s NOT-INVASIVE(rank 1)
[02:51:12] 20/143 ((0, 2), (2, 3)) 6s ADVANCE(dims [2, 3, 4])
[02:51:16] 21/143 ((0, 2), (3, 0)) 5s NOT-INVASIVE(rank 1)
[02:51:17] 22/143 ((0, 2), (3, 1)) 5s NOT-INVASIVE(rank 1)
[02:51:17] 23/143 ((0, 2), (3, 2)) 6s ADVANCE(dims [2, 3, 4])
[02:51:18] 24/143 ((0, 3), (0, 1)) 6s ADVANCE(dims [2, 3, 4])
[02:51:22] 25/143 ((0, 3), (0, 2)) 6s NOT-INVASIVE(rank 1)
[02:51:22] 26/143 ((0, 3), (0, 3)) 6s NOT-INVASIVE(rank 1)
[02:51:23] 27/143 ((0, 3), (1, 0)) 6s ADVANCE(dims [2, 3, 4])
[02:51:23] 28/143 ((0, 3), (1, 2)) 6s NOT-INVASIVE(rank 1)
[02:51:28] 29/143 ((0, 3), (1, 3)) 5s NOT-INVASIVE(rank 1)
[02:51:28] 30/143 ((0, 3), (2, 1)) 5s NOT-INVASIVE(rank 1)
[02:51:29] 31/143 ((0, 3), (2, 0)) 6s NOT-INVASIVE(rank 1)
[02:51:29] 32/143 ((0, 3), (2, 3)) 6s ADVANCE(dims [2, 3, 4])
[02:51:34] 33/143 ((0, 3), (3, 0)) 6s NOT-INVASIVE(rank 1)
[02:51:34] 34/143 ((0, 3), (3, 1)) 6s NOT-INVASIVE(rank 1)
[02:51:34] 35/143 ((0, 3), (3, 2)) 6s ADVANCE(dims [2, 3, 4])
[02:51:35] 36/143 ((1, 0), (0, 1)) 6s ADVANCE(dims [2, 3, 4])
[02:51:40] 37/143 ((1, 0), (0, 3)) 5s ADVANCE(dims [2, 3, 4])
[02:51:40] 38/143 ((1, 0), (0, 2)) 6s ADVANCE(dims [2, 3, 4])
[02:51:40] 39/143 ((1, 0), (1, 0)) 6s ADVANCE(dims [2, 3, 4])
[02:51:41] 40/143 ((1, 0), (1, 2)) 6s ADVANCE(dims [2, 3, 4])
[02:51:46] 41/143 ((1, 0), (2, 0)) 6s ADVANCE(dims [2, 3, 4])
[02:51:46] 42/143 ((1, 0), (1, 3)) 6s ADVANCE(dims [2, 3, 4])
[02:51:46] 43/143 ((1, 0), (2, 1)) 6s ADVANCE(dims [2, 3, 4])
[02:51:47] 44/143 ((1, 0), (2, 3)) 6s NOT-INVASIVE(rank 4)
[02:51:51] 45/143 ((1, 0), (3, 0)) 6s ADVANCE(dims [2, 3, 4])
[02:51:51] 46/143 ((1, 0), (3, 1)) 6s ADVANCE(dims [2, 3, 4])
[02:51:52] 47/143 ((1, 0), (3, 2)) 6s NOT-INVASIVE(rank 4)
[02:51:53] 48/143 ((1, 2), (0, 1)) 6s ADVANCE(dims [2, 3, 4])
[02:51:57] 49/143 ((1, 2), (0, 3)) 6s NOT-INVASIVE(rank 1)
[02:51:57] 50/143 ((1, 2), (0, 2)) 6s NOT-INVASIVE(rank 1)
[02:51:58] 51/143 ((1, 2), (1, 2)) 6s NOT-INVASIVE(rank 1)
[02:51:59] 52/143 ((1, 2), (1, 0)) 6s ADVANCE(dims [2, 3, 4])
[02:52:03] 53/143 ((1, 2), (1, 3)) 5s NOT-INVASIVE(rank 1)
[02:52:04] 54/143 ((1, 2), (2, 0)) 6s NOT-INVASIVE(rank 1)
[02:52:04] 55/143 ((1, 2), (2, 1)) 6s NOT-INVASIVE(rank 1)
[02:52:05] 56/143 ((1, 2), (2, 3)) 6s ADVANCE(dims [2, 3, 4])
[02:52:09] 57/143 ((1, 2), (3, 0)) 6s NOT-INVASIVE(rank 1)
[02:52:10] 58/143 ((1, 2), (3, 1)) 6s NOT-INVASIVE(rank 1)
[02:52:10] 59/143 ((1, 2), (3, 2)) 6s ADVANCE(dims [2, 3, 4])
[02:52:11] 60/143 ((1, 3), (0, 1)) 6s ADVANCE(dims [2, 3, 4])
[02:52:15] 61/143 ((1, 3), (0, 2)) 6s NOT-INVASIVE(rank 1)
[02:52:15] 62/143 ((1, 3), (1, 0)) 5s ADVANCE(dims [2, 3, 4])
[02:52:16] 63/143 ((1, 3), (0, 3)) 6s NOT-INVASIVE(rank 1)
[02:52:17] 64/143 ((1, 3), (1, 2)) 6s NOT-INVASIVE(rank 1)
[02:52:20] 65/143 ((1, 3), (1, 3)) 6s NOT-INVASIVE(rank 1)
[02:52:21] 66/143 ((1, 3), (2, 0)) 6s NOT-INVASIVE(rank 1)
[02:52:22] 67/143 ((1, 3), (2, 1)) 6s NOT-INVASIVE(rank 1)
[02:52:22] 68/143 ((1, 3), (2, 3)) 6s ADVANCE(dims [2, 3, 4])
[02:52:26] 69/143 ((1, 3), (3, 0)) 6s NOT-INVASIVE(rank 1)
[02:52:27] 70/143 ((1, 3), (3, 1)) 6s NOT-INVASIVE(rank 1)
[02:52:28] 71/143 ((1, 3), (3, 2)) 6s ADVANCE(dims [2, 3, 4])
[02:52:28] 72/143 ((2, 0), (0, 1)) 6s ADVANCE(dims [2, 3, 4])
[02:52:32] 73/143 ((2, 0), (0, 2)) 6s NOT-INVASIVE(rank 1)
[02:52:33] 74/143 ((2, 0), (0, 3)) 6s NOT-INVASIVE(rank 1)
[02:52:34] 75/143 ((2, 0), (1, 0)) 6s ADVANCE(dims [2, 3, 4])
[02:52:34] 76/143 ((2, 0), (1, 2)) 6s NOT-INVASIVE(rank 1)
[02:52:38] 77/143 ((2, 0), (1, 3)) 6s NOT-INVASIVE(rank 1)
[02:52:39] 78/143 ((2, 0), (2, 0)) 6s NOT-INVASIVE(rank 1)
[02:52:40] 79/143 ((2, 0), (2, 3)) 6s ADVANCE(dims [2, 3, 4])
[02:52:40] 80/143 ((2, 0), (2, 1)) 6s NOT-INVASIVE(rank 1)
[02:52:44] 81/143 ((2, 0), (3, 0)) 6s NOT-INVASIVE(rank 1)
[02:52:44] 82/143 ((2, 0), (3, 1)) 6s NOT-INVASIVE(rank 1)
[02:52:46] 83/143 ((2, 0), (3, 2)) 6s ADVANCE(dims [2, 3, 4])
[02:52:46] 84/143 ((2, 1), (0, 1)) 6s ADVANCE(dims [2, 3, 4])
[02:52:50] 85/143 ((2, 1), (0, 2)) 6s NOT-INVASIVE(rank 1)
[02:52:50] 86/143 ((2, 1), (0, 3)) 6s NOT-INVASIVE(rank 1)
[02:52:52] 87/143 ((2, 1), (1, 0)) 6s ADVANCE(dims [2, 3, 4])
[02:52:52] 88/143 ((2, 1), (1, 2)) 6s NOT-INVASIVE(rank 1)
[02:52:55] 89/143 ((2, 1), (1, 3)) 6s NOT-INVASIVE(rank 1)
[02:52:56] 90/143 ((2, 1), (2, 0)) 6s NOT-INVASIVE(rank 1)
[02:52:58] 91/143 ((2, 1), (2, 3)) 6s ADVANCE(dims [2, 3, 4])
[02:52:58] 92/143 ((2, 1), (2, 1)) 6s NOT-INVASIVE(rank 1)
[02:53:01] 93/143 ((2, 1), (3, 0)) 6s NOT-INVASIVE(rank 1)
[02:53:02] 94/143 ((2, 1), (3, 1)) 6s NOT-INVASIVE(rank 1)
[02:53:03] 95/143 ((2, 1), (3, 2)) 5s ADVANCE(dims [2, 3, 4])
[02:53:04] 96/143 ((2, 3), (0, 1)) 6s ADVANCE(dims [2, 3, 4])
[02:53:07] 97/143 ((2, 3), (0, 2)) 6s ADVANCE(dims [2, 3, 4])
[02:53:08] 98/143 ((2, 3), (0, 3)) 6s ADVANCE(dims [2, 3, 4])
[02:53:10] 99/143 ((2, 3), (1, 0)) 6s ADVANCE(dims [2, 3, 4])
[02:53:10] 100/143 ((2, 3), (1, 2)) 6s ADVANCE(dims [2, 3, 4])
[02:53:13] 101/143 ((2, 3), (1, 3)) 6s ADVANCE(dims [2, 3, 4])
[02:53:14] 102/143 ((2, 3), (2, 0)) 6s ADVANCE(dims [2, 3, 4])
[02:53:16] 103/143 ((2, 3), (2, 1)) 6s ADVANCE(dims [2, 3, 4])
[02:53:16] 104/143 ((2, 3), (2, 3)) 6s ADVANCE(dims [2, 3, 4])
[02:53:19] 105/143 ((2, 3), (3, 0)) 6s ADVANCE(dims [2, 3, 4])
[02:53:20] 106/143 ((2, 3), (3, 1)) 6s ADVANCE(dims [2, 3, 4])
[02:53:22] 107/143 ((2, 3), (3, 2)) 6s ADVANCE(dims [2, 3, 4])
[02:53:22] 108/143 ((3, 0), (0, 1)) 6s ADVANCE(dims [2, 3, 4])
[02:53:25] 109/143 ((3, 0), (0, 2)) 6s NOT-INVASIVE(rank 1)
[02:53:25] 110/143 ((3, 0), (0, 3)) 6s NOT-INVASIVE(rank 1)
[02:53:28] 111/143 ((3, 0), (1, 0)) 6s ADVANCE(dims [2, 3, 4])
[02:53:28] 112/143 ((3, 0), (1, 2)) 6s NOT-INVASIVE(rank 1)
[02:53:31] 113/143 ((3, 0), (1, 3)) 6s NOT-INVASIVE(rank 1)
[02:53:32] 114/143 ((3, 0), (2, 0)) 6s NOT-INVASIVE(rank 1)
[02:53:34] 115/143 ((3, 0), (2, 1)) 6s NOT-INVASIVE(rank 1)
[02:53:34] 116/143 ((3, 0), (2, 3)) 6s ADVANCE(dims [2, 3, 4])
[02:53:37] 117/143 ((3, 0), (3, 0)) 6s NOT-INVASIVE(rank 1)
[02:53:37] 118/143 ((3, 0), (3, 1)) 6s NOT-INVASIVE(rank 1)
[02:53:39] 119/143 ((3, 0), (3, 2)) 6s ADVANCE(dims [2, 3, 4])
[02:53:40] 120/143 ((3, 1), (0, 1)) 6s ADVANCE(dims [2, 3, 4])
[02:53:42] 121/143 ((3, 1), (0, 2)) 6s NOT-INVASIVE(rank 1)
[02:53:43] 122/143 ((3, 1), (0, 3)) 6s NOT-INVASIVE(rank 1)
[02:53:46] 123/143 ((3, 1), (1, 0)) 6s ADVANCE(dims [2, 3, 4])
[02:53:46] 124/143 ((3, 1), (1, 2)) 6s NOT-INVASIVE(rank 1)
[02:53:48] 125/143 ((3, 1), (1, 3)) 6s NOT-INVASIVE(rank 1)
[02:53:48] 126/143 ((3, 1), (2, 0)) 5s NOT-INVASIVE(rank 1)
[02:53:52] 127/143 ((3, 1), (2, 1)) 6s NOT-INVASIVE(rank 1)
[02:53:52] 128/143 ((3, 1), (2, 3)) 6s ADVANCE(dims [2, 3, 4])
[02:53:54] 129/143 ((3, 1), (3, 0)) 6s NOT-INVASIVE(rank 1)
[02:53:54] 130/143 ((3, 1), (3, 1)) 6s NOT-INVASIVE(rank 1)
[02:53:58] 131/143 ((3, 1), (3, 2)) 7s ADVANCE(dims [2, 3, 4])
[02:53:58] 132/143 ((3, 2), (0, 1)) 7s ADVANCE(dims [2, 3, 4])
[02:54:00] 133/143 ((3, 2), (0, 2)) 6s ADVANCE(dims [2, 3, 4])
[02:54:01] 134/143 ((3, 2), (0, 3)) 6s ADVANCE(dims [2, 3, 4])
[02:54:04] 135/143 ((3, 2), (1, 2)) 5s ADVANCE(dims [2, 3, 4])
[02:54:04] 136/143 ((3, 2), (1, 0)) 6s ADVANCE(dims [2, 3, 4])
[02:54:06] 137/143 ((3, 2), (1, 3)) 6s ADVANCE(dims [2, 3, 4])
[02:54:06] 138/143 ((3, 2), (2, 0)) 6s ADVANCE(dims [2, 3, 4])
[02:54:10] 139/143 ((3, 2), (2, 3)) 6s ADVANCE(dims [2, 3, 4])
[02:54:10] 140/143 ((3, 2), (2, 1)) 6s ADVANCE(dims [2, 3, 4])
[02:54:12] 141/143 ((3, 2), (3, 0)) 6s ADVANCE(dims [2, 3, 4])
[02:54:12] 142/143 ((3, 2), (3, 1)) 6s ADVANCE(dims [2, 3, 4])
[02:54:16] 143/143 ((3, 2), (3, 2)) 6s ADVANCE(dims [2, 3, 4])
ARTIFACT stageA_R_LS.json: 143 records; sha256 da53c72908293226fd097950a855dc138d4758a0c64a8708dc290fa4a9d25c2d
TALLY A R_LS: ADVANCE: 76
TALLY A R_LS: NOT-INVASIVE: 67
