STAGE B R_LS: 76 advancing kappa (advance rule on stageA_R_LS.json)
[2026-10-04 03:01:49] DRIVER stageB_R_LS: 76 jobs, 0 checkpointed, 76 to run, 4 procs
[03:04:30] 1/76 ((0, 1), (0, 3)) 160s AT-RANK
[03:04:30] 2/76 ((0, 1), (0, 2)) 161s AT-RANK
[03:04:31] 3/76 ((0, 1), (1, 0)) 161s AT-RANK
[03:04:33] 4/76 ((0, 1), (0, 1)) 164s AT-RANK
[03:07:09] 5/76 ((0, 1), (2, 0)) 159s AT-RANK
[03:07:10] 6/76 ((0, 1), (1, 3)) 160s AT-RANK
[03:07:11] 7/76 ((0, 1), (1, 2)) 161s AT-RANK
[03:07:13] 8/76 ((0, 1), (2, 1)) 160s AT-RANK
[03:09:46] 9/76 ((0, 1), (3, 1)) 156s AT-RANK
[03:09:49] 10/76 ((0, 2), (0, 1)) 158s AT-RANK
[03:09:49] 11/76 ((0, 2), (1, 0)) 156s AT-RANK
[03:09:49] 12/76 ((0, 1), (3, 0)) 160s AT-RANK
[03:12:23] 13/76 ((0, 2), (2, 3)) 157s AT-RANK
[03:12:26] 14/76 ((0, 2), (3, 2)) 157s AT-RANK
[03:12:26] 15/76 ((0, 3), (0, 1)) 157s AT-RANK
[03:12:29] 16/76 ((0, 3), (1, 0)) 160s AT-RANK
[03:14:55] 17/76 ((0, 3), (2, 3)) 152s AT-RANK
[03:15:00] 18/76 ((0, 3), (3, 2)) 154s AT-RANK
[03:15:00] 19/76 ((1, 0), (0, 1)) 154s AT-RANK
[03:15:03] 20/76 ((1, 0), (0, 2)) 154s AT-RANK
[03:17:31] 21/76 ((1, 0), (0, 3)) 156s AT-RANK
[03:17:36] 22/76 ((1, 0), (1, 2)) 156s AT-RANK
[03:17:40] 23/76 ((1, 0), (1, 0)) 160s AT-RANK
[03:17:41] 24/76 ((1, 0), (1, 3)) 158s AT-RANK
[03:20:07] 25/76 ((1, 0), (2, 0)) 156s AT-RANK
[03:20:12] 26/76 ((1, 0), (2, 1)) 156s AT-RANK
[03:20:18] 27/76 ((1, 0), (3, 0)) 158s AT-RANK
[03:20:18] 28/76 ((1, 0), (3, 1)) 157s AT-RANK
[03:22:43] 29/76 ((1, 2), (0, 1)) 156s AT-RANK
[03:22:52] 30/76 ((1, 2), (1, 0)) 160s AT-RANK
[03:22:58] 31/76 ((1, 2), (2, 3)) 159s AT-RANK
[03:22:58] 32/76 ((1, 2), (3, 2)) 159s AT-RANK
[03:25:20] 33/76 ((1, 3), (0, 1)) 157s AT-RANK
[03:25:27] 34/76 ((1, 3), (1, 0)) 155s AT-RANK
[03:25:34] 35/76 ((1, 3), (2, 3)) 156s AT-RANK
[03:25:34] 36/76 ((1, 3), (3, 2)) 156s AT-RANK
[03:27:59] 37/76 ((2, 0), (0, 1)) 158s AT-RANK
[03:28:05] 38/76 ((2, 0), (1, 0)) 158s AT-RANK
[03:28:11] 39/76 ((2, 0), (3, 2)) 157s AT-RANK
[03:28:12] 40/76 ((2, 0), (2, 3)) 158s AT-RANK
[03:30:35] 41/76 ((2, 1), (0, 1)) 156s AT-RANK
[03:30:41] 42/76 ((2, 1), (1, 0)) 156s AT-RANK
[03:30:45] 43/76 ((2, 1), (2, 3)) 153s AT-RANK
[03:30:47] 44/76 ((2, 1), (3, 2)) 155s AT-RANK
[03:33:09] 45/76 ((2, 3), (0, 1)) 154s AT-RANK
[03:33:16] 46/76 ((2, 3), (0, 2)) 155s AT-RANK
[03:33:20] 47/76 ((2, 3), (0, 3)) 155s AT-RANK
[03:33:22] 48/76 ((2, 3), (1, 0)) 155s AT-RANK
[03:35:46] 49/76 ((2, 3), (1, 2)) 157s AT-RANK
[03:35:54] 50/76 ((2, 3), (1, 3)) 158s AT-RANK
[03:35:57] 51/76 ((2, 3), (2, 0)) 157s AT-RANK
[03:36:00] 52/76 ((2, 3), (2, 1)) 157s AT-RANK
[03:38:21] 53/76 ((2, 3), (2, 3)) 155s AT-RANK
[03:38:31] 54/76 ((2, 3), (3, 1)) 154s AT-RANK
[03:38:33] 55/76 ((2, 3), (3, 0)) 159s AT-RANK
[03:38:35] 56/76 ((2, 3), (3, 2)) 156s AT-RANK
[03:40:59] 57/76 ((3, 0), (0, 1)) 158s AT-RANK
[03:41:08] 58/76 ((3, 0), (1, 0)) 157s AT-RANK
[03:41:10] 59/76 ((3, 0), (2, 3)) 157s AT-RANK
[03:41:14] 60/76 ((3, 0), (3, 2)) 159s AT-RANK
[03:43:35] 61/76 ((3, 1), (0, 1)) 155s AT-RANK
[03:43:43] 62/76 ((3, 1), (1, 0)) 156s AT-RANK
[03:43:51] 63/76 ((3, 1), (2, 3)) 160s AT-RANK
[03:43:53] 64/76 ((3, 1), (3, 2)) 158s AT-RANK
[03:46:13] 65/76 ((3, 2), (0, 1)) 158s AT-RANK
[03:46:20] 66/76 ((3, 2), (0, 2)) 157s AT-RANK
[03:46:27] 67/76 ((3, 2), (0, 3)) 157s AT-RANK
[03:46:32] 68/76 ((3, 2), (1, 0)) 160s AT-RANK
[03:48:49] 69/76 ((3, 2), (1, 2)) 157s AT-RANK
[03:48:59] 70/76 ((3, 2), (1, 3)) 159s AT-RANK
[03:49:02] 71/76 ((3, 2), (2, 0)) 155s AT-RANK
[03:49:13] 72/76 ((3, 2), (2, 1)) 161s AT-RANK
[03:51:23] 73/76 ((3, 2), (2, 3)) 154s AT-RANK
[03:51:38] 74/76 ((3, 2), (3, 0)) 159s AT-RANK
[03:51:40] 75/76 ((3, 2), (3, 1)) 158s AT-RANK
[03:51:52] 76/76 ((3, 2), (3, 2)) 159s AT-RANK
ARTIFACT stageB_R_LS.json: 76 records; sha256 2ad89c3e441d3b21a0032769f8647a31d5ec1948bbe35d5032265942d5b04757
TALLY B R_LS: AT-RANK: 76
