[2026-10-04 02:54:16] DRIVER stageA_R_NL: 143 jobs, 0 checkpointed, 143 to run, 4 procs
[02:54:21] 1/143 ((0, 1), (1, 0)) 6s OVER-RANK(dims [2, 5, 9])
[02:54:21] 2/143 ((0, 1), (0, 3)) 6s OVER-RANK(dims [2, 4, 9])
[02:54:21] 3/143 ((0, 1), (0, 2)) 6s OVER-RANK(dims [2, 5, 12])
[02:54:21] 4/143 ((0, 1), (0, 1)) 6s OVER-RANK(dims [2, 4, 7])
[02:54:27] 5/143 ((0, 1), (1, 2)) 6s OVER-RANK(dims [2, 5, 11])
[02:54:27] 6/143 ((0, 1), (1, 3)) 6s OVER-RANK(dims [2, 5, 12])
[02:54:28] 7/143 ((0, 1), (2, 1)) 6s OVER-RANK(dims [2, 4, 9])
[02:54:28] 8/143 ((0, 1), (2, 0)) 6s OVER-RANK(dims [2, 5, 12])
[02:54:32] 9/143 ((0, 1), (3, 0)) 5s OVER-RANK(dims [2, 5, 11])
[02:54:33] 10/143 ((0, 1), (3, 1)) 5s OVER-RANK(dims [2, 5, 12])
[02:54:33] 11/143 ((0, 1), (3, 2)) 6s OVER-RANK(dims [2, 5, 8])
[02:54:33] 12/143 ((0, 2), (0, 1)) 6s OVER-RANK(dims [2, 5, 12])
[02:54:38] 13/143 ((0, 2), (0, 2)) 6s OVER-RANK(dims [2, 5, 12])
[02:54:38] 14/143 ((0, 2), (0, 3)) 6s OVER-RANK(dims [2, 5, 12])
[02:54:39] 15/143 ((0, 2), (1, 0)) 6s OVER-RANK(dims [2, 5, 12])
[02:54:39] 16/143 ((0, 2), (1, 2)) 6s OVER-RANK(dims [2, 5, 12])
[02:54:44] 17/143 ((0, 2), (1, 3)) 6s OVER-RANK(dims [2, 5, 11])
[02:54:44] 18/143 ((0, 2), (2, 1)) 6s OVER-RANK(dims [2, 5, 12])
[02:54:45] 19/143 ((0, 2), (2, 0)) 6s OVER-RANK(dims [2, 5, 12])
[02:54:45] 20/143 ((0, 2), (2, 3)) 6s OVER-RANK(dims [2, 5, 12])
[02:54:50] 21/143 ((0, 2), (3, 0)) 6s OVER-RANK(dims [2, 5, 12])
[02:54:50] 22/143 ((0, 2), (3, 1)) 6s OVER-RANK(dims [2, 5, 11])
[02:54:50] 23/143 ((0, 2), (3, 2)) 6s OVER-RANK(dims [2, 5, 12])
[02:54:51] 24/143 ((0, 3), (0, 1)) 6s OVER-RANK(dims [2, 4, 9])
[02:54:56] 25/143 ((0, 3), (0, 2)) 6s OVER-RANK(dims [2, 5, 12])
[02:54:56] 26/143 ((0, 3), (0, 3)) 6s OVER-RANK(dims [2, 4, 9])
[02:54:56] 27/143 ((0, 3), (1, 0)) 6s OVER-RANK(dims [2, 5, 11])
[02:54:56] 28/143 ((0, 3), (1, 2)) 6s OVER-RANK(dims [2, 5, 11])
[02:55:02] 29/143 ((0, 3), (1, 3)) 6s OVER-RANK(dims [2, 5, 12])
[02:55:02] 30/143 ((0, 3), (2, 0)) 6s OVER-RANK(dims [2, 5, 12])
[02:55:02] 31/143 ((0, 3), (2, 1)) 6s OVER-RANK(dims [2, 4, 9])
[02:55:02] 32/143 ((0, 3), (2, 3)) 6s OVER-RANK(dims [2, 4, 9])
[02:55:08] 33/143 ((0, 3), (3, 0)) 6s OVER-RANK(dims [2, 5, 11])
[02:55:08] 34/143 ((1, 0), (0, 1)) 6s OVER-RANK(dims [2, 5, 9])
[02:55:08] 35/143 ((0, 3), (3, 1)) 6s OVER-RANK(dims [2, 5, 12])
[02:55:08] 36/143 ((0, 3), (3, 2)) 6s OVER-RANK(dims [2, 5, 11])
[02:55:13] 37/143 ((1, 0), (1, 2)) 5s OVER-RANK(dims [2, 4, 9])
[02:55:14] 38/143 ((1, 0), (0, 3)) 6s OVER-RANK(dims [2, 5, 11])
[02:55:14] 39/143 ((1, 0), (1, 0)) 5s OVER-RANK(dims [2, 4, 7])
[02:55:14] 40/143 ((1, 0), (0, 2)) 6s OVER-RANK(dims [2, 5, 12])
[02:55:19] 41/143 ((1, 0), (2, 0)) 5s OVER-RANK(dims [2, 5, 12])
[02:55:19] 42/143 ((1, 0), (2, 3)) 6s OVER-RANK(dims [2, 5, 8])
[02:55:19] 43/143 ((1, 0), (1, 3)) 6s OVER-RANK(dims [2, 5, 12])
[02:55:20] 44/143 ((1, 0), (2, 1)) 6s OVER-RANK(dims [2, 5, 11])
[02:55:25] 45/143 ((1, 0), (3, 0)) 6s OVER-RANK(dims [2, 4, 9])
[02:55:25] 46/143 ((1, 0), (3, 1)) 6s OVER-RANK(dims [2, 5, 12])
[02:55:25] 47/143 ((1, 0), (3, 2)) 6s OVER-RANK(dims [2, 4, 7])
[02:55:25] 48/143 ((1, 2), (0, 1)) 6s OVER-RANK(dims [2, 5, 11])
[02:55:31] 49/143 ((1, 2), (0, 2)) 6s OVER-RANK(dims [2, 5, 12])
[02:55:31] 50/143 ((1, 2), (1, 0)) 6s OVER-RANK(dims [2, 4, 9])
[02:55:31] 51/143 ((1, 2), (0, 3)) 6s OVER-RANK(dims [2, 5, 11])
[02:55:32] 52/143 ((1, 2), (1, 2)) 6s OVER-RANK(dims [2, 4, 9])
[02:55:37] 53/143 ((1, 2), (1, 3)) 6s OVER-RANK(dims [2, 5, 12])
[02:55:37] 54/143 ((1, 2), (2, 1)) 6s OVER-RANK(dims [2, 5, 11])
[02:55:37] 55/143 ((1, 2), (2, 0)) 6s OVER-RANK(dims [2, 5, 12])
[02:55:37] 56/143 ((1, 2), (2, 3)) 6s OVER-RANK(dims [2, 5, 11])
[02:55:43] 57/143 ((1, 2), (3, 0)) 6s OVER-RANK(dims [2, 4, 9])
[02:55:43] 58/143 ((1, 2), (3, 1)) 6s OVER-RANK(dims [2, 5, 12])
[02:55:43] 59/143 ((1, 3), (0, 1)) 6s OVER-RANK(dims [2, 5, 12])
[02:55:43] 60/143 ((1, 2), (3, 2)) 6s OVER-RANK(dims [2, 4, 9])
[02:55:49] 61/143 ((1, 3), (0, 3)) 6s OVER-RANK(dims [2, 5, 12])
[02:55:49] 62/143 ((1, 3), (0, 2)) 6s OVER-RANK(dims [2, 5, 11])
[02:55:49] 63/143 ((1, 3), (1, 2)) 6s OVER-RANK(dims [2, 5, 12])
[02:55:49] 64/143 ((1, 3), (1, 0)) 6s OVER-RANK(dims [2, 5, 11])
[02:55:54] 65/143 ((1, 3), (1, 3)) 6s OVER-RANK(dims [2, 5, 12])
[02:55:55] 66/143 ((1, 3), (2, 0)) 6s OVER-RANK(dims [2, 5, 11])
[02:55:55] 67/143 ((1, 3), (2, 1)) 6s OVER-RANK(dims [2, 5, 12])
[02:55:55] 68/143 ((1, 3), (2, 3)) 6s OVER-RANK(dims [2, 5, 12])
[02:56:00] 69/143 ((1, 3), (3, 1)) 6s OVER-RANK(dims [2, 5, 12])
[02:56:00] 70/143 ((1, 3), (3, 0)) 6s OVER-RANK(dims [2, 5, 12])
[02:56:01] 71/143 ((1, 3), (3, 2)) 6s OVER-RANK(dims [2, 5, 12])
[02:56:01] 72/143 ((2, 0), (0, 1)) 6s OVER-RANK(dims [2, 5, 12])
[02:56:06] 73/143 ((2, 0), (0, 2)) 6s OVER-RANK(dims [2, 5, 12])
[02:56:06] 74/143 ((2, 0), (0, 3)) 6s OVER-RANK(dims [2, 5, 12])
[02:56:06] 75/143 ((2, 0), (1, 0)) 6s OVER-RANK(dims [2, 5, 12])
[02:56:07] 76/143 ((2, 0), (1, 2)) 5s OVER-RANK(dims [2, 5, 12])
[02:56:12] 77/143 ((2, 0), (1, 3)) 6s OVER-RANK(dims [2, 5, 11])
[02:56:12] 78/143 ((2, 0), (2, 0)) 6s OVER-RANK(dims [2, 5, 12])
[02:56:12] 79/143 ((2, 0), (2, 3)) 6s OVER-RANK(dims [2, 5, 12])
[02:56:13] 80/143 ((2, 0), (2, 1)) 6s OVER-RANK(dims [2, 5, 12])
[02:56:18] 81/143 ((2, 0), (3, 2)) 5s OVER-RANK(dims [2, 5, 12])
[02:56:18] 82/143 ((2, 0), (3, 0)) 6s OVER-RANK(dims [2, 5, 12])
[02:56:18] 83/143 ((2, 0), (3, 1)) 6s OVER-RANK(dims [2, 5, 11])
[02:56:18] 84/143 ((2, 1), (0, 1)) 6s OVER-RANK(dims [2, 4, 9])
[02:56:23] 85/143 ((2, 1), (1, 0)) 5s OVER-RANK(dims [2, 5, 11])
[02:56:24] 86/143 ((2, 1), (0, 3)) 6s OVER-RANK(dims [2, 4, 9])
[02:56:24] 87/143 ((2, 1), (1, 2)) 6s OVER-RANK(dims [2, 5, 11])
[02:56:24] 88/143 ((2, 1), (0, 2)) 6s OVER-RANK(dims [2, 5, 12])
[02:56:29] 89/143 ((2, 1), (1, 3)) 6s OVER-RANK(dims [2, 5, 12])
[02:56:29] 90/143 ((2, 1), (2, 0)) 6s OVER-RANK(dims [2, 5, 12])
[02:56:29] 91/143 ((2, 1), (2, 3)) 5s OVER-RANK(dims [2, 4, 9])
[02:56:30] 92/143 ((2, 1), (2, 1)) 6s OVER-RANK(dims [2, 4, 9])
[02:56:35] 93/143 ((2, 1), (3, 0)) 6s OVER-RANK(dims [2, 5, 11])
[02:56:35] 94/143 ((2, 1), (3, 2)) 6s OVER-RANK(dims [2, 5, 11])
[02:56:35] 95/143 ((2, 3), (0, 1)) 5s OVER-RANK(dims [2, 4, 7])
[02:56:35] 96/143 ((2, 1), (3, 1)) 6s OVER-RANK(dims [2, 5, 12])
[02:56:40] 97/143 ((2, 3), (0, 2)) 6s OVER-RANK(dims [2, 5, 12])
[02:56:41] 98/143 ((2, 3), (1, 0)) 5s OVER-RANK(dims [2, 5, 9])
[02:56:41] 99/143 ((2, 3), (0, 3)) 6s OVER-RANK(dims [2, 4, 9])
[02:56:41] 100/143 ((2, 3), (1, 2)) 6s OVER-RANK(dims [2, 5, 11])
[02:56:46] 101/143 ((2, 3), (2, 0)) 6s OVER-RANK(dims [2, 5, 12])
[02:56:46] 102/143 ((2, 3), (1, 3)) 6s OVER-RANK(dims [2, 5, 12])
[02:56:47] 103/143 ((2, 3), (2, 3)) 5s OVER-RANK(dims [2, 4, 7])
[02:56:47] 104/143 ((2, 3), (2, 1)) 6s OVER-RANK(dims [2, 4, 9])
[02:56:52] 105/143 ((2, 3), (3, 0)) 6s OVER-RANK(dims [2, 5, 11])
[02:56:52] 106/143 ((2, 3), (3, 1)) 6s OVER-RANK(dims [2, 5, 12])
[02:56:52] 107/143 ((2, 3), (3, 2)) 6s OVER-RANK(dims [2, 5, 8])
[02:56:52] 108/143 ((3, 0), (0, 1)) 6s OVER-RANK(dims [2, 5, 11])
[02:56:57] 109/143 ((3, 0), (0, 2)) 5s OVER-RANK(dims [2, 5, 12])
[02:56:58] 110/143 ((3, 0), (1, 0)) 6s OVER-RANK(dims [2, 4, 9])
[02:56:58] 111/143 ((3, 0), (0, 3)) 6s OVER-RANK(dims [2, 5, 11])
[02:56:58] 112/143 ((3, 0), (1, 2)) 6s OVER-RANK(dims [2, 4, 9])
[02:57:03] 113/143 ((3, 0), (1, 3)) 6s OVER-RANK(dims [2, 5, 12])
[02:57:04] 114/143 ((3, 0), (2, 0)) 6s OVER-RANK(dims [2, 5, 12])
[02:57:04] 115/143 ((3, 0), (2, 1)) 6s OVER-RANK(dims [2, 5, 11])
[02:57:04] 116/143 ((3, 0), (2, 3)) 6s OVER-RANK(dims [2, 5, 11])
[02:57:09] 117/143 ((3, 0), (3, 0)) 6s OVER-RANK(dims [2, 4, 9])
[02:57:09] 118/143 ((3, 0), (3, 2)) 5s OVER-RANK(dims [2, 4, 9])
[02:57:10] 119/143 ((3, 0), (3, 1)) 6s OVER-RANK(dims [2, 5, 12])
[02:57:10] 120/143 ((3, 1), (0, 1)) 6s OVER-RANK(dims [2, 5, 12])
[02:57:14] 121/143 ((3, 1), (0, 2)) 5s OVER-RANK(dims [2, 5, 11])
[02:57:15] 122/143 ((3, 1), (1, 0)) 5s OVER-RANK(dims [2, 5, 12])
[02:57:15] 123/143 ((3, 1), (0, 3)) 5s OVER-RANK(dims [2, 5, 12])
[02:57:16] 124/143 ((3, 1), (1, 2)) 6s OVER-RANK(dims [2, 5, 12])
[02:57:20] 125/143 ((3, 1), (1, 3)) 6s OVER-RANK(dims [2, 5, 12])
[02:57:20] 126/143 ((3, 1), (2, 0)) 5s OVER-RANK(dims [2, 5, 11])
[02:57:20] 127/143 ((3, 1), (2, 1)) 6s OVER-RANK(dims [2, 5, 12])
[02:57:22] 128/143 ((3, 1), (2, 3)) 6s OVER-RANK(dims [2, 5, 12])
[02:57:25] 129/143 ((3, 1), (3, 1)) 5s OVER-RANK(dims [2, 5, 12])
[02:57:26] 130/143 ((3, 1), (3, 0)) 6s OVER-RANK(dims [2, 5, 12])
[02:57:26] 131/143 ((3, 1), (3, 2)) 6s OVER-RANK(dims [2, 5, 12])
[02:57:28] 132/143 ((3, 2), (0, 1)) 6s OVER-RANK(dims [2, 5, 9])
[02:57:31] 133/143 ((3, 2), (0, 2)) 6s OVER-RANK(dims [2, 5, 12])
[02:57:31] 134/143 ((3, 2), (0, 3)) 6s OVER-RANK(dims [2, 5, 11])
[02:57:32] 135/143 ((3, 2), (1, 0)) 5s OVER-RANK(dims [2, 4, 7])
[02:57:34] 136/143 ((3, 2), (1, 2)) 6s OVER-RANK(dims [2, 4, 9])
[02:57:37] 137/143 ((3, 2), (1, 3)) 6s OVER-RANK(dims [2, 5, 12])
[02:57:37] 138/143 ((3, 2), (2, 0)) 6s OVER-RANK(dims [2, 5, 12])
[02:57:37] 139/143 ((3, 2), (2, 1)) 6s OVER-RANK(dims [2, 5, 11])
[02:57:40] 140/143 ((3, 2), (2, 3)) 6s OVER-RANK(dims [2, 5, 8])
[02:57:43] 141/143 ((3, 2), (3, 2)) 6s OVER-RANK(dims [2, 4, 7])
[02:57:43] 142/143 ((3, 2), (3, 0)) 6s OVER-RANK(dims [2, 4, 9])
[02:57:43] 143/143 ((3, 2), (3, 1)) 6s OVER-RANK(dims [2, 5, 12])
ARTIFACT stageA_R_NL.json: 143 records; sha256 4b1b50127552fe5711a469278d373229823aa65272dbb1a02ebe6186b8fb01b2
TALLY A R_NL: OVER-RANK: 143
