V12 byte-identical rerun of Stage A, R_5 (after every other stage of S1 and S2)
command: L3B_CKPT=/root/.l3b_ckpt_v12 python3 driver3b.py A R_5 4   (fresh, empty checkpoint root: all 143 kappa recomputed)
sealed artifact stageA_R_5.json (S1, commit 3524bb3b) sha256 dcf04f62d4de5c7748cfda979d562b22eaa2b3f0f84c3e87c4f717b63800229b
frozen expectation (preregistration section 7.3, V12): sha256 dcf04f62d4de5c7748cfda979d562b22eaa2b3f0f84c3e87c4f717b63800229b unchanged
driver output follows (the same lines the driver appended to logs/stageA_R_5.log, which is restored to its sealed content):
[2026-10-04 14:08:18] DRIVER stageA_R_5: 143 jobs, 0 checkpointed, 143 to run, 4 procs
[14:08:24] 1/143 ((0, 1), (0, 1)) 6s ADVANCE(dims [2, 3, 4])
[14:08:24] 2/143 ((0, 1), (0, 2)) 6s ADVANCE(dims [2, 3, 4])
[14:08:25] 3/143 ((0, 1), (0, 3)) 7s ADVANCE(dims [2, 3, 4])
[14:08:25] 4/143 ((0, 1), (1, 0)) 7s ADVANCE(dims [2, 3, 4])
[14:08:31] 5/143 ((0, 1), (1, 3)) 7s ADVANCE(dims [2, 3, 4])
[14:08:31] 6/143 ((0, 1), (2, 1)) 6s ADVANCE(dims [2, 3, 4])
[14:08:31] 7/143 ((0, 1), (2, 0)) 7s ADVANCE(dims [2, 3, 4])
[14:08:32] 8/143 ((0, 1), (1, 2)) 7s ADVANCE(dims [2, 3, 4])
[14:08:37] 9/143 ((0, 1), (3, 0)) 6s ADVANCE(dims [2, 3, 4])
[14:08:38] 10/143 ((0, 1), (3, 1)) 6s ADVANCE(dims [2, 3, 4])
[14:08:38] 11/143 ((0, 2), (0, 1)) 7s ADVANCE(dims [2, 3, 4])
[14:08:38] 12/143 ((0, 1), (3, 2)) 7s NOT-INVASIVE(rank 4)
[14:08:44] 13/143 ((0, 2), (0, 2)) 6s NOT-INVASIVE(rank 1)
[14:08:44] 14/143 ((0, 2), (0, 3)) 6s NOT-INVASIVE(rank 1)
[14:08:44] 15/143 ((0, 2), (1, 2)) 6s NOT-INVASIVE(rank 1)
[14:08:45] 16/143 ((0, 2), (1, 0)) 6s ADVANCE(dims [2, 3, 4])
[14:08:50] 17/143 ((0, 2), (1, 3)) 7s NOT-INVASIVE(rank 1)
[14:08:50] 18/143 ((0, 2), (2, 0)) 6s NOT-INVASIVE(rank 1)
[14:08:51] 19/143 ((0, 2), (2, 1)) 6s NOT-INVASIVE(rank 1)
[14:08:51] 20/143 ((0, 2), (2, 3)) 6s ADVANCE(dims [2, 3, 4])
[14:08:57] 21/143 ((0, 2), (3, 0)) 7s NOT-INVASIVE(rank 1)
[14:08:57] 22/143 ((0, 2), (3, 1)) 7s NOT-INVASIVE(rank 1)
[14:08:58] 23/143 ((0, 3), (0, 1)) 7s ADVANCE(dims [2, 3, 4])
[14:08:58] 24/143 ((0, 2), (3, 2)) 7s ADVANCE(dims [2, 3, 4])
[14:09:03] 25/143 ((0, 3), (0, 2)) 6s NOT-INVASIVE(rank 1)
[14:09:03] 26/143 ((0, 3), (0, 3)) 6s NOT-INVASIVE(rank 1)
[14:09:04] 27/143 ((0, 3), (1, 0)) 6s ADVANCE(dims [2, 3, 4])
[14:09:04] 28/143 ((0, 3), (1, 2)) 7s NOT-INVASIVE(rank 1)
[14:09:09] 29/143 ((0, 3), (1, 3)) 6s NOT-INVASIVE(rank 1)
[14:09:10] 30/143 ((0, 3), (2, 0)) 6s NOT-INVASIVE(rank 1)
[14:09:10] 31/143 ((0, 3), (2, 1)) 6s NOT-INVASIVE(rank 1)
[14:09:11] 32/143 ((0, 3), (2, 3)) 6s ADVANCE(dims [2, 3, 4])
[14:09:16] 33/143 ((0, 3), (3, 0)) 7s NOT-INVASIVE(rank 1)
[14:09:16] 34/143 ((0, 3), (3, 1)) 6s NOT-INVASIVE(rank 1)
[14:09:17] 35/143 ((0, 3), (3, 2)) 6s ADVANCE(dims [2, 3, 4])
[14:09:17] 36/143 ((1, 0), (0, 1)) 6s ADVANCE(dims [2, 3, 4])
[14:09:22] 37/143 ((1, 0), (0, 2)) 6s ADVANCE(dims [2, 3, 4])
[14:09:22] 38/143 ((1, 0), (0, 3)) 6s ADVANCE(dims [2, 3, 4])
[14:09:23] 39/143 ((1, 0), (1, 0)) 7s ADVANCE(dims [2, 3, 4])
[14:09:24] 40/143 ((1, 0), (1, 2)) 6s ADVANCE(dims [2, 3, 4])
[14:09:29] 41/143 ((1, 0), (1, 3)) 7s ADVANCE(dims [2, 3, 4])
[14:09:29] 42/143 ((1, 0), (2, 0)) 7s ADVANCE(dims [2, 3, 4])
[14:09:30] 43/143 ((1, 0), (2, 1)) 7s ADVANCE(dims [2, 3, 4])
[14:09:30] 44/143 ((1, 0), (2, 3)) 6s NOT-INVASIVE(rank 4)
[14:09:36] 45/143 ((1, 0), (3, 0)) 7s ADVANCE(dims [2, 3, 4])
[14:09:36] 46/143 ((1, 0), (3, 1)) 7s ADVANCE(dims [2, 3, 4])
[14:09:37] 47/143 ((1, 2), (0, 1)) 7s ADVANCE(dims [2, 3, 4])
[14:09:37] 48/143 ((1, 0), (3, 2)) 7s NOT-INVASIVE(rank 4)
[14:09:42] 49/143 ((1, 2), (0, 2)) 7s NOT-INVASIVE(rank 1)
[14:09:43] 50/143 ((1, 2), (0, 3)) 7s NOT-INVASIVE(rank 1)
[14:09:43] 51/143 ((1, 2), (1, 0)) 6s ADVANCE(dims [2, 3, 4])
[14:09:44] 52/143 ((1, 2), (1, 2)) 7s NOT-INVASIVE(rank 1)
[14:09:49] 53/143 ((1, 2), (1, 3)) 6s NOT-INVASIVE(rank 1)
[14:09:49] 54/143 ((1, 2), (2, 0)) 6s NOT-INVASIVE(rank 1)
[14:09:50] 55/143 ((1, 2), (2, 1)) 6s NOT-INVASIVE(rank 1)
[14:09:50] 56/143 ((1, 2), (2, 3)) 7s ADVANCE(dims [2, 3, 4])
[14:09:56] 57/143 ((1, 2), (3, 0)) 7s NOT-INVASIVE(rank 1)
[14:09:56] 58/143 ((1, 2), (3, 1)) 7s NOT-INVASIVE(rank 1)
[14:09:56] 59/143 ((1, 2), (3, 2)) 7s ADVANCE(dims [2, 3, 4])
[14:09:57] 60/143 ((1, 3), (0, 1)) 7s ADVANCE(dims [2, 3, 4])
[14:10:03] 61/143 ((1, 3), (0, 2)) 7s NOT-INVASIVE(rank 1)
[14:10:03] 62/143 ((1, 3), (0, 3)) 7s NOT-INVASIVE(rank 1)
[14:10:04] 63/143 ((1, 3), (1, 0)) 7s ADVANCE(dims [2, 3, 4])
[14:10:04] 64/143 ((1, 3), (1, 2)) 7s NOT-INVASIVE(rank 1)
[14:10:09] 65/143 ((1, 3), (1, 3)) 7s NOT-INVASIVE(rank 1)
[14:10:10] 66/143 ((1, 3), (2, 0)) 7s NOT-INVASIVE(rank 1)
[14:10:10] 67/143 ((1, 3), (2, 1)) 6s NOT-INVASIVE(rank 1)
[14:10:11] 68/143 ((1, 3), (2, 3)) 6s ADVANCE(dims [2, 3, 4])
[14:10:15] 69/143 ((1, 3), (3, 0)) 6s NOT-INVASIVE(rank 1)
[14:10:16] 70/143 ((1, 3), (3, 1)) 7s NOT-INVASIVE(rank 1)
[14:10:17] 71/143 ((1, 3), (3, 2)) 7s ADVANCE(dims [2, 3, 4])
[14:10:18] 72/143 ((2, 0), (0, 1)) 7s ADVANCE(dims [2, 3, 4])
[14:10:22] 73/143 ((2, 0), (0, 2)) 6s NOT-INVASIVE(rank 1)
[14:10:23] 74/143 ((2, 0), (0, 3)) 6s NOT-INVASIVE(rank 1)
[14:10:23] 75/143 ((2, 0), (1, 0)) 6s ADVANCE(dims [2, 3, 4])
[14:10:25] 76/143 ((2, 0), (1, 2)) 7s NOT-INVASIVE(rank 1)
[14:10:28] 77/143 ((2, 0), (1, 3)) 6s NOT-INVASIVE(rank 1)
[14:10:29] 78/143 ((2, 0), (2, 0)) 7s NOT-INVASIVE(rank 1)
[14:10:30] 79/143 ((2, 0), (2, 1)) 7s NOT-INVASIVE(rank 1)
[14:10:31] 80/143 ((2, 0), (2, 3)) 7s ADVANCE(dims [2, 3, 4])
[14:10:35] 81/143 ((2, 0), (3, 0)) 7s NOT-INVASIVE(rank 1)
[14:10:36] 82/143 ((2, 0), (3, 1)) 6s NOT-INVASIVE(rank 1)
[14:10:37] 83/143 ((2, 0), (3, 2)) 7s ADVANCE(dims [2, 3, 4])
[14:10:38] 84/143 ((2, 1), (0, 1)) 7s ADVANCE(dims [2, 3, 4])
[14:10:41] 85/143 ((2, 1), (0, 2)) 6s NOT-INVASIVE(rank 1)
[14:10:42] 86/143 ((2, 1), (0, 3)) 7s NOT-INVASIVE(rank 1)
[14:10:43] 87/143 ((2, 1), (1, 0)) 7s ADVANCE(dims [2, 3, 4])
[14:10:45] 88/143 ((2, 1), (1, 2)) 7s NOT-INVASIVE(rank 1)
[14:10:47] 89/143 ((2, 1), (1, 3)) 6s NOT-INVASIVE(rank 1)
[14:10:49] 90/143 ((2, 1), (2, 0)) 7s NOT-INVASIVE(rank 1)
[14:10:50] 91/143 ((2, 1), (2, 1)) 7s NOT-INVASIVE(rank 1)
[14:10:52] 92/143 ((2, 1), (2, 3)) 7s ADVANCE(dims [2, 3, 4])
[14:10:54] 93/143 ((2, 1), (3, 0)) 6s NOT-INVASIVE(rank 1)
[14:10:56] 94/143 ((2, 1), (3, 1)) 7s NOT-INVASIVE(rank 1)
[14:10:57] 95/143 ((2, 1), (3, 2)) 7s ADVANCE(dims [2, 3, 4])
[14:10:59] 96/143 ((2, 3), (0, 1)) 7s ADVANCE(dims [2, 3, 4])
[14:11:00] 97/143 ((2, 3), (0, 2)) 7s ADVANCE(dims [2, 3, 4])
[14:11:03] 98/143 ((2, 3), (0, 3)) 7s ADVANCE(dims [2, 3, 4])
[14:11:04] 99/143 ((2, 3), (1, 0)) 7s ADVANCE(dims [2, 3, 4])
[14:11:05] 100/143 ((2, 3), (1, 2)) 7s ADVANCE(dims [2, 3, 4])
[14:11:07] 101/143 ((2, 3), (1, 3)) 7s ADVANCE(dims [2, 3, 4])
[14:11:09] 102/143 ((2, 3), (2, 0)) 7s ADVANCE(dims [2, 3, 4])
[14:11:10] 103/143 ((2, 3), (2, 1)) 6s ADVANCE(dims [2, 3, 4])
[14:11:12] 104/143 ((2, 3), (2, 3)) 7s ADVANCE(dims [2, 3, 4])
[14:11:14] 105/143 ((2, 3), (3, 0)) 7s ADVANCE(dims [2, 3, 4])
[14:11:16] 106/143 ((2, 3), (3, 1)) 7s ADVANCE(dims [2, 3, 4])
[14:11:17] 107/143 ((2, 3), (3, 2)) 7s ADVANCE(dims [2, 3, 4])
[14:11:19] 108/143 ((3, 0), (0, 1)) 7s ADVANCE(dims [2, 3, 4])
[14:11:20] 109/143 ((3, 0), (0, 2)) 6s NOT-INVASIVE(rank 1)
[14:11:23] 110/143 ((3, 0), (0, 3)) 6s NOT-INVASIVE(rank 1)
[14:11:23] 111/143 ((3, 0), (1, 0)) 6s ADVANCE(dims [2, 3, 4])
[14:11:25] 112/143 ((3, 0), (1, 2)) 7s NOT-INVASIVE(rank 1)
[14:11:27] 113/143 ((3, 0), (1, 3)) 7s NOT-INVASIVE(rank 1)
[14:11:29] 114/143 ((3, 0), (2, 0)) 7s NOT-INVASIVE(rank 1)
[14:11:30] 115/143 ((3, 0), (2, 1)) 7s NOT-INVASIVE(rank 1)
[14:11:32] 116/143 ((3, 0), (2, 3)) 6s ADVANCE(dims [2, 3, 4])
[14:11:34] 117/143 ((3, 0), (3, 0)) 6s NOT-INVASIVE(rank 1)
[14:11:36] 118/143 ((3, 0), (3, 1)) 7s NOT-INVASIVE(rank 1)
[14:11:36] 119/143 ((3, 0), (3, 2)) 7s ADVANCE(dims [2, 3, 4])
[14:11:38] 120/143 ((3, 1), (0, 1)) 7s ADVANCE(dims [2, 3, 4])
[14:11:40] 121/143 ((3, 1), (0, 2)) 7s NOT-INVASIVE(rank 1)
[14:11:42] 122/143 ((3, 1), (0, 3)) 6s NOT-INVASIVE(rank 1)
[14:11:43] 123/143 ((3, 1), (1, 0)) 7s ADVANCE(dims [2, 3, 4])
[14:11:45] 124/143 ((3, 1), (1, 2)) 7s NOT-INVASIVE(rank 1)
[14:11:47] 125/143 ((3, 1), (1, 3)) 7s NOT-INVASIVE(rank 1)
[14:11:49] 126/143 ((3, 1), (2, 0)) 6s NOT-INVASIVE(rank 1)
[14:11:50] 127/143 ((3, 1), (2, 1)) 6s NOT-INVASIVE(rank 1)
[14:11:52] 128/143 ((3, 1), (2, 3)) 7s ADVANCE(dims [2, 3, 4])
[14:11:53] 129/143 ((3, 1), (3, 0)) 6s NOT-INVASIVE(rank 1)
[14:11:55] 130/143 ((3, 1), (3, 1)) 6s NOT-INVASIVE(rank 1)
[14:11:56] 131/143 ((3, 1), (3, 2)) 7s ADVANCE(dims [2, 3, 4])
[14:11:59] 132/143 ((3, 2), (0, 1)) 7s ADVANCE(dims [2, 3, 4])
[14:12:00] 133/143 ((3, 2), (0, 2)) 7s ADVANCE(dims [2, 3, 4])
[14:12:02] 134/143 ((3, 2), (0, 3)) 7s ADVANCE(dims [2, 3, 4])
[14:12:03] 135/143 ((3, 2), (1, 0)) 7s ADVANCE(dims [2, 3, 4])
[14:12:05] 136/143 ((3, 2), (1, 2)) 7s ADVANCE(dims [2, 3, 4])
[14:12:06] 137/143 ((3, 2), (1, 3)) 6s ADVANCE(dims [2, 3, 4])
[14:12:09] 138/143 ((3, 2), (2, 0)) 6s ADVANCE(dims [2, 3, 4])
[14:12:10] 139/143 ((3, 2), (2, 1)) 6s ADVANCE(dims [2, 3, 4])
[14:12:12] 140/143 ((3, 2), (2, 3)) 6s ADVANCE(dims [2, 3, 4])
[14:12:13] 141/143 ((3, 2), (3, 0)) 6s ADVANCE(dims [2, 3, 4])
[14:12:15] 142/143 ((3, 2), (3, 1)) 7s ADVANCE(dims [2, 3, 4])
[14:12:16] 143/143 ((3, 2), (3, 2)) 6s ADVANCE(dims [2, 3, 4])
ARTIFACT stageA_R_5.json: 143 records; sha256 dcf04f62d4de5c7748cfda979d562b22eaa2b3f0f84c3e87c4f717b63800229b
TALLY A R_5: ADVANCE: 76
TALLY A R_5: NOT-INVASIVE: 67
driver exit 0; rerun artifact sha256 dcf04f62d4de5c7748cfda979d562b22eaa2b3f0f84c3e87c4f717b63800229b
GATE V12 OK
