== 1. the certified point, the named point and the exact line ==
  (2s)
== 2. Diţă factorizations by exhaustive search over block structures ==
  (34s)
== 3. the first-order census at SIG: gauge, the fixed-pairing hulls, the residual, the cokernel ==
  (63s)
== 4. every 4x4 Diţă hull through SIG: orientations, factor circles, exact integrability, the span ==
column ((0, 1, 2, 3), (4, 5, 6, 7), (8, 9, 10, 11), (12, 13, 14, 15)) valid strict alignments 8 (40s)
column ((0, 2, 8, 10), (1, 3, 9, 11), (4, 6, 12, 14), (5, 7, 13, 15)) valid strict alignments 64 (96s)
column ((0, 2, 9, 11), (1, 3, 8, 10), (4, 6, 13, 15), (5, 7, 12, 14)) valid strict alignments 8 (131s)
column ((0, 4, 8, 12), (1, 5, 9, 13), (2, 6, 10, 14), (3, 7, 11, 15)) valid strict alignments 8 (162s)
column ((0, 6, 8, 14), (1, 7, 9, 15), (2, 4, 10, 12), (3, 5, 11, 13)) valid strict alignments 8 (192s)
row ((0, 1, 2, 3), (4, 5, 6, 7), (8, 9, 10, 11), (12, 13, 14, 15)) valid strict alignments 8 (225s)
row ((0, 2, 8, 10), (1, 3, 9, 11), (4, 6, 12, 14), (5, 7, 13, 15)) valid strict alignments 64 (292s)
row ((0, 2, 9, 11), (1, 3, 8, 10), (4, 6, 13, 15), (5, 7, 12, 14)) valid strict alignments 8 (325s)
row ((0, 4, 8, 12), (1, 5, 9, 13), (2, 6, 10, 14), (3, 7, 11, 15)) valid strict alignments 8 (360s)
row ((0, 6, 8, 14), (1, 7, 9, 15), (2, 4, 10, 12), (3, 5, 11, 13)) valid strict alignments 8 (397s)
4x4 partition structures admitted: 10 of 10
hull parametrizations (orientation, partition, alignment, circle choice): 31168 ; of them at sorted alignments: 492
distinct hulls as sets of matrices (rational span of generators): 3896
distinct hulls as sets of classes (span + gauge): 3896
distinct class-hulls among the sorted parametrizations: 492
tangent dimensions mod gauge over distinct class-hulls: [14]
distinct hulls with a generator outside ker DF: 0 ; with D2F not vanishing on a generator pair: 0
rank of the combined tangent span mod gauge: 49
distinct class-hulls whose tangent contains W: 0
audit time 9692s
