SIG                                strict 20 (alignments 976)  relaxed 20 (alignments 976)   (58s)
Pu(-1)                             strict  2 (alignments 256)  relaxed 20 (alignments 976)   (92s)
P = Pu(u60)                        strict  2 (alignments 256)  relaxed  2 (alignments 256)   (130s)
Pu(u5)                             strict  2 (alignments 256)  relaxed  2 (alignments 256)   (164s)
Hu(-1)                             strict  4 (alignments 272)  relaxed  4 (alignments 272)   (196s)
act40 0 generic                    strict  0 (alignments 0)  relaxed  0 (alignments 0)   (220s)
act40 1 generic                    strict  0 (alignments 0)  relaxed  0 (alignments 0)   (240s)
act40 2 u1 = 1                     strict  1 (alignments 128)  relaxed  1 (alignments 128)   (268s)
act40 3 u1 = -1                    strict  1 (alignments 128)  relaxed  1 (alignments 128)   (295s)
act40 4 u2 = 1                     strict  2 (alignments 256)  relaxed  2 (alignments 256)   (325s)
act40 5 u2 = -1, absent            strict  0 (alignments 0)  relaxed  0 (alignments 0)   (345s)
act40 6 u3 = 1                     strict  1 (alignments 128)  relaxed  1 (alignments 128)   (368s)
act40 7 u3 = -1                    strict  1 (alignments 128)  relaxed  1 (alignments 128)   (393s)
act40 8 u1 = i, absent             strict  0 (alignments 0)  relaxed  0 (alignments 0)   (412s)
act40 9 (1, u, -1)                 strict  4 (alignments 272)  relaxed  4 (alignments 272)   (442s)
act40 10 (u, 1, 1)                 strict  8 (alignments 596)  relaxed  8 (alignments 596)   (482s)
act40 11 (-1, 1, u)                strict  5 (alignments 576)  relaxed  5 (alignments 576)   (520s)
act40 12 (1, 1, 1)                 strict 20 (alignments 976)  relaxed 20 (alignments 976)   (571s)
act40 13 (-1, -1, -1)              strict  4 (alignments 272)  relaxed  4 (alignments 272)   (600s)
act40 14 (-1, 1, 1)                strict 20 (alignments 976)  relaxed 20 (alignments 976)   (652s)
act40 15 (1, 1, -1)                strict 20 (alignments 976)  relaxed 20 (alignments 976)   (705s)
act40 16 (1, -1, 1)                strict  4 (alignments 272)  relaxed  4 (alignments 272)   (734s)
Hu zeta(0) z^-1 w^-1               strict  0 (alignments 0)  relaxed  0 (alignments 0)   (753s)
Hu zeta(1/2) z^-1 w^-1             strict  0 (alignments 0)  relaxed  0 (alignments 0)   (773s)
Hu zeta(0) z^-1 w^0                strict  0 (alignments 0)  relaxed  0 (alignments 0)   (793s)
Hu zeta(1/2) z^-1 w^0              strict  0 (alignments 0)  relaxed  0 (alignments 0)   (812s)
Hu zeta(0) z^-1 w^1                strict  0 (alignments 0)  relaxed  0 (alignments 0)   (833s)
Hu zeta(1/2) z^-1 w^1              strict  0 (alignments 0)  relaxed  0 (alignments 0)   (853s)
Hu zeta(0) z^0 w^-1                strict  0 (alignments 0)  relaxed  0 (alignments 0)   (872s)
Hu zeta(1/2) z^0 w^-1              strict  0 (alignments 0)  relaxed  0 (alignments 0)   (892s)
Hu zeta(0) z^0 w^0                 strict 20 (alignments 976)  relaxed 20 (alignments 976)   (944s)
Hu zeta(1/4) z^0 w^0               strict  0 (alignments 0)  relaxed  0 (alignments 0)   (962s)
Hu zeta(1/2) z^0 w^0               strict  4 (alignments 272)  relaxed  4 (alignments 272)   (992s)
Hu zeta(3/4) z^0 w^0               strict  0 (alignments 0)  relaxed  0 (alignments 0)   (1011s)
Hu zeta(0) z^0 w^1                 strict  0 (alignments 0)  relaxed  0 (alignments 0)   (1032s)
Hu zeta(1/2) z^0 w^1               strict  0 (alignments 0)  relaxed  0 (alignments 0)   (1052s)
Hu zeta(0) z^1 w^-1                strict  0 (alignments 0)  relaxed  0 (alignments 0)   (1069s)
Hu zeta(1/2) z^1 w^-1              strict  0 (alignments 0)  relaxed  0 (alignments 0)   (1086s)
Hu zeta(0) z^1 w^0                 strict  0 (alignments 0)  relaxed  0 (alignments 0)   (1104s)
Hu zeta(1/2) z^1 w^0               strict  0 (alignments 0)  relaxed  0 (alignments 0)   (1122s)
Hu zeta(0) z^1 w^1                 strict  0 (alignments 0)  relaxed  0 (alignments 0)   (1141s)
Hu zeta(1/2) z^1 w^1               strict  0 (alignments 0)  relaxed  0 (alignments 0)   (1159s)
