== SIG = H3(1,1,1) (572s)
  strict  partition structures 20  by (form, shape) {('column', (2, 8)): 3, ('column', (4, 4)): 5, ('column', (8, 2)): 2, ('row', (2, 8)): 3, ('row', (4, 4)): 5, ('row', (8, 2)): 2}
     column (2, 8)  valid alignments    128  of      128   realizing index maps 33560740233216000
     column (2, 8)  valid alignments    128  of      128   realizing index maps 33560740233216000
     column (2, 8)  valid alignments    128  of      128   realizing index maps 33560740233216000
     column (4, 4)  valid alignments      8  of    13824   realizing index maps 36691771392
     column (4, 4)  valid alignments     64  of    13824   realizing index maps 293534171136
     column (4, 4)  valid alignments      8  of    13824   realizing index maps 36691771392
     column (4, 4)  valid alignments      8  of    13824   realizing index maps 36691771392
     column (4, 4)  valid alignments      8  of    13824   realizing index maps 36691771392
     column (8, 2)  valid alignments      4  of    40320   realizing index maps 3329438515200
     column (8, 2)  valid alignments      4  of    40320   realizing index maps 3329438515200
     row    (2, 8)  valid alignments    128  of      128   realizing index maps 33560740233216000
     row    (2, 8)  valid alignments    128  of      128   realizing index maps 33560740233216000
     row    (2, 8)  valid alignments    128  of      128   realizing index maps 33560740233216000
     row    (4, 4)  valid alignments      8  of    13824   realizing index maps 36691771392
     row    (4, 4)  valid alignments     64  of    13824   realizing index maps 293534171136
     row    (4, 4)  valid alignments      8  of    13824   realizing index maps 36691771392
     row    (4, 4)  valid alignments      8  of    13824   realizing index maps 36691771392
     row    (4, 4)  valid alignments      8  of    13824   realizing index maps 36691771392
     row    (8, 2)  valid alignments      4  of    40320   realizing index maps 3329438515200
     row    (8, 2)  valid alignments      4  of    40320   realizing index maps 3329438515200
  relaxed partition structures 20  by (form, shape) {('column', (2, 8)): 3, ('column', (4, 4)): 5, ('column', (8, 2)): 2, ('row', (2, 8)): 3, ('row', (4, 4)): 5, ('row', (8, 2)): 2}
     column (2, 8)  valid alignments    128  of      128   realizing index maps 33560740233216000
     column (2, 8)  valid alignments    128  of      128   realizing index maps 33560740233216000
     column (2, 8)  valid alignments    128  of      128   realizing index maps 33560740233216000
     column (4, 4)  valid alignments      8  of    13824   realizing index maps 36691771392
     column (4, 4)  valid alignments     64  of    13824   realizing index maps 293534171136
     column (4, 4)  valid alignments      8  of    13824   realizing index maps 36691771392
     column (4, 4)  valid alignments      8  of    13824   realizing index maps 36691771392
     column (4, 4)  valid alignments      8  of    13824   realizing index maps 36691771392
     column (8, 2)  valid alignments      4  of    40320   realizing index maps 3329438515200
     column (8, 2)  valid alignments      4  of    40320   realizing index maps 3329438515200
     row    (2, 8)  valid alignments    128  of      128   realizing index maps 33560740233216000
     row    (2, 8)  valid alignments    128  of      128   realizing index maps 33560740233216000
     row    (2, 8)  valid alignments    128  of      128   realizing index maps 33560740233216000
     row    (4, 4)  valid alignments      8  of    13824   realizing index maps 36691771392
     row    (4, 4)  valid alignments     64  of    13824   realizing index maps 293534171136
     row    (4, 4)  valid alignments      8  of    13824   realizing index maps 36691771392
     row    (4, 4)  valid alignments      8  of    13824   realizing index maps 36691771392
     row    (4, 4)  valid alignments      8  of    13824   realizing index maps 36691771392
     row    (8, 2)  valid alignments      4  of    40320   realizing index maps 3329438515200
     row    (8, 2)  valid al