
=== A. Finite stages: SC-inf, BinaryVisible with a sharp pair, values, and unbounded rank ===
PASS [enumerate] stage1  -- 3 preparations, 2 sharp directions: table in [0,1]; v0 = e_{e1}, v1 = e_{-e1} sum to one with the sharp pair (e1, -e1); nested in the next stage with equal values (SC-inf); table rank 2 = n + 1
PASS [enumerate] stage2  -- 13 preparations, 4 sharp directions: table in [0,1]; v0 = e_{e1}, v1 = e_{-e1} sum to one with the sharp pair (e1, -e1); nested in the next stage with equal values (SC-inf); table rank 3 = n + 1
PASS [enumerate] stage3  -- 133 preparations, 6 sharp directions: table in [0,1]; v0 = e_{e1}, v1 = e_{-e1} sum to one with the sharp pair (e1, -e1); nested in the next stage with equal values (SC-inf); table rank 4 = n + 1
PASS [enumerate] stage4  -- 577 preparations, 8 sharp directions: table in [0,1]; v0 = e_{e1}, v1 = e_{-e1} sum to one with the sharp pair (e1, -e1); nested in the next stage with equal values (SC-inf); table rank 5 = n + 1
PASS [enumerate] stage5  -- 3021 preparations, 90 sharp directions: table in [0,1]; v0 = e_{e1}, v1 = e_{-e1} sum to one with the sharp pair (e1, -e1); nested in the next stage with equal values (SC-inf); table rank 6 = n + 1
PASS [enumerate] rank_unbounded_witness  -- stage ranks [2, 3, 4, 5, 6] grow without bound (one new coordinate per stage): the witness submatrix {unit, e_{e_i}} x {0, e_i} is (1+delta)/2-shaped of rank n+1
NOTE [written] A.subenumeration  -- the stages above enumerate only vectors with at most two nonzero coordinates (to keep the exact tables small); the countermodel is the FULL tower (every rational point of the ball of Q^n and every rational unit vector of Q^n with denominators <= n).  Its stage tables contain the ones above as submatrices (so rank >= n + 1, values, visible test and sharp pair are inherited) and are affine in x in Q^n (so rank <= n + 1).
PASS [enumerate] full_stage3  -- the unrestricted stage 3 (317 preparations, 30 rational unit directions, 24 of full support such as (1/3,2/3,2/3)): table in [0,1], rank 4 = n + 1
NOTE [written] A.not_finiteRank  -- under SC-inf the stage-n table rank is at most dim span(prepVec) = dim affineSpan(body) + 1 (restriction of the preparation vectors to the stage-n labels is linear, and they lie on the hyperplane unit = 1 off the origin); unbounded stage ranks therefore give an infinite-dimensional affine span: not FiniteRank.  Directly: prepVec(e_k) - prepVec(0), k = 1..n, are independent (their e_{e_j} coordinates are delta_jk/2).

=== B. The elementary package holds on the l2 tower ===
PASS [identity] ball_face_identity  -- 1 - <u,x> = |x-u|^2/2 + (1-|x|^2)/2 + (1-|u|^2)/2 (any dimension, coordinatewise): for |u| = 1, |x| <= 1, e_u(x) = 1 iff x = u, so every sharp test has one certain state
NOTE [written] B.package  -- the Hilbert ball is centrally symmetric about 0 (ELEM2 with e1, -e1, by the CS lemma) and strictly convex (inner-product space; KF:658 singletonFaces_closedBall, KF:617): GEOM2 and SingletonFaces(full) hold; capacity 2 (Lemma D, KF:632); HasTwoSharpTests (e_{e1}, e_{e2}); the visible pair (e1, -e1) is sharp at stage 1, so K-inf-Seed holds with an available seed (sharpSeed_completion)
PASS [sample] householder_label_dual  -- H_v with v = e1 - u maps e1 to u; the pullback of e_u along H is e_{Hu} with Hu a rational unit vector: a label dual (stage-raising: Hu has a larger denominator, so it sits at a later stage)
PASS [sample] householder_preserves_body  -- rational reflections preserve |x|: Prep-valued operation data
NOTE [written] B.dense_V4  -- rational unit vectors are dense in the unit sphere of l2 (stereographic projection of rational points, finitely supported); the countable family G of rational reflections H_{e1-u} therefore has a dense orbit on the boundary (the isometry x -> (e_u(x))_u carries density to the completion in l^inf(Label)), and, being label dual and self-inverse, satisfies SeedOrbitAvailable with avail = the stage effects.  Exact BoundaryTransitive holds with all orthogonal maps and avail = the pointwise closure of the stage effects.

=== C. The completion is not totally bounded in the operational metric ===
PASS [witness] operational_separation  -- for j != k the stage effect along (3/5)e_j - (4/5)e_k separates the states e_j, e_k by 7/10: infinitely many states pairwise at operational distance >= 7/10 in l^inf(Label)
NOTE [written] C.reading  -- so "the completed body is totally bounded in the operational sup-metric" (finite resolution at every precision) would exclude this tower; whether it implies FiniteRank for every body carrying the package is OPEN (wall: no infinite-dimensional analogue of TRB-1 / IIP-1 in the kernel; a Riesz-type lemma needs the available effects to norm the base norm, itself an availability premise).

=== C2. Countercontrol for Theorem R: a compact infinite-dimensional ellipsoid tower (V4 must fail) ===
PASS [enumerate] ellipsoid.tables_and_rank  -- tables in [0,1]; the points e_k/k are stage preparations; stage ranks [2, 3, 4, 5, 6] grow: not FiniteRank
PASS [enumerate] ellipsoid.only_e1_sharp  -- max over E of <u,x> is (sum u_i^2/i^2)^(1/2); a sharp available effect needs it = 1 = |u|, i.e. u = +-e1: of the 90 stage-5 directions only +-e1 give sharp effects (written for all u: sum u_i^2 (1 - 1/i^2) = 0)
PASS [witness] ellipsoid.V4_fails  -- the a-reflection along v = e1 - e2/2 preserves E (a-isometry, bounded rank-one perturbation), carries e1 to the a-unit vector e2/2, and transports the sharp seed (1 + x1)/2 to (1 + 2 x2)/2, whose direction (0,2) is not an l2-unit vector: not available.  The tower is compact, ELEM2 (centre 0), strictly convex (Hilbert a-norm), BoundaryTransitive under the a-orthogonal group, has a sharp visible pair (+-e1), and is not FiniteRank: V4 is load-bearing in Theorem R
NOTE [written] C2.theorem_R  -- Theorem R (written): let Om be convex and compact in V, RelStrictConvex (e.g. ELEM2 & GEOM2), G a group of affine automorphisms with PreservesBody and a dense boundary orbit, r a sharp seed with SeedOrbitAvailable G r avail, every member of avail 1-Lipschitz on V (stage coordinates of l^inf(Label) and their pointwise limits are).  Then FiniteRank Om.  Proof: N(v) = sup_g |lin(r o g^-1)(v)| is a G-invariant seminorm <= |.|_V; it separates points (a uniform limit of transports certain at both ends of a chord with N = 0 would be a proper effect certain at two points, against RelStrictConvex; Arzela-Ascoli); G acts on the N-compact Om by N-isometries, so it fixes some c0 (Kakutani); c0 is not a boundary state (dense orbits) so kappa = r(c0) < 1 (L2); for a boundary state z = c0 + t v, 1 - kappa <= sup_g (e_g(z) - e_g(c0)) <= t N(v), so Om contains the N-ball of radius 1 - kappa about c0 in the direction space D; that ball is N-compact, so dim D < infinity (Riesz).  Converse: FiniteRank => the closed bounded body in a finite-dimensional affine subspace is compact.

=== D. The finite-carrier route to FiniteRank is closed by the package ===
NOTE [written] D.finite_carrier  -- on a finite carrier FiniteRank is automatic but the body is a polytope (NG1, oistage note, re-checked in SA P4 C9).  ELEM2 & GEOM2 make the body relatively strictly convex; a relatively strictly convex polytope has dimension <= 1 (an edge midpoint of a polygon face is a boundary state).  With HasTwoSharpTests (K1-SHARP-TESTS-1: on eball d it is 2 <= d) that is a contradiction: the observer-native finite-carrier source of FiniteRank is incompatible with the elementary package beyond the classical bit (exact instances: the square, hexagon, pentagon and bipyramid controls of qa1_controls.py).

summary: witness 2, identity 1, enumerate 9, sample 2
qa3_l2tower: OK -- 14 exact checks
