Thread B, part 2 -- three-copy consistency of mismatched NOT splits (exact; Fractions only).

THE RELATIONS, stated before any computation.  Copies A, B, C of the d-ball; a used ordered pair (X -> Y) carries a
native CNOT G_XY on X (x) Y (X control, Y target), embedded in the three-copy space with the identity on the third copy.
  R2  (pairwise, every used ordered pair X -> Y):  F, P+-, Rt with the target NOT of Y, Rc with (control NOT of X,
      target NOT of Y)  -- NB-1's hypotheses in their two-NOT reading.
  T1  common control:  G_XY G_XZ = G_XZ G_XY.
  T2  common target:   G_XZ G_YZ = G_YZ G_XZ.
  T3  the chain identity (CNOT truth-table identity, extended off the frame as an operator identity):
          G_BC G_AB G_BC G_AB = G_AC         (composition right to left)
  T4  composite positivity: every product of used gates maps product states into the maximal tensor cone
      (checked as: value on product effects >= 0).  Exact here only through a reduction identity plus the written
      disc argument; floating point only as labelled exploration.
  NOT assumed anywhere: SWAP, any exchange relation, G_YX determined by G_XY, any continuous local group.


PASS 2.1 d=5 Model I: of all (used-pair set, split assignment) configurations meeting the necessary conditions, 78 have mismatched splits; every one is role-pure (no copy both control and target); shapes ['in-star', 'out-star', 'single edge']; control splits forced to (2,2), target p in {0,1}
PASS 2.1 d=5 Model I: a copy in both roles needs p <= 1 and p = d - 1 - p, impossible for d = 5 (possible only for d in {1, 3})
PASS 2.1 d=7 Model I: of all (used-pair set, split assignment) configurations meeting the necessary conditions, 102 have mismatched splits; every one is role-pure (no copy both control and target); shapes ['in-star', 'out-star', 'single edge']; control splits forced to (3,3), target p in {0,1}
PASS 2.1 d=7 Model I: a copy in both roles needs p <= 1 and p = d - 1 - p, impossible for d = 7 (possible only for d in {1, 3})
PASS 2.2 d=5 Model I out-star, NOTs (A, B, C) splits [(2, 2), (1, 3), (1, 3)]: R2 for both used pairs (two-copy and embedded), T1, G^2 = I
PASS 2.2 d=5 Model I out-star: the group generated by the used gates and the local NOTs has order 32, and every element is (local NOTs) x (I, G1, G2 or G1 G2)
PASS 2.2 d=5 Model I in-star, NOTs (A, B, C) splits [(2, 2), (2, 2), (1, 3)]: R2 for both used pairs (two-copy and embedded), T2, G^2 = I
PASS 2.2 d=5 Model I in-star: the group generated by the used gates and the local NOTs has order 32, and every element is (local NOTs) x (I, G1, G2 or G1 G2)
PASS 2.2 d=7 Model I out-star, NOTs (A, B, C) splits [(3, 3), (1, 5), (1, 5)]: R2 for both used pairs (two-copy and embedded), T1, G^2 = I
PASS 2.2 d=7 Model I out-star: the group generated by the used gates and the local NOTs has order 32, and every element is (local NOTs) x (I, G1, G2 or G1 G2)
PASS 2.2 d=7 Model I in-star, NOTs (A, B, C) splits [(3, 3), (3, 3), (1, 5)]: R2 for both used pairs (two-copy and embedded), T2, G^2 = I
PASS 2.2 d=7 Model I in-star: the group generated by the used gates and the local NOTs has order 32, and every element is (local NOTs) x (I, G1, G2 or G1 G2)
PASS 2.2 T4 out-star: for G1, G2 and G2 G1 the value tensor equals F(invariants) EXACTLY at d = 3, 5, 7 (invariants per control copy: s_z, f_z, f.s, f.Js; per target copy: t_x, g_x, g-.t-, g-.Kt-), and the coefficient tensor F is the same at d = 5 and 7 as for the d = 3 quantum composite (27, 27, 27 nonzero coefficients)
PASS 2.2 T4 in-star: for G1, G2 and G2 G1 the value tensor equals F(invariants) EXACTLY at d = 3, 5, 7 (invariants per control copy: s_z, f_z, f.s, f.Js; per target copy: t_x, g_x, g-.t-, g-.Kt-), and the coefficient tensor F is the same at d = 5 and 7 as for the d = 3 quantum composite (27, 27, 27 nonzero coefficients)
PASS 2.2 countercontrol (matched): d = 3 complex CNOT, one N on every copy, all six ordered pairs: R2, T1, T2 and T3 (all six labelings) hold exactly; T4 holds by quantum theory (the gates are unitary channels)
PASS 2.3 d=5 two-NOT J/K model: S1/S2 structure holds with the TARGET NOT N_B and FAILS with the control NOT N_A; G maps T (x) V-(N_B) into itself, injectively, anticommuting with N_A (x) I there (S5 in its two-NOT reading: p_A = q_A = 2)
PASS 2.3 d=7 two-NOT J/K model: S1/S2 structure holds with the TARGET NOT N_B and FAILS with the control NOT N_A; G maps T (x) V-(N_B) into itself, injectively, anticommuting with N_A (x) I there (S5 in its two-NOT reading: p_A = q_A = 3)
PASS 2.4 lemma positive control (d=3): G_AB with target NOT N_B = g N g^-1 != N, G_AC = CNOT, G_BC = (g(x)I) CNOT (g^-1(x)I): T3 holds, and G_BC meets Rc(N_B, N_C) with N_C = N (the lemma's conclusion)
PASS 2.4 lemma control (d=3): the complex CNOT meets Rc(N_B, N) as well as Rc(N, N) (its control NOT is not unique), and with G_BC = CNOT T3 also holds
PASS 2.4 lemma negative control (d=3): G_BC = CNOT (R (x) I) meets F, P+- (local automorphism after CNOT), Rt(N), and fails Rc(N', N) for N' in {coordinate NOTs, N_B}; T3 FAILS, as the lemma's contrapositive requires
PASS 2.4 d=5 Model II: the other ordering of the chain identity, G_AB G_BC G_AB G_BC = G_AC, also FAILS for all six labelings (it holds for the d = 3 complex CNOT)
PASS 2.4 d=5 Model II (N^c split (2, 2), N^t split (1, 3), the J/K gate on all six ordered pairs): R2 holds for every pair, T1 and T2 hold, T3 FAILS for all six labelings
PASS 2.4 d=5: on the corner sector A = k_a the T3 defect equals k_a (x) [G(m_a (x) I)G(m_a (x) I) - I (x) m_a] exactly; (*0) holds (G^2 = I) and the (*1) defect D1 equals G D2 with D2 the defect of Rc(N^t, N^t), which is nonzero
PASS 2.4 d=7 Model II: the other ordering of the chain identity, G_AB G_BC G_AB G_BC = G_AC, also FAILS for all six labelings (it holds for the d = 3 complex CNOT)
PASS 2.4 d=7 Model II (N^c split (3, 3), N^t split (1, 5), the J/K gate on all six ordered pairs): R2 holds for every pair, T1 and T2 hold, T3 FAILS for all six labelings
PASS 2.4 d=7: on the corner sector A = k_a the T3 defect equals k_a (x) [G(m_a (x) I)G(m_a (x) I) - I (x) m_a] exactly; (*0) holds (G^2 = I) and the (*1) defect D1 equals G D2 with D2 the defect of Rc(N^t, N^t), which is nonzero
PASS 2.4 d=5 Model II J/K gate: the two-copy composite G_BA G_AB sends the pure product state (u -1 e2) (x) (u -1 e3) outside the maximal tensor cone: product effect (u -1 e2) (x) (u +1 e4) has value -1
PASS 2.4 d=7 Model II J/K gate: the two-copy composite G_BA G_AB sends the pure product state (u +1 e1) (x) (u +1 e4) outside the maximal tensor cone: product effect (u +1 e6) (x) (u -1 e1) has value -1
part2: OK -- 28 checks
