(2) sign solutions of |a_i| = |k_i| = 1 with a1 k1 + a2 k2 = 0: 8
    candidate gates: 32
    the inverse of each candidate is a candidate: True
    all satisfy F, Rt, Rc and are invertible: True ; G^2 = I for 8 of 32
(3) classes under the 16 local O-type relabellings: 8  sizes [4, 4, 4, 4, 4, 4, 4, 4]
    classes under the 4 local SO-type relabellings: 16  sizes [2, 2, 2, 2, 2, 2, 2, 2, 2, 2, 2, 2, 2, 2, 2, 2]
(4) candidates that are unitary conjugations in the standard embedding: 4
      ((-1, -1), (-1, -1, 1, -1))
      ((-1, -1), (1, 1, -1, 1))
      ((1, 1), (-1, -1, 1, -1))
      ((1, 1), (1, 1, -1, 1))
    O-class 0 members unitary: [False, True, True, False]
    O-class 1 members unitary: [False, False, False, False]
    O-class 2 members unitary: [False, False, False, False]
    O-class 3 members unitary: [False, False, False, False]
    O-class 4 members unitary: [False, False, False, False]
    O-class 5 members unitary: [False, False, False, False]
    O-class 6 members unitary: [False, True, True, False]
    O-class 7 members unitary: [False, False, False, False]
    SO-class 0 [((1, 1), (-1, -1, -1, 1)), ((1, 1), (1, 1, 1, -1))] not unitary (consistent)
    SO-class 1 [((1, 1), (-1, -1, 1, -1)), ((1, 1), (1, 1, -1, 1))] unitary (consistent)
    SO-class 2 [((1, 1), (-1, 1, -1, -1)), ((1, 1), (1, -1, 1, 1))] not unitary (consistent)
    SO-class 3 [((1, 1), (-1, 1, 1, 1)), ((1, 1), (1, -1, -1, -1))] not unitary (consistent)
    SO-class 4 [((1, -1), (-1, -1, -1, 1)), ((1, -1), (1, 1, 1, -1))] not unitary (consistent)
    SO-class 5 [((1, -1), (-1, -1, 1, -1)), ((1, -1), (1, 1, -1, 1))] not unitary (consistent)
    SO-class 6 [((1, -1), (-1, 1, -1, -1)), ((1, -1), (1, -1, 1, 1))] not unitary (consistent)
    SO-class 7 [((1, -1), (-1, 1, 1, 1)), ((1, -1), (1, -1, -1, -1))] not unitary (consistent)
    SO-class 8 [((-1, 1), (-1, -1, -1, 1)), ((-1, 1), (1, 1, 1, -1))] not unitary (consistent)
    SO-class 9 [((-1, 1), (-1, -1, 1, -1)), ((-1, 1), (1, 1, -1, 1))] not unitary (consistent)
    SO-class 10 [((-1, 1), (-1, 1, -1, -1)), ((-1, 1), (1, -1, 1, 1))] not unitary (consistent)
    SO-class 11 [((-1, 1), (-1, 1, 1, 1)), ((-1, 1), (1, -1, -1, -1))] not unitary (consistent)
    SO-class 12 [((-1, -1), (-1, -1, -1, 1)), ((-1, -1), (1, 1, 1, -1))] not unitary (consistent)
    SO-class 13 [((-1, -1), (-1, -1, 1, -1)), ((-1, -1), (1, 1, -1, 1))] unitary (consistent)
    SO-class 14 [((-1, -1), (-1, 1, -1, -1)), ((-1, -1), (1, -1, 1, 1))] not unitary (consistent)
    SO-class 15 [((-1, -1), (-1, 1, 1, 1)), ((-1, -1), (1, -1, -1, -1))] not unitary (consistent)
exit 0 time 11s
