(2) sign solutions of |a_i| = |k_i| = 1 with a1 k1 + a2 k2 = 0: 8
    candidate gates: 32
    the inverse of each candidate is a candidate: True
    all satisfy F, Rt, Rc and are invertible: True ; G^2 = I for 8 of 32
(3) classes under the 16 local O-type relabellings: 8  sizes [4, 4, 4, 4, 4, 4, 4, 4]
    classes under the 4 local SO-type relabellings: 16  sizes [2, 2, 2, 2, 2, 2, 2, 2, 2, 2, 2, 2, 2, 2, 2, 2]
SO-class  0 ((1, 1), (-1, -1, -1, 1)) survives : PT_B-conjugate of a unitary
SO-class  1 ((1, 1), (-1, -1, 1, -1)) survives : unitary
SO-class  2 ((1, 1), (-1, 1, -1, -1)) fails    : none of these
SO-class  3 ((1, 1), (-1, 1, 1, 1)) fails    : none of these
SO-class  4 ((1, -1), (-1, -1, -1, 1)) fails    : PT_B after a unitary
SO-class  5 ((1, -1), (-1, -1, 1, -1)) fails    : unitary after PT_B
SO-class  6 ((1, -1), (-1, 1, -1, -1)) survives : antiunitary (T.U)
SO-class  7 ((1, -1), (-1, 1, 1, 1)) survives : PT_B-conjugate of an antiunitary
SO-class  8 ((-1, 1), (-1, -1, -1, 1)) fails    : PT_B after a unitary
SO-class  9 ((-1, 1), (-1, -1, 1, -1)) fails    : unitary after PT_B
SO-class 10 ((-1, 1), (-1, 1, -1, -1)) survives : antiunitary (T.U)
SO-class 11 ((-1, 1), (-1, 1, 1, 1)) survives : PT_B-conjugate of an antiunitary
SO-class 12 ((-1, -1), (-1, -1, -1, 1)) survives : PT_B-conjugate of a unitary
SO-class 13 ((-1, -1), (-1, -1, 1, -1)) survives : unitary
SO-class 14 ((-1, -1), (-1, 1, -1, -1)) fails    : none of these
SO-class 15 ((-1, -1), (-1, 1, 1, 1)) fails    : none of these
exit 0 time 28s
