(0) builder reproduces the complex CNOT with M0 = I, A = I, K = [[0,-1],[1,0]]: True
(1) M0 = (1, 1) : value = (1+s_z f_z)(1+g_x t'_x) + (s_z+f_z)(g-.t'-) + (f.As)(g_x+t'_x) + (f.Ks)(g- x t'-): True
(1) M0 = (1, -1) : value = (1+s_z f_z)(1+g_x t'_x) + (s_z+f_z)(g-.t'-) + (f.As)(g_x+t'_x) + (f.Ks)(g- x t'-): True
(1) M0 = (-1, 1) : value = (1+s_z f_z)(1+g_x t'_x) + (s_z+f_z)(g-.t'-) + (f.As)(g_x+t'_x) + (f.Ks)(g- x t'-): True
(1) M0 = (-1, -1) : value = (1+s_z f_z)(1+g_x t'_x) + (s_z+f_z)(g-.t'-) + (f.As)(g_x+t'_x) + (f.Ks)(g- x t'-): True
(2) sign solutions of |a_i| = |k_i| = 1 with a1 k1 + a2 k2 = 0: 8
    candidate gates: 32
    the inverse of each candidate is a candidate: True
    all satisfy F, Rt, Rc and are invertible: True ; G^2 = I for 8 of 32
(3) classes under the 16 local O-type relabellings: 8  sizes [4, 4, 4, 4, 4, 4, 4, 4]
    classes under the 4 local SO-type relabellings: 16  sizes [2, 2, 2, 2, 2, 2, 2, 2, 2, 2, 2, 2, 2, 2, 2, 2]
SO-class  0 (PT_B . unitary . PT_B, order 2): dim Lie = 15; equals su(4) image: False; equals PT_B su(4) PT_B: True
SO-class  1 (unitary, order 2): dim Lie = 15; equals su(4) image: True; equals PT_B su(4) PT_B: False
SO-class  6 (antiunitary, order 2): dim Lie = 15; equals su(4) image: True; equals PT_B su(4) PT_B: False
SO-class  7 (PT_B . antiunitary . PT_B, order 2): dim Lie = 15; equals su(4) image: False; equals PT_B su(4) PT_B: True
SO-class 10 (antiunitary, order 4): dim Lie = 15; equals su(4) image: True; equals PT_B su(4) PT_B: False
SO-class 11 (PT_B . antiunitary . PT_B, order 4): dim Lie = 15; equals su(4) image: False; equals PT_B su(4) PT_B: True
SO-class 12 (PT_B . unitary . PT_B, order 4): dim Lie = 15; equals su(4) image: False; equals PT_B su(4) PT_B: True
SO-class 13 (unitary, order 4): dim Lie = 15; equals su(4) image: True; equals PT_B su(4) PT_B: False
exit 0 time 19s
