(0) builder reproduces the complex CNOT with M0 = I, A = I, K = [[0,-1],[1,0]]: True
(1) M0 = (1, 1) : value = (1+s_z f_z)(1+g_x t'_x) + (s_z+f_z)(g-.t'-) + (f.As)(g_x+t'_x) + (f.Ks)(g- x t'-): True
(1) M0 = (1, -1) : value = (1+s_z f_z)(1+g_x t'_x) + (s_z+f_z)(g-.t'-) + (f.As)(g_x+t'_x) + (f.Ks)(g- x t'-): True
(1) M0 = (-1, 1) : value = (1+s_z f_z)(1+g_x t'_x) + (s_z+f_z)(g-.t'-) + (f.As)(g_x+t'_x) + (f.Ks)(g- x t'-): True
(1) M0 = (-1, -1) : value = (1+s_z f_z)(1+g_x t'_x) + (s_z+f_z)(g-.t'-) + (f.As)(g_x+t'_x) + (f.Ks)(g- x t'-): True
(2) sign solutions of |a_i| = |k_i| = 1 with a1 k1 + a2 k2 = 0: 8
    candidate gates: 32
    the inverse of each candidate is a candidate: True
    all satisfy F, Rt, Rc and are invertible: True ; G^2 = I for 8 of 32
(3) classes under the 16 local O-type relabellings: 8  sizes [4, 4, 4, 4, 4, 4, 4, 4]
    classes under the 4 local SO-type relabellings: 16  sizes [2, 2, 2, 2, 2, 2, 2, 2, 2, 2, 2, 2, 2, 2, 2, 2]
failing SO-class  2: fixes u(x)u and preserves its complement: True; orthogonal: True
failing SO-class  3: fixes u(x)u and preserves its complement: True; orthogonal: True
failing SO-class  4: fixes u(x)u and preserves its complement: True; orthogonal: True
failing SO-class  5: fixes u(x)u and preserves its complement: True; orthogonal: True
failing SO-class  8: fixes u(x)u and preserves its complement: True; orthogonal: True
failing SO-class  9: fixes u(x)u and preserves its complement: True; orthogonal: True
failing SO-class 14: fixes u(x)u and preserves its complement: True; orthogonal: True
failing SO-class 15: fixes u(x)u and preserves its complement: True; orthogonal: True
local generators antisymmetric with zero u(x)u row/column: True
|w|^2 of a pure product state (x0 = 1): 3
exit 0 time 14s
