m 1 row-0 stabilizer 32 cubes 2
  m 1 y0 (1, 0, 0, 0, 0, 0, 0, 0, 0, 0, 0, 0, 0, 0, 0, 0) UNSAT 2406s
  m 1 y0 (0, 1, 0, 0, 0, 0, 0, 0, 0, 0, 0, 0, 0, 0, 0, 0) UNSAT 3717s
m 2 row-0 stabilizer 32 cubes 24
  m 2 y0 (1, 1, 0, 0, 0, 0, 0, 0, 0, 0, 0, 0, 0, 0, 0, 0) UNSAT 3844s
  m 2 y0 (1, -1, 0, 0, 0, 0, 0, 0, 0, 0, 0, 0, 0, 0, 0, 0) UNSAT 3971s
  m 2 y0 (1, 0, 1, 0, 0, 0, 0, 0, 0, 0, 0, 0, 0, 0, 0, 0) UNSAT 4186s
  m 2 y0 (1, 0, -1, 0, 0, 0, 0, 0, 0, 0, 0, 0, 0, 0, 0, 0) UNSAT 4253s
  m 2 y0 (1, 0, 0, 0, 1, 0, 0, 0, 0, 0, 0, 0, 0, 0, 0, 0) UNSAT 4382s
  m 2 y0 (1, 0, 0, 0, -1, 0, 0, 0, 0, 0, 0, 0, 0, 0, 0, 0) UNSAT 4457s
  m 2 y0 (1, 0, 0, 0, 0, 1, 0, 0, 0, 0, 0, 0, 0, 0, 0, 0) UNSAT 4533s
  m 2 y0 (1, 0, 0, 0, 0, -1, 0, 0, 0, 0, 0, 0, 0, 0, 0, 0) UNSAT 4657s
  m 2 y0 (1, 0, 0, 0, 0, 0, 1, 0, 0, 0, 0, 0, 0, 0, 0, 0) UNSAT 4767s
  m 2 y0 (1, 0, 0, 0, 0, 0, -1, 0, 0, 0, 0, 0, 0, 0, 0, 0) UNSAT 4879s
  m 2 y0 (1, 0, 0, 0, 0, 0, 0, 0, 1, 0, 0, 0, 0, 0, 0, 0) UNSAT 5061s
  m 2 y0 (1, 0, 0, 0, 0, 0, 0, 0, -1, 0, 0, 0, 0, 0, 0, 0) UNSAT 5105s
  m 2 y0 (1, 0, 0, 0, 0, 0, 0, 0, 0, 1, 0, 0, 0, 0, 0, 0) UNSAT 5199s
  m 2 y0 (1, 0, 0, 0, 0, 0, 0, 0, 0, -1, 0, 0, 0, 0, 0, 0) UNSAT 5304s
  m 2 y0 (1, 0, 0, 0, 0, 0, 0, 0, 0, 0, 1, 0, 0, 0, 0, 0) UNSAT 5476s
  m 2 y0 (1, 0, 0, 0, 0, 0, 0, 0, 0, 0, -1, 0, 0, 0, 0, 0) UNSAT 5529s
  m 2 y0 (0, 1, 0, 1, 0, 0, 0, 0, 0, 0, 0, 0, 0, 0, 0, 0) UNSAT 5663s
  m 2 y0 (0, 1, 0, -1, 0, 0, 0, 0, 0, 0, 0, 0, 0, 0, 0, 0) UNSAT 5700s
  m 2 y0 (0, 1, 0, 0, 1, 0, 0, 0, 0, 0, 0, 0, 0, 0, 0, 0) UNSAT 5775s
  m 2 y0 (0, 1, 0, 0, -1, 0, 0, 0, 0, 0, 0, 0, 0, 0, 0, 0) UNSAT 5879s
  m 2 y0 (0, 1, 0, 0, 0, 0, 0, 0, 0, 1, 0, 0, 0, 0, 0, 0) UNSAT 6043s
  m 2 y0 (0, 1, 0, 0, 0, 0, 0, 0, 0, -1, 0, 0, 0, 0, 0, 0) UNSAT 6080s
  m 2 y0 (0, 1, 0, 0, 0, 0, 0, 0, 0, 0, 0, 1, 0, 0, 0, 0) UNSAT 6209s
  m 2 y0 (0, 1, 0, 0, 0, 0, 0, 0, 0, 0, 0, -1, 0, 0, 0, 0) UNSAT 6253s
DONE
