0x1 r 1 LB 16 gens 1 W_R in [('k1', 'col'), ('k1', 'row'), ('k2', 'col')]
0x3 r 2 LB 32 gens 2 W_R in [('k1', 'col'), ('k1', 'row'), ('k2', 'col')]
0x5 r 2 LB 16 gens 4 W_R in [('k1', 'row'), ('k2', 'row'), ('k3', 'row')]
0x11 r 2 LB 32 gens 2 W_R in [('k1', 'col'), ('k1', 'row'), ('k2', 'col')]
0x12 r 2 LB 32 gens 2 W_R in [('k1', 'col'), ('k1', 'row'), ('k2', 'col')]
0x14 r 2 LB 32 gens 2 W_R in [('k1', 'col'), ('k1', 'row'), ('k2', 'col')]
0x101 r 2 LB 16 gens 4 W_R in [('k2', 'row'), ('k4', 'row'), ('e2', 'row')]
0x102 r 2 LB 32 gens 2 W_R in [('k1', 'col'), ('k1', 'row'), ('k2', 'col')]
0x104 r 2 LB 16 gens 4 W_R in [('k2', 'row'), ('t1', 'row'), ('t2', 'row')]
0x7 r 3 LB 24 gens 8 W_R in [('k1', 'row'), ('t1', 'row')]
0x15 r 3 LB 32 gens 5 W_R in [('k1', 'row'), ('k2', 'row'), ('k3', 'row')]
0x1a r 3 LB 32 gens 5 W_R in [('k1', 'row'), ('k2', 'row'), ('k3', 'row')]
0x103 r 3 LB 32 gens 5 W_R in [('k2', 'row'), ('k4', 'row'), ('e2', 'row')]
0x105 r 3 LB 24 gens 12 W_R in [('k2', 'row'), ('t1', 'row'), ('t2', 'row')]
0x106 r 3 LB 32 gens 5 W_R in [('k2', 'row'), ('t1', 'row'), ('t2', 'row')]
0x10a r 3 LB 24 gens 8 W_R in [('k3', 'row'), ('t1', 'row')]
0x111 r 3 LB 24 gens 8 W_R in [('k4', 'row'), ('t2', 'row')]
0x114 r 3 LB 32 gens 5 W_R in [('k2', 'row'), ('t1', 'row'), ('t2', 'row')]
0x121 r 3 LB 32 gens 5 W_R in [('k2', 'row'), ('k4', 'row'), ('e2', 'row')]
0x124 r 3 LB 32 gens 5 W_R in [('k2', 'row'), ('t1', 'row'), ('t2', 'row')]
0x141 r 3 LB 24 gens 8 W_R in [('t2', 'row')]
0xf r 4 LB 16 gens 16 W_R in [('k1', 'row'), ('t1', 'row')]
0x17 r 4 LB 40 gens 9 W_R in [('k1', 'row'), ('t1', 'row')]
0x1b r 4 LB 40 gens 9 W_R in [('k1', 'row'), ('t1', 'row')]
0x1e r 4 LB 40 gens 9 W_R in [('k1', 'row'), ('t1', 'row')]
0x55 r 4 LB 32 gens 8 W_R in [('k1', 'row'), ('k2', 'row'), ('k3', 'row')]
0x5a r 4 LB 32 gens 8 W_R in [('k1', 'row'), ('k2', 'row'), ('k3', 'row')]
0x107 r 4 LB 32 gens 16 W_R in [('t1', 'row')]
0x10b r 4 LB 32 gens 16 W_R in [('t1', 'row')]
0x10e r 4 LB 32 gens 16 W_R in [('t1', 'row')]
0x113 r 4 LB 40 gens 9 W_R in [('k4', 'row'), ('t2', 'row')]
0x115 r 4 LB 32 gens 16 W_R in [('t2', 'row')]
0x11a r 4 LB 40 gens 9 W_R in [('k3', 'row'), ('t1', 'row')]
0x125 r 4 LB 40 gens 13 W_R in [('k2', 'row'), ('t1', 'row'), ('t2', 'row')]
0x12a r 4 LB 40 gens 9 W_R in [('k3', 'row'), ('t1', 'row')]
0x131 r 4 LB 40 gens 9 W_R in [('k4', 'row'), ('t2', 'row')]
0x143 r 4 LB 40 gens 9 W_R in [('t2', 'row')]
0x145 r 4 LB 32 gens 16 W_R in [('t2', 'row')]
0x14a r 4 LB 40 gens 9 W_R in [('k3', 'row'), ('t1', 'row')]
0x151 r 4 LB 32 gens 16 W_R in [('t2', 'row')]
0x154 r 4 LB 32 gens 8 W_R in [('k2', 'row'), ('t1', 'row'), ('t2', 'row')]
0x161 r 4 LB 40 gens 9 W_R in [('t2', 'row')]
0x1a1 r 4 LB 32 gens 8 W_R in [('k2', 'row'), ('t1', 'row'), ('t2', 'row')]
0x1a4 r 4 LB 32 gens 8 W_R in [('k2', 'row'), ('t1', 'row'), ('t2', 'row')]
0x303 r 4 LB 32 gens 8 W_R in [('k2', 'row'), ('k4', 'row'), ('e2', 'row')]
0x305 r 4 LB 32 gens 16 W_R in [('t1', 'row')]
0x306 r 4 LB 32 gens 8 W_R in [('k2', 'row'), ('t1', 'row'), ('t2', 'row')]
0x30c r 4 LB 32 gens 8 W_R in [('k2', 'row'), ('t1', 'row'), ('t2', 'row')]
0x505 r 4 LB 16 gens 16 W_R in [('k2', 'row'), ('t1', 'row'), ('t2', 'row')]
0x50a r 4 LB 16 gens 16 W_R in [('k3', 'row'), ('t1', 'row')]
0x1111 r 4 LB 16 gens 16 W_R in [('k4', 'row'), ('t2', 'row')]
0x1112 r 4 LB 40 gens 9 W_R in [('k4', 'row'), ('t2', 'row')]
0x1114 r 4 LB 32 gens 16 W_R in [('t2', 'row')]
0x1144 r 4 LB 32 gens 8 W_R in [('k2', 'row'), ('t1', 'row'), ('t2', 'row')]
0x1212 r 4 LB 32 gens 8 W_R in [('k2', 'row'), ('k4', 'row'), ('e2', 'row')]
0x1214 r 4 LB 40 gens 9 W_R in [('t2', 'row')]
0x1218 r 4 LB 32 gens 8 W_R in [('k2', 'row'), ('t1', 'row'), ('t2', 'row')]
0x1248 r 4 LB 32 gens 8 W_R in [('k2', 'row'), ('t1', 'row'), ('t2', 'row')]
0x1414 r 4 LB 16 gens 16 W_R in [('t2', 'row')]
0x1f r 5 LB 32 gens 17 W_R in [('k1', 'row'), ('t1', 'row')]
0x57 r 5 LB 40 gens 12 W_R in [('k1', 'row'), ('t1', 'row')]
0x5b r 5 LB 40 gens 12 W_R in [('k1', 'row'), ('t1', 'row')]
0x10f r 5 LB 24 gens 36 W_R in [('t1', 'row')]
0x117 r 5 LB 40 gens 20 W_R in []
0x11b r 5 LB 40 gens 20 W_R in []
0x147 r 5 LB 40 gens 20 W_R in []
0x14b r 5 LB 40 gens 20 W_R in []
0x155 r 5 LB 40 gens 24 W_R in [('t2', 'row')]
0x15a r 5 LB 40 gens 12 W_R in [('k3', 'row'), ('t1', 'row')]
0x171 r 5 LB 40 gens 20 W_R in []
0x174 r 5 LB 40 gens 12 W_R in [('t1', 'row')]
0x1a5 r 5 LB 40 gens 16 W_R in [('k2', 'row'), ('t1', 'row'), ('t2', 'row')]
0x1aa r 5 LB 40 gens 12 W_R in [('k3', 'row'), ('t1', 'row')]
0x1b1 r 5 LB 40 gens 16 W_R in []
0x1b4 r 5 LB 40 gens 12 W_R in [('t1', 'row')]
0x1e1 r 5 LB 40 gens 16 W_R in []
0x307 r 5 LB 40 gens 24 W_R in [('t1', 'row')]
0x30d r 5 LB 40 gens 24 W_R in [('t1', 'row')]
0x313 r 5 LB 40 gens 12 W_R in [('k4', 'row'), ('t2', 'row')]
0x315 r 5 LB 40 gens 20 W_R in []
0x319 r 5 LB 40 gens 12 W_R in [('t2', 'row')]
0x343 r 5 LB 40 gens 12 W_R in [('t2', 'row')]
0x345 r 5 LB 40 gens 20 W_R in []
0x349 r 5 LB 40 gens 12 W_R in [('t2', 'row')]
0x507 r 5 LB 24 gens 32 W_R in [('t1', 'row')]
0x50b r 5 LB 24 gens 36 W_R in [('t1', 'row')]
0x515 r 5 LB 24 gens 32 W_R in [('t2', 'row')]
0x51a r 5 LB 32 gens 17 W_R in [('k3', 'row'), ('t1', 'row')]
0x525 r 5 LB 24 gens 32 W_R in [('t3', 'row')]
0x1113 r 5 LB 32 gens 17 W_R in [('k4', 'row'), ('t2', 'row')]
0x1115 r 5 LB 24 gens 36 W_R in [('t2', 'row')]
0x111a r 5 LB 40 gens 16 W_R in []
0x1145 r 5 LB 40 gens 24 W_R in [('t2', 'row')]
0x114a r 5 LB 40 gens 12 W_R in [('t1', 'row')]
0x1213 r 5 LB 40 gens 12 W_R in [('k4', 'row'), ('t2', 'row')]
0x1215 r 5 LB 40 gens 20 W_R in []
0x1216 r 5 LB 40 gens 12 W_R in [('t2', 'row')]
0x1219 r 5 LB 40 gens 12 W_R in [('t2', 'row')]
0x121a r 5 LB 40 gens 16 W_R in [('k2', 'row'), ('t1', 'row'), ('t2', 'row')]
0x121c r 5 LB 40 gens 12 W_R in [('t2', 'row')]
0x1245 r 5 LB 40 gens 12 W_R in [('t1', 'row')]
0x124a r 5 LB 40 gens 16 W_R in [('k2', 'row'), ('t1', 'row'), ('t2', 'row')]
0x1415 r 5 LB 24 gens 36 W_R in [('t2', 'row')]
0x1416 r 5 LB 32 gens 17 W_R in [('t2', 'row')]
0x141a r 5 LB 40 gens 16 W_R in []
0x5f r 6 LB 32 gens 20 W_R in [('k1', 'row'), ('t1', 'row')]
0x11f r 6 LB 32 gens 40 W_R in []
0x12f r 6 LB 40 gens 37 W_R in [('t1', 'row')]
0x14f r 6 LB 32 gens 40 W_R in []
0x1f1 r 6 LB 32 gens 28 W_R in []
0x1f4 r 6 LB 32 gens 20 W_R in [('t1', 'row')]
0x30f r 6 LB 32 gens 56 W_R in [('t1', 'row')]
0x50f r 6 LB 24 gens 48 W_R in [('t1', 'row')]
0x517 r 6 LB 32 gens 48 W_R in []
0x51b r 6 LB 32 gens 40 W_R in []
0x51e r 6 LB 32 gens 40 W_R in []
0x527 r 6 LB 32 gens 48 W_R in []
0x52b r 6 LB 40 gens 37 W_R in [('t1', 'row')]
0x52d r 6 LB 32 gens 48 W_R in []
0x535 r 6 LB 32 gens 48 W_R in []
0x555 r 6 LB 24 gens 32 W_R in [('t2', 'row')]
0x55a r 6 LB 32 gens 20 W_R in [('k3', 'row'), ('t1', 'row')]
0x5a5 r 6 LB 24 gens 32 W_R in [('t3', 'row')]
0x707 r 6 LB 24 gens 32 W_R in [('t1', 'row')]
0x70b r 6 LB 32 gens 56 W_R in [('t1', 'row')]
0x70d r 6 LB 24 gens 32 W_R in [('t1', 'row')]
0x1117 r 6 LB 32 gens 40 W_R in []
0x111b r 6 LB 32 gens 28 W_R in []
0x1135 r 6 LB 40 gens 37 W_R in [('t2', 'row')]
0x1155 r 6 LB 32 gens 56 W_R in [('t2', 'row')]
0x1313 r 6 LB 32 gens 20 W_R in [('k4', 'row'), ('t2', 'row')]
0x1315 r 6 LB 32 gens 40 W_R in []
0x1319 r 6 LB 32 gens 20 W_R in [('t2', 'row')]
0x1417 r 6 LB 32 gens 40 W_R in []
0x141e r 6 LB 32 gens 28 W_R in []
0x1435 r 6 LB 40 gens 37 W_R in [('t2', 'row')]
0x1455 r 6 LB 32 gens 56 W_R in [('t2', 'row')]
0x1515 r 6 LB 24 gens 48 W_R in [('t2', 'row')]
0x1516 r 6 LB 32 gens 40 W_R in []
0x151a r 6 LB 32 gens 28 W_R in []
0x1525 r 6 LB 32 gens 48 W_R in []
0x1545 r 6 LB 24 gens 32 W_R in [('t2', 'row')]
0x154a r 6 LB 32 gens 20 W_R in [('t1', 'row')]
0x1616 r 6 LB 32 gens 20 W_R in [('t2', 'row')]
0x161c r 6 LB 32 gens 20 W_R in [('t2', 'row')]
0x1a1a r 6 LB 24 gens 32 W_R in [('t3', 'row')]
0x1a4a r 6 LB 24 gens 32 W_R in [('t3', 'row')]
0x7f r 7 LB 40 gens 24 W_R in [('k1', 'row'), ('t1', 'row')]
0x15f r 7 LB 40 gens 48 W_R in []
0x1af r 7 LB 40 gens 40 W_R in [('t1', 'row')]
0x1f5 r 7 LB 40 gens 36 W_R in []
0x1fa r 7 LB 40 gens 24 W_R in [('t1', 'row')]
0x31f r 7 LB 40 gens 60 W_R in []
0x34f r 7 LB 40 gens 60 W_R in []
0x51f r 7 LB 32 gens 64 W_R in []
0x52f r 7 LB 32 gens 64 W_R in []
0x537 r 7 LB 40 gens 64 W_R in []
0x53d r 7 LB 40 gens 64 W_R in []
0x557 r 7 LB 32 gens 48 W_R in []
0x55b r 7 LB 40 gens 48 W_R in []
0x575 r 7 LB 32 gens 68 W_R in []
0x57a r 7 LB 40 gens 24 W_R in [('t1', 'row')]
0x5a7 r 7 LB 32 gens 48 W_R in []
0x5ab r 7 LB 40 gens 40 W_R in [('t1', 'row')]
0x5b5 r 7 LB 32 gens 68 W_R in []
0x70f r 7 LB 28 gens 80 W_R in [('t1', 'row')]
0x717 r 7 LB 32 gens 48 W_R in []
0x71b r 7 LB 40 gens 60 W_R in []
0x71d r 7 LB 32 gens 48 W_R in []
0x71e r 7 LB 40 gens 60 W_R in []
0x727 r 7 LB 32 gens 68 W_R in []
0x72d r 7 LB 32 gens 48 W_R in []
0x787 r 7 LB 32 gens 68 W_R in []
0x111f r 7 LB 28 gens 60 W_R in []
0x114f r 7 LB 40 gens 48 W_R in []
0x1157 r 7 LB 40 gens 60 W_R in []
0x115b r 7 LB 40 gens 48 W_R in []
0x121f r 7 LB 40 gens 48 W_R in []
0x124f r 7 LB 40 gens 40 W_R in [('t1', 'row')]
0x1317 r 7 LB 40 gens 48 W_R in []
0x131b r 7 LB 40 gens 36 W_R in []
0x131d r 7 LB 40 gens 48 W_R in []
0x1333 r 7 LB 40 gens 24 W_R in [('k4', 'row'), ('t2', 'row')]
0x1353 r 7 LB 40 gens 40 W_R in [('t2', 'row')]
0x1355 r 7 LB 40 gens 60 W_R in []
0x1359 r 7 LB 40 gens 40 W_R in [('t2', 'row')]
0x1393 r 7 LB 40 gens 24 W_R in [('t2', 'row')]
0x141f r 7 LB 28 gens 60 W_R in []
0x1457 r 7 LB 40 gens 60 W_R in []
0x145e r 7 LB 40 gens 48 W_R in []
0x1517 r 7 LB 32 gens 64 W_R in []
0x151b r 7 LB 28 gens 60 W_R in []
0x151e r 7 LB 28 gens 60 W_R in []
0x1527 r 7 LB 40 gens 64 W_R in []
0x152d r 7 LB 40 gens 64 W_R in []
0x1535 r 7 LB 32 gens 64 W_R in []
0x1547 r 7 LB 32 gens 48 W_R in []
0x154b r 7 LB 40 gens 48 W_R in []
0x1555 r 7 LB 28 gens 80 W_R in [('t2', 'row')]
0x1556 r 7 LB 40 gens 60 W_R in []
0x155a r 7 LB 40 gens 36 W_R in []
0x1565 r 7 LB 32 gens 48 W_R in []
0x15a5 r 7 LB 32 gens 68 W_R in []
0x15aa r 7 LB 40 gens 24 W_R in [('k3', 'row'), ('t1', 'row')]
0x1617 r 7 LB 40 gens 48 W_R in []
0x161d r 7 LB 40 gens 48 W_R in []
0x161e r 7 LB 40 gens 36 W_R in []
0x1636 r 7 LB 40 gens 24 W_R in [('t2', 'row')]
0x1656 r 7 LB 40 gens 40 W_R in [('t2', 'row')]
0x165c r 7 LB 40 gens 40 W_R in [('t2', 'row')]
0x1696 r 7 LB 40 gens 24 W_R in [('t2', 'row')]
0x171a r 7 LB 40 gens 48 W_R in []
0x174a r 7 LB 40 gens 40 W_R in [('t1', 'row')]
0x1a1b r 7 LB 32 gens 68 W_R in []
0x1a1e r 7 LB 32 gens 68 W_R in []
0x1a3a r 7 LB 32 gens 48 W_R in []
0x1a4b r 7 LB 32 gens 48 W_R in []
0x1a5a r 7 LB 28 gens 64 W_R in [('t3', 'row')]
0x1a6a r 7 LB 32 gens 48 W_R in []
0x1aaa r 7 LB 32 gens 68 W_R in []
0xff r 8 LB 32 gens 32 W_R in [('k1', 'row'), ('t1', 'row')]
0x53f r 8 LB 40 gens 80 W_R in []
0x55f r 8 LB 32 gens 64 W_R in []
0x577 r 8 LB 40 gens 84 W_R in []
0x57d r 8 LB 40 gens 84 W_R in []
0x5af r 8 LB 32 gens 64 W_R in []
0x5b7 r 8 LB 40 gens 84 W_R in []
0x5f5 r 8 LB 32 gens 64 W_R in []
0x5fa r 8 LB 32 gens 32 W_R in [('t1', 'row')]
0x71f r 8 LB 36 gens 96 W_R in []
0x72f r 8 LB 36 gens 116 W_R in []
0x737 r 8 LB 40 gens 84 W_R in []
0x73d r 8 LB 40 gens 64 W_R in []
0x757 r 8 LB 32 gens 48 W_R in []
0x75d r 8 LB 32 gens 48 W_R in []
0x78f r 8 LB 36 gens 116 W_R in []
0x797 r 8 LB 40 gens 84 W_R in []
0x7a7 r 8 LB 32 gens 88 W_R in []
0x7ad r 8 LB 32 gens 48 W_R in []
0xf0f r 8 LB 16 gens 64 W_R in [('t1', 'row')]
0x113f r 8 LB 44 gens 61 W_R in []
0x115f r 8 LB 36 gens 80 W_R in []
0x131f r 8 LB 36 gens 80 W_R in []
0x143f r 8 LB 44 gens 61 W_R in []
0x145f r 8 LB 36 gens 80 W_R in []
0x151f r 8 LB 32 gens 80 W_R in []
0x152f r 8 LB 40 gens 80 W_R in []
0x1537 r 8 LB 40 gens 80 W_R in []
0x153b r 8 LB 44 gens 61 W_R in []
0x153d r 8 LB 40 gens 80 W_R in []
0x153e r 8 LB 44 gens 61 W_R in []
0x154f r 8 LB 32 gens 64 W_R in []
0x1557 r 8 LB 36 gens 96 W_R in []
0x155b r 8 LB 36 gens 80 W_R in []
0x155e r 8 LB 36 gens 80 W_R in []
0x1567 r 8 LB 40 gens 64 W_R in []
0x156d r 8 LB 40 gens 64 W_R in []
0x1575 r 8 LB 36 gens 116 W_R in []
0x15a7 r 8 LB 40 gens 84 W_R in []
0x15b5 r 8 LB 32 gens 104 W_R in []
0x15e5 r 8 LB 32 gens 88 W_R in []
0x161f r 8 LB 36 gens 80 W_R in []
0x1717 r 8 LB 32 gens 64 W_R in []
0x171b r 8 LB 36 gens 80 W_R in []
0x171d r 8 LB 32 gens 64 W_R in []
0x171e r 8 LB 36 gens 80 W_R in []
0x1727 r 8 LB 40 gens 84 W_R in []
0x172d r 8 LB 40 gens 64 W_R in []
0x1747 r 8 LB 32 gens 48 W_R in []
0x174d r 8 LB 32 gens 48 W_R in []
0x1787 r 8 LB 40 gens 84 W_R in []
0x1a1f r 8 LB 32 gens 104 W_R in []
0x1a3b r 8 LB 40 gens 84 W_R in []
0x1a3e r 8 LB 40 gens 84 W_R in []
0x1a4f r 8 LB 32 gens 64 W_R in []
0x1a5b r 8 LB 36 gens 100 W_R in []
0x1a5e r 8 LB 36 gens 100 W_R in []
0x1a6b r 8 LB 40 gens 64 W_R in []
0x1a6e r 8 LB 40 gens 64 W_R in []
0x1a7a r 8 LB 36 gens 100 W_R in []
0x1aab r 8 LB 40 gens 84 W_R in []
0x1aae r 8 LB 40 gens 84 W_R in []
0x1aba r 8 LB 32 gens 88 W_R in []
0x1aea r 8 LB 32 gens 88 W_R in []
0x1b1b r 8 LB 32 gens 64 W_R in []
0x1b1e r 8 LB 32 gens 88 W_R in []
0x1b4b r 8 LB 32 gens 88 W_R in []
0x1b4e r 8 LB 32 gens 48 W_R in []
0x1e1e r 8 LB 32 gens 64 W_R in []
0x3333 r 8 LB 32 gens 32 W_R in [('k4', 'row'), ('t2', 'row')]
0x3535 r 8 LB 32 gens 64 W_R in []
0x3555 r 8 LB 36 gens 116 W_R in []
0x3565 r 8 LB 32 gens 48 W_R in []
0x3595 r 8 LB 32 gens 64 W_R in []
0x35a5 r 8 LB 36 gens 100 W_R in []
0x35c5 r 8 LB 32 gens 48 W_R in []
0x3636 r 8 LB 32 gens 32 W_R in [('t2', 'row')]
0x3c3c r 8 LB 32 gens 32 W_R in [('t2', 'row')]
0x5555 r 8 LB 16 gens 64 W_R in [('t2', 'row')]
0x555a r 8 LB 32 gens 64 W_R in []
0x55aa r 8 LB 32 gens 32 W_R in [('k3', 'row'), ('t1', 'row')]
0x5a5a r 8 LB 16 gens 64 W_R in [('t3', 'row')]
0x1ff r 9 LB 40 gens 60 W_R in []
0x57f r 9 LB 40 gens 100 W_R in []
0x5bf r 9 LB 40 gens 100 W_R in []
0x5f7 r 9 LB 40 gens 80 W_R in []
0x5fb r 9 LB 40 gens 60 W_R in []
0x73f r 9 LB 44 gens 132 W_R in []
0x75f r 9 LB 36 gens 96 W_R in []
0x777 r 9 LB 36 gens 72 W_R in []
0x77d r 9 LB 40 gens 84 W_R in []
0x79f r 9 LB 44 gens 132 W_R in []
0x7af r 9 LB 36 gens 136 W_R in []
0x7b7 r 9 LB 40 gens 124 W_R in []
0x7bd r 9 LB 40 gens 84 W_R in []
0x7d7 r 9 LB 36 gens 72 W_R in []
0xf1f r 9 LB 24 gens 320 W_R in []
0x117f r 9 LB 44 gens 84 W_R in []
0x11bf r 9 LB 44 gens 72 W_R in []
0x133f r 9 LB 44 gens 84 W_R in []
0x135f r 9 LB 44 gens 100 W_R in []
0x139f r 9 LB 44 gens 84 W_R in []
0x13f3 r 9 LB 44 gens 72 W_R in []
0x13f5 r 9 LB 44 gens 84 W_R in []
0x13f9 r 9 LB 44 gens 64 W_R in []
0x147f r 9 LB 44 gens 84 W_R in []
0x14bf r 9 LB 44 gens 72 W_R in []
0x153f r 9 LB 40 gens 96 W_R in []
0x155f r 9 LB 36 gens 112 W_R in []
0x156f r 9 LB 40 gens 80 W_R in []
0x1577 r 9 LB 44 gens 132 W_R in []
0x157b r 9 LB 44 gens 84 W_R in []
0x157d r 9 LB 44 gens 132 W_R in []
0x157e r 9 LB 44 gens 84 W_R in []
0x15af r 9 LB 40 gens 100 W_R in []
0x15b7 r 9 LB 40 gens 120 W_R in []
0x15bb r 9 LB 44 gens 72 W_R in []
0x15be r 9 LB 44 gens 72 W_R in []
0x15e7 r 9 LB 40 gens 104 W_R in []
0x15f5 r 9 LB 36 gens 140 W_R in []
0x15f6 r 9 LB 44 gens 84 W_R in []
0x15fa r 9 LB 40 gens 60 W_R in []
0x163f r 9 LB 44 gens 84 W_R in []
0x165f r 9 LB 44 gens 100 W_R in []
0x169f r 9 LB 44 gens 84 W_R in []
0x16f6 r 9 LB 44 gens 72 W_R in []
0x16fc r 9 LB 44 gens 64 W_R in []
0x171f r 9 LB 36 gens 112 W_R in []
0x172f r 9 LB 44 gens 132 W_R in []
0x1737 r 9 LB 40 gens 100 W_R in []
0x173b r 9 LB 44 gens 84 W_R in []
0x173d r 9 LB 40 gens 80 W_R in []
0x173e r 9 LB 44 gens 84 W_R in []
0x174f r 9 LB 36 gens 96 W_R in []
0x1757 r 9 LB 36 gens 96 W_R in []
0x175b r 9 LB 44 gens 100 W_R in []
0x175d r 9 LB 36 gens 96 W_R in []
0x175e r 9 LB 44 gens 100 W_R in []
0x1767 r 9 LB 40 gens 84 W_R in []
0x176d r 9 LB 40 gens 64 W_R in []
0x178f r 9 LB 44 gens 132 W_R in []
0x1797 r 9 LB 40 gens 100 W_R in []
0x179b r 9 LB 44 gens 84 W_R in []
0x179e r 9 LB 44 gens 84 W_R in []
0x17a7 r 9 LB 40 gens 124 W_R in []
0x17ad r 9 LB 40 gens 84 W_R in []
0x17c7 r 9 LB 40 gens 84 W_R in []
0x1a3f r 9 LB 40 gens 120 W_R in []
0x1a5f r 9 LB 36 gens 136 W_R in []
0x1a6f r 9 LB 40 gens 80 W_R in []
0x1a7b r 9 LB 44 gens 136 W_R in []
0x1a7e r 9 LB 44 gens 136 W_R in []
0x1aaf r 9 LB 40 gens 100 W_R in []
0x1abb r 9 LB 40 gens 124 W_R in []
0x1abe r 9 LB 40 gens 124 W_R in []
0x1aeb r 9 LB 40 gens 104 W_R in []
0x1aee r 9 LB 40 gens 104 W_R in []
0x1afa r 9 LB 36 gens 124 W_R in []
0x1b1f r 9 LB 36 gens 140 W_R in []
0x1b3b r 9 LB 40 gens 80 W_R in []
0x1b3e r 9 LB 40 gens 104 W_R in []
0x1b4f r 9 LB 36 gens 136 W_R in []
0x1b5b r 9 LB 36 gens 124 W_R in []
0x1b5e r 9 LB 36 gens 120 W_R in []
0x1b6b r 9 LB 40 gens 104 W_R in []
0x1b6e r 9 LB 40 gens 64 W_R in []
0x1bab r 9 LB 36 gens 72 W_R in []
0x1bae r 9 LB 40 gens 84 W_R in []
0x1e1f r 9 LB 36 gens 140 W_R in []
0x1e3e r 9 LB 40 gens 80 W_R in []
0x1e5e r 9 LB 36 gens 124 W_R in []
0x1e6e r 9 LB 40 gens 104 W_R in []
0x1eae r 9 LB 36 gens 72 W_R in []
0x3337 r 9 LB 40 gens 60 W_R in []
0x3537 r 9 LB 40 gens 100 W_R in []
0x353b r 9 LB 44 gens 72 W_R in []
0x353d r 9 LB 40 gens 100 W_R in []
0x353e r 9 LB 44 gens 72 W_R in []
0x3557 r 9 LB 44 gens 132 W_R in []
0x355b r 9 LB 44 gens 84 W_R in []
0x355d r 9 LB 44 gens 132 W_R in []
0x355e r 9 LB 44 gens 84 W_R in []
0x3567 r 9 LB 40 gens 84 W_R in []
0x356d r 9 LB 40 gens 84 W_R in []
0x3575 r 9 LB 36 gens 136 W_R in []
0x3597 r 9 LB 40 gens 80 W_R in []
0x359b r 9 LB 44 gens 64 W_R in []
0x359e r 9 LB 44 gens 64 W_R in []
0x35a7 r 9 LB 44 gens 136 W_R in []
0x35ad r 9 LB 44 gens 136 W_R in []
0x35b5 r 9 LB 36 gens 136 W_R in []
0x35c7 r 9 LB 40 gens 64 W_R in []
0x35d5 r 9 LB 36 gens 136 W_R in []
0x35e5 r 9 LB 36 gens 120 W_R in []
0x3637 r 9 LB 40 gens 60 W_R in []
0x363e r 9 LB 40 gens 60 W_R in []
0x3c3d r 9 LB 40 gens 60 W_R in []
0x5557 r 9 LB 24 gens 320 W_R in []
0x555b r 9 LB 36 gens 140 W_R in []
0x557a r 9 LB 40 gens 80 W_R in []
0x55ab r 9 LB 40 gens 60 W_R in []
0x575a r 9 LB 36 gens 124 W_R in []
0x5a5b r 9 LB 24 gens 320 W_R in []
0x5ff r 10 LB 40 gens 96 W_R in []
0x77f r 10 LB 40 gens 120 W_R in []
0x7bf r 10 LB 44 gens 172 W_R in []
0x7df r 10 LB 40 gens 120 W_R in []
0x7f7 r 10 LB 40 gens 112 W_R in []
0x7fd r 10 LB 40 gens 80 W_R in []
0xf3f r 10 LB 32 gens 576 W_R in []
0xf5f r 10 LB 24 gens 128 W_R in []
0x11ff r 10 LB 40 gens 104 W_R in []
0x14ff r 10 LB 40 gens 104 W_R in []
0x157f r 10 LB 44 gens 148 W_R in []
0x15bf r 10 LB 40 gens 136 W_R in []
0x15ef r 10 LB 40 gens 120 W_R in []
0x15f7 r 10 LB 44 gens 156 W_R in []
0x15fb r 10 LB 40 gens 104 W_R in []
0x15fe r 10 LB 40 gens 104 W_R in []
0x173f r 10 LB 44 gens 148 W_R in []
0x175f r 10 LB 40 gens 144 W_R in []
0x176f r 10 LB 44 gens 132 W_R in []
0x1777 r 10 LB 40 gens 120 W_R in []
0x177d r 10 LB 44 gens 132 W_R in []
0x179f r 10 LB 44 gens 148 W_R in []
0x17af r 10 LB 44 gens 172 W_R in []
0x17b7 r 10 LB 40 gens 160 W_R in []
0x17bd r 10 LB 40 gens 120 W_R in []
0x17cf r 10 LB 44 gens 132 W_R in []
0x17d7 r 10 LB 40 gens 120 W_R in []
0x17e7 r 10 LB 40 gens 144 W_R in []
0x17ed r 10 LB 40 gens 104 W_R in []
0x1a7f r 10 LB 44 gens 172 W_R in []
0x1abf r 10 LB 40 gens 160 W_R in []
0x1aef r 10 LB 40 gens 120 W_R in []
0x1afb r 10 LB 44 gens 160 W_R in []
0x1afe r 10 LB 44 gens 160 W_R in []
0x1b3f r 10 LB 44 gens 156 W_R in []
0x1b5f r 10 LB 40 gens 200 W_R in []
0x1b6f r 10 LB 44 gens 152 W_R in []
0x1b7b r 10 LB 44 gens 160 W_R in []
0x1b7e r 10 LB 44 gens 156 W_R in []
0x1baf r 10 LB 40 gens 120 W_R in []
0x1bbb r 10 LB 40 gens 112 W_R in []
0x1bbe r 10 LB 40 gens 144 W_R in []
0x1beb r 10 LB 40 gens 96 W_R in []
0x1bee r 10 LB 40 gens 104 W_R in []
0x1e3f r 10 LB 44 gens 156 W_R in []
0x1e5f r 10 LB 40 gens 200 W_R in []
0x1e6f r 10 LB 44 gens 152 W_R in []
0x1e7e r 10 LB 44 gens 160 W_R in []
0x1eaf r 10 LB 40 gens 120 W_R in []
0x1ebe r 10 LB 40 gens 112 W_R in []
0x1eee r 10 LB 40 gens 96 W_R in []
0x1f1f r 10 LB 24 gens 144 W_R in []
0x1f2f r 10 LB 32 gens 576 W_R in []
0x1f4f r 10 LB 24 gens 128 W_R in []
0x333f r 10 LB 40 gens 104 W_R in []
0x353f r 10 LB 40 gens 136 W_R in []
0x355f r 10 LB 44 gens 148 W_R in []
0x356f r 10 LB 40 gens 120 W_R in []
0x3577 r 10 LB 44 gens 172 W_R in []
0x357d r 10 LB 44 gens 172 W_R in []
0x359f r 10 LB 40 gens 96 W_R in []
0x35af r 10 LB 44 gens 172 W_R in []
0x35b7 r 10 LB 44 gens 172 W_R in []
0x35bd r 10 LB 44 gens 172 W_R in []
0x35cf r 10 LB 40 gens 80 W_R in []
0x35d7 r 10 LB 44 gens 152 W_R in []
0x35dd r 10 LB 44 gens 152 W_R in []
0x35e7 r 10 LB 44 gens 156 W_R in []
0x35ed r 10 LB 44 gens 156 W_R in []
0x35f5 r 10 LB 40 gens 200 W_R in []
0x363f r 10 LB 40 gens 104 W_R in []
0x3737 r 10 LB 40 gens 96 W_R in []
0x373b r 10 LB 40 gens 104 W_R in []
0x373d r 10 LB 40 gens 120 W_R in []
0x373e r 10 LB 40 gens 104 W_R in []
0x3757 r 10 LB 40 gens 120 W_R in []
0x375d r 10 LB 44 gens 132 W_R in []
0x3767 r 10 LB 40 gens 80 W_R in []
0x376d r 10 LB 40 gens 104 W_R in []
0x3797 r 10 LB 40 gens 120 W_R in []
0x379d r 10 LB 40 gens 80 W_R in []
0x37a7 r 10 LB 44 gens 160 W_R in []
0x37ad r 10 LB 44 gens 156 W_R in []
0x37c7 r 10 LB 40 gens 104 W_R in []
0x37cd r 10 LB 40 gens 64 W_R in []
0x3c3f r 10 LB 40 gens 104 W_R in []
0x3d3d r 10 LB 40 gens 96 W_R in []
0x3d3e r 10 LB 40 gens 104 W_R in []
0x3d5d r 10 LB 40 gens 120 W_R in []
0x3d6d r 10 LB 40 gens 80 W_R in []
0x3dad r 10 LB 44 gens 160 W_R in []
0x555f r 10 LB 24 gens 144 W_R in []
0x5577 r 10 LB 32 gens 576 W_R in []
0x557b r 10 LB 44 gens 156 W_R in []
0x557d r 10 LB 32 gens 576 W_R in []
0x55af r 10 LB 40 gens 96 W_R in []
0x55bb r 10 LB 40 gens 104 W_R in []
0x55be r 10 LB 40 gens 104 W_R in []
0x5757 r 10 LB 24 gens 128 W_R in []
0x575b r 10 LB 40 gens 200 W_R in []
0x575d r 10 LB 24 gens 128 W_R in []
0x577a r 10 LB 44 gens 160 W_R in []
0x57a7 r 10 LB 40 gens 112 W_R in []
0x57ad r 10 LB 40 gens 80 W_R in []
0x57da r 10 LB 44 gens 160 W_R in []
0x5a5f r 10 LB 24 gens 144 W_R in []
0x5a7b r 10 LB 32 gens 576 W_R in []
0x5b5b r 10 LB 24 gens 144 W_R in []
0x5b5e r 10 LB 24 gens 128 W_R in []
0x7ff r 11 LB 44 gens 160 W_R in []
0xf7f r 11 LB 28 gens 192 W_R in []
0x15ff r 11 LB 44 gens 172 W_R in []
0x177f r 11 LB 44 gens 168 W_R in []
0x17bf r 11 LB 44 gens 208 W_R in []
0x17df r 11 LB 44 gens 168 W_R in []
0x17ef r 11 LB 44 gens 192 W_R in []
0x17f7 r 11 LB 44 gens 188 W_R in []
0x17fd r 11 LB 44 gens 156 W_R in []
0x1aff r 11 LB 44 gens 196 W_R in []
0x1bbf r 11 LB 44 gens 188 W_R in []
0x1bef r 11 LB 44 gens 144 W_R in []
0x1bfb r 11 LB 44 gens 192 W_R in []
0x1bfe r 11 LB 44 gens 180 W_R in []
0x1ebf r 11 LB 44 gens 188 W_R in []
0x1eef r 11 LB 44 gens 144 W_R in []
0x1efe r 11 LB 44 gens 192 W_R in []
0x1f3f r 11 LB 32 gens 400 W_R in []
0x1f5f r 11 LB 28 gens 272 W_R in []
0x1f6f r 11 LB 32 gens 384 W_R in []
0x1faf r 11 LB 28 gens 192 W_R in []
0x357f r 11 LB 44 gens 208 W_R in []
0x35bf r 11 LB 44 gens 208 W_R in []
0x35df r 11 LB 44 gens 168 W_R in []
0x35ef r 11 LB 44 gens 192 W_R in []
0x373f r 11 LB 44 gens 172 W_R in []
0x375f r 11 LB 44 gens 168 W_R in []
0x376f r 11 LB 44 gens 156 W_R in []
0x3777 r 11 LB 44 gens 160 W_R in []
0x377d r 11 LB 44 gens 192 W_R in []
0x379f r 11 LB 44 gens 168 W_R in []
0x37b7 r 11 LB 44 gens 196 W_R in []
0x37bd r 11 LB 44 gens 192 W_R in []
0x37cf r 11 LB 44 gens 152 W_R in []
0x37d7 r 11 LB 44 gens 144 W_R in []
0x37dd r 11 LB 44 gens 152 W_R in []
0x37e7 r 11 LB 44 gens 180 W_R in []
0x37ed r 11 LB 44 gens 176 W_R in []
0x3d3f r 11 LB 44 gens 172 W_R in []
0x3d5f r 11 LB 44 gens 168 W_R in []
0x3d6f r 11 LB 44 gens 156 W_R in []
0x3d7d r 11 LB 44 gens 160 W_R in []
0x3dbd r 11 LB 44 gens 196 W_R in []
0x3ddd r 11 LB 44 gens 144 W_R in []
0x3ded r 11 LB 44 gens 180 W_R in []
0x557f r 11 LB 32 gens 400 W_R in []
0x55bf r 11 LB 44 gens 172 W_R in []
0x575f r 11 LB 28 gens 272 W_R in []
0x5777 r 11 LB 28 gens 192 W_R in []
0x577d r 11 LB 32 gens 384 W_R in []
0x57af r 11 LB 44 gens 160 W_R in []
0x57b7 r 11 LB 44 gens 188 W_R in []
0x57bd r 11 LB 44 gens 156 W_R in []
0x57d7 r 11 LB 28 gens 192 W_R in []
0x57fa r 11 LB 44 gens 196 W_R in []
0x5a7f r 11 LB 32 gens 400 W_R in []
0x5b5f r 11 LB 28 gens 288 W_R in []
0x5b7b r 11 LB 32 gens 400 W_R in []
0x5b7e r 11 LB 32 gens 384 W_R in []
0x5bbb r 11 LB 44 gens 192 W_R in []
0x5bbe r 11 LB 44 gens 180 W_R in []
0x5beb r 11 LB 44 gens 192 W_R in []
0xfff r 12 LB 24 gens 128 W_R in []
0x1f7f r 12 LB 32 gens 336 W_R in []
0x1fbf r 12 LB 32 gens 336 W_R in []
0x1fef r 12 LB 32 gens 320 W_R in []
0x3f3f r 12 LB 32 gens 224 W_R in []
0x3f5f r 12 LB 32 gens 336 W_R in []
0x3f6f r 12 LB 32 gens 208 W_R in []
0x3fcf r 12 LB 32 gens 192 W_R in []
0x55ff r 12 LB 32 gens 224 W_R in []
0x577f r 12 LB 32 gens 336 W_R in []
0x57df r 12 LB 32 gens 336 W_R in []
0x57f7 r 12 LB 32 gens 336 W_R in []
0x57fd r 12 LB 32 gens 208 W_R in []
0x5aff r 12 LB 32 gens 224 W_R in []
0x5b7f r 12 LB 36 gens 544 W_R in []
0x5bfb r 12 LB 32 gens 288 W_R in []
0x5bfe r 12 LB 32 gens 208 W_R in []
0x5f5f r 12 LB 24 gens 192 W_R in []
0x5faf r 12 LB 24 gens 128 W_R in []
0x7777 r 12 LB 24 gens 128 W_R in []
0x777d r 12 LB 32 gens 320 W_R in []
0x77dd r 12 LB 32 gens 192 W_R in []
0x7b7b r 12 LB 32 gens 224 W_R in []
0x7b7e r 12 LB 32 gens 208 W_R in []
0x7bde r 12 LB 32 gens 192 W_R in []
0x7d7d r 12 LB 24 gens 128 W_R in []
0x1fff r 13 LB 28 gens 464 W_R in []
0x3f7f r 13 LB 36 gens 480 W_R in []
0x3fdf r 13 LB 36 gens 464 W_R in []
0x57ff r 13 LB 36 gens 480 W_R in []
0x5bff r 13 LB 36 gens 432 W_R in []
0x5f7f r 13 LB 28 gens 448 W_R in []
0x5fbf r 13 LB 28 gens 464 W_R in []
0x777f r 13 LB 28 gens 464 W_R in []
0x77df r 13 LB 36 gens 464 W_R in []
0x7b7f r 13 LB 36 gens 432 W_R in []
0x7bdf r 13 LB 36 gens 368 W_R in []
0x7d7f r 13 LB 28 gens 464 W_R in []
0x3fff r 14 LB 32 gens 800 W_R in []
0x5fff r 14 LB 28 gens 320 W_R in []
0x77ff r 14 LB 32 gens 800 W_R in []
0x7bff r 14 LB 40 gens 704 W_R in []
0x7dff r 14 LB 32 gens 800 W_R in []
0x7f7f r 14 LB 28 gens 320 W_R in []
0x7fbf r 14 LB 32 gens 800 W_R in []
0x7fdf r 14 LB 28 gens 256 W_R in []
0x7fff r 15 LB 30 gens 544 W_R in []
dead 146 alive 495
