PASS R0.pc parsed = hard-coded
PASS R0.pt parsed = hard-coded
PASS R0.sgn source text  [if (μ = 1 ∧ ν = 3) ∨ (μ = 2 ∧ ν = 2) then -1 else 1]
PASS R0.cnotFun_cnotFun
PASS R0.cnot_frame
PASS R0.cnot_relT
PASS R0.cnot_relC
PASS R0.cnot_prodState_xplus_z3 = phiW
PASS R0.cnot_idW = chainW
PASS R0.actT_reflY_phiW = idW
PASS R0.chain_value = -1/2  [-1/2]
PASS R1.cnot = Ad(CNOT) on all 16 basis tables
PASS countercontrol R1.cnot = Ad(reversed CNOT) fails as required
PASS R1.actC [[1, 0, 0], [0, -1, 0], [0, 0, -1]] = Ad(X (x) I)
PASS R1.actT [[1, 0, 0], [0, -1, 0], [0, 0, -1]] = Ad(I (x) X)
PASS R1.actC [[-1, 0, 0], [0, 1, 0], [0, 0, -1]] = Ad(Y (x) I)
PASS R1.actT [[-1, 0, 0], [0, 1, 0], [0, 0, -1]] = Ad(I (x) Y)
PASS R1.actC [[-1, 0, 0], [0, -1, 0], [0, 0, 1]] = Ad(Z (x) I)
PASS R1.actT [[-1, 0, 0], [0, -1, 0], [0, 0, 1]] = Ad(I (x) Z)
PASS R1.sigma = actT reflY = one-copy transpose on token 2
PASS R1.actC reflY = one-copy transpose on token 1
PASS R1.actC reflY o actT reflY = global transpose
PASS R1.global transpose commutes with cnot
PASS R2.F64 all frame
PASS R2.F64 all relT
PASS R2.F64 all relC
INFO F64 combos=64 distinct maps=32
PASS countercontrol R2.actC diag(1,1,-1) o cnot satisfies frame fails as required
INFO S4096 distinct maps=128 satisfying frame+relT+relC=32
PASS R2.native subset of S4096 equals F64 distinct set  [32 vs 32]
PASS R3.each native gate has one (orient_pre, orient_post)
INFO orientation classes (pre_odd, post_odd): (False, False):8, (False, True):8, (True, False):8, (True, True):8
PASS R3.cnot is (even, even)
PASS R4.64 distinct signed-diagonal locals
PASS R4.cnot L cnot is local iff L is orientation-even (all 64)
PASS R4.every odd L has an axis product with non-product image
PASS countercontrol R4.identity local not absorbed fails as required
INFO ordered pairs: odd residue=512, with exact negative witness=512; even residue=512
PASS R5.every odd-residue pair has an exact invalidity witness
PASS countercontrol R5.(cnot,cnot) shows a negative axis value fails as required
INFO even-even native gates=8, generated group order=16
PASS R6.every element of <even-even natives> is L or L o cnot o L'
PASS R6.for every even local L: L o cnot = cnot o L'' with L'' local
PASS R6.every decomposition g = L o cnot o L' in the even class has L even
PASS R6.odd-odd class = sigma o (even-even class) o sigma
INFO odd-odd native gates=8, generated group order=16
PASS countercontrol R6.the group of the even class plus one odd-odd gate stays valid on axis data fails as required
PASS R7.native images of axis products lie in Q3 or twin
SUMMARY checks passed=42 all_ok=True
VERDICT FIXED-FRAME-NATIVE-FAMILY: frame+relT+relC within signed-diagonal dressings = the D1.4 family (32 distinct gates); one orientation pair per gate
VERDICT CONSISTENCY: a set of fixed-frame native gates generates valid tables only if every residue is even (exact witnesses for every odd ordered pair); even residues are absorbed (cnot L cnot local)
VERDICT CONES: every consistent fixed-frame native construction is generated by L o cnot^e o L' with even post-locals absorbed: generated cone = K_gen (even class) or sigma K_gen (odd class)
