PASS T0.pc/pt transcription
PASS T0.cnot involution
PASS T0.cnot pxz = phiW
PASS T1.all values of stages 1-3 in [0,1]
PASS T1.unit label = 1 on every preparation
PASS T2.stage preparations and labels are included in the next stage (inclusion maps)
PASS T3.every label value = ipW(w'^T(ehom e (x) ehom f), table) (stage 2)
PASS T3.stage-2 preparation-vector matrix has rank 16  [rank 16]
PASS T4.cnot maps preparations to preparations; prepVec(cnot s) = label-shifted prepVec(s)
PASS T5.every affine relation among stage-2 preparation vectors holds among the cnot images  [rank [prepVec|1] = 16, with images = 16]
PASS T6.read-out tables of stage 3 closed under cnot
PASS countercontrol T7.g_D-generated tower is valid fails as required
PASS T8.cnot Delta = -Delta
PASS T8.N_h o N_h = id on the test states
PASS T8.product action of N_h is cnot
PASS T8.all values in [0,1] with the ungenerated preparations (E00, +-1/4)
PASS T8.(E00, 1/4) and (E00, 0): equal product tables, different N-test values (LT fails)  [136 separating product effects]
SUMMARY checks passed=17 all_ok=True
VERDICT TOWER: the pair tower generated from products by cnot, with tests generated by cnot, is a valid system of finite stages with SC-infinity; under the table rule every label reads the W 3 table (LT built in by the rule) and the read-out rank is 16; the gate is generative (OpDatum with AffineRespect, its own inverse) and the read-out set is cnot-closed (hgate and hinv for the generated cone)
VERDICT GENERATION: an involutive gate with the certified product action does not give LT once an ungenerated hidden-parameter preparation is admitted: the 'from data' generation is load-bearing
