m_t=1 m_s=1: ext(K*) 92, outside 56 [(-1, 1, 1, 1, 1, 1, 1, 5), (-1, 5, 1, 1, 1, 1, 1, 1)]
m_t=5/4 m_s=1: ext(K*) 96, outside 56 [(-4, 5, 4, 4, 4, 4, 4, 22), (-4, 19, 4, 4, 4, 4, 4, 4)]
m_t=3/2 m_s=1: ext(K*) 96, outside 56 [(-2, 3, 2, 2, 2, 2, 2, 12), (-2, 9, 2, 2, 2, 2, 2, 2)]
m_t=2 m_s=1: ext(K*) 96, outside 56 [(-1, 2, 1, 1, 1, 1, 1, 7), (-1, 4, 1, 1, 1, 1, 1, 1)]
m_t=5/2 m_s=1: ext(K*) 96, outside 56 [(-2, 5, 2, 2, 2, 2, 2, 16), (-2, 7, 2, 2, 2, 2, 2, 2)]
m_t=3 m_s=1: ext(K*) 88, outside 48 [(-1, 3, 1, 1, 1, 1, 1, 9)]
m_t=1 m_s=5/4: ext(K*) 116, outside 56 [(-8, 67, 10, 10, 10, 10, 10, 10), (-4, 4, 5, 5, 5, 5, 5, 30)]
m_t=5/4 m_s=5/4: ext(K*) 120, outside 56 [(-8, 10, 10, 10, 10, 10, 10, 65), (-8, 65, 10, 10, 10, 10, 10, 10)]
m_t=3/2 m_s=5/4: ext(K*) 120, outside 56 [(-8, 63, 10, 10, 10, 10, 10, 10), (-4, 6, 5, 5, 5, 5, 5, 35)]
m_t=2 m_s=5/4: ext(K*) 120, outside 56 [(-8, 59, 10, 10, 10, 10, 10, 10), (-4, 8, 5, 5, 5, 5, 5, 40)]
m_t=5/2 m_s=5/4: ext(K*) 120, outside 56 [(-8, 55, 10, 10, 10, 10, 10, 10), (-4, 10, 5, 5, 5, 5, 5, 45)]
m_t=3 m_s=5/4: ext(K*) 120, outside 56 [(-8, 51, 10, 10, 10, 10, 10, 10), (-4, 12, 5, 5, 5, 5, 5, 50)]
m_t=4 m_s=5/4: ext(K*) 120, outside 56 [(-8, 43, 10, 10, 10, 10, 10, 10), (-4, 16, 5, 5, 5, 5, 5, 60)]
m_t=1 m_s=3/2: ext(K*) 116, outside 56 [(-2, 2, 3, 3, 3, 3, 3, 21), (-2, 25, 3, 3, 3, 3, 3, 3)]
m_t=5/4 m_s=3/2: ext(K*) 120, outside 56 [(-4, 5, 6, 6, 6, 6, 6, 45), (-4, 49, 6, 6, 6, 6, 6, 6)]
m_t=3/2 m_s=3/2: ext(K*) 120, outside 56 [(-2, 3, 3, 3, 3, 3, 3, 24), (-2, 24, 3, 3, 3, 3, 3, 3)]
m_t=2 m_s=3/2: ext(K*) 120, outside 56 [(-2, 4, 3, 3, 3, 3, 3, 27), (-2, 23, 3, 3, 3, 3, 3, 3)]
m_t=5/2 m_s=3/2: ext(K*) 120, outside 56 [(-2, 5, 3, 3, 3, 3, 3, 30), (-2, 22, 3, 3, 3, 3, 3, 3)]
m_t=3 m_s=3/2: ext(K*) 120, outside 56 [(-2, 6, 3, 3, 3, 3, 3, 33), (-2, 21, 3, 3, 3, 3, 3, 3)]
m_t=4 m_s=3/2: ext(K*) 120, outside 56 [(-2, 8, 3, 3, 3, 3, 3, 39), (-2, 19, 3, 3, 3, 3, 3, 3)]
m_t=6 m_s=3/2: ext(K*) 120, outside 56 [(-2, 12, 3, 3, 3, 3, 3, 51), (-2, 15, 3, 3, 3, 3, 3, 3)]
m_t=1 m_s=2: ext(K*) 116, outside 56 [(-1, 1, 2, 2, 2, 2, 2, 18), (-1, 23, 2, 2, 2, 2, 2, 2)]
m_t=5/4 m_s=2: ext(K*) 120, outside 56 [(-4, 5, 8, 8, 8, 8, 8, 76), (-4, 91, 8, 8, 8, 8, 8, 8)]
m_t=3/2 m_s=2: ext(K*) 120, outside 56 [(-2, 3, 4, 4, 4, 4, 4, 40), (-2, 45, 4, 4, 4, 4, 4, 4)]
m_t=2 m_s=2: ext(K*) 120, outside 56 [(-1, 2, 2, 2, 2, 2, 2, 22), (-1, 22, 2, 2, 2, 2, 2, 2)]
m_t=5/2 m_s=2: ext(K*) 120, outside 56 [(-2, 5, 4, 4, 4, 4, 4, 48), (-2, 43, 4, 4, 4, 4, 4, 4)]
m_t=3 m_s=2: ext(K*) 120, outside 56 [(-1, 3, 2, 2, 2, 2, 2, 26), (-1, 21, 2, 2, 2, 2, 2, 2)]
m_t=4 m_s=2: ext(K*) 120, outside 56 [(-1, 4, 2, 2, 2, 2, 2, 30), (-1, 20, 2, 2, 2, 2, 2, 2)]
m_t=6 m_s=2: ext(K*) 120, outside 56 [(-1, 6, 2, 2, 2, 2, 2, 38), (-1, 18, 2, 2, 2, 2, 2, 2)]
m_t=8 m_s=2: ext(K*) 120, outside 56 [(-1, 8, 2, 2, 2, 2, 2, 46), (-1, 16, 2, 2, 2, 2, 2, 2)]
m_t=12 m_s=2: ext(K*) 112, outside 48 [(-1, 12, 2, 2, 2, 2, 2, 62)]
m_t=1 m_s=5/2: ext(K*) 116, outside 56 [(-2, 2, 5, 5, 5, 5, 5, 55), (-2, 73, 5, 5, 5, 5, 5, 5)]
m_t=5/4 m_s=5/2: ext(K*) 120, outside 56 [(-4, 5, 10, 10, 10, 10, 10, 115), (-4, 145, 10, 10, 10, 10, 10, 10)]
m_t=3/2 m_s=5/2: ext(K*) 120, outside 56 [(-2, 3, 5, 5, 5, 5, 5, 60), (-2, 72, 5, 5, 5, 5, 5, 5)]
m_t=2 m_s=5/2: ext(K*) 120, outside 56 [(-2, 4, 5, 5, 5, 5, 5, 65), (-2, 71, 5, 5, 5, 5, 5, 5)]
m_t=5/2 m_s=5/2: ext(K*) 120, outside 56 [(-2, 5, 5, 5, 5, 5, 5, 70), (-2, 70, 5, 5, 5, 5, 5, 5)]
m_t=3 m_s=5/2: ext(K*) 120, outside 56 [(-2, 6, 5, 5, 5, 5, 5, 75), (-2, 69, 5, 5, 5, 5, 5, 5)]
m_t=4 m_s=5/2: ext(K*) 120, outside 56 [(-2, 8, 5, 5, 5, 5, 5, 85), (-2, 67, 5, 5, 5, 5, 5, 5)]
m_t=6 m_s=5/2: ext(K*) 120, outside 56 [(-2, 12, 5, 5, 5, 5, 5, 105), (-2, 63, 5, 5, 5, 5, 5, 5)]
m_t=8 m_s=5/2: ext(K*) 120, outside 56 [(-2, 16, 5, 5, 5, 5, 5, 125), (-2, 59, 5, 5, 5, 5, 5, 5)]
m_t=12 m_s=5/2: ext(K*) 120, outside 56 [(-2, 24, 5, 5, 5, 5, 5, 165), (-2, 51, 5, 5, 5, 5, 5, 5)]
m_t=1 m_s=3: ext(K*) 116, outside 56 [(-1, 1, 3, 3, 3, 3, 3, 39), (-1, 53, 3, 3, 3, 3, 3, 3)]
m_t=5/4 m_s=3: ext(K*) 120, outside 56 [(-4, 5, 12, 12, 12, 12, 12, 162), (-4, 211, 12, 12, 12, 12, 12, 12)]
m_t=3/2 m_s=3: ext(K*) 120, outside 56 [(-2, 3, 6, 6, 6, 6, 6, 84), (-2, 105, 6, 6, 6, 6, 6, 6)]
m_t=2 m_s=3: ext(K*) 120, outside 56 [(-1, 2, 3, 3, 3, 3, 3, 45), (-1, 52, 3, 3, 3, 3, 3, 3)]
m_t=5/2 m_s=3: ext(K*) 120, outside 56 [(-2, 5, 6, 6, 6, 6, 6, 96), (-2, 103, 6, 6, 6, 6, 6, 6)]
m_t=3 m_s=3: ext(K*) 120, outside 56 [(-1, 3, 3, 3, 3, 3, 3, 51), (-1, 51, 3, 3, 3, 3, 3, 3)]
m_t=4 m_s=3: ext(K*) 120, outside 56 [(-1, 4, 3, 3, 3, 3, 3, 57), (-1, 50, 3, 3, 3, 3, 3, 3)]
m_t=6 m_s=3: ext(K*) 120, outside 56 [(-1, 6, 3, 3, 3, 3, 3, 69), (-1, 48, 3, 3, 3, 3, 3, 3)]
m_t=8 m_s=3: ext(K*) 120, outside 56 [(-1, 8, 3, 3, 3, 3, 3, 81), (-1, 46, 3, 3, 3, 3, 3, 3)]
m_t=12 m_s=3: ext(K*) 120, outside 56 [(-1, 12, 3, 3, 3, 3, 3, 105), (-1, 42, 3, 3, 3, 3, 3, 3)]
m_t=1 m_s=4: ext(K*) 116, outside 56 [(-1, 1, 4, 4, 4, 4, 4, 68), (-1, 95, 4, 4, 4, 4, 4, 4)]
m_t=5/4 m_s=4: ext(K*) 120, outside 56 [(-4, 5, 16, 16, 16, 16, 16, 280), (-4, 379, 16, 16, 16, 16, 16, 16)]
m_t=3/2 m_s=4: ext(K*) 120, outside 56 [(-2, 3, 8, 8, 8, 8, 8, 144), (-2, 189, 8, 8, 8, 8, 8, 8)]
m_t=2 m_s=4: ext(K*) 120, outside 56 [(-1, 2, 4, 4, 4, 4, 4, 76), (-1, 94, 4, 4, 4, 4, 4, 4)]
m_t=5/2 m_s=4: ext(K*) 120, outside 56 [(-2, 5, 8, 8, 8, 8, 8, 160), (-2, 187, 8, 8, 8, 8, 8, 8)]
m_t=3 m_s=4: ext(K*) 120, outside 56 [(-1, 3, 4, 4, 4, 4, 4, 84), (-1, 93, 4, 4, 4, 4, 4, 4)]
m_t=4 m_s=4: ext(K*) 120, outside 56 [(-1, 4, 4, 4, 4, 4, 4, 92), (-1, 92, 4, 4, 4, 4, 4, 4)]
m_t=6 m_s=4: ext(K*) 120, outside 56 [(-1, 6, 4, 4, 4, 4, 4, 108), (-1, 90, 4, 4, 4, 4, 4, 4)]
m_t=8 m_s=4: ext(K*) 120, outside 56 [(-1, 8, 4, 4, 4, 4, 4, 124), (-1, 88, 4, 4, 4, 4, 4, 4)]
m_t=12 m_s=4: ext(K*) 120, outside 56 [(-1, 12, 4, 4, 4, 4, 4, 156), (-1, 84, 4, 4, 4, 4, 4, 4)]
m_t=1 m_s=6: ext(K*) 116, outside 56 [(-1, 1, 6, 6, 6, 6, 6, 150), (-1, 215, 6, 6, 6, 6, 6, 6)]
m_t=5/4 m_s=6: ext(K*) 120, outside 56 [(-4, 5, 24, 24, 24, 24, 24, 612), (-4, 859, 24, 24, 24, 24, 24, 24)]
m_t=3/2 m_s=6: ext(K*) 120, outside 56 [(-2, 3, 12, 12, 12, 12, 12, 312), (-2, 429, 12, 12, 12, 12, 12, 12)]
m_t=2 m_s=6: ext(K*) 120, outside 56 [(-1, 2, 6, 6, 6, 6, 6, 162), (-1, 214, 6, 6, 6, 6, 6, 6)]
m_t=5/2 m_s=6: ext(K*) 120, outside 56 [(-2, 5, 12, 12, 12, 12, 12, 336), (-2, 427, 12, 12, 12, 12, 12, 12)]
m_t=3 m_s=6: ext(K*) 120, outside 56 [(-1, 3, 6, 6, 6, 6, 6, 174), (-1, 213, 6, 6, 6, 6, 6, 6)]
m_t=4 m_s=6: ext(K*) 120, outside 56 [(-1, 4, 6, 6, 6, 6, 6, 186), (-1, 212, 6, 6, 6, 6, 6, 6)]
m_t=6 m_s=6: ext(K*) 120, outside 56 [(-1, 6, 6, 6, 6, 6, 6, 210), (-1, 210, 6, 6, 6, 6, 6, 6)]
m_t=8 m_s=6: ext(K*) 120, outside 56 [(-1, 8, 6, 6, 6, 6, 6, 234), (-1, 208, 6, 6, 6, 6, 6, 6)]
m_t=12 m_s=6: ext(K*) 120, outside 56 [(-1, 12, 6, 6, 6, 6, 6, 282), (-1, 204, 6, 6, 6, 6, 6, 6)]
