== S1  data of E0
PASS D1  [exact] cnot E0 = E0; <E0, E0> = 3
PASS D2  [identity] pauliW E0 = (I + X(x)Z - Y(x)Y)/4
PASS D3  [exact] rational orthonormal eigenbasis (e1, e2, e3, g) with spectrum 3/4, 1/4, 1/4, -1/4
PASS D4  [exact] |1-> is an eigenvector of pauliW E0, eigenvalue 1/4
PASS D5  [exact] E0 has no local part and sigma_max(M)^2 = 1 <= E0_00^2 = 1, so E0 ∈ maxCone (lemma MC)
PASS D5c  [countercontrol] E00 + 2(E13 - E22): sigma_max^2 = 4 > 1 and the product a = e1, b = -e3 pairs to -1 < 0
PASS D6  [exact] E0 ∉ Q3: g^T pauliW(E0) g = -1/4
== S2  H1: every product state lies in Q3 ∩ E0*
PASS H1a  [identity] <prodState x y, E0> = 1 + x1 y3 - x2 y2 = (1/2)[(1-|x|^2) + (1-|y|^2) + (x1+y3)^2 + (x2-y2)^2 + x3^2 + y1^2]
PASS H1b  [identity] pauliW(prodState x y) = rho(x) (x) rho(y); det rho(x) = (1-|x|^2)/4, tr = 1 (PSD on the ball)
PASS H1c  [countercontrol] a surgery vector outside maxCone (E00 + 2 E13) has a product with negative pairing: H1 needs E0 ∈ maxCone
== S3  H2: cnot fixes E0 and preserves pairings with it
PASS H2a  [identity] <cnot w, E0> = <w, E0> for generic w (cnot symmetric orthogonal, cnot E0 = E0)
== S4  H3: the projection lemma (PL) for pure states in the E0-cap
PASS P1  [identity] B := <q, E0> = 3 n1 + n2 + n3 - ng for q = |psi><psi|, psi = c1 e1 + c2 e2 + c3 e3 + cg g
PASS P2  [identity] pauliW(Pi q) = |psi><psi| - (B/3) pauliW(E0), Pi = orthogonal projection onto E0-perp
PASS P3  [identity] det pauliW(Pi q) = -B^3 (11 ng - n1 - 11(n2+n3)) / 6912 (generic complex coordinates)
PASS P4  [identity] 11 ng - n1 - 11(n2+n3) = -11 B + 32 n1, so for B < 0 the determinant is > 0
PASS P5  [identity] the principal block on (e1, e2, e3) is k diag(3,1,1) + c c^H with k = -B/12 (positive definite if B < 0)
PASS P6  [countercontrol] outside the cap (psi = e1, B = 3 > 0) the projection is not PSD: e2^T rho' e2 = -1/4
== S5  PL instances in the cap: exact LDL pivots of pauliW(Pi q) are all positive
PASS L1  [instance] c = (0, 0, 0, 1): B = -1, pivots [1/3, 7/48, 5/21, 11/80]
PASS L2  [instance] c = (1/2, 0, 0, 1): B = -1/4, pivots [7/12, 55/1344, 23/660, 43/1472]
PASS L3  [instance] c = (0, 1, I, 2): B = -2, pivots [2/3, 19/24, 28/57, 11/112]
PASS L4  [instance] c = (1/3, 0, 1, 1 + I): B = -2/3, pivots [1/3, 35/108, 1/21, 49/540]
PASS L5  [instance] c = (0, 9/10, 0, 1): B = -19/100, pivots [11/600, 4199/5280, 2527/51000, 209/72800]
PASS L6  [instance] c = (0, 1, 0, 101/100): B = -201/10000, pivots [17/10000, 2711423/2720000, 31423/6226000, 2211/72800000]
PASS L7  [instance] c = (1/2, 1/2, 1/2, 3/2): B = -1, pivots [1/3, 31/48, 11/93, 19/176]
== S6  distinctness and the closedness ingredient
PASS X1  [exact] G = table(g g^T) is a pure state with <G, E0> = -1: G ∈ Q3, and G ∉ K* (K* ⊆ K** forces <G,E0> >= 0)
PASS X2  [exact] tr pauliW(-E0) = -1 < 0, so -E0 ∉ Q3 (Q3 + R+ E0 is closed)
PASS X3  [exact] E0 and G lie on the trace-one slice <., E00> = 1 (K* has a compact base there)

checks: 27, failed: 0
VERDICT KSTAR-INGREDIENTS-EXACT -- 27 checks
