PASS T0 transcription controls: parsed cnot tables, phiW, idW, chainW, reflY equal the hand transcriptions
PASS T1 landed controls: cnot(prodState xplus z3) = phiW (CD:1222), cnot(idW) = chainW (K2G:110)
PASS P1 sharpVec b = hom(b)/2 (EffectSpace:57) and the product effect table sharp(xplus) (x) sharp(z3) = prodState(xplus, z3)/4, with <that table, w> = pairVal (sharpVec xplus) (sharpVec z3) w (symbolic w)
PASS P2 dual action: <cnot E, w> = <E, cnot w> (symbolic); cnot(sharp(xplus) (x) sharp(z3)) = Delta/4 (the Bell EFFECT is the dual image of a product effect); cnot fixes the unit effect table and the unit coordinate
PASS P3 twisted orientation: R_B and cnot' = R_B cnot R_B are involutions and Euclidean-self-adjoint (symbolic); cnot'(prodState xplus z3) = idW (twin Bell STATE) and cnot'(sharp (x) sharp) = idW/4 (twin Bell EFFECT); cnot' fixes the unit
PASS P4 link-induced maps (symbolic f): Bell links give Delta.f.Delta = T f; twin links give idW.f.idW^T = f; mixed links (Delta on 02, idW on 13) give Delta.f, whose operator is PT on the first token: pauliW(Delta.f) = PT_1(pauliW f) -- so Phi+ induces T, R_B Phi+ induces no transpose, a mixed pair induces one partial transpose
PASS P5 links on (0,3), (1,2): conditioning L(03) L'(12) on f(23) leaves L.f^T.L'^T on (0,1) (symbolic); with Bell links it is T(swap f) = Delta.f^T.Delta
PASS N1 inclusion (I) [states on 02|13, effect products on 01|23, conditioning on 01|23, Bell link as STATE]: with L = L' = Delta the conditional of f(23) on (0,1) is T f, so T(K_23*) <= cl K_01 -- no identification of K_01 with K_23 is used (symbolic)
PASS N2 inclusion (II) [states on 01|23, effect products on 02|13, no conditioning, Bell link as EFFECT]: with E = F = Delta the value is <X, T Y>, so T(K_23) <= K_01*, i.e. K_01 <= T(K_23*) (symbolic)
PASS U1 general charts: exact rational orthogonal A, B (det -1), A' (det -1), B'; the Bell links l1(Delta) = H_A Delta H_B^T = H_R02 and H_A' Delta H_B'^T = H_R13, so the Bell-link conditional is Theta(f) = H_R02 f H_R13^T with R = A reflY B^T in O(3) (symbolic f)
PASS U2 general charts: with links l1(cnot(P_a)) on (0,2), (1,3) and f = Theta^-1(X), the conditional is 4 (H_A M_D H_A^T) X (H_A' M_D' H_A'^T)^T: K_01 is invariant under the A-conjugated local filters (symbolic X, u, u'; no chart alignment used)
PASS Z1 for all 16 twist assignments on (01, 23, 02, 13): K_01 = Theta_tau(K_23*) with K_ij = R_B^tau_ij Q3 is consistent iff tau_01 + tau_13 + tau_23 + tau_02 is even (image of the Bell table under the composite sign map; Delta is in Q3 and not in Tw)
PASS Z2 own recomputation of the four-copy test: over the Bell-type tables and their twists, a negative family-(i) value exists iff the 4-cycle parity is odd (16 assignments; even cases nonnegative over the candidates)  [0000:0 0001:-2 0010:-2 0011:0 0100:-2 0101:0 0110:0 0111:-2 1000:-2 1001:0 1010:0 1011:-2 1100:0 1101:-2 1110:-2 1111:0]
PASS Z3 even parity is realized: for every S in {0,1,2,3}, the pair marginals of PT_S(rho) are PT_{S cap pair} of the marginals (exact random 16x16 instance, pairs 01, 23, 02, 13), so K4 = PT_S(PSD_16) has pair cones R_B^([i in S] + [j in S]) Q3 (Tw = PT_1 Q3 = PT_2 Q3): every coboundary twist pattern has a quantum K4
PASS F1 every generator of <octahedral locals, cnot> is Ad of an explicit unitary (up to a positive scalar): pauliW(g w) = U pauliW(w) U^dag (symbolic w); hence every group element preserves PSD and products' images are pure states
PASS F1 the group generated by the local octahedral rotations and cnot has order 11520 (own BFS on signed permutations of the 16 table entries)  [11520]
PASS F1 psi = (1,1,1,2)/sqrt7: every orbit element has marginal Bloch norm^2 <= 45/49 < (24/25)^2 = 576/625, so the largest Schmidt weight is <= 49/50 on the whole orbit; control: a pure product's orbit reaches 1  [max = 45/49]
PASS F1 four-copy witness: states Delta on (0,2) and (1,3) (Delta = cnot(prodState xplus z3) is in K_F), effects w on (0,1) and f on (2,3) (both in K_F*: w by the orbit bound, f is PSD and K_F <= Q3): the value <w, Delta.f.Delta> = tr(W_op (psi psi^dag)^T)/4 = -1/200 < 0, so K_F violates KT(4; 01|23, 02|13)  [-1/200]
PASS F2 SEP and max satisfy the instance without a gate (symbolic product-table identities): <a b^T, E (c d^T) F^T> = (a^T E c)(b^T F d) and <p r^T, Lm (q s^T) Lp^T> = (p^T Lm q)(r^T Lp s), so with product states and block-positive effects (SEP) or block-positive states and product effects (max) every family value is a product of two nonnegative numbers
PASS F2 SEP fails the gate: the effect table of 1 - 2 Phi+ takes the value (1 - x.Delta y)/2 >= 0 on every product (so it is in max = SEP*) and the value -1 on Delta = cnot(prodState xplus z3): cnot(SEP) is not in SEP
PASS F2 max fails the gate: idW is in max (its value on products is |<a|b>|^2-type: pairVal(hom x, hom y, idW) = 1 + x.y >= 0) and cnot(idW) = chainW with pairVal(sharp(-e1), sharp(-e3), chainW) = -1/2 (K2Guard's chain)
PASS F3 restricted effects: w (in K_F*) is not PSD: W_op psi = (-1/50) psi, so the effect set Q3 is a strict restriction of K_F*; K_F's generators g(products) are PSD (F1), so K_F with effect set Q3 satisfies the instance with K4 = conv of the two product sets (written; PSD_16 bounds it)
PASS F4 non-closed foil ingredient: psi psi^dag is outside K_F (the witness w is nonnegative on K_F and <w, coordsW(psi psi^dag)> = 49/50 - 1 = -1/50), hence outside conv(SEP u cnot SEP) <= K_F
--- p2_audit_twists_foils: 23/23 checks pass
VERDICT P2-AUDIT-TWISTS-FOILS-EXACT
