countercontrols: X1 ["C2 X1: TransitiveBody.lean:603 does not begin a declaration: '    (hconv : Convex ℝ Ω) (hi : (interior Ω).Nonempty) {G : Set ((Fin d → ℝ) ≃ᵃ[ℝ'"]; X2 ['C3 X2: `eball` cited at TransitiveBody.lean:602, which declares exists_affine_image_eq_eball']; X3 ['C1 X3: NoSuchModule.lean:1 (file missing or too short)']
cite CarrierGeneralOIPlus.lean:198 -> oiPlus_of_qm
cite CarrierGeneralOIPlus.lean:207 -> oiPlus_iff_qm
cite CompletionAction.lean:144 -> CompletionChart
cite CompletionAction.lean:166 -> chartBody
cite CompositeDimension.lean:218 -> NativeGate
cite CompositionOrder.lean:348 -> finiteOrderOn_of_stagePreserving
cite DenseOrbit.lean:53 -> DenseBoundaryOrbit
cite DenseOrbit.lean:209 -> chartBody_eq_eball_of_dense
cite EffectSpace.lean:337 -> boundaryTransitive_fullAut
cite EqvOmega4.lean:157 -> ??
cite ImplementationLocality.lean:506 -> Architecture
cite InstrumentCompletion.lean:195 -> finiteSupport_iff_kraus
cite K1Bridge.lean:128 -> dim_of_nativeGateOf
cite KInfFoundations.lean:130 -> IsBoundaryState
cite KInfFoundations.lean:135 -> SupportingEffectComplete
cite KInfFoundations.lean:144 -> RelStrictConvex
cite KInfFoundations.lean:149 -> fullEffects
cite KInfFoundations.lean:264 -> ElementaryDrivability
cite KInfFoundations.lean:1013 -> KInf1
cite KInfFoundations.lean:1053 -> supportingEffectComplete_ball3
cite KInfFoundations.lean:1089 -> not_kInf1_ball3_unit
cite OrbitGeneration.lean:65 -> SharpSeed
cite OrbitGeneration.lean:69 -> PreservesBody
cite OrbitGeneration.lean:79 -> BoundaryTransitive
cite OrbitGeneration.lean:620 -> not_boundaryTransitive_flow
cite OrbitGeneration.lean:652 -> not_sharpSeed_unsharp
cite OrbitNormalization.lean:159 -> effTr
cite OrbitNormalization.lean:400 -> effR
cite OrbitNormalization.lean:427 -> sharpSeed_restrict
cite QuasilocalAlgebra.lean:956 -> ReversibleDynamics
cite QuasilocalCharacterization.lean:168 -> QuasilocalSystem
cite QuasilocalCharacterization.lean:769 -> phase_localityPreserving
cite QuasilocalCharacterization.lean:792 -> phaseQ_ne_heisQ
cite StageCompletion.lean:78 -> SCInf
cite StageCompletion.lean:224 -> sharpSeed_completion
cite StageCompletion.lean:350 -> not_scInf_bad
cite StageCompletion.lean:401 -> bitTower_scInf
cite StructuralClosure.lean:383 -> substratum_residual
cite SubstratumSource.lean:77 -> DrivesElementary
cite SubstratumSource.lean:86 -> QuantumArchitecture
cite TransitiveBody.lean:518 -> eball
cite TransitiveBody.lean:602 -> exists_affine_image_eq_eball
cite TransitiveBody.lean:651 -> chartBody_eq_eball
citations: 43 distinct (59 occurrences), named pairs: 31
VERDICT CITATIONS-RESOLVE
