cite CarrierGeneralOIPlus.lean:198 -> oiPlus_of_qm
cite CarrierGeneralOIPlus.lean:207 -> oiPlus_iff_qm
cite CompletionAction.lean:144 -> CompletionChart
cite CompletionAction.lean:166 -> chartBody
cite CompositeDimension.lean:218 -> NativeGate
cite CompositionOrder.lean:348 -> finiteOrderOn_of_stagePreserving
cite DenseOrbit.lean:53 -> DenseBoundaryOrbit
cite DenseOrbit.lean:209 -> chartBody_eq_eball_of_dense
cite EffectSpace.lean:337 -> boundaryTransitive_fullAut
cite EqvOmega4.lean:157 -> ??
cite ImplementationLocality.lean:506 -> Architecture
cite InstrumentCompletion.lean:195 -> finiteSupport_iff_kraus
cite K1Bridge.lean:128 -> dim_of_nativeGateOf
cite KInfFoundations.lean:144 -> RelStrictConvex
cite KInfFoundations.lean:264 -> ElementaryDrivability
cite OrbitGeneration.lean:65 -> SharpSeed
cite OrbitGeneration.lean:69 -> PreservesBody
cite OrbitGeneration.lean:79 -> BoundaryTransitive
cite OrbitGeneration.lean:620 -> not_boundaryTransitive_flow
cite OrbitGeneration.lean:652 -> not_sharpSeed_unsharp
cite OrbitNormalization.lean:159 -> effTr
cite OrbitNormalization.lean:400 -> effR
cite OrbitNormalization.lean:427 -> sharpSeed_restrict
cite QuasilocalAlgebra.lean:956 -> ReversibleDynamics
cite QuasilocalCharacterization.lean:168 -> QuasilocalSystem
cite QuasilocalCharacterization.lean:769 -> phase_localityPreserving
cite QuasilocalCharacterization.lean:792 -> phaseQ_ne_heisQ
cite StageCompletion.lean:78 -> SCInf
cite StageCompletion.lean:224 -> sharpSeed_completion
cite StageCompletion.lean:350 -> not_scInf_bad
cite StageCompletion.lean:401 -> bitTower_scInf
cite StructuralClosure.lean:383 -> substratum_residual
cite SubstratumSource.lean:77 -> DrivesElementary
cite SubstratumSource.lean:86 -> QuantumArchitecture
cite TransitiveBody.lean:518 -> eball
cite TransitiveBody.lean:602 -> exists_affine_image_eq_eball
cite TransitiveBody.lean:651 -> chartBody_eq_eball
citations: 37 distinct (49 occurrences), named pairs: 24
FAIL C1 RESULTS.md (round-2 rows): EqvOmega4.lean:157 (file missing or too short)
FAIL C1 preregistration-drafts/S4-kinf-trans-separation.md: EqvOmega4.lean:157 (file missing or too short)
FAIL C3 preregistration-drafts/S1-kinf-seed.md: `hP1` cited at K1Bridge.lean:128, which declares dim_of_nativeGateOf
VERDICT NOT RENDERED -- 3 failing citation(s); fewer than 40 citations
