removed mutating statements: 257 flagged: 63
(27681, ['_nlv_checks'], ['_nlv_checks'], "_nlv_checks['freeze'] = _nlv_freeze_pin()")
(27682, ['_nlv_checks'], ['_nlv_checks'], "_nlv_checks['freeze drift'] = not _nlv_freeze_pin(")
(27684, ['_nlv_checks'], ['_nlv_checks'], "_nlv_checks['authority'] = _nlv_execution_ancestry()")
(27686, ['_nlv_checks'], ['_nlv_checks'], "_nlv_checks['ordering'] = _nlv_order_ok")
(27688, ['_nlv_checks'], ['_nlv_checks'], "_nlv_checks['note'] = _nlv_note_ok(_NLVNOTE)")
(27691, ['_nlv_checks'], ['_nlv_checks'], "_nlv_checks['seal state'] = _nlv_declarations()")
(28060, ['_pfr_checks'], ['_pfr_checks'], "_pfr_checks['frozen-blob'] = (_hashlib.sha1(b'blob %d\\x00' % len(_PFRPRE) + _PFRPRE).hexdi")
(28062, ['_pfr_checks'], ['_pfr_checks'], "_pfr_checks['frozen-blob-drift'] = (_hashlib.sha1(b'blob %d\\x00' % (len(_PFRPRE) + 1)")
(28091, ['_pfr_checks'], ['_pfr_checks'], "_pfr_checks['note'] = _pfr_note_ok(_PFRNOTE)")
(28136, ['_pfr_checks'], ['_pfr_checks'], "_pfr_checks['chronology-recoverable'] = _pfr_chain is not None")
(28204, ['_pfr_checks'], ['_pfr_checks'], "_pfr_checks['manifest-authority'] = bool(_si2_authority('PFR', tag='R7-PFR'))")
(28580, ['_pra_checks'], ['_pra_checks'], "_pra_checks['frozen-blob'] = (_hashlib.sha1(b'blob %d\\x00' % len(_PRAPRE) + _PRAPRE).hexdi")
(28582, ['_pra_checks'], ['_pra_checks'], "_pra_checks['frozen-blob-drift'] = (_hashlib.sha1(b'blob %d\\x00' % (len(_PRAPRE) + 1)")
(28644, ['_pra_checks'], ['_pra_checks'], "_pra_checks['note'] = _pra_note_ok(_PRANOTE)")
(28696, ['_pra_checks'], ['_pra_checks'], "_pra_checks['chronology-recoverable'] = _pra_chain is not None")
(28805, ['_pra_checks'], ['_pra_checks'], "_pra_checks['manifest-authority'] = bool(_si2_authority('PRA', tag='R7-PRA'))")
(29600, ['_si1_cases', '_si1_obs'], ['r'], "print('    R7-SI1 negatives: all 20 frozen cases satisfy their required outcomes, in %d ca")
(29620, ['_si1_sealed'], ['c', 'd', 'e', 'f', 'k', 'm2', 'p', 'v'], "print('    R7-SI1 derivation: reachable scope %d of %d agree with the pin; first-parent sc")
(30847, ['_si2_recs', 'r'], ['r'], "print('    R7-SI2 SI2-1: %s -- %d records, %d sealed, %d base-only; SI1 record %s; U5 delt")
(30883, ['_si2_live'], ['e'], "print('    R7-SI2 live ledger: %d clauses, U3 PASS %d, legacy shadow PASS %d, shadow no-ve")
(30922, ['_si2_live_gates'], ['re'], "print('    R7-SI2 SI2-5: %s -- U5 over the record set fixed at stage 1: %s; %d live per-ro")
(30949, ['_si2_base_map', '_si2_head_map', 't'], ['CHECKS', 'CHECK_TAGS', 'c', 'd', 'e', 'f', 'k', 'm2', 'p', 't', 'v'], "print('    R7-SI2 SI2-6(a): %s -- the base\\'s guard file was RUN: %s tags, %s; head verdic")
(31769, ['_si3_base_map', '_si3_head_map', 't'], ['CHECKS', 'CHECK_TAGS', 'c', 'd', 'e', 'f', 'k', 'm2', 'p', 't', 'v'], "print('    R7-SI3 SI3-7: %s -- the base\\'s guard file was RUN: %s tags, %s; head verdicts ")
(32483, ['_GR1_STATE', '_gr1_checks', '_gr1_decl_e', '_gr1_decl_l'], ['t'], '_gr1_checks.update(_gr1_decl_verdicts(')
(32701, ['_gr1_bad', '_gr1_checks'], ['c', 'd', 'e', 'f', 'k', 'm2', 'p', 'v'], "print('    R7-GR1 contracts: %d checks, %d control group(s); chronology %s; failures: %s'")
(33582, ['_GR2_E', '_GR2_L', '_GR2_STATE', '_gr2_checks'], ['t'], '_gr2_checks.update(dict(')
(33665, ['_gr2_bad', '_gr2_checks'], ['c', 'd', 'e', 'f', 'k', 'm2', 'p', 'v'], "print('    R7-GR2 contracts: %d checks, %d control group(s); chronology %s; failures: %s'")
(34978, ['_CV1_CENSUS', 'json'], ['json'], "print('    R7-CV1 census: ' + json.dumps(_CV1_CENSUS, sort_keys=True))")
(35046, ['_cv1_bad', '_cv1_checks'], ['c', 'd', 'e', 'f', 'k', 'm2', 'p', 'v'], "print('    R7-CV1 contracts: %d checks, %d control group(s); chronology %s (%s); censuses ")
(27697, ['_nlv_checks'], ['_nlv_checks'], "_nlv_checks['content mutation ' + str(_nlv_mutations)] = (")
(27706, ['_nlv_checks'], ['_nlv_checks'], "_nlv_checks['record mutation ' + str(_nlv_mutations)] = (")
(27724, ['_nlv_checks'], ['_nlv_checks'], "_nlv_checks['off-chain mutation'] = not _nlv_ordering_pred(")
(27726, ['_nlv_checks'], ['_nlv_checks'], "_nlv_checks['order mutation'] = not _nlv_ordering_pred(")
(27728, ['_nlv_checks'], ['_nlv_checks'], "_nlv_checks['gate mutation'] = not _nlv_ordering_pred(*_nlv_args, _nlv_texts, False)")
(27731, ['_nlv_checks'], ['_nlv_checks'], "_nlv_checks['premature verdict mutation'] = not _nlv_ordering_pred(*_nlv_args, _nlv_early,")
(27734, ['_nlv_checks'], ['_nlv_checks'], "_nlv_checks['premature A27-1 mutation'] = not _nlv_ordering_pred(*_nlv_args, _nlv_early, T")
(28093, ['_pfr_checks'], ['_pfr_checks'], "_pfr_checks['note-req:' + _k] = _s in _PFRNOTE")
(28094, ['_pfr_checks'], ['_pfr_checks'], "_pfr_checks['note-req-mut:' + _k] = not _pfr_note_ok(_PFRNOTE.replace(_s, '', 1))")
(28097, ['_pfr_checks'], ['_pfr_checks'], "_pfr_checks['note-forbidden-mut:%02d' % _i] = not _pfr_note_ok(_PFRNOTE + '\\n' + _f + '\\n'")
(28132, ['_pfr_checks'], ['_pfr_checks'], "_pfr_checks['note-mut:' + _nm] = not _pfr_note_ok(_mut(_PFRNOTE))")
(28138, ['_pfr_checks'], ['_pfr_checks'], "_pfr_checks['chronology'] = _pfr_chron_ok(_pfr_chain, _pfr_texts)")
(28156, ['_pfr_checks'], ['_pfr_checks'], "_pfr_checks['stage-a-parent'] = (_pfr_git('rev-parse', _PFR_STAGEA + '^') or '').strip() =")
(28157, ['_pfr_checks'], ['_pfr_checks'], "_pfr_checks['blob-unchanged'] = all(")
(28161, ['_pfr_checks'], ['_pfr_checks'], "_pfr_checks['chronology'] = False")
(28646, ['_pra_checks'], ['_pra_checks'], "_pra_checks['note-req:' + _k] = _s in _PRANOTE")
(28647, ['_pra_checks'], ['_pra_checks'], "_pra_checks['note-req-mut:' + _k] = not _pra_note_ok(_PRANOTE.replace(_s, '', 1))")
(28650, ['_pra_checks'], ['_pra_checks'], "_pra_checks['note-forbidden-mut:%02d' % _i] = not _pra_note_ok(_PRANOTE + '\\n' + _f + '\\n'")
(28688, ['_pra_checks'], ['_pra_checks'], "_pra_checks['note-mut:' + _nm] = not _pra_note_ok(_mut(_PRANOTE))")
(28691, ['_pra_checks'], ['_pra_checks'], "_pra_checks['note-mut:impossible-vector-appended:%d' % _i] = not _pra_note_ok(")
(28698, ['_pra_checks'], ['_pra_checks'], "_pra_checks['chronology'] = _pra_chron_ok(_pra_chain, _pra_texts)")
(28729, ['_pra_checks'], ['_pra_checks'], "_pra_checks['stage-a-parent'] = (")
(28731, ['_pra_checks'], ['_pra_checks'], "_pra_checks['blob-unchanged'] = all(")
(28735, ['_pra_checks'], ['_pra_checks'], "_pra_checks['chronology'] = False")
(31751, ['_si3_flip'], ['CHECKS', 'CHECK_TAGS', 'c', 'd', 'e', 'f', 'k', 'm2', 'p', 'v'], "_si3_flip[sorted(_si3_base_map)[0]] = 'FAIL'")
(14252, ['_f'], ['_a12p_m13', '_f'], "_f['status'] = 'kernel-only'")
(16550, ['_f'], ['_a6p_m8', '_f'], "_f['manuscript'].append({'file': 'papers/SM.md',")
(19403, ['_f'], ['_a6i_m15', '_f'], "_f['manuscript'].append({'file': 'papers/SM.md',")
(28154, ['_pfr_checks'], ['_pfr_checks'], "_pfr_checks['chron-mut:' + _nm] = not _pfr_chron_ok(_ch, _tx)")
(28727, ['_pra_checks'], ['_pra_checks'], "_pra_checks['chron-mut:' + _nm] = not _pra_chron_ok(_ch, _tx)")
(30936, ['_fh', '_si2_base_map', 'json'], ['json'], '_fh.write(json.dumps({')
(31755, ['_fh', '_si3_base_map', 'json'], ['json'], '_fh.write(json.dumps({')
(30958, ['_si2_head_map', '_t'], ['CHECKS', 'CHECK_TAGS', '_t', 'c', 'd', 'e', 'f', 'k', 'm2', 'p', 'v'], "print('      CHANGED %s: base %s, head %s -- a result requiring adjudication' % (_t, _v, _")
(31778, ['_si3_head_map', '_t'], ['CHECKS', 'CHECK_TAGS', '_t', 'c', 'd', 'e', 'f', 'k', 'm2', 'p', 'v'], "print('      CHANGED %s: base %s, head %s -- a result requiring adjudication' % (_t, _v, _")
