# I2 manuscript census (b)
papers/Main.md:20 sentences=2/6 keys=C1,C2,C3,C4 map=I2.69,I2.44,I2.50 (C1–C4 clauses OOS:I1 conditions)
papers/Main.md:22 sentences=2/9 keys=H-,hypothesis map=I2.1,I2.5,I2.6,I2.8,I2.12,I2.102,I2.69
SECTION papers/Main.md:14-22 keyword-sentences=4
papers/Main.md:82 sentences=4/8 keys=C1,C2,C3,C4,Theorem map=I2.69 (C1–C4 clauses OOS:I1 conditions)
SECTION papers/Main.md:82-82 keyword-sentences=4
papers/Main.md:99 sentences=2/5 keys=C2,C3,C4,H- map=I2.69
SECTION papers/Main.md:95-99 keyword-sentences=2
papers/Main.md:109 sentences=2/6 keys=C1,C2,Condition map=OOS:I1 (slow-bath regime of C1/C2)
papers/Main.md:113 sentences=1/2 keys=Lemma map=I2.48 (total-finiteness posit OOS:I1)
papers/Main.md:115 sentences=1/2 keys=Theorem map=I2.48 (total-finiteness posit OOS:I1)
papers/Main.md:131 sentences=2/2 keys=C1,Lemma map=I2.48 (total-finiteness posit OOS:I1)
papers/Main.md:133 sentences=1/1 keys=Lemma map=I2.49
papers/Main.md:137 sentences=1/1 keys=C4,Theorem map=I2.50
papers/Main.md:139 sentences=1/6 keys=C4 map=I2.50
papers/Main.md:141 sentences=2/3 keys=C4 map=I2.50
papers/Main.md:143 sentences=1/4 keys=C1 map=I2.51
papers/Main.md:147 sentences=4/5 keys=C1,C3 map=I2.51
papers/Main.md:151 sentences=1/5 keys=C1 map=I2.52
papers/Main.md:153 sentences=1/2 keys=C2 map=OOS:I1 (C2 storage mechanism and its failure)
papers/Main.md:155 sentences=1/3 keys=C2,hypothesis map=OOS:I1 (C2 storage mechanism and its failure)
papers/Main.md:157 sentences=2/2 keys=C2 map=OOS:I1 (C2 storage mechanism and its failure)
papers/Main.md:159 sentences=1/2 keys=Lemma map=I2.53
papers/Main.md:161 sentences=1/1 keys=C4 map=I2.53
papers/Main.md:165 sentences=6/6 keys=C2,C4,hypothesis map=I2.53
papers/Main.md:167 sentences=1/2 keys=C1,C3,C4,Lemma map=I2.54
papers/Main.md:170 sentences=1/5 keys=Condition map=I2.54
papers/Main.md:172 sentences=1/2 keys=C1,C3,C4 map=OOS:I1 (C1–C4 separation and roles)
papers/Main.md:174 sentences=2/2 keys=C2,C3,C4 map=OOS:I1 (C1–C4 separation and roles)
papers/Main.md:176 sentences=3/4 keys=C2 map=OOS:I1 (C1–C4 separation and roles)
papers/Main.md:184 sentences=1/2 keys=C1,C4 map=I2.48 (minimal model, folded witness; C1–C4 claim OOS:I1)
SECTION papers/Main.md:101-196 keyword-sentences=38
papers/Main.md:204 sentences=1/5 keys=hypothesis map=I2.55,I2.56,I2.42
papers/Main.md:206 sentences=1/2 keys=Lemma map=I2.55,I2.56,I2.42
papers/Main.md:210 sentences=1/8 keys=Lemma map=I2.55,I2.56,I2.42
papers/Main.md:212 sentences=9/24 keys=(i),(ii),(iii),(iv),A1,H- map=I2.56,I2.4,I2.81
papers/Main.md:216 sentences=1/2 keys=Lemma map=OOS:I1 (Lemma 1 finiteness commitment)
papers/Main.md:218 sentences=3/7 keys=Lemma map=OOS:I1 (Lemma 1 finiteness commitment)
papers/Main.md:224 sentences=1/3 keys=Lemma map=I2.57
papers/Main.md:242 sentences=1/2 keys=Lemma map=I2.57
papers/Main.md:244 sentences=1/2 keys=K map=I2.57
papers/Main.md:246 sentences=1/3 keys=Theorem map=I2.57
papers/Main.md:248 sentences=1/4 keys=Lemma map=I2.57
papers/Main.md:250 sentences=1/2 keys=hypothesis map=I2.57
papers/Main.md:254 sentences=1/14 keys=(i) map=I2.57
papers/Main.md:256 sentences=1/10 keys=Condition map=I2.57
papers/Main.md:262 sentences=1/2 keys=Lemma map=I2.58
papers/Main.md:264 sentences=1/1 keys=Lemma map=I2.58
papers/Main.md:270 sentences=1/3 keys=Lemma map=I2.58
papers/Main.md:276 sentences=1/2 keys=Lemma map=I2.59
papers/Main.md:280 sentences=1/4 keys=Theorem map=I2.59
papers/Main.md:282 sentences=1/1 keys=Theorem map=I2.59
papers/Main.md:286 sentences=3/4 keys=C1,Condition map=I2.22
papers/Main.md:288 sentences=1/2 keys=C1 map=I2.21 (320 also I2.22)
papers/Main.md:294 sentences=1/1 keys=Lemma map=I2.21 (320 also I2.22)
papers/Main.md:298 sentences=1/5 keys=Corollary map=I2.21 (320 also I2.22)
papers/Main.md:300 sentences=2/2 keys=(i),(ii),(iii),Lemma map=I2.21 (320 also I2.22)
papers/Main.md:304 sentences=1/1 keys=(iv) map=I2.21 (320 also I2.22)
papers/Main.md:306 sentences=4/8 keys=(i),(ii),(iii),(iv) map=I2.21 (320 also I2.22)
papers/Main.md:308 sentences=1/2 keys=Theorem map=I2.21 (320 also I2.22)
papers/Main.md:312 sentences=1/1 keys=Corollary,Lemma,Theorem map=I2.21 (320 also I2.22)
papers/Main.md:314 sentences=1/1 keys=Corollary map=I2.21 (320 also I2.22)
papers/Main.md:316 sentences=1/3 keys=Lemma map=I2.21 (320 also I2.22)
papers/Main.md:318 sentences=1/4 keys=hypothesis map=I2.21 (320 also I2.22)
papers/Main.md:320 sentences=6/8 keys=(iv),C1,C4,Corollary,Lemma,Theorem map=I2.21 (320 also I2.22)
papers/Main.md:322 sentences=1/1 keys=Lemma map=I2.60
papers/Main.md:326 sentences=1/1 keys=Theorem map=I2.60
papers/Main.md:328 sentences=1/5 keys=Lemma map=I2.60
papers/Main.md:334 sentences=2/7 keys=C1,C3,C4 map=I2.60
papers/Main.md:336 sentences=3/7 keys=(i),(ii),C2,C3 map=I2.61
papers/Main.md:348 sentences=2/8 keys=(i),(iii),C1 map=I2.19,I2.62
papers/Main.md:352 sentences=3/16 keys=C1,C4,Theorem,hypothesis map=I2.63
papers/Main.md:360 sentences=1/4 keys=Theorem map=I2.5
papers/Main.md:362 sentences=1/1 keys=(i),(ii) map=I2.5
papers/Main.md:363 sentences=1/1 keys=(iii) map=I2.5
papers/Main.md:364 sentences=1/1 keys=(iv) map=I2.5
papers/Main.md:394 sentences=2/9 keys=Corollary,H- map=I2.7
papers/Main.md:398 sentences=1/1 keys=\boxed map=I2.8
papers/Main.md:409 sentences=1/1 keys=Theorem map=I2.41,I2.69
papers/Main.md:411 sentences=2/5 keys=C4 map=I2.41,I2.69
papers/Main.md:415 sentences=1/1 keys=C1,Lemma map=I2.48 (C1 clause OOS:I1)
papers/Main.md:419 sentences=1/3 keys=C1 map=OOS:I1 (C1 witness and one-way coupling remarks)
papers/Main.md:421 sentences=2/4 keys=C1 map=OOS:I1 (C1 witness and one-way coupling remarks)
papers/Main.md:423 sentences=2/4 keys=hypothesis map=OOS:I1 (ETH motivation; C2 necessity theorems)
papers/Main.md:433 sentences=2/3 keys=C2,Theorem,hypothesis map=OOS:I1 (ETH motivation; C2 necessity theorems)
papers/Main.md:437 sentences=1/2 keys=(ii) map=OOS:I1 (ETH motivation; C2 necessity theorems)
papers/Main.md:447 sentences=1/1 keys=C2,K,Theorem,hypothesis map=OOS:I1 (ETH motivation; C2 necessity theorems)
papers/Main.md:449 sentences=1/3 keys=(ii),C2 map=OOS:I1 (ETH motivation; C2 necessity theorems)
papers/Main.md:451 sentences=3/4 keys=K,hypothesis map=OOS:I1 (ETH motivation; C2 necessity theorems)
papers/Main.md:453 sentences=1/2 keys=C2 map=OOS:I1 (ETH motivation; C2 necessity theorems)
papers/Main.md:456 sentences=3/3 keys=C1,C2,C3,C4,hypothesis map=OOS:I1 (role of C2)
papers/Main.md:460 sentences=1/2 keys=K,Theorem map=I2.64
papers/Main.md:462 sentences=1/6 keys=K map=I2.64
papers/Main.md:464 sentences=1/5 keys=K map=I2.64
papers/Main.md:466 sentences=1/3 keys=Proposition map=I2.65
papers/Main.md:472 sentences=4/4 keys=K,Proposition map=I2.65
papers/Main.md:474 sentences=2/3 keys=K map=I2.65
papers/Main.md:476 sentences=3/7 keys=(ii),K,Proposition map=I2.65
papers/Main.md:478 sentences=3/4 keys=hypothesis map=OOS:I1 (ETH and C2 status remarks)
papers/Main.md:480 sentences=3/6 keys=C1,C2,C3,hypothesis map=OOS:I1 (ETH and C2 status remarks)
papers/Main.md:482 sentences=1/2 keys=(ii),(iii),C2,hypothesis map=OOS:I1 (ETH and C2 status remarks)
papers/Main.md:484 sentences=1/2 keys=C3,Theorem map=OOS:I1 (C3 necessity, capacity corollary)
papers/Main.md:492 sentences=4/5 keys=C3,Corollary,K,hypothesis map=OOS:I1 (C3 necessity, capacity corollary)
papers/Main.md:496 sentences=4/5 keys=C1,C2,C3,K,Theorem map=I2.40
papers/Main.md:500 sentences=5/11 keys=C1,C2,C3,C4,K map=I2.40
papers/Main.md:508 sentences=3/11 keys=(i),C4,Condition,hypothesis map=I2.42,I2.43
papers/Main.md:510 sentences=2/2 keys=(i),(iii),Lemma map=I2.42,I2.43
papers/Main.md:514 sentences=1/3 keys=(i),(ii),(iii) map=I2.42,I2.43
papers/Main.md:516 sentences=2/3 keys=(i),(ii),(iii),C2,Condition map=I2.41
papers/Main.md:518 sentences=1/1 keys=(i) map=I2.41
papers/Main.md:520 sentences=1/1 keys=(ii) map=I2.41
papers/Main.md:522 sentences=1/1 keys=(ii),(iii),C1,C3,C4,K map=I2.41
papers/Main.md:526 sentences=1/2 keys=K,Theorem map=I2.39
papers/Main.md:534 sentences=1/12 keys=C4 map=I2.39
papers/Main.md:536 sentences=1/2 keys=K map=I2.64,I2.65
papers/Main.md:538 sentences=2/8 keys=C1,C4,Proposition map=I2.17
papers/Main.md:542 sentences=1/8 keys=C1,C4,hypothesis map=I2.3
papers/Main.md:544 sentences=2/2 keys=K,Theorem map=I2.12
papers/Main.md:546 sentences=1/1 keys=Corollary,K,Lemma map=I2.12
papers/Main.md:548 sentences=1/1 keys=K map=I2.12
papers/Main.md:554 sentences=3/3 keys=K map=I2.12
papers/Main.md:556 sentences=5/11 keys=Corollary,K,Lemma map=I2.12
papers/Main.md:558 sentences=3/7 keys=K,Lemma map=I2.12
papers/Main.md:560 sentences=2/5 keys=Corollary,K map=I2.15
papers/Main.md:572 sentences=2/4 keys=K,Lemma map=I2.16
papers/Main.md:574 sentences=4/5 keys=(i),(ii),Corollary,K,Lemma,Theorem map=I2.16
papers/Main.md:576 sentences=3/3 keys=(ii),Corollary,Proposition map=I2.16
papers/Main.md:578 sentences=2/7 keys=(ii),K,Lemma map=I2.18
papers/Main.md:580 sentences=1/3 keys=Theorem map=I2.44
papers/Main.md:590 sentences=2/4 keys=C1,C2,C3,K map=I2.44
papers/Main.md:594 sentences=2/5 keys=(ii),C4 map=I2.47
papers/Main.md:596 sentences=2/4 keys=C1,C4,hypothesis map=I2.47
papers/Main.md:598 sentences=2/7 keys=K,Theorem map=I2.45
papers/Main.md:602 sentences=4/5 keys=C1,C3,C4 map=OOS:I1 (which condition is primitive: C1–C4 dependencies)
papers/Main.md:604 sentences=3/4 keys=(ii) map=I2.67
papers/Main.md:606 sentences=3/5 keys=(i),(ii),(iii),C1,C2,C3,C4,hypothesis map=I2.41
papers/Main.md:608 sentences=3/3 keys=(iii),K map=I2.67
papers/Main.md:610 sentences=2/2 keys=(i),(ii),(iii) map=I2.67
papers/Main.md:612 sentences=2/3 keys=(ii),C1,C2,C3,C4 map=I2.67
papers/Main.md:614 sentences=2/2 keys=C1,C4 map=I2.67
papers/Main.md:618 sentences=3/5 keys=(i),(ii),Lemma map=I2.67
papers/Main.md:626 sentences=1/2 keys=(i) map=I2.19
papers/Main.md:628 sentences=1/6 keys=(ii) map=I2.2
papers/Main.md:630 sentences=2/8 keys=(iii),Lemma map=I2.68
papers/Main.md:632 sentences=2/6 keys=(iv),C1,C4 map=I2.68
papers/Main.md:634 sentences=2/4 keys=(v),C1,C2,C3,C4 map=I2.56
papers/Main.md:642 sentences=1/4 keys=Lemma map=I2.71
papers/Main.md:646 sentences=1/3 keys=Corollary map=I2.71
papers/Main.md:654 sentences=1/6 keys=C2 map=I2.71
SECTION papers/Main.md:200-656 keyword-sentences=216
papers/Main.md:666 sentences=1/3 keys=C1,C4 map=I2.11
papers/Main.md:670 sentences=1/3 keys=C1,C4 map=I2.11
papers/Main.md:671 sentences=1/4 keys=C1,C4 map=I2.11
papers/Main.md:678 sentences=1/3 keys=(ii),(iii),C1,C4 map=I2.73
SECTION papers/Main.md:660-678 keyword-sentences=4
papers/Main.md:698 sentences=1/3 keys=Lemma map=I2.73
papers/Main.md:700 sentences=1/6 keys=C2 map=I2.73
papers/Main.md:702 sentences=1/2 keys=Theorem map=I2.73
papers/Main.md:706 sentences=2/6 keys=(i),(ii),(iii),(iv),(v),A1,A5,Axiom,C2,Lemma,hypothesis map=OOS:I1 (posit ledger: Axiom 2, A1, A5, finiteness, measure selection, mixing hypothesis)
papers/Main.md:708 sentences=1/2 keys=H-,hypothesis map=I2.70,I2.41,I2.43,I2.54
papers/Main.md:712 sentences=2/2 keys=(i),(ii) map=I2.70,I2.41,I2.43,I2.54
papers/Main.md:713 sentences=1/1 keys=(ii),(iii),C1,C2,C3,C4,hypothesis map=I2.70,I2.41,I2.43,I2.54
papers/Main.md:715 sentences=1/1 keys=(ii),(iii),C1,C4 map=I2.70,I2.41,I2.43,I2.54
papers/Main.md:717 sentences=1/1 keys=C1 map=OOS:I1 (C1–C4 necessity rows)
papers/Main.md:718 sentences=1/1 keys=C2,hypothesis map=OOS:I1 (C1–C4 necessity rows)
papers/Main.md:719 sentences=1/1 keys=C3 map=OOS:I1 (C1–C4 necessity rows)
papers/Main.md:720 sentences=1/1 keys=C1,C3,C4 map=OOS:I1 (C1–C4 necessity rows)
SECTION papers/Main.md:696-720 keyword-sentences=14
papers/Main.md:724 sentences=2/2 keys=C1,C4,hypothesis map=I2.72
papers/Main.md:726 sentences=2/6 keys=C2,K,hypothesis map=I2.72
papers/Main.md:728 sentences=1/1 keys=Theorem,hypothesis map=I2.72
papers/Main.md:734 sentences=1/5 keys=K map=I2.72
papers/Main.md:736 sentences=5/8 keys=C2,C4,Corollary map=I2.72
papers/Main.md:738 sentences=6/10 keys=C1,C2,C4,Corollary,hypothesis map=I2.72
papers/Main.md:740 sentences=6/8 keys=(i),(ii),(iii),C2,K,hypothesis map=I2.72
SECTION papers/Main.md:722-740 keyword-sentences=23
papers/Main.md:746 sentences=1/2 keys=C1,C4 map=I2.69
papers/Main.md:750 sentences=2/5 keys=C1,C2,C3,C4 map=I2.69
SECTION papers/Main.md:744-756 keyword-sentences=3
papers/GR.md:168 sentences=1/2 keys=Theorem map=I2.27
papers/GR.md:174 sentences=1/2 keys=Theorem map=I2.27
papers/GR.md:178 sentences=1/6 keys=Proposition map=I2.27
papers/GR.md:180 sentences=1/1 keys=Corollary map=I2.27
papers/GR.md:184 sentences=1/2 keys=Corollary map=I2.27
papers/GR.md:186 sentences=2/5 keys=H- map=I2.27
papers/GR.md:194 sentences=1/2 keys=Theorem map=I2.26
papers/GR.md:200 sentences=1/2 keys=Theorem map=I2.26
papers/GR.md:204 sentences=1/1 keys=\boxed map=I2.26
papers/GR.md:208 sentences=1/1 keys=\boxed map=I2.26
papers/GR.md:212 sentences=5/9 keys=(i),(ii),(iii),(iv),(v) map=I2.29
papers/GR.md:214 sentences=1/2 keys=(i),(v),Theorem map=I2.29
papers/GR.md:216 sentences=2/4 keys=(i),(ii),(iii),(v),C1,C4 map=I2.29
papers/GR.md:218 sentences=1/1 keys=\boxed map=I2.30
papers/GR.md:222 sentences=1/1 keys=(i),(v),\boxed map=I2.30
papers/GR.md:224 sentences=1/3 keys=(iii),(v) map=I2.30
papers/GR.md:226 sentences=1/3 keys=(i),(ii) map=I2.31
papers/GR.md:236 sentences=1/1 keys=\boxed map=I2.31
papers/GR.md:238 sentences=1/2 keys=(i),(v) map=I2.31
papers/GR.md:252 sentences=1/1 keys=\boxed map=I2.32
papers/GR.md:254 sentences=1/7 keys=hypothesis map=I2.32
papers/GR.md:256 sentences=1/9 keys=Axiom map=I2.33
papers/GR.md:258 sentences=1/1 keys=\boxed map=I2.33
papers/GR.md:260 sentences=1/5 keys=A1,A6,hypothesis map=I2.33
papers/GR.md:264 sentences=1/1 keys=\boxed map=I2.34
papers/GR.md:268 sentences=1/1 keys=\boxed map=I2.34
papers/GR.md:274 sentences=1/1 keys=\boxed map=I2.35
papers/GR.md:282 sentences=1/1 keys=\boxed map=I2.36
papers/GR.md:296 sentences=1/4 keys=Lemma map=I2.27
SECTION papers/GR.md:164-296 keyword-sentences=35
papers/GR.md:326 sentences=1/4 keys=Lemma map=I2.107
papers/GR.md:328 sentences=4/9 keys=H-,hypothesis map=I2.108
SECTION papers/GR.md:326-330 keyword-sentences=5
papers/GR.md:725 sentences=1/1 keys=Theorem map=I2.20
papers/GR.md:739 sentences=1/3 keys=Theorem map=I2.20
papers/GR.md:745 sentences=3/4 keys=Corollary,Theorem map=I2.20
papers/GR.md:747 sentences=1/4 keys=Theorem map=I2.20
papers/GR.md:749 sentences=1/2 keys=Corollary map=I2.20
papers/GR.md:755 sentences=1/4 keys=Theorem map=I2.109
papers/GR.md:763 sentences=1/3 keys=(i) map=I2.109
papers/GR.md:769 sentences=1/2 keys=(ii) map=I2.109
papers/GR.md:771 sentences=1/1 keys=(i),(iii) map=I2.109
papers/GR.md:791 sentences=1/2 keys=Theorem map=I2.109
papers/GR.md:797 sentences=1/1 keys=(i) map=I2.109
papers/GR.md:803 sentences=1/4 keys=(ii) map=I2.109
papers/GR.md:805 sentences=1/5 keys=(iii) map=I2.109
papers/GR.md:811 sentences=1/1 keys=Theorem map=I2.109
papers/GR.md:813 sentences=1/2 keys=Theorem map=I2.109
papers/GR.md:817 sentences=1/2 keys=H-,Theorem map=I2.109
papers/GR.md:831 sentences=1/5 keys=H-,hypothesis map=I2.109
papers/GR.md:833 sentences=4/4 keys=H- map=I2.109
papers/GR.md:841 sentences=1/2 keys=H-,Theorem map=I2.109
papers/GR.md:847 sentences=1/3 keys=Theorem map=I2.109
papers/GR.md:861 sentences=2/4 keys=Theorem map=I2.109
SECTION papers/GR.md:709-866 keyword-sentences=27
papers/SM.md:12 sentences=2/5 keys=H-,K map=I2.77,I2.80
papers/SM.md:14 sentences=4/12 keys=C1,C3,C4,H-,Theorem,hypothesis map=I2.75,I2.77,I2.82
SECTION papers/SM.md:10-16 keyword-sentences=6
papers/SM.md:48 sentences=1/8 keys=hypothesis map=I2.76
papers/SM.md:52 sentences=3/3 keys=C1,C2,C3,C4,Theorem map=I2.82
papers/SM.md:60 sentences=2/4 keys=C1,C4,H- map=I2.76,I2.75
papers/SM.md:70 sentences=1/2 keys=Theorem map=I2.77
papers/SM.md:72 sentences=2/2 keys=H-,K map=I2.77
papers/SM.md:74 sentences=2/3 keys=H-,K map=I2.77
SECTION papers/SM.md:40-95 keyword-sentences=11
papers/SM.md:100 sentences=1/4 keys=A6 map=I2.105
papers/SM.md:104 sentences=3/3 keys=(i),(ii),(iii) map=I2.105 (A6 clauses OOS:I1)
papers/SM.md:108 sentences=4/5 keys=(i),(ii),(iii) map=I2.105 (A6 clauses OOS:I1)
papers/SM.md:110 sentences=3/3 keys=A6,H-,Theorem map=I2.105 (A6 clauses OOS:I1)
papers/SM.md:114 sentences=1/4 keys=A6 map=I2.105 (A6 clause OOS:I1)
papers/SM.md:118 sentences=1/3 keys=Lemma map=I2.79
papers/SM.md:122 sentences=2/3 keys=Lemma map=I2.106
papers/SM.md:126 sentences=5/32 keys=(i),(ii),(iii),H-,Proposition,Theorem map=I2.106
papers/SM.md:130 sentences=1/16 keys=(iii) map=I2.106
papers/SM.md:132 sentences=1/13 keys=Theorem,hypothesis map=I2.106
papers/SM.md:134 sentences=2/5 keys=(ii),H-,Proposition map=I2.106
papers/SM.md:136 sentences=1/3 keys=Lemma map=I2.106
papers/SM.md:140 sentences=2/2 keys=(i),(iii),(iv) map=I2.106
papers/SM.md:146 sentences=6/27 keys=(i),(ii),(iii),(iv),hypothesis map=I2.106
papers/SM.md:152 sentences=1/4 keys=(iv) map=I2.102,I2.105
papers/SM.md:154 sentences=1/3 keys=(v) map=I2.106
papers/SM.md:156 sentences=5/9 keys=(i),(ii),(iii),(iv) map=I2.106
SECTION papers/SM.md:96-165 keyword-sentences=40
papers/SM.md:218 sentences=1/3 keys=Theorem map=I2.80
papers/SM.md:220 sentences=1/2 keys=Lemma map=I2.80
papers/SM.md:222 sentences=2/4 keys=A3,Proposition map=I2.80
papers/SM.md:228 sentences=1/4 keys=Theorem map=I2.80
papers/SM.md:232 sentences=1/6 keys=C4 map=I2.80
papers/SM.md:238 sentences=1/4 keys=Theorem map=I2.80
papers/SM.md:246 sentences=1/4 keys=Theorem map=I2.80
papers/SM.md:248 sentences=4/4 keys=(i),(ii),(iii),Corollary,Lemma,Theorem map=I2.80
papers/SM.md:250 sentences=3/4 keys=(i),(ii),(iii) map=I2.80
papers/SM.md:252 sentences=1/1 keys=(iii) map=I2.80
papers/SM.md:254 sentences=2/2 keys=(i),Corollary map=I2.80
papers/SM.md:258 sentences=1/1 keys=(ii) map=I2.80
papers/SM.md:260 sentences=2/6 keys=(i),(ii),hypothesis map=I2.80
papers/SM.md:262 sentences=2/6 keys=(i),(ii) map=I2.80
papers/SM.md:266 sentences=1/2 keys=Corollary map=I2.80
papers/SM.md:274 sentences=1/1 keys=Corollary,Theorem map=I2.80
SECTION papers/SM.md:216-279 keyword-sentences=25
papers/SM.md:537 sentences=3/5 keys=H-,Theorem,hypothesis map=I2.81
papers/SM.md:539 sentences=8/12 keys=(i),(ii),(iii),(iv),(v),H-,Theorem,hypothesis map=I2.81
papers/SM.md:543 sentences=1/4 keys=(iii) map=I2.81
papers/SM.md:547 sentences=2/4 keys=H-,Theorem,hypothesis map=I2.81
papers/SM.md:549 sentences=3/4 keys=(v),H-,Theorem,hypothesis map=I2.81
papers/SM.md:551 sentences=2/4 keys=Theorem map=I2.81
papers/SM.md:559 sentences=3/6 keys=H-,Theorem,hypothesis map=I2.81
papers/SM.md:561 sentences=3/5 keys=H-,Theorem,hypothesis map=I2.81
papers/SM.md:563 sentences=1/9 keys=(iii),Theorem map=I2.81
papers/SM.md:565 sentences=1/3 keys=(iii) map=I2.81
SECTION papers/SM.md:535-566 keyword-sentences=27
papers/SM.md:1356 sentences=2/3 keys=C1,C2,C3,C4,Theorem map=I2.82
papers/SM.md:1358 sentences=1/1 keys=C1 map=I2.82
papers/SM.md:1360 sentences=3/3 keys=C2,hypothesis map=I2.82
papers/SM.md:1362 sentences=2/4 keys=C3,K,hypothesis map=I2.82
papers/SM.md:1364 sentences=2/3 keys=C1,C2,C3,C4 map=I2.82
papers/SM.md:1366 sentences=2/5 keys=C2,hypothesis map=I2.82
papers/SM.md:1368 sentences=1/2 keys=C1,C2,C3,C4,Corollary map=I2.82
SECTION papers/SM.md:1354-1369 keyword-sentences=13
papers/SM.md:1584 sentences=1/1 keys=Theorem map=I2.83
papers/SM.md:1588 sentences=1/7 keys=Theorem map=I2.83
papers/SM.md:1592 sentences=1/1 keys=Theorem map=I2.83
papers/SM.md:1594 sentences=4/5 keys=(i),(ii),(iii),(iv) map=I2.83
papers/SM.md:1600 sentences=1/1 keys=Theorem map=I2.83
papers/SM.md:1616 sentences=1/1 keys=Theorem map=I2.83
papers/SM.md:1618 sentences=1/1 keys=K map=I2.83
papers/SM.md:1622 sentences=1/1 keys=K map=I2.83
SECTION papers/SM.md:1576-1635 keyword-sentences=11
papers/Substratum.md:16 sentences=3/5 keys=H-,Lemma,Theorem map=I2.84,I2.89 (C1/C4 and Lemma 24.1 clauses: OOS:I1 / I2.89 dependency)
papers/Substratum.md:22 sentences=1/13 keys=H- map=I2.84,I2.89 (C1/C4 and Lemma 24.1 clauses: OOS:I1 / I2.89 dependency)
papers/Substratum.md:24 sentences=3/7 keys=C2,H-,Lemma map=I2.84,I2.89 (C1/C4 and Lemma 24.1 clauses: OOS:I1 / I2.89 dependency)
papers/Substratum.md:26 sentences=1/7 keys=C1,C4 map=I2.84,I2.89 (C1/C4 and Lemma 24.1 clauses: OOS:I1 / I2.89 dependency)
papers/Substratum.md:28 sentences=1/2 keys=Theorem map=I2.84,I2.89 (C1/C4 and Lemma 24.1 clauses: OOS:I1 / I2.89 dependency)
papers/Substratum.md:32 sentences=2/5 keys=H-,Lemma,Theorem map=I2.84,I2.89 (C1/C4 and Lemma 24.1 clauses: OOS:I1 / I2.89 dependency)
papers/Substratum.md:38 sentences=2/5 keys=K,Theorem map=I2.84,I2.89 (C1/C4 and Lemma 24.1 clauses: OOS:I1 / I2.89 dependency)
SECTION papers/Substratum.md:12-40 keyword-sentences=13
papers/Substratum.md:44 sentences=2/9 keys=C2,C4 map=I2.85
papers/Substratum.md:48 sentences=2/5 keys=(i),(ii),(iii),H- map=I2.85
papers/Substratum.md:54 sentences=2/6 keys=C1,C3,C4 map=OOS:I1 (effective finiteness, A1)
papers/Substratum.md:56 sentences=2/4 keys=C1,C2,C4,hypothesis map=I2.72
SECTION papers/Substratum.md:42-65 keyword-sentences=8
papers/Substratum.md:92 sentences=2/5 keys=(iii),A1,Theorem map=OOS:I1 (axioms A1–A6)
papers/Substratum.md:94 sentences=1/3 keys=A2 map=OOS:I1 (axioms A1–A6)
papers/Substratum.md:96 sentences=2/3 keys=(iv),A3,Theorem map=OOS:I1 (axioms A1–A6)
papers/Substratum.md:98 sentences=1/3 keys=A4 map=OOS:I1 (axioms A1–A6)
papers/Substratum.md:100 sentences=1/3 keys=A5 map=OOS:I1 (axioms A1–A6)
papers/Substratum.md:102 sentences=4/5 keys=A6 map=OOS:I1 (axioms A1–A6)
papers/Substratum.md:104 sentences=3/4 keys=A1,A3,A4,A5,A6 map=OOS:I1 (axioms A1–A6)
papers/Substratum.md:106 sentences=1/1 keys=Theorem map=I2.89 (critical dependencies)
papers/Substratum.md:111 sentences=1/1 keys=C1,C2,C3,C4,hypothesis map=I2.89 (critical dependencies)
papers/Substratum.md:115 sentences=1/1 keys=H- map=I2.89 (critical dependencies)
papers/Substratum.md:118 sentences=1/1 keys=Theorem map=I2.89 (critical dependencies)
papers/Substratum.md:120 sentences=1/1 keys=C1,C4 map=I2.87 (C1–C4, A1, A2 clauses OOS:I1)
papers/Substratum.md:122 sentences=1/2 keys=A1,A2 map=I2.87 (C1–C4, A1, A2 clauses OOS:I1)
papers/Substratum.md:126 sentences=2/2 keys=C1,C2,C3,C4 map=I2.87 (C1–C4, A1, A2 clauses OOS:I1)
papers/Substratum.md:128 sentences=4/5 keys=A1,A2,C1,C2,C3,C4,hypothesis map=I2.87 (C1–C4, A1, A2 clauses OOS:I1)
papers/Substratum.md:130 sentences=1/4 keys=H-,hypothesis map=I2.87 (C1–C4, A1, A2 clauses OOS:I1)
papers/Substratum.md:132 sentences=2/5 keys=(i),(ii),(iii),A1,A6,H-,hypothesis map=I2.87 (C1–C4, A1, A2 clauses OOS:I1)
papers/Substratum.md:134 sentences=2/8 keys=A3,C1,C2,C3,C4 map=I2.87 (C1–C4, A1, A2 clauses OOS:I1)
papers/Substratum.md:136 sentences=3/10 keys=C1,C2,C3,C4,hypothesis map=I2.87 (C1–C4, A1, A2 clauses OOS:I1)
papers/Substratum.md:140 sentences=1/1 keys=Theorem map=I2.87 (C1–C4, A1, A2 clauses OOS:I1)
papers/Substratum.md:144 sentences=2/2 keys=A3,A4,A5,A6,H- map=I2.88 (A3–A6 clauses OOS:I1)
papers/Substratum.md:147 sentences=1/1 keys=K map=I2.88 (A3–A6 clauses OOS:I1)
papers/Substratum.md:158 sentences=1/2 keys=A3,A4,A5,Theorem map=I2.88 (A3–A6 clauses OOS:I1)
papers/Substratum.md:160 sentences=2/2 keys=H-,K map=I2.88 (A3–A6 clauses OOS:I1)
papers/Substratum.md:162 sentences=4/6 keys=(ii),A6,K,Theorem map=I2.88 (A3–A6 clauses OOS:I1)
papers/Substratum.md:164 sentences=1/4 keys=Theorem map=I2.88 (A3–A6 clauses OOS:I1)
papers/Substratum.md:166 sentences=2/2 keys=H- map=I2.88 (A3–A6 clauses OOS:I1)
papers/Substratum.md:170 sentences=1/6 keys=H- map=I2.88
papers/Substratum.md:172 sentences=1/1 keys=H-,Theorem map=I2.88
SECTION papers/Substratum.md:70-173 keyword-sentences=50
papers/Substratum.md:188 sentences=3/3 keys=A1,A6,K,Lemma,hypothesis map=I2.89
papers/Substratum.md:190 sentences=2/6 keys=A3,A6,Lemma map=I2.89
papers/Substratum.md:192 sentences=4/5 keys=A1,A6,C2,H-,K,Lemma,Theorem,hypothesis map=I2.89
papers/Substratum.md:194 sentences=4/8 keys=C2,H-,Lemma map=I2.89
SECTION papers/Substratum.md:186-195 keyword-sentences=13
SECTION papers/Substratum.md:236-242 keyword-sentences=0
SECTION papers/Substratum.md:414-416 keyword-sentences=0
papers/Substratum.md:430 sentences=1/4 keys=C1,C4 map=I2.111
SECTION papers/Substratum.md:430-430 keyword-sentences=1
MANUSCRIPT TOTAL keyword-sentences=593 lines=332 unmapped-lines=0

# I2 roadmap census (c)
verification/ROADMAP.md:63 | **P0** | What additional structure determines the relative quantum evolution OI leaves f map=I2.90
SECTION verification/ROADMAP.md:63-63 entries=1
verification/ROADMAP.md:67 | **P1** | H-Bell — composite and Bell closure | OI→QM / Bell | **OPEN** | Bell-inclusive  map=I2.102
SECTION verification/ROADMAP.md:67-67 entries=1
verification/ROADMAP.md:70 | **P1** | H-∞ — finite operational theory → continuum / infinite-dimensional completion | map=I2.103
SECTION verification/ROADMAP.md:70-70 entries=1
verification/ROADMAP.md:75 | **P3** | GR states → Level-III quasilocal states | Gravity / Level III | **OPEN** | form map=I2.104
SECTION verification/ROADMAP.md:75-75 entries=1
verification/ROADMAP.md:79 **`P0a`, the MAP axis, is CLOSED.** Act 9 proved that **`R-2` alone** forces every same-in map=I2.91
verification/ROADMAP.md:86 **So act 7 layer 2's caveat sharpens, in the wording act 9 froze in advance and no further map=I2.91
verification/ROADMAP.md:91 **`P0b`, the ANCHOR axis, was run — and it COLLAPSED.** Act 10 asked the frozen question:  map=I2.92
verification/ROADMAP.md:95 **Availability was answered first, and answered in the negative on both witnesses.** The j map=I2.92
verification/ROADMAP.md:100 **`AB1` was therefore NOT assigned on either witness, although its proposition is TRUE on  map=I2.92
verification/ROADMAP.md:106 **So `P0` is NOT closed, and the anchor-axis dependence is not resolved — it is RECLASSIFI map=I2.92
verification/ROADMAP.md:110 **The reclassification rests on `AB0` alone.** `AB0` is a statement about act 7's **fixed* map=I2.92
verification/ROADMAP.md:117 **What stays live is therefore the UPSTREAM choice, wholly untouched.** Act 7's dilations  map=I2.92
verification/ROADMAP.md:120 **stands unchanged**; if anything `AB0` makes it more necessary, since the convention coul map=I2.92
verification/ROADMAP.md:123 **Act 7's `D3` gap remains separately OPEN and was not used.** Stinespring supplies **poin map=I2.93
verification/ROADMAP.md:131 **Acts 9 and 10 were characterizing conventions on a structure underdetermined one level u map=I2.94 (180–186 also I2.93)
verification/ROADMAP.md:137 **Act 11 asked what a coherent time-indexed lift on a fixed carrier determines, and proved map=I2.94 (180–186 also I2.93)
verification/ROADMAP.md:140 - **`GL2`** — a **time-dependent** element of the anchored stabilizer carries a coherent l map=I2.94 (180–186 also I2.93)
verification/ROADMAP.md:145 - **`GL3`** — a **constant** gauge leaves every relative object unchanged, so time-depende map=I2.94 (180–186 also I2.93)
verification/ROADMAP.md:148 - **`GI2`** — and this the freeze predicted at **no strength on either side**: there are t map=I2.94 (180–186 also I2.93)
verification/ROADMAP.md:155 **Two stabilizers, because conflating them was the error act 11's control plane was correc map=I2.94 (180–186 also I2.93)
verification/ROADMAP.md:158 **weak** class `𝒢ʷ ≅ U(1)^{|V|} × U(|V|(|A|−1))` adds the anchored phases and is the maxim map=I2.94 (180–186 also I2.93)
verification/ROADMAP.md:161 **not** maximal there, and act 11 does not claim it is. **The two `≅` identifications abov map=I2.94 (180–186 also I2.93)
verification/ROADMAP.md:165 **What this changes about `P0`.** The open question is no longer whether some convention r map=I2.94 (180–186 also I2.93)
verification/ROADMAP.md:171 **and** different in relative evolution. Act 11 supplies none and shows neither that one e map=I2.94 (180–186 also I2.93)
verification/ROADMAP.md:174 **What act 11 does NOT license.** `P0` is not closed. Act 7 layer 2's caveat **stands unch map=I2.94 (180–186 also I2.93)
verification/ROADMAP.md:180 **Act 7's `D3` is partially subsumed, precisely.** Act 11 subsumes it as a proposed *uniqu map=I2.94 (180–186 also I2.93)
verification/ROADMAP.md:191 **Act 11's gauge was one-sided.** `GL1w` classified the maximal uniform **right** visibili map=I2.95
verification/ROADMAP.md:198 - **`LG1`** — `𝒢_L` is invisible universally, maximal among uniform **left** actions consi map=I2.95
verification/ROADMAP.md:201 - **`RO1`** — act 11's open target is **closed positively**: two coherent lifts of one vis map=I2.95
verification/ROADMAP.md:206 - **`TG2`** — the fibre-Gram orbit theorem, both directions: two dilations are related by map=I2.95
verification/ROADMAP.md:210 - **`TG3`** — the quotient is nontrivial on a single law and dynamically distinct: at `|A| map=I2.95
verification/ROADMAP.md:215 - **`SH1`** — the shape theorem, **both directions at kernel level**: a Gram tuple is real map=I2.95
verification/ROADMAP.md:223 **What act 12 does NOT license.** No inequivalence of OI and QM. The Gram data is a **coor map=I2.95
verification/ROADMAP.md:227 **Joint maximality is neither asserted nor excluded**: `𝒢_L × 𝒢ʷ_{a₀}` is the two-sided un map=I2.95
verification/ROADMAP.md:229 **Overlap is not memory.** `GI2` is explained, not revised: its pair is a constant left mo map=I2.95
verification/ROADMAP.md:232 **What this changes about `P0`.** The quotient by the defined two-sided action is classifi map=I2.95
verification/ROADMAP.md:247 **The two-sided action of act 12 does not act on relative evolutions.** It is time-depende map=I2.96
verification/ROADMAP.md:251 **one** family of cross-time data, the two-time Gram data of the dilation columns at three map=I2.96
verification/ROADMAP.md:256 - **`CT1`** — the relative evolution is exactly the lift modulo a constant right unitary,  map=I2.96
verification/ROADMAP.md:258 - **`CT2` (a)** — level 3 determines the lift up to one constant left unitary, both direct map=I2.96
verification/ROADMAP.md:261 - **`CT2` (b)** — level 2 determines the lift up to one **constant** in-fibre left move an map=I2.96
verification/ROADMAP.md:266 - **`CT3`** — levels 0–2 are blind to every strong-right threading, universally (G); `GL2` map=I2.96
verification/ROADMAP.md:272 - **`CT4`** with **`CL1`** — two coherent lifts of the identity family on `|A| = 2`, relat map=I2.96
verification/ROADMAP.md:278 **Level 0 raw equality and level 0 modulo anchored phases are kept apart.** The weak-right map=I2.96
verification/ROADMAP.md:282 **The frozen post-round sentence, Case A, verbatim:** map=I2.96
verification/ROADMAP.md:292 **What act 13 does NOT license.** No selection principle is named, endorsed or excluded; n map=I2.96
verification/ROADMAP.md:315 **The residual freedom is not one object.** The strong right factor changes **no** anchore map=I2.97
verification/ROADMAP.md:320 - **`PQ0`** — the anchored channel `𝔇_{a₀}` and the cross-fibre Gram `Y_{i i'}` are tied t map=I2.97
verification/ROADMAP.md:324 - **`PQ1`** — the constant in-fibre left move is **redundancy relative to the visible carr map=I2.97
verification/ROADMAP.md:331 - **`PQ2`** — the time-dependent strong right gauge leaves the anchored column family **id map=I2.97
verification/ROADMAP.md:336 - **`PQ3`** — relative to the anchored-channel carrier the pair acts exactly as its left p map=I2.97
verification/ROADMAP.md:341 - **`PQ4`** — two reductions, each in the one direction it has and with its converse refus map=I2.97
verification/ROADMAP.md:346 **The frozen post-round sentence, Case A, verbatim:** map=I2.97
verification/ROADMAP.md:366 **What act 14 does NOT license.** No carrier is adopted as the physical one and none is as map=I2.97
verification/ROADMAP.md:391 - **`CF0`** — type P, settled by the round's own named and bounded search over the freeze' map=I2.98
verification/ROADMAP.md:398 - **`CF1`** — the composite's relative object is the constant left element's conjugation o map=I2.98
verification/ROADMAP.md:400 - **`CF2`** — a cancelling triple's strong family **cannot be constant in time**, through  map=I2.98
verification/ROADMAP.md:403 - **`CF3`** — `|A| ≥ 2` and `|V| ≥ 2` are both necessary, each a conjunct of one theorem. map=I2.98
verification/ROADMAP.md:404 - **`CF4`** — in any cancelling triple the strong family moves the relative **object** its map=I2.98
verification/ROADMAP.md:408 - **`CF5`** — **the fork is answered `PQ3-d⁺`**, at evidence level 2, by an exhibited canc map=I2.98
verification/ROADMAP.md:416 **The frozen post-round sentence, Case B, verbatim:** map=I2.98
verification/ROADMAP.md:435 **One clause of that frozen sentence reads against the outcome, and is carried unrepaired. map=I2.98
verification/ROADMAP.md:443 **What act 15 does NOT license.** No carrier is adopted as the physical one and none is as map=I2.98
verification/ROADMAP.md:475 **nothing** about the pair on exactly one of them — the re-anchored-channel carrier map=I2.99
verification/ROADMAP.md:479 - **`RN0`** — type P, settled by the round's own named and bounded search over 223 files a map=I2.99
verification/ROADMAP.md:484 - **`RN1`** — the refinement, universal at evidence level 2 through act 14's merged `PQ0`  map=I2.99
verification/ROADMAP.md:489 - **`RN2`** — the two contrapositives, universal at evidence level 2: a left part that mov map=I2.99
verification/ROADMAP.md:493 - **`RN3` (a)** — **`RN3-a⁺`**, against the freeze's own recorded sign prediction: act 15' map=I2.99
verification/ROADMAP.md:497 - **`RN3` (b)** — **the fork is answered `RN3⁺`, at line 1 of its four-outcome hierarchy** map=I2.99
verification/ROADMAP.md:502 - **`RN4`** — relative to `𝒪₂`, the redundancy subrelation of the threading equivalence do map=I2.99
verification/ROADMAP.md:508 **What act 16 does NOT license.** No carrier is adopted as the physical one and none is as map=I2.99
verification/ROADMAP.md:548 **The round's cross-time equivalence is `GramTrajEquiv`**: two lifts have the same traject map=I2.100
verification/ROADMAP.md:551 **adds no cross-time identification of its own**, and it is the only relation any quotient map=I2.100
verification/ROADMAP.md:555 - **`TJ0`** — type P, settled by the round's own named and bounded search over 223 files a map=I2.100
verification/ROADMAP.md:559 - **`TJ1`, the first axis** — both directions at evidence level 2, through act 12's merged map=I2.100
verification/ROADMAP.md:569 - **`TJ2`, the per-candidate verdicts** — four candidate principles were frozen **before** map=I2.100
verification/ROADMAP.md:579 - **`TJ3`, the second axis** — **line 4 of the five-line hierarchy, `TJ3-IMP`**, at eviden map=I2.100
verification/ROADMAP.md:588 **The two findings are on two axes and are not merged into one ordering.** "The present no map=I2.100
verification/ROADMAP.md:592 **What act 17 does NOT license.** It **endorses no selection principle** and says none is  map=I2.100
verification/ROADMAP.md:593 **the candidate class is four named propositions and is not exhaustive**, and each refutat map=I2.100
verification/ROADMAP.md:630 **Act 7's merged `DC1` is unrevised**, and acts 9, 10, 11, 12, 13 and 14 cite rather than  map=I2.101
verification/ROADMAP.md:636 **The chronology guard strengthened twice more.** Act 9's `R7-RBR` was repaired in review  map=I2.101
SECTION verification/ROADMAP.md:77-664 entries=78
verification/ROADMAP.md:961 **And H-Bell is downstream of a harder obligation**, which this row records rather than le map=I2.102
SECTION verification/ROADMAP.md:936-970 entries=1
SECTION verification/ROADMAP.md:1148-1157 entries=0
ROADMAP TOTAL entries=83 unmapped=0

# I2 book-mirror census (d)
PHRASE 'Q_{\\mathrm{fb}}' -> I2.39 hits=57 README.md:50 The-Incompleteness-of-Observation-FULL.md:279 The-Incompleteness-of-Observation-FULL.md:285 The-Incompleteness-of-Observation-FULL.md:331 The-Incompleteness-of-Observation-FULL.md:356 The-Incompleteness-of-Observation-FULL.md:503 The-Incompleteness-of-Observation-FULL.md:521 The-Incompleteness-of-Observation-FULL.md:543 The-Incompleteness-of-Observation-FULL.md:561 The-Incompleteness-of-Observation-FULL.md:603 The-Incompleteness-of-Observation-FULL.md:829 The-Incompleteness-of-Observation-FULL.md:2512 The-Incompleteness-of-Observation-FULL.md:2749 The-Incompleteness-of-Observation-FULL.md:3167 The-Incompleteness-of-Observation-FULL.md:4844 The-Incompleteness-of-Observation-FULL.md:4874 The-Incompleteness-of-Observation-FULL.md:5228 The-Incompleteness-of-Observation-FULL.md:5290 The-Incompleteness-of-Observation-FULL.md:5426 The-Incompleteness-of-Observation-FULL.md:5467 The-Incompleteness-of-Observation-FULL.md:5504 The-Incompleteness-of-Observation-FULL.md:5799 The-Incompleteness-of-Observation-FULL.md:6183 The-Incompleteness-of-Observation-FULL.md:6209 The-Incompleteness-of-Observation-FULL.md:6220 The-Incompleteness-of-Observation-FULL.md:6340 The-Incompleteness-of-Observation-FULL.md:6589 The-Incompleteness-of-Observation-FULL.md:6607 The-Incompleteness-of-Observation-FULL.md:6629 appendix-b-derivations.md:22 appendix-b-derivations.md:406 appendix-b-derivations.md:432 appendix-b-derivations.md:443 appendix-c-objections.md:106 ch00-introduction.md:43 ch00-introduction.md:49 ch00-introduction.md:95 ch01-observation.md:12 ch01-observation.md:159 ch01-observation.md:177 ch01-observation.md:199 ch01-observation.md:217 ch01-observation.md:259 ch02-substratum.md:188 ch09-universality.md:42 ch09-universality.md:279 ch11-origin-of-life.md:144 ch18-beyond.md:34 ch18-beyond.md:64 ch19-open-problems.md:64 ch19-open-problems.md:126 ch19-open-problems.md:262 ch19-open-problems.md:303 ch19-open-problems.md:340 glossary.md:21 glossary.md:39 glossary.md:61
PHRASE 'hidden predictive memory' -> I2.44 hits=19 README.md:15 The-Incompleteness-of-Observation-FULL.md:74 The-Incompleteness-of-Observation-FULL.md:259 The-Incompleteness-of-Observation-FULL.md:279 The-Incompleteness-of-Observation-FULL.md:358 The-Incompleteness-of-Observation-FULL.md:649 The-Incompleteness-of-Observation-FULL.md:661 The-Incompleteness-of-Observation-FULL.md:829 The-Incompleteness-of-Observation-FULL.md:4874 The-Incompleteness-of-Observation-FULL.md:6629 ch00-introduction.md:23 ch00-introduction.md:43 ch01-observation.md:14 ch02-substratum.md:8 ch02-substratum.md:20 ch02-substratum.md:188 ch18-beyond.md:64 glossary.md:61 preface.md:3
PHRASE 'predictive quotient' -> I2.45 hits=0 
PHRASE 'process dilation' -> I2.40 hits=0 
PHRASE 'Stinespring' -> I2.19/I2.59 hits=54 README.md:98 README.md:100 The-Incompleteness-of-Observation-FULL.md:92 The-Incompleteness-of-Observation-FULL.md:163 The-Incompleteness-of-Observation-FULL.md:177 The-Incompleteness-of-Observation-FULL.md:213 The-Incompleteness-of-Observation-FULL.md:331 The-Incompleteness-of-Observation-FULL.md:733 The-Incompleteness-of-Observation-FULL.md:791 The-Incompleteness-of-Observation-FULL.md:793 The-Incompleteness-of-Observation-FULL.md:799 The-Incompleteness-of-Observation-FULL.md:954 The-Incompleteness-of-Observation-FULL.md:5789 The-Incompleteness-of-Observation-FULL.md:5803 The-Incompleteness-of-Observation-FULL.md:5807 The-Incompleteness-of-Observation-FULL.md:5827 The-Incompleteness-of-Observation-FULL.md:5879 The-Incompleteness-of-Observation-FULL.md:6212 The-Incompleteness-of-Observation-FULL.md:6224 The-Incompleteness-of-Observation-FULL.md:6308 The-Incompleteness-of-Observation-FULL.md:6310 The-Incompleteness-of-Observation-FULL.md:6314 The-Incompleteness-of-Observation-FULL.md:6318 The-Incompleteness-of-Observation-FULL.md:6322 The-Incompleteness-of-Observation-FULL.md:6517 The-Incompleteness-of-Observation-FULL.md:6583 The-Incompleteness-of-Observation-FULL.md:6703 The-Incompleteness-of-Observation-FULL.md:6797 acknowledgments.md:5 appendix-b-derivations.md:12 appendix-b-derivations.md:26 appendix-b-derivations.md:30 appendix-b-derivations.md:50 appendix-b-derivations.md:102 appendix-b-derivations.md:435 appendix-b-derivations.md:447 appendix-c-objections.md:74 appendix-c-objections.md:76 appendix-c-objections.md:80 appendix-c-objections.md:84 appendix-c-objections.md:88 appendix-c-objections.md:283 bibliography.md:67 ch00-introduction.md:95 ch02-substratum.md:92 ch02-substratum.md:150 ch02-substratum.md:152 ch02-substratum.md:158 ch03-structural-realism.md:80 glossary.md:15 glossary.md:135 preface.md:21 readers-guide.md:63 readers-guide.md:77
PHRASE 'P-indivisib' -> I2.48/I2.50 hits=183 README.md:76 The-Incompleteness-of-Observation-FULL.md:183 The-Incompleteness-of-Observation-FULL.md:331 The-Incompleteness-of-Observation-FULL.md:337 The-Incompleteness-of-Observation-FULL.md:395 The-Incompleteness-of-Observation-FULL.md:417 The-Incompleteness-of-Observation-FULL.md:431 The-Incompleteness-of-Observation-FULL.md:433 The-Incompleteness-of-Observation-FULL.md:435 The-Incompleteness-of-Observation-FULL.md:437 The-Incompleteness-of-Observation-FULL.md:439 The-Incompleteness-of-Observation-FULL.md:441 The-Incompleteness-of-Observation-FULL.md:443 The-Incompleteness-of-Observation-FULL.md:445 The-Incompleteness-of-Observation-FULL.md:449 The-Incompleteness-of-Observation-FULL.md:451 The-Incompleteness-of-Observation-FULL.md:459 The-Incompleteness-of-Observation-FULL.md:463 The-Incompleteness-of-Observation-FULL.md:475 The-Incompleteness-of-Observation-FULL.md:491 The-Incompleteness-of-Observation-FULL.md:493 The-Incompleteness-of-Observation-FULL.md:505 The-Incompleteness-of-Observation-FULL.md:543 The-Incompleteness-of-Observation-FULL.md:549 The-Incompleteness-of-Observation-FULL.md:559 The-Incompleteness-of-Observation-FULL.md:561 The-Incompleteness-of-Observation-FULL.md:624 The-Incompleteness-of-Observation-FULL.md:673 The-Incompleteness-of-Observation-FULL.md:731 The-Incompleteness-of-Observation-FULL.md:843 The-Incompleteness-of-Observation-FULL.md:853 The-Incompleteness-of-Observation-FULL.md:910 The-Incompleteness-of-Observation-FULL.md:976 The-Incompleteness-of-Observation-FULL.md:988 The-Incompleteness-of-Observation-FULL.md:1088 The-Incompleteness-of-Observation-FULL.md:1112 The-Incompleteness-of-Observation-FULL.md:1114 The-Incompleteness-of-Observation-FULL.md:1241 The-Incompleteness-of-Observation-FULL.md:1293 The-Incompleteness-of-Observation-FULL.md:1368 The-Incompleteness-of-Observation-FULL.md:1422 The-Incompleteness-of-Observation-FULL.md:2576 The-Incompleteness-of-Observation-FULL.md:2757 The-Incompleteness-of-Observation-FULL.md:3476 The-Incompleteness-of-Observation-FULL.md:3511 The-Incompleteness-of-Observation-FULL.md:3571 The-Incompleteness-of-Observation-FULL.md:3615 The-Incompleteness-of-Observation-FULL.md:3625 The-Incompleteness-of-Observation-FULL.md:3969 The-Incompleteness-of-Observation-FULL.md:4000 The-Incompleteness-of-Observation-FULL.md:4020 The-Incompleteness-of-Observation-FULL.md:4028 The-Incompleteness-of-Observation-FULL.md:4036 The-Incompleteness-of-Observation-FULL.md:4038 The-Incompleteness-of-Observation-FULL.md:4065 The-Incompleteness-of-Observation-FULL.md:4150 The-Incompleteness-of-Observation-FULL.md:4163 The-Incompleteness-of-Observation-FULL.md:4739 The-Incompleteness-of-Observation-FULL.md:4743 The-Incompleteness-of-Observation-FULL.md:4749 The-Incompleteness-of-Observation-FULL.md:4751 The-Incompleteness-of-Observation-FULL.md:4755 The-Incompleteness-of-Observation-FULL.md:4763 The-Incompleteness-of-Observation-FULL.md:4771 The-Incompleteness-of-Observation-FULL.md:4882 The-Incompleteness-of-Observation-FULL.md:4884 The-Incompleteness-of-Observation-FULL.md:4886 The-Incompleteness-of-Observation-FULL.md:4998 The-Incompleteness-of-Observation-FULL.md:5002 The-Incompleteness-of-Observation-FULL.md:5004 The-Incompleteness-of-Observation-FULL.md:5017 The-Incompleteness-of-Observation-FULL.md:5789 The-Incompleteness-of-Observation-FULL.md:5799 The-Incompleteness-of-Observation-FULL.md:5869 The-Incompleteness-of-Observation-FULL.md:5871 The-Incompleteness-of-Observation-FULL.md:5873 The-Incompleteness-of-Observation-FULL.md:6193 The-Incompleteness-of-Observation-FULL.md:6195 The-Incompleteness-of-Observation-FULL.md:6197 The-Incompleteness-of-Observation-FULL.md:6209 The-Incompleteness-of-Observation-FULL.md:6212 The-Incompleteness-of-Observation-FULL.md:6248 The-Incompleteness-of-Observation-FULL.md:6322 The-Incompleteness-of-Observation-FULL.md:6334 The-Incompleteness-of-Observation-FULL.md:6336 The-Incompleteness-of-Observation-FULL.md:6338 The-Incompleteness-of-Observation-FULL.md:6342 The-Incompleteness-of-Observation-FULL.md:6583 The-Incompleteness-of-Observation-FULL.md:6607 The-Incompleteness-of-Observation-FULL.md:6667 The-Incompleteness-of-Observation-FULL.md:6673 The-Incompleteness-of-Observation-FULL.md:6687 appendix-b-derivations.md:12 appendix-b-derivations.md:22 appendix-b-derivations.md:92 appendix-b-derivations.md:94 appendix-b-derivations.md:96 appendix-b-derivations.md:416 appendix-b-derivations.md:418 appendix-b-derivations.md:420 appendix-b-derivations.md:432 appendix-b-derivations.md:435 appendix-c-objections.md:14 appendix-c-objections.md:88 appendix-c-objections.md:100 appendix-c-objections.md:102 appendix-c-objections.md:104 appendix-c-objections.md:108 ch00-introduction.md:95 ch00-introduction.md:101 ch01-observation.md:51 ch01-observation.md:73 ch01-observation.md:87 ch01-observation.md:89 ch01-observation.md:91 ch01-observation.md:93 ch01-observation.md:95 ch01-observation.md:97 ch01-observation.md:99 ch01-observation.md:101 ch01-observation.md:105 ch01-observation.md:107 ch01-observation.md:115 ch01-observation.md:119 ch01-observation.md:131 ch01-observation.md:147 ch01-observation.md:149 ch01-observation.md:161 ch01-observation.md:199 ch01-observation.md:205 ch01-observation.md:215 ch01-observation.md:217 ch01-observation.md:280 ch02-substratum.md:32 ch02-substratum.md:90 ch02-substratum.md:202 ch02-substratum.md:212 ch03-structural-realism.md:36 ch03-structural-realism.md:102 ch03-structural-realism.md:114 ch03-structural-realism.md:214 ch03-structural-realism.md:238 ch03-structural-realism.md:240 ch04-methodology.md:124 ch04-methodology.md:176 ch05-gauge-structure.md:43 ch05-gauge-structure.md:97 ch09-universality.md:106 ch09-universality.md:287 ch12-evolution-intelligence.md:232 ch13-quantum-biology.md:20 ch13-quantum-biology.md:80 ch13-quantum-biology.md:124 ch13-quantum-biology.md:134 ch15-quantum-engineering.md:16 ch15-quantum-engineering.md:47 ch15-quantum-engineering.md:67 ch15-quantum-engineering.md:75 ch15-quantum-engineering.md:83 ch15-quantum-engineering.md:85 ch15-quantum-engineering.md:112 ch15-quantum-engineering.md:197 ch15-quantum-engineering.md:210 ch17-bioinformatics.md:168 ch17-bioinformatics.md:172 ch17-bioinformatics.md:178 ch17-bioinformatics.md:180 ch17-bioinformatics.md:184 ch17-bioinformatics.md:192 ch17-bioinformatics.md:200 ch18-beyond.md:72 ch18-beyond.md:74 ch18-beyond.md:76 ch18-beyond.md:188 ch18-beyond.md:192 ch18-beyond.md:194 ch18-beyond.md:207 glossary.md:15 glossary.md:39 glossary.md:99 glossary.md:105 glossary.md:119 readers-guide.md:83
PHRASE 'causal cone' -> I2.1/I2.2 hits=22 README.md:15 README.md:50 The-Incompleteness-of-Observation-FULL.md:279 The-Incompleteness-of-Observation-FULL.md:291 The-Incompleteness-of-Observation-FULL.md:360 The-Incompleteness-of-Observation-FULL.md:525 The-Incompleteness-of-Observation-FULL.md:653 The-Incompleteness-of-Observation-FULL.md:829 The-Incompleteness-of-Observation-FULL.md:1048 The-Incompleteness-of-Observation-FULL.md:1207 The-Incompleteness-of-Observation-FULL.md:6272 The-Incompleteness-of-Observation-FULL.md:6284 appendix-c-objections.md:38 appendix-c-objections.md:50 ch00-introduction.md:43 ch00-introduction.md:55 ch01-observation.md:16 ch01-observation.md:181 ch02-substratum.md:12 ch02-substratum.md:188 ch03-structural-realism.md:174 ch04-methodology.md:90
PHRASE 'Bell ceiling' -> I2.5 hits=4 The-Incompleteness-of-Observation-FULL.md:4920 The-Incompleteness-of-Observation-FULL.md:6268 appendix-c-objections.md:34 ch18-beyond.md:110
PHRASE 'ontic parameter dependence' -> I2.6 hits=39 README.md:15 The-Incompleteness-of-Observation-FULL.md:277 The-Incompleteness-of-Observation-FULL.md:291 The-Incompleteness-of-Observation-FULL.md:513 The-Incompleteness-of-Observation-FULL.md:561 The-Incompleteness-of-Observation-FULL.md:731 The-Incompleteness-of-Observation-FULL.md:1034 The-Incompleteness-of-Observation-FULL.md:1036 The-Incompleteness-of-Observation-FULL.md:1038 The-Incompleteness-of-Observation-FULL.md:1052 The-Incompleteness-of-Observation-FULL.md:1054 The-Incompleteness-of-Observation-FULL.md:1062 The-Incompleteness-of-Observation-FULL.md:1209 The-Incompleteness-of-Observation-FULL.md:1213 The-Incompleteness-of-Observation-FULL.md:1215 The-Incompleteness-of-Observation-FULL.md:4920 The-Incompleteness-of-Observation-FULL.md:6266 The-Incompleteness-of-Observation-FULL.md:6270 The-Incompleteness-of-Observation-FULL.md:6617 The-Incompleteness-of-Observation-FULL.md:6715 appendix-c-objections.md:32 appendix-c-objections.md:36 ch00-introduction.md:41 ch00-introduction.md:55 ch01-observation.md:169 ch01-observation.md:217 ch02-substratum.md:90 ch03-structural-realism.md:160 ch03-structural-realism.md:162 ch03-structural-realism.md:164 ch03-structural-realism.md:178 ch03-structural-realism.md:180 ch03-structural-realism.md:188 ch04-methodology.md:92 ch04-methodology.md:96 ch04-methodology.md:98 ch18-beyond.md:110 glossary.md:49 glossary.md:147
PHRASE 'no-signal' -> I2.10 hits=45 README.md:50 The-Incompleteness-of-Observation-FULL.md:76 The-Incompleteness-of-Observation-FULL.md:277 The-Incompleteness-of-Observation-FULL.md:291 The-Incompleteness-of-Observation-FULL.md:360 The-Incompleteness-of-Observation-FULL.md:513 The-Incompleteness-of-Observation-FULL.md:515 The-Incompleteness-of-Observation-FULL.md:525 The-Incompleteness-of-Observation-FULL.md:539 The-Incompleteness-of-Observation-FULL.md:829 The-Incompleteness-of-Observation-FULL.md:1036 The-Incompleteness-of-Observation-FULL.md:1038 The-Incompleteness-of-Observation-FULL.md:1054 The-Incompleteness-of-Observation-FULL.md:1056 The-Incompleteness-of-Observation-FULL.md:1207 The-Incompleteness-of-Observation-FULL.md:1213 The-Incompleteness-of-Observation-FULL.md:4920 The-Incompleteness-of-Observation-FULL.md:4922 The-Incompleteness-of-Observation-FULL.md:6266 The-Incompleteness-of-Observation-FULL.md:6268 The-Incompleteness-of-Observation-FULL.md:6272 The-Incompleteness-of-Observation-FULL.md:6276 The-Incompleteness-of-Observation-FULL.md:6587 appendix-c-objections.md:32 appendix-c-objections.md:34 appendix-c-objections.md:38 appendix-c-objections.md:42 ch00-introduction.md:41 ch00-introduction.md:55 ch01-observation.md:16 ch01-observation.md:169 ch01-observation.md:171 ch01-observation.md:181 ch01-observation.md:195 ch02-substratum.md:188 ch03-structural-realism.md:162 ch03-structural-realism.md:164 ch03-structural-realism.md:180 ch03-structural-realism.md:182 ch04-methodology.md:90 ch04-methodology.md:96 ch18-beyond.md:110 ch18-beyond.md:112 glossary.md:19 preface.md:5
PHRASE 'H-Bell' -> I2.102 hits=39 README.md:15 The-Incompleteness-of-Observation-FULL.md:331 The-Incompleteness-of-Observation-FULL.md:513 The-Incompleteness-of-Observation-FULL.md:651 The-Incompleteness-of-Observation-FULL.md:687 The-Incompleteness-of-Observation-FULL.md:691 The-Incompleteness-of-Observation-FULL.md:729 The-Incompleteness-of-Observation-FULL.md:759 The-Incompleteness-of-Observation-FULL.md:817 The-Incompleteness-of-Observation-FULL.md:819 The-Incompleteness-of-Observation-FULL.md:827 The-Incompleteness-of-Observation-FULL.md:829 The-Incompleteness-of-Observation-FULL.md:841 The-Incompleteness-of-Observation-FULL.md:843 The-Incompleteness-of-Observation-FULL.md:914 The-Incompleteness-of-Observation-FULL.md:978 The-Incompleteness-of-Observation-FULL.md:1054 The-Incompleteness-of-Observation-FULL.md:1209 The-Incompleteness-of-Observation-FULL.md:4922 The-Incompleteness-of-Observation-FULL.md:5372 ch00-introduction.md:95 ch01-observation.md:169 ch02-substratum.md:10 ch02-substratum.md:46 ch02-substratum.md:50 ch02-substratum.md:88 ch02-substratum.md:118 ch02-substratum.md:176 ch02-substratum.md:178 ch02-substratum.md:186 ch02-substratum.md:188 ch02-substratum.md:200 ch02-substratum.md:202 ch03-structural-realism.md:40 ch03-structural-realism.md:104 ch03-structural-realism.md:180 ch04-methodology.md:92 ch18-beyond.md:112 ch19-open-problems.md:208
PHRASE 'local tomography' -> I2.2/I2.3/I2.63 hits=0 
PHRASE 'gluing' -> I2.12 hits=4 The-Incompleteness-of-Observation-FULL.md:5290 The-Incompleteness-of-Observation-FULL.md:6675 ch19-open-problems.md:126 glossary.md:107
PHRASE 'Kochen' -> I2.14 hits=39 README.md:56 The-Incompleteness-of-Observation-FULL.md:213 The-Incompleteness-of-Observation-FULL.md:331 The-Incompleteness-of-Observation-FULL.md:638 The-Incompleteness-of-Observation-FULL.md:865 The-Incompleteness-of-Observation-FULL.md:867 The-Incompleteness-of-Observation-FULL.md:1032 The-Incompleteness-of-Observation-FULL.md:1034 The-Incompleteness-of-Observation-FULL.md:1040 The-Incompleteness-of-Observation-FULL.md:1042 The-Incompleteness-of-Observation-FULL.md:1044 The-Incompleteness-of-Observation-FULL.md:1131 The-Incompleteness-of-Observation-FULL.md:1203 The-Incompleteness-of-Observation-FULL.md:1205 The-Incompleteness-of-Observation-FULL.md:1207 The-Incompleteness-of-Observation-FULL.md:1209 The-Incompleteness-of-Observation-FULL.md:1215 The-Incompleteness-of-Observation-FULL.md:3465 The-Incompleteness-of-Observation-FULL.md:5530 The-Incompleteness-of-Observation-FULL.md:6791 acknowledgments.md:5 bibliography.md:61 ch00-introduction.md:95 ch01-observation.md:294 ch02-substratum.md:224 ch02-substratum.md:226 ch03-structural-realism.md:158 ch03-structural-realism.md:160 ch03-structural-realism.md:166 ch03-structural-realism.md:168 ch03-structural-realism.md:170 ch04-methodology.md:14 ch04-methodology.md:86 ch04-methodology.md:88 ch04-methodology.md:90 ch04-methodology.md:92 ch04-methodology.md:98 ch12-evolution-intelligence.md:221 ch19-open-problems.md:366
PHRASE 'inert spectators' -> I2.29 hits=4 The-Incompleteness-of-Observation-FULL.md:507 The-Incompleteness-of-Observation-FULL.md:5290 ch01-observation.md:163 ch19-open-problems.md:126
PHRASE 'OI⁺' -> I2.31 hits=4 The-Incompleteness-of-Observation-FULL.md:507 The-Incompleteness-of-Observation-FULL.md:5290 ch01-observation.md:163 ch19-open-problems.md:126
PHRASE 'operational-completion' -> I2.29 hits=2 The-Incompleteness-of-Observation-FULL.md:5290 ch19-open-problems.md:126
PHRASE 'quasilocal' -> I2.36 hits=4 The-Incompleteness-of-Observation-FULL.md:507 The-Incompleteness-of-Observation-FULL.md:5290 ch01-observation.md:163 ch19-open-problems.md:126
PHRASE 'tensor product' -> I2.19/I2.2 hits=8 The-Incompleteness-of-Observation-FULL.md:1562 The-Incompleteness-of-Observation-FULL.md:2335 The-Incompleteness-of-Observation-FULL.md:5811 The-Incompleteness-of-Observation-FULL.md:5857 appendix-b-derivations.md:34 appendix-b-derivations.md:80 ch06-matter-content.md:38 ch08-juno.md:142

# I2 residual screen (e)
RESIDUAL papers/Main.md lines=13 30 44 50 74 80 686 688 692 818 822 826 884 886
RESIDUAL papers/GR.md lines=31 20 60 70 74 76 118 306 340 342 344 360 362 376 398 414 416 428 444 446 450 452 530 551 585 589 595 597 599 601 649 943
RESIDUAL papers/SM.md lines=52 32 292 422 477 503 507 519 523 533 627 629 639 641 791 891 901 986 1088 1096 1104 1106 1108 1207 1219 1235 1273 1410 1412 1458 1476 1482 1484 1486 1502 1510 1512 1516 1520 1528 1530 1534 1536 1542 1544 1546 1548 1550 1552 1554 1560 1562 1736
RESIDUAL papers/Substratum.md lines=35 68 198 211 228 234 264 266 300 302 308 310 316 320 322 326 328 334 336 338 342 344 346 350 370 382 388 392 396 400 402 427 428 491 493 495
