
== C0  transcription of the landed definitions at L (read-only)
PASS C0.sgn  [source] sgn is -1 exactly at (1,3) and (2,2)
PASS C0.pc  [source] pc table
PASS C0.pt  [source] pt table
PASS C0.cnotFun  [source] cnotFun w = sgn * w (pc, pt)
PASS C0.nflip  [source] nflip = diag(1, -1, -1)
PASS C0.z3  [source] z3 = (0, 0, 1)
PASS C0.reflY  [source] reflY = diag(1, -1, 1)
PASS C0.phiW  [source] phiW = diag(1, 1, -1, 1)
PASS C0.acts  [source] actT N w = fun mu => homMap N (w mu); actC N w mu nu = homMap N (fun k => w k nu) mu
PASS C0.prod  [source] prodState x y = hom x mu * hom y nu
PASS C0.isNot  [source] IsNot fields: unit, invol, preserves, flips
PASS C0.ctrl  [source] CtrlGate (RelcSelectBlock) fields: frame, posFwd, posInv, relC and no relT
PASS C0.nclass  [source] NClass (design FourCopyCore): four IsOrth3 clauses and N w = actC A (actT B (cnot (actC A' (actT B' w))))
PASS C0.corner_form  [source] corner_form (CD) hypotheses: unit z, the fixing frame at corner z, product positivity of a linear map

== C1  M_refl: the gate is cnot; the supplied post-local reflY is not a decomposition local
PASS C1.frame  [identity] cnot satisfies the frame at z3 (exact)
PASS C1.rel  [identity] cnot satisfies relT and relC with nflip (symbolic table)
PASS C1.idlocals  [identity] NClass(cnot, I, I, I, I): cnot w = actC I (actT I (cnot (actC I (actT I w)))) (symbolic)
PASS C1.mrefl  [witness] NClass(cnot, reflY, I, I, I) fails at prodState xplus z3: cnot gives phiW, the claimed form gives actC reflY phiW = idW

== C2  the normalized family G(a, b)
PASS C2.cnot  [identity] G(I, J') = cnot (symbolic table)
PASS C2.frame  [identity] every G(a, b) satisfies the frame at z3 (symbolic a, b)
PASS C2.slices  [identity] G(a, b)(hom z3 (x) Y) = hom z3 (x) Y and G(a, b)(hom(-z3) (x) Y) = hom(-z3) (x) HN Y (symbolic Y)
PASS C2.pairing  [identity] pairVal(hom u, b, G(a,b)(prodState x y)) = 2 p_u p_x <b,Y> + 2 q_u q_x <b,HN Y> + u'^T(sigma a + tau b) x' (symbolic u, x, b, y, a, b)
PASS C2.inverse  [identity] G(a, b) . G(a^-1, -b^-1) = id = G(a^-1, -b^-1) . G(a, b) (symbolic invertible a, b)

== C3  the test points that bound a and b
PASS C3.a  [identity] at b = Y = (1,1,0,0), u = (u', 0), x = (x', 0): pairing = 2 + 2 u'^T a x' (symbolic)
PASS C3.b  [identity] at b = (1,0,1,0), Y = hom z3, u = (u', 0), x = (x', 0): pairing = 1 - u'^T b x' (symbolic)
PASS C3.L  [witness] the effect vectors used are in L: (1,1,0,0), (1,0,1,0), hom of unit vectors (u', 0)

== C4  null pairs
PASS C4.id  [identity] <b,Y><b,HN Y> - sigma^2 - tau^2 = (b0^2-b1^2)(Y0^2-Y1^2) - (b2^2+b3^2)(Y2^2+Y3^2) (symbolic b, Y)
   null witnesses (Delta, sigma, tau, B0, B1): [(0, 9, -2, 17, 5), (0, 9, 2, 5, 17)]
PASS C4.w  [witness] two rational null pairs in L x L with Delta = 0 and sigma*tau of opposite signs

== C5  orthogonal U
PASS C5.id  [identity] (sigma I + tau U)^T (sigma I + tau U) = (sigma^2+tau^2) I + sigma tau (U + U^T) for rotations and reflections U (mod c^2 + s^2 = 1)
PASS C5.cases  [identity] U + U^T = 2 cos(theta) I for rotations; for reflections U + U^T = 2U has eigenvalues +2 and -2

== C6  identification of the survivors
PASS C6.post  [identity] G(a, +-a J') = actC(diag(a, 1)) . G(I, +-J') for symbolic a
PASS C6.minus  [identity] G(I, -J') = actC reflY . cnot . actC reflY (symbolic table)

== C7  with relC: the CtrlGate classification in the normalized frame
   relC solution for (a, b): [{a12: 0, a21: 0, b11: 0, b22: 0}]
PASS C7.relC  [identity] relC for G(a, b) holds iff a12 = a21 = 0 and b11 = b22 = 0 (a diagonal, b antidiagonal)
PASS C7.relT  [identity] relT holds for every G(a, b) (symbolic)
PASS C7.eval  [identity] the fraction evaluator agrees with the sympy family at 6 exact points
   pattern (1, 1, 1, 1) min pairing -14/27 at u = ('-2/3', '2/3', '-1/3') x = ('2/3', '-2/3', '-1/3') y = ('1/3', '2/3', '2/3') b = (3,2,2,1)
   pattern (1, 1, -1, -1) min pairing -14/27 at u = ('-2/3', '-2/3', '-1/3') x = ('2/3', '2/3', '-1/3') y = ('1/3', '2/3', '2/3') b = (3,2,2,1)
   pattern (1, -1, 1, -1) min pairing -14/27 at u = ('-2/3', '-2/3', '-1/3') x = ('2/3', '-2/3', '-1/3') y = ('1/3', '2/3', '2/3') b = (3,2,2,1)
   pattern (1, -1, -1, 1) min pairing -14/27 at u = ('-2/3', '2/3', '-1/3') x = ('2/3', '2/3', '-1/3') y = ('1/3', '2/3', '2/3') b = (3,2,2,1)
   pattern (-1, 1, 1, -1) min pairing -14/27 at u = ('-2/3', '2/3', '-1/3') x = ('-2/3', '-2/3', '-1/3') y = ('1/3', '2/3', '2/3') b = (3,2,2,1)
   pattern (-1, 1, -1, 1) min pairing -14/27 at u = ('-2/3', '-2/3', '-1/3') x = ('-2/3', '2/3', '-1/3') y = ('1/3', '2/3', '2/3') b = (3,2,2,1)
   pattern (-1, -1, 1, 1) min pairing -14/27 at u = ('-2/3', '-2/3', '-1/3') x = ('-2/3', '-2/3', '-1/3') y = ('1/3', '2/3', '2/3') b = (3,2,2,1)
   pattern (-1, -1, -1, -1) min pairing -14/27 at u = ('-2/3', '2/3', '-1/3') x = ('-2/3', '2/3', '-1/3') y = ('1/3', '2/3', '2/3') b = (3,2,2,1)
PASS C7.bad  [witness] each of the 8 sign patterns with s1 s2 t1 t2 = +1 has an exact point with negative pairing (posFwd fails)
PASS C7.goodsample  [sample] sample: the 8 patterns with product -1 have no negative pairing on the same 2 x 216 x 216 grid
PASS C7.ncl  [identity] each of the 8 sign patterns with product -1 equals actC D . cnot . actC D' for diagonal sign D, D' (orthogonal; fixing z3)

== C8  positive control: a frame-and-positivity gate outside CtrlGate
PASS C8.frame  [identity] actC(Rot_z(3/5,4/5)) . cnot satisfies the frame at z3
PASS C8.relC  [countercontrol] countercontrol: actC(Rot_z(3/5,4/5)) . cnot FAILS relC with nflip
PASS C8.fam  [identity] it is G(Rot, Rot J') of the family (so the frame-and-positivity route covers it)

== C9  orientation is a gate invariant (exact steps)
PASS C9.hom  [identity] det homMap(a) = det a (symbolic 3x3)
PASS C9.mult  [identity] det(actC a (actT b w)) = det a det b det w (symbolic a, b, w)
PASS C9.phiW  [witness] det phiW = -1
PASS C9.cnotprod  [identity] det cnot(prodState x y) = -(x0^2+x1^2)(1-x2^2)(1-y0^2)(y1^2+y2^2) (symbolic; each factor is >= 0 on the ball, so the determinant is <= 0)
PASS C9.mrefl  [witness] M_refl's supplied locals at 13 give orient(reflY, I) = true, while det(actC reflY (actT I phiW)) = +1 > 0 is attained by no N-CLASS decomposition of cnot (whose images of products have det <= 0, C9.cnotprod)

== C10 minimality countermodels (each satisfies the stated clauses and is NOT N-CLASS)
PASS C10.inv  [identity] G(2I, 2J') is the inverse of G(I/2, J'/2) (C2.inverse with a = I/2, b = J'/2: -(J'/2)^-1 = 2J')
PASS C10.h.frame  [identity] G(I/2, J'/2) satisfies the frame, relC and relT
PASS C10.h.posFwd  [identity] G(I/2, J'/2)(prodState x y) = (1/2) cnot(prodState x y) + (1/2)(p_x prodState z3 y + q_x prodState (-z3) (nflip y)) (symbolic): a convex combination of maxCone members (landed cnot_prodState_mem_maxCone, prodState_mem_maxCone), so posFwd holds
PASS C10.h.posInv  [witness] G(I/2, J'/2)^-1 (prodState xplus z3) pairs to -1 < 0 with hom(-1,0,0), (1,1,0,0) in L: posInv fails
PASS C10.h.notN  [witness] G(I/2, J'/2) is not ipW-orthogonal: ipW(G e10, G e10) = 1/4 != 1 = ipW(e10, e10)
PASS C10.orth  [identity] N-CLASS gates are ipW-orthogonal: cnot preserves ipW (symbolic) and homMap(A)^T homMap(A) = homMap(A^T A) (symbolic A), so actC A, actT A preserve ipW for orthogonal A
PASS C10.t.posFwd  [witness] G(2I, 2J') fails posFwd at the same witness (value -1); its posInv is G(I/2, J'/2)'s posFwd; ipW(G e10, G e10) = 4 != 1
PASS C10.id0  [witness] id with z = 0: the frame holds trivially (both corners are 0), the unit clause fails; id with z = z3: the frame FAILS at prodState(-z3, z3)
PASS C10.idnotN  [identity] id is not N-CLASS: det(actC A (actT B phiW)) = -det A det B (symbolic; nonzero for orthogonal A, B), while id maps prodState x y to a table of rank 1 (symbolic x, y)
PASS C10.imp  [identity] improper control: controlled-(id, diag(1,1,-1)) with any coherence from its zero-set forms maps e1 (x) e3 to 0 (not injective)
PASS C10.imp.cc  [countercontrol] countercontrol: the proper family G(a, b) does NOT annihilate e1 (x) e3 for a = I, b = J'

d1b_classify: 57 checks, 0 failed
VERDICT D1-EXACT-STEPS-HOLD: the normalized family, its bounds, the orthogonal-U step and the identification with actC(diag(a,1)) . cnot (or its reflY conjugate) are exact; relC selects the 8 diagonal patterns of actC D . cnot . actC D'; orientation is read off det of product images; the four minimality countermodels satisfy their clauses and are not N-CLASS; M_refl's gate is cnot (N-CLASS) and its supplied locals are not a decomposition
