== N: normalization ellipsoid -> ball3 ==
PASS N0 A invertible, not orthogonal (ellipsoid is not a ball)
PASS N1 T(c + A b) = b on unit b; T^{-1}(ball3) = Omega_E on samples
PASS N2 r_E o T^{-1} = ballEffect(e_z) (coefficients exact)
PASS N3 T g_R T^{-1} = R exactly (linear part R, translation 0)
PASS N4 (r_E o g_R^{-1}) o T^{-1} = ballEffect(R e_z) for all sampled R
PASS N5 PreservesBody transports along T (g and g^{-1} keep |T x| = 1)
PASS N6 IsBoundaryState's extension x + e(x - y) commutes with the affine T
PASS N7 r_E = 1 at c + A e_z and 0 at c - A e_z
PASS N8a raw consumer on the state c: |c|^2 = 6 > 1 = x0^2 (wrong verdict if not transported)
PASS N8b transported consumer on T c = 0 passes
PASS N8d countercontrol: the RAW directional effect (1 + e_x . x)/2 is not an effect on Omega_E (value 2 at c + A e_x)
PASS N8c pairing invariance: e(x) = (e o T^{-1})(T x) for transported effects and states
PASS N9 residual O(3)_z freedom of the normalization keeps the seed axis and every Lorentz verdict
PASS N10a independent normalizations: N_B = Q N_A Q^{-1} != N_A (both flip e_z)
PASS N10b same split => conjugate by an O fixing e_z (alignment is a choice) 
PASS N10c split (2,0) NOT flips e_z but is not conjugate to N_A in O(3) (traces 1 vs -1)
NOTE N10: a drive NOT N = flow(t0) lies in the identity component, so in SO(3); an involution there that moves the ball is a pi-rotation, split (1,1). The split mismatch of Thread B cannot arise for drive NOTs on one 3-ball; what normalization cannot supply is that copy B's NOT is the T_B-image of copy A's (copy covariance).
== D: dimension ==
PASS D1 p=1: Lorentz test tight at b = -v/|v| (dimension-free consumer)
PASS D1 p=2: Lorentz test tight at b = -v/|v| (dimension-free consumer)
PASS D1 p=4: Lorentz test tight at b = -v/|v| (dimension-free consumer)
PASS D1 p=5: Lorentz test tight at b = -v/|v| (dimension-free consumer)
NOTE D1: lorentz_of_effects (NGB:105) takes p as a parameter (1 <= p); its p = 3 instantiation in L's draft is a consequence of BODY = ball3, never a source of dimension 3.
NOTE D2 (written): at d = 3 a drive NOT has split (1,1), so p = dim V+ = 1 and blocks_vanish (hypothesis 2 <= p) is not invoked; inside NB-1 the consumer only carries content when p >= 2, i.e. to exclude d >= 5 or the (2,0) reflection-NOT at d = 3.
PASS D3a B^4 drive group preserves x4: every orbit direction has b_4 = 0 (sampled words, exact)
PASS D3b so the directional effect (1 + e_4 . x)/2 is not a transport of the seed: NB-1's input fails at d = 4
NOTE D3: with only the drive, the ball/ellipsoid and the full directional family are available exactly in d = 3 (Thread K); NB-1 needs that family on a d-ball to conclude d in {1,3}. Using NB-1 to supply d = 3 to the step that needs d = 3 is the loop. A literal-transitivity premise TRANS(G_D) gives the ball in every d (D4) and breaks the loop; drive alone does not.
PASS D4 an SO(4) element maps e_1 to (1,1,1,1)/2 exactly (transitivity is a separable premise in d = 4)
PASS D5 disk: reflection J R(t) J^{-1} = R(-t), rotation J R(t) J^{-1} = R(t) (off-axis fails, d = 2 not drivable)
== S: drive sourcing (G-AUT is a field of the drive; the current substratum cannot supply the drive) ==
PASS S1 all 32 monomial unitaries (4th-root phases) send the Bloch axis e_z to +-e_z
PASS S2 a diagonal phase acts as a rotation about z (symbolic phases): e_z fixed
PASS S3 the swap acts as diag(1,-1,-1): e_z -> -e_z
NOTE S1-S3: inside the substratum (monomial) group every flow is a z-rotation and every J keeps the z-axis, so J flow(t) J^{-1} = flow(+-t): the off-axis clause D9 fails (kernel counterpart substratum_residual SC:383, substratumTheory_not_layerFlowExecutable LiftAudit:200). G-AUT, a consequence of D4/D7/D8 of whatever drive is used, is therefore sourced only as far as that drive is sourced.
== Q: reverse implication, qubit model (each premise row separately) ==
PASS Q0 rho(r) PSD with trace 1 iff |r|^2 <= 1 (samples both sides; det = (1-|r|^2)/4)
PASS Q1 P1 in QM: tr(P0 rho(+e_z)) = 1, tr(P0 rho(-e_z)) = 0, P0 a projector
PASS Q2a tr(E rho(r)) = a + c.r identically
PASS Q2b-control both outcomes occur on the grid (non-vacuous)
PASS Q2b on a rational grid: 0 <= E <= I  <=>  a +- |c| in [0,1]  (quantum effects = fullEffects(ball3))
PASS Q3a U = e^{-i theta X} acts as R_x(2 theta) exactly (cos 2t = -7/25)
PASS Q3b quarter phase S acts as R_z(pi/2): x -> y
PASS Q3c D9 in QM: (S R_x S^-1) e_z has x-component 24/25 != 0 = x-component of every R_x(s) e_z
PASS Q3d D5/D6: N = e^{-i pi X/2} = -iX acts as diag(1,-1,-1): involutive, moves e_z, exchanges the seed pair
PASS Q4 G-AUT in QM: U and U^-1 conjugation keep rho(r) a state (body-side row)
PASS Q5 V4' in QM: r o g^-1 = tr(U P0 U^dag .) is a projector = ballEffect(R_U e_z) (effect-side row)
NOTE Q5: availability side: in the generated quantum theory every finite Kraus instrument is available (ExactFiniteEndomorphicQuantumOps, LevelOneSeam:186, from genTheory_qm_of_quantumArchitecture SS:136 with fullClass_quantumArchitecture SS:151); the two-outcome instrument {U P0 U^dag, 1 - U P0 U^dag} is a Kraus instrument, so V4' holds for every drive whose maps are unitary conjugations. Written step: effect = outcome of an available instrument.
PASS Q6 K-inf-R on the qubit body: SO(3) (= Bloch image of SU(2)) carries e_z to every sampled unit vector
NOTE Q7a (written): in the matrix model a stage is a finite set of density matrices and effects with table tr(E rho); forward maps are inclusions, so SC-inf holds by construction (consistency instance, not evidence that the stages OI supplies are consistent).
PASS Q7b completion body has affine dimension 3 (rank of the state-vector matrix = 4 = dim + 1)
PASS Q7c all table entries in [0,1] (stage validity)
PASS Q8a Rt: (I x X) CNOT (I x X) = CNOT
PASS Q8b Rc: (X x I) CNOT (X x I) = (I x X) CNOT
PASS Q8c identical-copy covariance: SWAP (X x I) SWAP^-1 = I x X
== X: scope -- unscoped forward premises fail in QM ==
PASS X1a diag(1/2,1/2,0) is a boundary state of the qutrit body: x + e(x - y) has eigenvalue -e for every e > 0
PASS X1b purities 1 vs 1/2 (invariant under U.U^dag and transpose): literal K-inf-R FAILS on the unscoped qutrit body
PASS X2 DIM3 FAILS on the unscoped qutrit body: 9 independent states (affine dimension 8)
PASS X3 singleton-face principle FAILS unscoped: the proper sharp test diag(1,1,0) is certain on |0><0| and |1><1|
PASS X4a block readout P_0 (x) 1_anc (Main.md:240 form) is sharp yet certain on two distinct states
PASS X4b the visible marginal of both is rho(e_z): the reduced (visible-factor) body is the 3-ball
NOTE X: every forward premise holds in QM for the elementary (capacity-two) body read on the visible factor; stated for an arbitrary system's body (qutrit) or for the dilated visible readout, K-inf-R, DIM3 and the singleton-face principle are false in QM. The scope ELEM is a load-bearing premise row, not a convention.

OK -- 50 checks, 0 failed, 8 written notes
