(0) builder reproduces the complex CNOT with M0 = I, A = I, K = [[0,-1],[1,0]]: True
(1) M0 = (1, 1) : value = (1+s_z f_z)(1+g_x t'_x) + (s_z+f_z)(g-.t'-) + (f.As)(g_x+t'_x) + (f.Ks)(g- x t'-): True
(1) M0 = (1, -1) : value = (1+s_z f_z)(1+g_x t'_x) + (s_z+f_z)(g-.t'-) + (f.As)(g_x+t'_x) + (f.Ks)(g- x t'-): True
(1) M0 = (-1, 1) : value = (1+s_z f_z)(1+g_x t'_x) + (s_z+f_z)(g-.t'-) + (f.As)(g_x+t'_x) + (f.Ks)(g- x t'-): True
(1) M0 = (-1, -1) : value = (1+s_z f_z)(1+g_x t'_x) + (s_z+f_z)(g-.t'-) + (f.As)(g_x+t'_x) + (f.Ks)(g- x t'-): True
(2) sign solutions of |a_i| = |k_i| = 1 with a1 k1 + a2 k2 = 0: 8
    candidate gates: 32
    the inverse of each candidate is a candidate: True
    all satisfy F, Rt, Rc and are invertible: True ; G^2 = I for 8 of 32
(3) classes under the 16 local O-type relabellings: 8  sizes [4, 4, 4, 4, 4, 4, 4, 4]
    classes under the 4 local SO-type relabellings: 16  sizes [2, 2, 2, 2, 2, 2, 2, 2, 2, 2, 2, 2, 2, 2, 2, 2]
failing SO-class  2: G orthogonal fixing u(x)u: True; 105 integer brackets, rank mod p = 105; all antisymmetric with zero u(x)u row: True  (2.2s)
failing SO-class  3: G orthogonal fixing u(x)u: True; 105 integer brackets, rank mod p = 105; all antisymmetric with zero u(x)u row: True  (2.3s)
failing SO-class  4: G orthogonal fixing u(x)u: True; 105 integer brackets, rank mod p = 105; all antisymmetric with zero u(x)u row: True  (2.4s)
failing SO-class  5: G orthogonal fixing u(x)u: True; 105 integer brackets, rank mod p = 105; all antisymmetric with zero u(x)u row: True  (2.1s)
failing SO-class  8: G orthogonal fixing u(x)u: True; 105 integer brackets, rank mod p = 105; all antisymmetric with zero u(x)u row: True  (2.1s)
failing SO-class  9: G orthogonal fixing u(x)u: True; 105 integer brackets, rank mod p = 105; all antisymmetric with zero u(x)u row: True  (2.2s)
failing SO-class 14: G orthogonal fixing u(x)u: True; 105 integer brackets, rank mod p = 105; all antisymmetric with zero u(x)u row: True  (1.8s)
failing SO-class 15: G orthogonal fixing u(x)u: True; 105 integer brackets, rank mod p = 105; all antisymmetric with zero u(x)u row: True  (2.2s)
e_so15_fast: OK -- dim = 105 = dim so(15) for all 8 failing classes
exit 0 time 24s
