stage 1 builder blob e08d15f6e301bec4d32f9dab34b5c7b40fb48d1f
      rebuilt  29 receipt commit(s), each identical to the committed receipt and holding
      shape    complete-non-sealing   24 vector(s)
      shape    complete-sealing       2 vector(s)
      shape    halted-exec            2 vector(s)
      shape    halted-none            1 vector(s)
      shape    multi-reconciliation   7 vector(s)
      corrupt  identity: d                          29/29 failing
      corrupt  identity: f                          29/29 failing
      corrupt  control plane: a blob                29/29 failing
      corrupt  control plane: governed digest       29/29 failing
      corrupt  execution: tree_e                    26/26 failing
      corrupt  execution: delta digest              26/26 failing
      corrupt  landing: base                        29/29 failing
      corrupt  landing: delta digest                29/29 failing
      corrupt  landing: reconciliations             29/29 failing
      corrupt  seal: blob                           2/2 failing
      corrupt  attestation: subject commit          29/29 failing
      corrupt  attestation: F designation missing   29/29 failing
      corrupt  schema: version                      29/29 failing
      v3_receipt: self-test OK
PASS  C1 self-test exit 0, 'v3_receipt: self-test OK'
PASS  C2 variant execution delta from D                   exit 1, 26 FAIL line(s)
PASS  C2 variant landing base is the second parent        exit 1, 29 FAIL line(s)
PASS  C2 variant control-plane blobs in reverse order     exit 1, 4 FAIL line(s)
PASS  C2 variant no withdrawal reason when none exists    exit 1, 1 FAIL line(s)
PASS  C2 variant seal blob without the object header      exit 1, 2 FAIL line(s)
PASS  C2 variant every attestation on F                   exit 1, 26 FAIL line(s)
PASS  C3 a ref name refused: exit 2, 'v3_receipt: refused (input:not-an-object-id)'
PASS  C3 no arguments: exit 2, usage
PASS  C4 tools/v3_verifier.py has its D blob
PASS  C4 CORPUS  135 vector(s), exact and as expected
PASS  C4 v3_verifier: self-test OK
STAGE 1 CHECKPOINT PASS
