Q1: 16 parameters; after normalization + Rt + Rc: 7 free: [a_11, a_22, a_32, b_02, b_12, b_21, b_31]
Q1: the family G~(free):
⎡1  0  0  0   0    0    0    0     0    0    0    0    0  0  0  0⎤
⎢                                                                ⎥
⎢0  1  0  0   0    0    0    0     0    0    0    0    0  0  0  0⎥
⎢                                                                ⎥
⎢0  0  0  0   0    0    0    0     0    0    0   -b₀₂  0  0  1  0⎥
⎢                                                                ⎥
⎢0  0  0  0   0    0    0    0     0    0   b₀₂   0    0  0  0  1⎥
⎢                                                                ⎥
⎢0  0  0  0   0   a₁₁   0    0     0    0    0    0    0  0  0  0⎥
⎢                                                                ⎥
⎢0  0  0  0  a₁₁   0    0    0     0    0    0    0    0  0  0  0⎥
⎢                                                                ⎥
⎢0  0  0  0   0    0    0    0     0    0    0   -b₁₂  0  0  0  0⎥
⎢                                                                ⎥
⎢0  0  0  0   0    0    0    0     0    0   b₁₂   0    0  0  0  0⎥
⎢                                                                ⎥
⎢0  0  0  0   0    0    0    0     0   a₂₂   0    0    0  0  0  0⎥
⎢                                                                ⎥
⎢0  0  0  0   0    0    0    0    a₂₂   0    0    0    0  0  0  0⎥
⎢                                                                ⎥
⎢0  0  0  0   0    0    0   -b₂₁   0    0    0    0    0  0  0  0⎥
⎢                                                                ⎥
⎢0  0  0  0   0    0   b₂₁   0     0    0    0    0    0  0  0  0⎥
⎢                                                                ⎥
⎢0  0  0  0   0    0    0    0     0   a₃₂   0    0    1  0  0  0⎥
⎢                                                                ⎥
⎢0  0  0  0   0    0    0    0    a₃₂   0    0    0    0  1  0  0⎥
⎢                                                                ⎥
⎢0  0  1  0   0    0    0   -b₃₁   0    0    0    0    0  0  0  0⎥
⎢                                                                ⎥
⎣0  0  0  1   0    0   b₃₁   0     0    0    0    0    0  0  0  0⎦
Q1: frame F holds on the family
Q1: det G~ = a_11**2*a_22**2*b_12**2*b_21**2
Q3: complex CNOT in the family at [{a_11: 1, a_22: 1, a_32: 0, b_02: 0, b_12: -1, b_21: 1, b_31: 0}]
Q3: frame-preserving local conjugates L_A⊗L_B of CNOT inside the family: 4 points
     params {'a_11': -1, 'a_22': -1, 'a_32': 0, 'b_02': 0, 'b_12': -1, 'b_21': 1, 'b_31': 0} from L_A=diag(1,-1,-1,1), L_B=diag(1,-1,1,1)
     params {'a_11': -1, 'a_22': -1, 'a_32': 0, 'b_02': 0, 'b_12': 1, 'b_21': -1, 'b_31': 0} from L_A=diag(1,-1,-1,1), L_B=diag(1,-1,-1,1)
     params {'a_11': 1, 'a_22': 1, 'a_32': 0, 'b_02': 0, 'b_12': -1, 'b_21': 1, 'b_31': 0} from L_A=diag(1,-1,-1,1), L_B=diag(1,1,1,1)
     params {'a_11': 1, 'a_22': 1, 'a_32': 0, 'b_02': 0, 'b_12': 1, 'b_21': -1, 'b_31': 0} from L_A=diag(1,-1,-1,1), L_B=diag(1,1,-1,1)
Q2: scan: structural params (det factors) over {-1,-1/2,1/2,1}, the others over {-1/2,0,1/2}; survivors (two-sided product-positive on the sample):
      {'a_11': -1, 'a_22': -1, 'a_32': 0, 'b_02': 0, 'b_12': -1, 'b_21': 1, 'b_31': 0} min G: 2.74e-06  min G^-1: 2.74e-06
      {'a_11': -1, 'a_22': -1, 'a_32': 0, 'b_02': 0, 'b_12': -0.5, 'b_21': 0.5, 'b_31': 0} min G: 3.33e-04  min G^-1: -9.74e-01
      {'a_11': -1, 'a_22': -1, 'a_32': 0, 'b_02': 0, 'b_12': 0.5, 'b_21': -0.5, 'b_31': 0} min G: 2.46e-04  min G^-1: -9.72e-01
      {'a_11': -1, 'a_22': -1, 'a_32': 0, 'b_02': 0, 'b_12': 1, 'b_21': -1, 'b_31': 0} min G: 7.29e-08  min G^-1: 7.29e-08
      {'a_11': -1, 'a_22': -0.5, 'a_32': 0, 'b_02': 0, 'b_12': -1, 'b_21': 0.5, 'b_31': 0} min G: 1.40e-03  min G^-1: -1.55e+00
      {'a_11': -1, 'a_22': -0.5, 'a_32': 0, 'b_02': 0, 'b_12': -0.5, 'b_21': -0.5, 'b_31': 0} min G: 6.38e-04  min G^-1: -1.75e+00
      {'a_11': -1, 'a_22': -0.5, 'a_32': 0, 'b_02': 0, 'b_12': -0.5, 'b_21': 0.5, 'b_31': 0} min G: 1.80e-03  min G^-1: -1.59e+00
      {'a_11': -1, 'a_22': -0.5, 'a_32': 0, 'b_02': 0, 'b_12': -0.5, 'b_21': 1, 'b_31': 0} min G: 1.21e-03  min G^-1: -1.61e+00
      {'a_11': -1, 'a_22': -0.5, 'a_32': 0, 'b_02': 0, 'b_12': 0.5, 'b_21': -1, 'b_31': 0} min G: 4.07e-04  min G^-1: -1.58e+00
      {'a_11': -1, 'a_22': -0.5, 'a_32': 0, 'b_02': 0, 'b_12': 0.5, 'b_21': -0.5, 'b_31': 0} min G: 1.50e-03  min G^-1: -1.56e+00
      {'a_11': -1, 'a_22': -0.5, 'a_32': 0, 'b_02': 0, 'b_12': 0.5, 'b_21': 0.5, 'b_31': 0} min G: 1.45e-03  min G^-1: -1.74e+00
      {'a_11': -1, 'a_22': -0.5, 'a_32': 0, 'b_02': 0, 'b_12': 1, 'b_21': -0.5, 'b_31': 0} min G: 9.80e-04  min G^-1: -1.55e+00
      {'a_11': -1, 'a_22': 0.5, 'a_32': 0, 'b_02': 0, 'b_12': -1, 'b_21': -0.5, 'b_31': 0} min G: 1.24e-03  min G^-1: -1.51e+00
      {'a_11': -1, 'a_22': 0.5, 'a_32': 0, 'b_02': 0, 'b_12': -0.5, 'b_21': -1, 'b_31': 0} min G: 6.38e-04  min G^-1: -1.56e+00
      {'a_11': -1, 'a_22': 0.5, 'a_32': 0, 'b_02': 0, 'b_12': -0.5, 'b_21': -0.5, 'b_31': 0} min G: 1.44e-03  min G^-1: -1.54e+00
      {'a_11': -1, 'a_22': 0.5, 'a_32': 0, 'b_02': 0, 'b_12': -0.5, 'b_21': 0.5, 'b_31': 0} min G: 2.13e-03  min G^-1: -1.76e+00
      {'a_11': -1, 'a_22': 0.5, 'a_32': 0, 'b_02': 0, 'b_12': 0.5, 'b_21': -0.5, 'b_31': 0} min G: 1.83e-03  min G^-1: -1.73e+00
      {'a_11': -1, 'a_22': 0.5, 'a_32': 0, 'b_02': 0, 'b_12': 0.5, 'b_21': 0.5, 'b_31': 0} min G: 1.94e-03  min G^-1: -1.50e+00
      {'a_11': -1, 'a_22': 0.5, 'a_32': 0, 'b_02': 0, 'b_12': 0.5, 'b_21': 1, 'b_31': 0} min G: 1.17e-03  min G^-1: -1.49e+00
      {'a_11': -1, 'a_22': 0.5, 'a_32': 0, 'b_02': 0, 'b_12': 1, 'b_21': 0.5, 'b_31': 0} min G: 9.53e-04  min G^-1: -1.54e+00
      {'a_11': -1, 'a_22': 1, 'a_32': 0, 'b_02': 0, 'b_12': -1, 'b_21': -1, 'b_31': 0} min G: 1.54e-05  min G^-1: 5.09e-06
      {'a_11': -1, 'a_22': 1, 'a_32': 0, 'b_02': 0, 'b_12': -0.5, 'b_21': -0.5, 'b_31': 0} min G: 2.43e-04  min G^-1: -9.56e-01
      {'a_11': -1, 'a_22': 1, 'a_32': 0, 'b_02': 0, 'b_12': 0.5, 'b_21': 0.5, 'b_31': 0} min G: 2.12e-04  min G^-1: -9.62e-01
      {'a_11': -1, 'a_22': 1, 'a_32': 0, 'b_02': 0, 'b_12': 1, 'b_21': 1, 'b_31': 0} min G: 5.09e-06  min G^-1: 1.54e-05
      {'a_11': -0.5, 'a_22': -1, 'a_32': 0, 'b_02': 0, 'b_12': -1, 'b_21': 0.5, 'b_31': 0} min G: 8.88e-05  min G^-1: -1.53e+00
      {'a_11': -0.5, 'a_22': -1, 'a_32': 0, 'b_02': 0, 'b_12': -0.5, 'b_21': -0.5, 'b_31': 0} min G: 1.42e-04  min G^-1: -1.74e+00
      {'a_11': -0.5, 'a_22': -1, 'a_32': 0, 'b_02': 0, 'b_12': -0.5, 'b_21': 0.5, 'b_31': 0} min G: 4.86e-04  min G^-1: -1.50e+00
      {'a_11': -0.5, 'a_22': -1, 'a_32': 0, 'b_02': 0, 'b_12': -0.5, 'b_21': 1, 'b_31': 0} min G: 2.58e-04  min G^-1: -1.49e+00
      {'a_11': -0.5, 'a_22': -1, 'a_32': 0, 'b_02': 0, 'b_12': 0.5, 'b_21': -1, 'b_31': 0} min G: 1.40e-04  min G^-1: -1.50e+00
      {'a_11': -0.5, 'a_22': -1, 'a_32': 0, 'b_02': 0, 'b_12': 0.5, 'b_21': -0.5, 'b_31': 0} min G: 5.43e-04  min G^-1: -1.49e+00
      {'a_11': -0.5, 'a_22': -1, 'a_32': 0, 'b_02': 0, 'b_12': 0.5, 'b_21': 0.5, 'b_31': 0} min G: 9.63e-04  min G^-1: -1.72e+00
      {'a_11': -0.5, 'a_22': -1, 'a_32': 0, 'b_02': 0, 'b_12': 1, 'b_21': -0.5, 'b_31': 0} min G: 1.44e-04  min G^-1: -1.51e+00
      {'a_11': -0.5, 'a_22': -0.5, 'a_32': 0, 'b_02': 0, 'b_12': -1, 'b_21': -0.5, 'b_31': 0} min G: 2.47e-04  min G^-1: -1.93e+00
      {'a_11': -0.5, 'a_22': -0.5, 'a_32': 0, 'b_02': 0, 'b_12': -1, 'b_21': 0.5, 'b_31': 0} min G: 2.09e-03  min G^-1: -1.80e+00
      {'a_11': -0.5, 'a_22': -0.5, 'a_32': 0, 'b_02': 0, 'b_12': -1, 'b_21': 1, 'b_31': 0} min G: 2.12e-04  min G^-1: -1.76e+00
      {'a_11': -0.5, 'a_22': -0.5, 'a_32': 0, 'b_02': 0, 'b_12': -0.5, 'b_21': -1, 'b_31': 0} min G: 7.05e-04  min G^-1: -1.98e+00
      {'a_11': -0.5, 'a_22': -0.5, 'a_32': 0, 'b_02': 0, 'b_12': -0.5, 'b_21': -0.5, 'b_31': 0} min G: 6.05e-03  min G^-1: -2.21e+00
      {'a_11': -0.5, 'a_22': -0.5, 'a_32': 0, 'b_02': 0, 'b_12': -0.5, 'b_21': 0.5, 'b_31': 0} min G: 7.22e-03  min G^-1: -1.78e+00
      {'a_11': -0.5, 'a_22': -0.5, 'a_32': 0, 'b_02': 0, 'b_12': -0.5, 'b_21': 1, 'b_31': 0} min G: 1.48e-03  min G^-1: -1.80e+00
      {'a_11': -0.5, 'a_22': -0.5, 'a_32': 0, 'b_02': 0, 'b_12': 0.5, 'b_21': -1, 'b_31': 0} min G: 2.71e-03  min G^-1: -1.82e+00
      {'a_11': -0.5, 'a_22': -0.5, 'a_32': 0, 'b_02': 0, 'b_12': 0.5, 'b_21': -0.5, 'b_31': 0} min G: 7.02e-03  min G^-1: -1.77e+00
      {'a_11': -0.5, 'a_22': -0.5, 'a_32': 0, 'b_02': 0, 'b_12': 0.5, 'b_21': 0.5, 'b_31': 0} min G: 5.88e-03  min G^-1: -2.22e+00
      {'a_11': -0.5, 'a_22': -0.5, 'a_32': 0, 'b_02': 0, 'b_12': 0.5, 'b_21': 1, 'b_31': 0} min G: 5.75e-04  min G^-1: -2.02e+00
      {'a_11': -0.5, 'a_22': -0.5, 'a_32': 0, 'b_02': 0, 'b_12': 1, 'b_21': -1, 'b_31': 0} min G: 4.21e-04  min G^-1: -1.74e+00
      {'a_11': -0.5, 'a_22': -0.5, 'a_32': 0, 'b_02': 0, 'b_12': 1, 'b_21': -0.5, 'b_31': 0} min G: 1.87e-03  min G^-1: -1.79e+00
      {'a_11': -0.5, 'a_22': -0.5, 'a_32': 0, 'b_02': 0, 'b_12': 1, 'b_21': 0.5, 'b_31': 0} min G: 6.07e-04  min G^-1: -1.97e+00
      {'a_11': -0.5, 'a_22': 0.5, 'a_32': 0, 'b_02': 0, 'b_12': -1, 'b_21': -1, 'b_31': 0} min G: 3.09e-04  min G^-1: -1.79e+00
      {'a_11': -0.5, 'a_22': 0.5, 'a_32': 0, 'b_02': 0, 'b_12': -1, 'b_21': -0.5, 'b_31': 0} min G: 1.48e-03  min G^-1: -1.86e+00
      {'a_11': -0.5, 'a_22': 0.5, 'a_32': 0, 'b_02': 0, 'b_12': -1, 'b_21': 0.5, 'b_31': 0} min G: 1.37e-03  min G^-1: -1.99e+00
      {'a_11': -0.5, 'a_22': 0.5, 'a_32': 0, 'b_02': 0, 'b_12': -0.5, 'b_21': -1, 'b_31': 0} min G: 2.73e-03  min G^-1: -1.84e+00
      {'a_11': -0.5, 'a_22': 0.5, 'a_32': 0, 'b_02': 0, 'b_12': -0.5, 'b_21': -0.5, 'b_31': 0} min G: 6.34e-03  min G^-1: -1.79e+00
      {'a_11': -0.5, 'a_22': 0.5, 'a_32': 0, 'b_02': 0, 'b_12': -0.5, 'b_21': 0.5, 'b_31': 0} min G: 6.50e-03  min G^-1: -2.25e+00
      {'a_11': -0.5, 'a_22': 0.5, 'a_32': 0, 'b_02': 0, 'b_12': -0.5, 'b_21': 1, 'b_31': 0} min G: 1.45e-03  min G^-1: -1.98e+00
      {'a_11': -0.5, 'a_22': 0.5, 'a_32': 0, 'b_02': 0, 'b_12': 0.5, 'b_21': -1, 'b_31': 0} min G: 1.17e-03  min G^-1: -2.02e+00
      {'a_11': -0.5, 'a_22': 0.5, 'a_32': 0, 'b_02': 0, 'b_12': 0.5, 'b_21': -0.5, 'b_31': 0} min G: 7.45e-03  min G^-1: -2.26e+00
      {'a_11': -0.5, 'a_22': 0.5, 'a_32': 0, 'b_02': 0, 'b_12': 0.5, 'b_21': 0.5, 'b_31': 0} min G: 6.34e-03  min G^-1: -1.79e+00
      {'a_11': -0.5, 'a_22': 0.5, 'a_32': 0, 'b_02': 0, 'b_12': 0.5, 'b_21': 1, 'b_31': 0} min G: 4.50e-03  min G^-1: -1.85e+00
      {'a_11': -0.5, 'a_22': 0.5, 'a_32': 0, 'b_02': 0, 'b_12': 1, 'b_21': -0.5, 'b_31': 0} min G: 1.32e-03  min G^-1: -2.02e+00
      {'a_11': -0.5, 'a_22': 0.5, 'a_32': 0, 'b_02': 0, 'b_12': 1, 'b_21': 0.5, 'b_31': 0} min G: 2.76e-03  min G^-1: -1.84e+00
      {'a_11': -0.5, 'a_22': 0.5, 'a_32': 0, 'b_02': 0, 'b_12': 1, 'b_21': 1, 'b_31': 0} min G: 1.11e-04  min G^-1: -1.79e+00
      {'a_11': -0.5, 'a_22': 1, 'a_32': 0, 'b_02': 0, 'b_12': -1, 'b_21': -0.5, 'b_31': 0} min G: 1.81e-04  min G^-1: -1.51e+00
      {'a_11': -0.5, 'a_22': 1, 'a_32': 0, 'b_02': 0, 'b_12': -0.5, 'b_21': -1, 'b_31': 0} min G: 3.71e-04  min G^-1: -1.44e+00
      {'a_11': -0.5, 'a_22': 1, 'a_32': 0, 'b_02': 0, 'b_12': -0.5, 'b_21': -0.5, 'b_31': 0} min G: 2.11e-03  min G^-1: -1.47e+00
      {'a_11': -0.5, 'a_22': 1, 'a_32': 0, 'b_02': 0, 'b_12': -0.5, 'b_21': 0.5, 'b_31': 0} min G: 1.36e-03  min G^-1: -1.74e+00
      {'a_11': -0.5, 'a_22': 1, 'a_32': 0, 'b_02': 0, 'b_12': 0.5, 'b_21': -0.5, 'b_31': 0} min G: 1.26e-03  min G^-1: -1.72e+00
      {'a_11': -0.5, 'a_22': 1, 'a_32': 0, 'b_02': 0, 'b_12': 0.5, 'b_21': 0.5, 'b_31': 0} min G: 2.29e-03  min G^-1: -1.46e+00
      {'a_11': -0.5, 'a_22': 1, 'a_32': 0, 'b_02': 0, 'b_12': 0.5, 'b_21': 1, 'b_31': 0} min G: 2.59e-04  min G^-1: -1.50e+00
      {'a_11': -0.5, 'a_22': 1, 'a_32': 0, 'b_02': 0, 'b_12': 1, 'b_21': 0.5, 'b_31': 0} min G: 1.39e-04  min G^-1: -1.43e+00
      {'a_11': 0.5, 'a_22': -1, 'a_32': 0, 'b_02': 0, 'b_12': -1, 'b_21': -0.5, 'b_31': 0} min G: 6.44e-05  min G^-1: -1.53e+00
      {'a_11': 0.5, 'a_22': -1, 'a_32': 0, 'b_02': 0, 'b_12': -0.5, 'b_21': -1, 'b_31': 0} min G: 2.51e-04  min G^-1: -1.52e+00
      {'a_11': 0.5, 'a_22': -1, 'a_32': 0, 'b_02': 0, 'b_12': -0.5, 'b_21': -0.5, 'b_31': 0} min G: 4.61e-04  min G^-1: -1.49e+00
      {'a_11': 0.5, 'a_22': -1, 'a_32': 0, 'b_02': 0, 'b_12': -0.5, 'b_21': 0.5, 'b_31': 0} min G: 3.91e-04  min G^-1: -1.74e+00
      {'a_11': 0.5, 'a_22': -1, 'a_32': 0, 'b_02': 0, 'b_12': 0.5, 'b_21': -0.5, 'b_31': 0} min G: 8.92e-04  min G^-1: -1.71e+00
      {'a_11': 0.5, 'a_22': -1, 'a_32': 0, 'b_02': 0, 'b_12': 0.5, 'b_21': 0.5, 'b_31': 0} min G: 1.18e-03  min G^-1: -1.48e+00
      {'a_11': 0.5, 'a_22': -1, 'a_32': 0, 'b_02': 0, 'b_12': 0.5, 'b_21': 1, 'b_31': 0} min G: 2.22e-04  min G^-1: -1.52e+00
      {'a_11': 0.5, 'a_22': -1, 'a_32': 0, 'b_02': 0, 'b_12': 1, 'b_21': 0.5, 'b_31': 0} min G: 2.28e-04  min G^-1: -1.53e+00
      {'a_11': 0.5, 'a_22': -0.5, 'a_32': 0, 'b_02': 0, 'b_12': -1, 'b_21': -1, 'b_31': 0} min G: 1.12e-04  min G^-1: -1.76e+00
      {'a_11': 0.5, 'a_22': -0.5, 'a_32': 0, 'b_02': 0, 'b_12': -1, 'b_21': -0.5, 'b_31': 0} min G: 1.49e-03  min G^-1: -1.78e+00
      {'a_11': 0.5, 'a_22': -0.5, 'a_32': 0, 'b_02': 0, 'b_12': -1, 'b_21': 0.5, 'b_31': 0} min G: 2.08e-03  min G^-1: -2.01e+00
      {'a_11': 0.5, 'a_22': -0.5, 'a_32': 0, 'b_02': 0, 'b_12': -0.5, 'b_21': -1, 'b_31': 0} min G: 3.69e-03  min G^-1: -1.81e+00
      {'a_11': 0.5, 'a_22': -0.5, 'a_32': 0, 'b_02': 0, 'b_12': -0.5, 'b_21': -0.5, 'b_31': 0} min G: 6.66e-03  min G^-1: -1.76e+00
      {'a_11': 0.5, 'a_22': -0.5, 'a_32': 0, 'b_02': 0, 'b_12': -0.5, 'b_21': 0.5, 'b_31': 0} min G: 5.62e-03  min G^-1: -2.25e+00
      {'a_11': 0.5, 'a_22': -0.5, 'a_32': 0, 'b_02': 0, 'b_12': -0.5, 'b_21': 1, 'b_31': 0} min G: 9.03e-04  min G^-1: -2.01e+00
      {'a_11': 0.5, 'a_22': -0.5, 'a_32': 0, 'b_02': 0, 'b_12': 0.5, 'b_21': -1, 'b_31': 0} min G: 8.22e-04  min G^-1: -2.02e+00
      {'a_11': 0.5, 'a_22': -0.5, 'a_32': 0, 'b_02': 0, 'b_12': 0.5, 'b_21': -0.5, 'b_31': 0} min G: 5.04e-03  min G^-1: -2.24e+00
      {'a_11': 0.5, 'a_22': -0.5, 'a_32': 0, 'b_02': 0, 'b_12': 0.5, 'b_21': 0.5, 'b_31': 0} min G: 6.35e-03  min G^-1: -1.78e+00
      {'a_11': 0.5, 'a_22': -0.5, 'a_32': 0, 'b_02': 0, 'b_12': 0.5, 'b_21': 1, 'b_31': 0} min G: 1.54e-03  min G^-1: -1.80e+00
      {'a_11': 0.5, 'a_22': -0.5, 'a_32': 0, 'b_02': 0, 'b_12': 1, 'b_21': -0.5, 'b_31': 0} min G: 8.11e-04  min G^-1: -2.02e+00
      {'a_11': 0.5, 'a_22': -0.5, 'a_32': 0, 'b_02': 0, 'b_12': 1, 'b_21': 0.5, 'b_31': 0} min G: 1.87e-03  min G^-1: -1.81e+00
      {'a_11': 0.5, 'a_22': -0.5, 'a_32': 0, 'b_02': 0, 'b_12': 1, 'b_21': 1, 'b_31': 0} min G: 2.99e-04  min G^-1: -1.77e+00
      {'a_11': 0.5, 'a_22': 0.5, 'a_32': 0, 'b_02': 0, 'b_12': -1, 'b_21': -0.5, 'b_31': 0} min G: 8.12e-04  min G^-1: -1.95e+00
      {'a_11': 0.5, 'a_22': 0.5, 'a_32': 0, 'b_02': 0, 'b_12': -1, 'b_21': 0.5, 'b_31': 0} min G: 1.85e-03  min G^-1: -1.76e+00
      {'a_11': 0.5, 'a_22': 0.5, 'a_32': 0, 'b_02': 0, 'b_12': -1, 'b_21': 1, 'b_31': 0} min G: 7.63e-05  min G^-1: -1.73e+00
      {'a_11': 0.5, 'a_22': 0.5, 'a_32': 0, 'b_02': 0, 'b_12': -0.5, 'b_21': -1, 'b_31': 0} min G: 9.95e-04  min G^-1: -2.01e+00
      {'a_11': 0.5, 'a_22': 0.5, 'a_32': 0, 'b_02': 0, 'b_12': -0.5, 'b_21': -0.5, 'b_31': 0} min G: 5.71e-03  min G^-1: -2.20e+00
      {'a_11': 0.5, 'a_22': 0.5, 'a_32': 0, 'b_02': 0, 'b_12': -0.5, 'b_21': 0.5, 'b_31': 0} min G: 5.98e-03  min G^-1: -1.73e+00
      {'a_11': 0.5, 'a_22': 0.5, 'a_32': 0, 'b_02': 0, 'b_12': -0.5, 'b_21': 1, 'b_31': 0} min G: 3.28e-03  min G^-1: -1.77e+00
      {'a_11': 0.5, 'a_22': 0.5, 'a_32': 0, 'b_02': 0, 'b_12': 0.5, 'b_21': -1, 'b_31': 0} min G: 3.45e-03  min G^-1: -1.78e+00
      {'a_11': 0.5, 'a_22': 0.5, 'a_32': 0, 'b_02': 0, 'b_12': 0.5, 'b_21': -0.5, 'b_31': 0} min G: 5.93e-03  min G^-1: -1.75e+00
      {'a_11': 0.5, 'a_22': 0.5, 'a_32': 0, 'b_02': 0, 'b_12': 0.5, 'b_21': 0.5, 'b_31': 0} min G: 6.05e-03  min G^-1: -2.21e+00
      {'a_11': 0.5, 'a_22': 0.5, 'a_32': 0, 'b_02': 0, 'b_12': 0.5, 'b_21': 1, 'b_31': 0} min G: 4.67e-04  min G^-1: -2.02e+00
      {'a_11': 0.5, 'a_22': 0.5, 'a_32': 0, 'b_02': 0, 'b_12': 1, 'b_21': -1, 'b_31': 0} min G: 3.13e-04  min G^-1: -1.74e+00
      {'a_11': 0.5, 'a_22': 0.5, 'a_32': 0, 'b_02': 0, 'b_12': 1, 'b_21': -0.5, 'b_31': 0} min G: 2.46e-03  min G^-1: -1.77e+00
      {'a_11': 0.5, 'a_22': 0.5, 'a_32': 0, 'b_02': 0, 'b_12': 1, 'b_21': 0.5, 'b_31': 0} min G: 1.13e-03  min G^-1: -1.98e+00
      {'a_11': 0.5, 'a_22': 1, 'a_32': 0, 'b_02': 0, 'b_12': -1, 'b_21': 0.5, 'b_31': 0} min G: 9.75e-05  min G^-1: -1.44e+00
      {'a_11': 0.5, 'a_22': 1, 'a_32': 0, 'b_02': 0, 'b_12': -0.5, 'b_21': -0.5, 'b_31': 0} min G: 8.74e-04  min G^-1: -1.72e+00
      {'a_11': 0.5, 'a_22': 1, 'a_32': 0, 'b_02': 0, 'b_12': -0.5, 'b_21': 0.5, 'b_31': 0} min G: 1.68e-03  min G^-1: -1.47e+00
      {'a_11': 0.5, 'a_22': 1, 'a_32': 0, 'b_02': 0, 'b_12': -0.5, 'b_21': 1, 'b_31': 0} min G: 1.98e-04  min G^-1: -1.50e+00
      {'a_11': 0.5, 'a_22': 1, 'a_32': 0, 'b_02': 0, 'b_12': 0.5, 'b_21': -1, 'b_31': 0} min G: 4.15e-04  min G^-1: -1.44e+00
      {'a_11': 0.5, 'a_22': 1, 'a_32': 0, 'b_02': 0, 'b_12': 0.5, 'b_21': -0.5, 'b_31': 0} min G: 1.67e-03  min G^-1: -1.48e+00
      {'a_11': 0.5, 'a_22': 1, 'a_32': 0, 'b_02': 0, 'b_12': 0.5, 'b_21': 0.5, 'b_31': 0} min G: 5.22e-04  min G^-1: -1.73e+00
      {'a_11': 0.5, 'a_22': 1, 'a_32': 0, 'b_02': 0, 'b_12': 1, 'b_21': -0.5, 'b_31': 0} min G: 2.29e-04  min G^-1: -1.50e+00
      {'a_11': 1, 'a_22': -1, 'a_32': 0, 'b_02': 0, 'b_12': -1, 'b_21': -1, 'b_31': 0} min G: 1.94e-06  min G^-1: 2.97e-06
      {'a_11': 1, 'a_22': -1, 'a_32': 0, 'b_02': 0, 'b_12': -0.5, 'b_21': -0.5, 'b_31': 0} min G: 2.30e-04  min G^-1: -9.57e-01
      {'a_11': 1, 'a_22': -1, 'a_32': 0, 'b_02': 0, 'b_12': 0.5, 'b_21': 0.5, 'b_31': 0} min G: 2.77e-04  min G^-1: -9.70e-01
      {'a_11': 1, 'a_22': -1, 'a_32': 0, 'b_02': 0, 'b_12': 1, 'b_21': 1, 'b_31': 0} min G: 2.97e-06  min G^-1: 1.94e-06
      {'a_11': 1, 'a_22': -0.5, 'a_32': 0, 'b_02': 0, 'b_12': -1, 'b_21': -0.5, 'b_31': 0} min G: 1.11e-03  min G^-1: -1.64e+00
      {'a_11': 1, 'a_22': -0.5, 'a_32': 0, 'b_02': 0, 'b_12': -0.5, 'b_21': -1, 'b_31': 0} min G: 8.05e-04  min G^-1: -1.60e+00
      {'a_11': 1, 'a_22': -0.5, 'a_32': 0, 'b_02': 0, 'b_12': -0.5, 'b_21': -0.5, 'b_31': 0} min G: 1.40e-03  min G^-1: -1.61e+00
      {'a_11': 1, 'a_22': -0.5, 'a_32': 0, 'b_02': 0, 'b_12': -0.5, 'b_21': 0.5, 'b_31': 0} min G: 7.70e-04  min G^-1: -1.77e+00
      {'a_11': 1, 'a_22': -0.5, 'a_32': 0, 'b_02': 0, 'b_12': 0.5, 'b_21': -0.5, 'b_31': 0} min G: 1.07e-03  min G^-1: -1.77e+00
      {'a_11': 1, 'a_22': -0.5, 'a_32': 0, 'b_02': 0, 'b_12': 0.5, 'b_21': 0.5, 'b_31': 0} min G: 4.40e-04  min G^-1: -1.64e+00
      {'a_11': 1, 'a_22': -0.5, 'a_32': 0, 'b_02': 0, 'b_12': 0.5, 'b_21': 1, 'b_31': 0} min G: 1.28e-04  min G^-1: -1.66e+00
      {'a_11': 1, 'a_22': -0.5, 'a_32': 0, 'b_02': 0, 'b_12': 1, 'b_21': 0.5, 'b_31': 0} min G: 2.75e-04  min G^-1: -1.61e+00
      {'a_11': 1, 'a_22': 0.5, 'a_32': 0, 'b_02': 0, 'b_12': -1, 'b_21': 0.5, 'b_31': 0} min G: 6.42e-04  min G^-1: -1.49e+00
      {'a_11': 1, 'a_22': 0.5, 'a_32': 0, 'b_02': 0, 'b_12': -0.5, 'b_21': -0.5, 'b_31': 0} min G: 9.59e-04  min G^-1: -1.74e+00
      {'a_11': 1, 'a_22': 0.5, 'a_32': 0, 'b_02': 0, 'b_12': -0.5, 'b_21': 0.5, 'b_31': 0} min G: 4.77e-04  min G^-1: -1.53e+00
      {'a_11': 1, 'a_22': 0.5, 'a_32': 0, 'b_02': 0, 'b_12': -0.5, 'b_21': 1, 'b_31': 0} min G: 1.64e-04  min G^-1: -1.55e+00
      {'a_11': 1, 'a_22': 0.5, 'a_32': 0, 'b_02': 0, 'b_12': 0.5, 'b_21': -1, 'b_31': 0} min G: 9.62e-04  min G^-1: -1.57e+00
      {'a_11': 1, 'a_22': 0.5, 'a_32': 0, 'b_02': 0, 'b_12': 0.5, 'b_21': -0.5, 'b_31': 0} min G: 7.72e-04  min G^-1: -1.54e+00
      {'a_11': 1, 'a_22': 0.5, 'a_32': 0, 'b_02': 0, 'b_12': 0.5, 'b_21': 0.5, 'b_31': 0} min G: 1.47e-04  min G^-1: -1.75e+00
      {'a_11': 1, 'a_22': 0.5, 'a_32': 0, 'b_02': 0, 'b_12': 1, 'b_21': -0.5, 'b_31': 0} min G: 2.76e-04  min G^-1: -1.48e+00
      {'a_11': 1, 'a_22': 1, 'a_32': 0, 'b_02': 0, 'b_12': -1, 'b_21': 1, 'b_31': 0} min G: 8.35e-06  min G^-1: 8.35e-06
      {'a_11': 1, 'a_22': 1, 'a_32': 0, 'b_02': 0, 'b_12': -0.5, 'b_21': 0.5, 'b_31': 0} min G: 3.30e-04  min G^-1: -9.85e-01
      {'a_11': 1, 'a_22': 1, 'a_32': 0, 'b_02': 0, 'b_12': 0.5, 'b_21': -0.5, 'b_31': 0} min G: 2.31e-04  min G^-1: -9.73e-01
      {'a_11': 1, 'a_22': 1, 'a_32': 0, 'b_02': 0, 'b_12': 1, 'b_21': -1, 'b_31': 0} min G: 1.46e-05  min G^-1: 1.46e-05
Q2: refinement — for each survivor, perturb each free parameter by ±0.05 and report whether positivity survives
      {'a_11': -1, 'a_22': -1, 'a_32': 0, 'b_02': 0, 'b_12': -1, 'b_21': 1, 'b_31': 0} perturbations surviving: 0 of 14
      {'a_11': -1, 'a_22': -1, 'a_32': 0, 'b_02': 0, 'b_12': -0.5, 'b_21': 0.5, 'b_31': 0} perturbations surviving: 0 of 14
      {'a_11': -1, 'a_22': -1, 'a_32': 0, 'b_02': 0, 'b_12': 0.5, 'b_21': -0.5, 'b_31': 0} perturbations surviving: 0 of 14
      {'a_11': -1, 'a_22': -1, 'a_32': 0, 'b_02': 0, 'b_12': 1, 'b_21': -1, 'b_31': 0} perturbations surviving: 0 of 14
      {'a_11': -1, 'a_22': -0.5, 'a_32': 0, 'b_02': 0, 'b_12': -1, 'b_21': 0.5, 'b_31': 0} perturbations surviving: 0 of 14
      {'a_11': -1, 'a_22': -0.5, 'a_32': 0, 'b_02': 0, 'b_12': -0.5, 'b_21': -0.5, 'b_31': 0} perturbations surviving: 0 of 14
      {'a_11': -1, 'a_22': -0.5, 'a_32': 0, 'b_02': 0, 'b_12': -0.5, 'b_21': 0.5, 'b_31': 0} perturbations surviving: 0 of 14
      {'a_11': -1, 'a_22': -0.5, 'a_32': 0, 'b_02': 0, 'b_12': -0.5, 'b_21': 1, 'b_31': 0} perturbations surviving: 0 of 14
      {'a_11': -1, 'a_22': -0.5, 'a_32': 0, 'b_02': 0, 'b_12': 0.5, 'b_21': -1, 'b_31': 0} perturbations surviving: 0 of 14
      {'a_11': -1, 'a_22': -0.5, 'a_32': 0, 'b_02': 0, 'b_12': 0.5, 'b_21': -0.5, 'b_31': 0} perturbations surviving: 0 of 14
      {'a_11': -1, 'a_22': -0.5, 'a_32': 0, 'b_02': 0, 'b_12': 0.5, 'b_21': 0.5, 'b_31': 0} perturbations surviving: 0 of 14
      {'a_11': -1, 'a_22': -0.5, 'a_32': 0, 'b_02': 0, 'b_12': 1, 'b_21': -0.5, 'b_31': 0} perturbations surviving: 0 of 14
      {'a_11': -1, 'a_22': 0.5, 'a_32': 0, 'b_02': 0, 'b_12': -1, 'b_21': -0.5, 'b_31': 0} perturbations surviving: 0 of 14
      {'a_11': -1, 'a_22': 0.5, 'a_32': 0, 'b_02': 0, 'b_12': -0.5, 'b_21': -1, 'b_31': 0} perturbations surviving: 0 of 14
      {'a_11': -1, 'a_22': 0.5, 'a_32': 0, 'b_02': 0, 'b_12': -0.5, 'b_21': -0.5, 'b_31': 0} perturbations surviving: 0 of 14
      {'a_11': -1, 'a_22': 0.5, 'a_32': 0, 'b_02': 0, 'b_12': -0.5, 'b_21': 0.5, 'b_31': 0} perturbations surviving: 0 of 14
      {'a_11': -1, 'a_22': 0.5, 'a_32': 0, 'b_02': 0, 'b_12': 0.5, 'b_21': -0.5, 'b_31': 0} perturbations surviving: 0 of 14
      {'a_11': -1, 'a_22': 0.5, 'a_32': 0, 'b_02': 0, 'b_12': 0.5, 'b_21': 0.5, 'b_31': 0} perturbations surviving: 0 of 14
      {'a_11': -1, 'a_22': 0.5, 'a_32': 0, 'b_02': 0, 'b_12': 0.5, 'b_21': 1, 'b_31': 0} perturbations surviving: 0 of 14
      {'a_11': -1, 'a_22': 0.5, 'a_32': 0, 'b_02': 0, 'b_12': 1, 'b_21': 0.5, 'b_31': 0} perturbations surviving: 0 of 14
      {'a_11': -1, 'a_22': 1, 'a_32': 0, 'b_02': 0, 'b_12': -1, 'b_21': -1, 'b_31': 0} perturbations surviving: 0 of 14
      {'a_11': -1, 'a_22': 1, 'a_32': 0, 'b_02': 0, 'b_12': -0.5, 'b_21': -0.5, 'b_31': 0} perturbations surviving: 0 of 14
      {'a_11': -1, 'a_22': 1, 'a_32': 0, 'b_02': 0, 'b_12': 0.5, 'b_21': 0.5, 'b_31': 0} perturbations surviving: 0 of 14
      {'a_11': -1, 'a_22': 1, 'a_32': 0, 'b_02': 0, 'b_12': 1, 'b_21': 1, 'b_31': 0} perturbations surviving: 0 of 14
      {'a_11': -0.5, 'a_22': -1, 'a_32': 0, 'b_02': 0, 'b_12': -1, 'b_21': 0.5, 'b_31': 0} perturbations surviving: 0 of 14
      {'a_11': -0.5, 'a_22': -1, 'a_32': 0, 'b_02': 0, 'b_12': -0.5, 'b_21': -0.5, 'b_31': 0} perturbations surviving: 0 of 14
      {'a_11': -0.5, 'a_22': -1, 'a_32': 0, 'b_02': 0, 'b_12': -0.5, 'b_21': 0.5, 'b_31': 0} perturbations surviving: 0 of 14
      {'a_11': -0.5, 'a_22': -1, 'a_32': 0, 'b_02': 0, 'b_12': -0.5, 'b_21': 1, 'b_31': 0} perturbations surviving: 0 of 14
      {'a_11': -0.5, 'a_22': -1, 'a_32': 0, 'b_02': 0, 'b_12': 0.5, 'b_21': -1, 'b_31': 0} perturbations surviving: 0 of 14
      {'a_11': -0.5, 'a_22': -1, 'a_32': 0, 'b_02': 0, 'b_12': 0.5, 'b_21': -0.5, 'b_31': 0} perturbations surviving: 0 of 14
      {'a_11': -0.5, 'a_22': -1, 'a_32': 0, 'b_02': 0, 'b_12': 0.5, 'b_21': 0.5, 'b_31': 0} perturbations surviving: 0 of 14
      {'a_11': -0.5, 'a_22': -1, 'a_32': 0, 'b_02': 0, 'b_12': 1, 'b_21': -0.5, 'b_31': 0} perturbations surviving: 0 of 14
      {'a_11': -0.5, 'a_22': -0.5, 'a_32': 0, 'b_02': 0, 'b_12': -1, 'b_21': -0.5, 'b_31': 0} perturbations surviving: 0 of 14
      {'a_11': -0.5, 'a_22': -0.5, 'a_32': 0, 'b_02': 0, 'b_12': -1, 'b_21': 0.5, 'b_31': 0} perturbations surviving: 0 of 14
      {'a_11': -0.5, 'a_22': -0.5, 'a_32': 0, 'b_02': 0, 'b_12': -1, 'b_21': 1, 'b_31': 0} perturbations surviving: 0 of 14
      {'a_11': -0.5, 'a_22': -0.5, 'a_32': 0, 'b_02': 0, 'b_12': -0.5, 'b_21': -1, 'b_31': 0} perturbations surviving: 0 of 14
      {'a_11': -0.5, 'a_22': -0.5, 'a_32': 0, 'b_02': 0, 'b_12': -0.5, 'b_21': -0.5, 'b_31': 0} perturbations surviving: 0 of 14
      {'a_11': -0.5, 'a_22': -0.5, 'a_32': 0, 'b_02': 0, 'b_12': -0.5, 'b_21': 0.5, 'b_31': 0} perturbations surviving: 0 of 14
      {'a_11': -0.5, 'a_22': -0.5, 'a_32': 0, 'b_02': 0, 'b_12': -0.5, 'b_21': 1, 'b_31': 0} perturbations surviving: 0 of 14
      {'a_11': -0.5, 'a_22': -0.5, 'a_32': 0, 'b_02': 0, 'b_12': 0.5, 'b_21': -1, 'b_31': 0} perturbations surviving: 0 of 14
      {'a_11': -0.5, 'a_22': -0.5, 'a_32': 0, 'b_02': 0, 'b_12': 0.5, 'b_21': -0.5, 'b_31': 0} perturbations surviving: 0 of 14
      {'a_11': -0.5, 'a_22': -0.5, 'a_32': 0, 'b_02': 0, 'b_12': 0.5, 'b_21': 0.5, 'b_31': 0} perturbations surviving: 0 of 14
      {'a_11': -0.5, 'a_22': -0.5, 'a_32': 0, 'b_02': 0, 'b_12': 0.5, 'b_21': 1, 'b_31': 0} perturbations surviving: 0 of 14
      {'a_11': -0.5, 'a_22': -0.5, 'a_32': 0, 'b_02': 0, 'b_12': 1, 'b_21': -1, 'b_31': 0} perturbations surviving: 0 of 14
      {'a_11': -0.5, 'a_22': -0.5, 'a_32': 0, 'b_02': 0, 'b_12': 1, 'b_21': -0.5, 'b_31': 0} perturbations surviving: 0 of 14
      {'a_11': -0.5, 'a_22': -0.5, 'a_32': 0, 'b_02': 0, 'b_12': 1, 'b_21': 0.5, 'b_31': 0} perturbations surviving: 0 of 14
      {'a_11': -0.5, 'a_22': 0.5, 'a_32': 0, 'b_02': 0, 'b_12': -1, 'b_21': -1, 'b_31': 0} perturbations surviving: 0 of 14
      {'a_11': -0.5, 'a_22': 0.5, 'a_32': 0, 'b_02': 0, 'b_12': -1, 'b_21': -0.5, 'b_31': 0} perturbations surviving: 0 of 14
      {'a_11': -0.5, 'a_22': 0.5, 'a_32': 0, 'b_02': 0, 'b_12': -1, 'b_21': 0.5, 'b_31': 0} perturbations surviving: 0 of 14
      {'a_11': -0.5, 'a_22': 0.5, 'a_32': 0, 'b_02': 0, 'b_12': -0.5, 'b_21': -1, 'b_31': 0} perturbations surviving: 0 of 14
      {'a_11': -0.5, 'a_22': 0.5, 'a_32': 0, 'b_02': 0, 'b_12': -0.5, 'b_21': -0.5, 'b_31': 0} perturbations surviving: 0 of 14
      {'a_11': -0.5, 'a_22': 0.5, 'a_32': 0, 'b_02': 0, 'b_12': -0.5, 'b_21': 0.5, 'b_31': 0} perturbations surviving: 0 of 14
      {'a_11': -0.5, 'a_22': 0.5, 'a_32': 0, 'b_02': 0, 'b_12': -0.5, 'b_21': 1, 'b_31': 0} perturbations surviving: 0 of 14
      {'a_11': -0.5, 'a_22': 0.5, 'a_32': 0, 'b_02': 0, 'b_12': 0.5, 'b_21': -1, 'b_31': 0} perturbations surviving: 0 of 14
      {'a_11': -0.5, 'a_22': 0.5, 'a_32': 0, 'b_02': 0, 'b_12': 0.5, 'b_21': -0.5, 'b_31': 0} perturbations surviving: 0 of 14
      {'a_11': -0.5, 'a_22': 0.5, 'a_32': 0, 'b_02': 0, 'b_12': 0.5, 'b_21': 0.5, 'b_31': 0} perturbations surviving: 0 of 14
      {'a_11': -0.5, 'a_22': 0.5, 'a_32': 0, 'b_02': 0, 'b_12': 0.5, 'b_21': 1, 'b_31': 0} perturbations surviving: 0 of 14
      {'a_11': -0.5, 'a_22': 0.5, 'a_32': 0, 'b_02': 0, 'b_12': 1, 'b_21': -0.5, 'b_31': 0} perturbations surviving: 0 of 14
      {'a_11': -0.5, 'a_22': 0.5, 'a_32': 0, 'b_02': 0, 'b_12': 1, 'b_21': 0.5, 'b_31': 0} perturbations surviving: 0 of 14
      {'a_11': -0.5, 'a_22': 0.5, 'a_32': 0, 'b_02': 0, 'b_12': 1, 'b_21': 1, 'b_31': 0} perturbations surviving: 0 of 14
      {'a_11': -0.5, 'a_22': 1, 'a_32': 0, 'b_02': 0, 'b_12': -1, 'b_21': -0.5, 'b_31': 0} perturbations surviving: 0 of 14
      {'a_11': -0.5, 'a_22': 1, 'a_32': 0, 'b_02': 0, 'b_12': -0.5, 'b_21': -1, 'b_31': 0} perturbations surviving: 0 of 14
      {'a_11': -0.5, 'a_22': 1, 'a_32': 0, 'b_02': 0, 'b_12': -0.5, 'b_21': -0.5, 'b_31': 0} perturbations surviving: 0 of 14
      {'a_11': -0.5, 'a_22': 1, 'a_32': 0, 'b_02': 0, 'b_12': -0.5, 'b_21': 0.5, 'b_31': 0} perturbations surviving: 0 of 14
      {'a_11': -0.5, 'a_22': 1, 'a_32': 0, 'b_02': 0, 'b_12': 0.5, 'b_21': -0.5, 'b_31': 0} perturbations surviving: 0 of 14
      {'a_11': -0.5, 'a_22': 1, 'a_32': 0, 'b_02': 0, 'b_12': 0.5, 'b_21': 0.5, 'b_31': 0} perturbations surviving: 0 of 14
      {'a_11': -0.5, 'a_22': 1, 'a_32': 0, 'b_02': 0, 'b_12': 0.5, 'b_21': 1, 'b_31': 0} perturbations surviving: 0 of 14
      {'a_11': -0.5, 'a_22': 1, 'a_32': 0, 'b_02': 0, 'b_12': 1, 'b_21': 0.5, 'b_31': 0} perturbations surviving: 0 of 14
      {'a_11': 0.5, 'a_22': -1, 'a_32': 0, 'b_02': 0, 'b_12': -1, 'b_21': -0.5, 'b_31': 0} perturbations surviving: 0 of 14
      {'a_11': 0.5, 'a_22': -1, 'a_32': 0, 'b_02': 0, 'b_12': -0.5, 'b_21': -1, 'b_31': 0} perturbations surviving: 0 of 14
      {'a_11': 0.5, 'a_22': -1, 'a_32': 0, 'b_02': 0, 'b_12': -0.5, 'b_21': -0.5, 'b_31': 0} perturbations surviving: 0 of 14
      {'a_11': 0.5, 'a_22': -1, 'a_32': 0, 'b_02': 0, 'b_12': -0.5, 'b_21': 0.5, 'b_31': 0} perturbations surviving: 0 of 14
      {'a_11': 0.5, 'a_22': -1, 'a_32': 0, 'b_02': 0, 'b_12': 0.5, 'b_21': -0.5, 'b_31': 0} perturbations surviving: 0 of 14
      {'a_11': 0.5, 'a_22': -1, 'a_32': 0, 'b_02': 0, 'b_12': 0.5, 'b_21': 0.5, 'b_31': 0} perturbations surviving: 0 of 14
      {'a_11': 0.5, 'a_22': -1, 'a_32': 0, 'b_02': 0, 'b_12': 0.5, 'b_21': 1, 'b_31': 0} perturbations surviving: 0 of 14
      {'a_11': 0.5, 'a_22': -1, 'a_32': 0, 'b_02': 0, 'b_12': 1, 'b_21': 0.5, 'b_31': 0} perturbations surviving: 0 of 14
      {'a_11': 0.5, 'a_22': -0.5, 'a_32': 0, 'b_02': 0, 'b_12': -1, 'b_21': -1, 'b_31': 0} perturbations surviving: 0 of 14
      {'a_11': 0.5, 'a_22': -0.5, 'a_32': 0, 'b_02': 0, 'b_12': -1, 'b_21': -0.5, 'b_31': 0} perturbations surviving: 0 of 14
      {'a_11': 0.5, 'a_22': -0.5, 'a_32': 0, 'b_02': 0, 'b_12': -1, 'b_21': 0.5, 'b_31': 0} perturbations surviving: 0 of 14
      {'a_11': 0.5, 'a_22': -0.5, 'a_32': 0, 'b_02': 0, 'b_12': -0.5, 'b_21': -1, 'b_31': 0} perturbations surviving: 0 of 14
      {'a_11': 0.5, 'a_22': -0.5, 'a_32': 0, 'b_02': 0, 'b_12': -0.5, 'b_21': -0.5, 'b_31': 0} perturbations surviving: 0 of 14
      {'a_11': 0.5, 'a_22': -0.5, 'a_32': 0, 'b_02': 0, 'b_12': -0.5, 'b_21': 0.5, 'b_31': 0} perturbations surviving: 0 of 14
      {'a_11': 0.5, 'a_22': -0.5, 'a_32': 0, 'b_02': 0, 'b_12': -0.5, 'b_21': 1, 'b_31': 0} perturbations surviving: 0 of 14
      {'a_11': 0.5, 'a_22': -0.5, 'a_32': 0, 'b_02': 0, 'b_12': 0.5, 'b_21': -1, 'b_31': 0} perturbations surviving: 0 of 14
      {'a_11': 0.5, 'a_22': -0.5, 'a_32': 0, 'b_02': 0, 'b_12': 0.5, 'b_21': -0.5, 'b_31': 0} perturbations surviving: 0 of 14
      {'a_11': 0.5, 'a_22': -0.5, 'a_32': 0, 'b_02': 0, 'b_12': 0.5, 'b_21': 0.5, 'b_31': 0} perturbations surviving: 0 of 14
      {'a_11': 0.5, 'a_22': -0.5, 'a_32': 0, 'b_02': 0, 'b_12': 0.5, 'b_21': 1, 'b_31': 0} perturbations surviving: 0 of 14
      {'a_11': 0.5, 'a_22': -0.5, 'a_32': 0, 'b_02': 0, 'b_12': 1, 'b_21': -0.5, 'b_31': 0} perturbations surviving: 0 of 14
      {'a_11': 0.5, 'a_22': -0.5, 'a_32': 0, 'b_02': 0, 'b_12': 1, 'b_21': 0.5, 'b_31': 0} perturbations surviving: 0 of 14
      {'a_11': 0.5, 'a_22': -0.5, 'a_32': 0, 'b_02': 0, 'b_12': 1, 'b_21': 1, 'b_31': 0} perturbations surviving: 0 of 14
      {'a_11': 0.5, 'a_22': 0.5, 'a_32': 0, 'b_02': 0, 'b_12': -1, 'b_21': -0.5, 'b_31': 0} perturbations surviving: 0 of 14
      {'a_11': 0.5, 'a_22': 0.5, 'a_32': 0, 'b_02': 0, 'b_12': -1, 'b_21': 0.5, 'b_31': 0} perturbations surviving: 0 of 14
      {'a_11': 0.5, 'a_22': 0.5, 'a_32': 0, 'b_02': 0, 'b_12': -1, 'b_21': 1, 'b_31': 0} perturbations surviving: 0 of 14
      {'a_11': 0.5, 'a_22': 0.5, 'a_32': 0, 'b_02': 0, 'b_12': -0.5, 'b_21': -1, 'b_31': 0} perturbations surviving: 0 of 14
      {'a_11': 0.5, 'a_22': 0.5, 'a_32': 0, 'b_02': 0, 'b_12': -0.5, 'b_21': -0.5, 'b_31': 0} perturbations surviving: 0 of 14
      {'a_11': 0.5, 'a_22': 0.5, 'a_32': 0, 'b_02': 0, 'b_12': -0.5, 'b_21': 0.5, 'b_31': 0} perturbations surviving: 0 of 14
      {'a_11': 0.5, 'a_22': 0.5, 'a_32': 0, 'b_02': 0, 'b_12': -0.5, 'b_21': 1, 'b_31': 0} perturbations surviving: 0 of 14
      {'a_11': 0.5, 'a_22': 0.5, 'a_32': 0, 'b_02': 0, 'b_12': 0.5, 'b_21': -1, 'b_31': 0} perturbations surviving: 0 of 14
      {'a_11': 0.5, 'a_22': 0.5, 'a_32': 0, 'b_02': 0, 'b_12': 0.5, 'b_21': -0.5, 'b_31': 0} perturbations surviving: 0 of 14
      {'a_11': 0.5, 'a_22': 0.5, 'a_32': 0, 'b_02': 0, 'b_12': 0.5, 'b_21': 0.5, 'b_31': 0} perturbations surviving: 0 of 14
      {'a_11': 0.5, 'a_22': 0.5, 'a_32': 0, 'b_02': 0, 'b_12': 0.5, 'b_21': 1, 'b_31': 0} perturbations surviving: 0 of 14
      {'a_11': 0.5, 'a_22': 0.5, 'a_32': 0, 'b_02': 0, 'b_12': 1, 'b_21': -1, 'b_31': 0} perturbations surviving: 0 of 14
      {'a_11': 0.5, 'a_22': 0.5, 'a_32': 0, 'b_02': 0, 'b_12': 1, 'b_21': -0.5, 'b_31': 0} perturbations surviving: 0 of 14
      {'a_11': 0.5, 'a_22': 0.5, 'a_32': 0, 'b_02': 0, 'b_12': 1, 'b_21': 0.5, 'b_31': 0} perturbations surviving: 0 of 14
      {'a_11': 0.5, 'a_22': 1, 'a_32': 0, 'b_02': 0, 'b_12': -1, 'b_21': 0.5, 'b_31': 0} perturbations surviving: 0 of 14
      {'a_11': 0.5, 'a_22': 1, 'a_32': 0, 'b_02': 0, 'b_12': -0.5, 'b_21': -0.5, 'b_31': 0} perturbations surviving: 0 of 14
      {'a_11': 0.5, 'a_22': 1, 'a_32': 0, 'b_02': 0, 'b_12': -0.5, 'b_21': 0.5, 'b_31': 0} perturbations surviving: 0 of 14
      {'a_11': 0.5, 'a_22': 1, 'a_32': 0, 'b_02': 0, 'b_12': -0.5, 'b_21': 1, 'b_31': 0} perturbations surviving: 0 of 14
      {'a_11': 0.5, 'a_22': 1, 'a_32': 0, 'b_02': 0, 'b_12': 0.5, 'b_21': -1, 'b_31': 0} perturbations surviving: 0 of 14
      {'a_11': 0.5, 'a_22': 1, 'a_32': 0, 'b_02': 0, 'b_12': 0.5, 'b_21': -0.5, 'b_31': 0} perturbations surviving: 0 of 14
      {'a_11': 0.5, 'a_22': 1, 'a_32': 0, 'b_02': 0, 'b_12': 0.5, 'b_21': 0.5, 'b_31': 0} perturbations surviving: 0 of 14
      {'a_11': 0.5, 'a_22': 1, 'a_32': 0, 'b_02': 0, 'b_12': 1, 'b_21': -0.5, 'b_31': 0} perturbations surviving: 0 of 14
      {'a_11': 1, 'a_22': -1, 'a_32': 0, 'b_02': 0, 'b_12': -1, 'b_21': -1, 'b_31': 0} perturbations surviving: 0 of 14
      {'a_11': 1, 'a_22': -1, 'a_32': 0, 'b_02': 0, 'b_12': -0.5, 'b_21': -0.5, 'b_31': 0} perturbations surviving: 0 of 14
      {'a_11': 1, 'a_22': -1, 'a_32': 0, 'b_02': 0, 'b_12': 0.5, 'b_21': 0.5, 'b_31': 0} perturbations surviving: 0 of 14
      {'a_11': 1, 'a_22': -1, 'a_32': 0, 'b_02': 0, 'b_12': 1, 'b_21': 1, 'b_31': 0} perturbations surviving: 0 of 14
      {'a_11': 1, 'a_22': -0.5, 'a_32': 0, 'b_02': 0, 'b_12': -1, 'b_21': -0.5, 'b_31': 0} perturbations surviving: 0 of 14
      {'a_11': 1, 'a_22': -0.5, 'a_32': 0, 'b_02': 0, 'b_12': -0.5, 'b_21': -1, 'b_31': 0} perturbations surviving: 0 of 14
      {'a_11': 1, 'a_22': -0.5, 'a_32': 0, 'b_02': 0, 'b_12': -0.5, 'b_21': -0.5, 'b_31': 0} perturbations surviving: 0 of 14
      {'a_11': 1, 'a_22': -0.5, 'a_32': 0, 'b_02': 0, 'b_12': -0.5, 'b_21': 0.5, 'b_31': 0} perturbations surviving: 0 of 14
      {'a_11': 1, 'a_22': -0.5, 'a_32': 0, 'b_02': 0, 'b_12': 0.5, 'b_21': -0.5, 'b_31': 0} perturbations surviving: 0 of 14
      {'a_11': 1, 'a_22': -0.5, 'a_32': 0, 'b_02': 0, 'b_12': 0.5, 'b_21': 0.5, 'b_31': 0} perturbations surviving: 0 of 14
      {'a_11': 1, 'a_22': -0.5, 'a_32': 0, 'b_02': 0, 'b_12': 0.5, 'b_21': 1, 'b_31': 0} perturbations surviving: 0 of 14
      {'a_11': 1, 'a_22': -0.5, 'a_32': 0, 'b_02': 0, 'b_12': 1, 'b_21': 0.5, 'b_31': 0} perturbations surviving: 0 of 14
      {'a_11': 1, 'a_22': 0.5, 'a_32': 0, 'b_02': 0, 'b_12': -1, 'b_21': 0.5, 'b_31': 0} perturbations surviving: 0 of 14
      {'a_11': 1, 'a_22': 0.5, 'a_32': 0, 'b_02': 0, 'b_12': -0.5, 'b_21': -0.5, 'b_31': 0} perturbations surviving: 0 of 14
      {'a_11': 1, 'a_22': 0.5, 'a_32': 0, 'b_02': 0, 'b_12': -0.5, 'b_21': 0.5, 'b_31': 0} perturbations surviving: 0 of 14
      {'a_11': 1, 'a_22': 0.5, 'a_32': 0, 'b_02': 0, 'b_12': -0.5, 'b_21': 1, 'b_31': 0} perturbations surviving: 0 of 14
      {'a_11': 1, 'a_22': 0.5, 'a_32': 0, 'b_02': 0, 'b_12': 0.5, 'b_21': -1, 'b_31': 0} perturbations surviving: 0 of 14
      {'a_11': 1, 'a_22': 0.5, 'a_32': 0, 'b_02': 0, 'b_12': 0.5, 'b_21': -0.5, 'b_31': 0} perturbations surviving: 0 of 14
      {'a_11': 1, 'a_22': 0.5, 'a_32': 0, 'b_02': 0, 'b_12': 0.5, 'b_21': 0.5, 'b_31': 0} perturbations surviving: 0 of 14
      {'a_11': 1, 'a_22': 0.5, 'a_32': 0, 'b_02': 0, 'b_12': 1, 'b_21': -0.5, 'b_31': 0} perturbations surviving: 0 of 14
      {'a_11': 1, 'a_22': 1, 'a_32': 0, 'b_02': 0, 'b_12': -1, 'b_21': 1, 'b_31': 0} perturbations surviving: 0 of 14
      {'a_11': 1, 'a_22': 1, 'a_32': 0, 'b_02': 0, 'b_12': -0.5, 'b_21': 0.5, 'b_31': 0} perturbations surviving: 0 of 14
      {'a_11': 1, 'a_22': 1, 'a_32': 0, 'b_02': 0, 'b_12': 0.5, 'b_21': -0.5, 'b_31': 0} perturbations surviving: 0 of 14
      {'a_11': 1, 'a_22': 1, 'a_32': 0, 'b_02': 0, 'b_12': 1, 'b_21': -1, 'b_31': 0} perturbations surviving: 0 of 14
Q4: d=2: p=q split: none
Q4: d=3: p=q split: [(1, 1)]
Q4: d=4: p=q split: none
Q4: d=5: p=q split: [(2, 2)]
Q4: d=6: p=q split: none
Q4: d=7: p=q split: [(3, 3)]
dim1_probe_fast: done
