NOTE parsed kernel cnot: sgn = -1 at [(1, 3), (2, 2)]
PASS A.1 kernel cnot is an involution and preserves the normalization u = w00 (row 0 is e00)
PASS A.2 kernel cnot satisfies the frame at z3 and relC with nflip (exact operator identities)
PASS A.3 [M] kernel cnot = Ad(CNOT, control = copy A) in the Pauli dictionary
PASS A.4 corner forms of cnot: hom z (x) Y fixed, hom(-z) (x) Y -> hom(-z) (x) Ntilde Y (M0 = I)
PASS A.5 control: the parsed kernel cnot equals F(1, 1, -1, 1)
NOTE solution-space dimensions (exact rational rank, 18 sample targets): C1+C2+C3+C4: 4, C1+C2+C3: 4, C1+C2+C4: 4, C1+C2: 32, C2+C3+C4 (no relC): 8, C1+C3+C4 (no corner-orth): 8
PASS B.1 upper bound: C1+C2+C3+C4 leave exactly 4 free parameters
PASS B.2 the four family directions are independent and satisfy every sampled C1-C4 row exactly
PASS B.3 lower bound: each family direction satisfies C3 and C4 identically on the unit sphere (symbolic)
PASS B.4 every F(a, a2, b1, b2) satisfies relC with nflip, the frame at z3 and u o F = u (four directions + the corner columns, exact)
PASS C.0 the inverse of F(a, a2, b1, b2) is F(1/a, 1/a2, -1/b2, -1/b1) (symbolic product = I)
PASS C.1 at x = e_x, y = e_x: pairVal e f (F (prodState x y)) = (e0 + a e1)(f0 + f1) exactly
NOTE value at x = e_y, y = e_x, f = (1,0,0,0): a2*e2 + e0
NOTE value at x = e_x, y = e_y, f = (1,0,0,1): b2*e2 + e0
NOTE value at x = e_y, y = e_y, f = (1,0,0,1): b1*e1 + e0
PASS C.2 the three other test values are e0 + a2 e2, e0 + b2 e2 and e0 + b1 e1 (with e2, e1 free on the cone)
NOTE C.3 [written from C.1-C.2] posFwd with e = (1, -+1, 0, 0) or (1, 0, -+1, 0) on the cone boundary gives |a|, |a2|, |b1|, |b2| <= 1; posInv applies the same values to the inverse F(1/a, 1/a2, -1/b2, -1/b1) (C.0), giving |1/a|, ... <= 1; invertibility excludes 0. Hence a, a2, b1, b2 in {+1, -1}.
PASS C.4 exactly 8 sign patterns satisfy a b1 + a2 b2 = 0, and each equals (actC D1 actT D2) cnot (actC D3 actT D4) with diagonal sign matrices D_i (exact identity found for all 8)
NOTE pattern (a,a2,b1,b2) = (1, 1, 1, -1): D1, D2, D3, D4 = [[1, 1, 1], [1, 1, -1], [1, 1, 1], [1, 1, -1]]
NOTE pattern (a,a2,b1,b2) = (1, 1, -1, 1): D1, D2, D3, D4 = [[1, 1, 1], [1, 1, 1], [1, 1, 1], [1, 1, 1]]
NOTE pattern (a,a2,b1,b2) = (1, -1, 1, 1): D1, D2, D3, D4 = [[1, 1, 1], [1, 1, 1], [1, -1, 1], [1, 1, 1]]
NOTE pattern (a,a2,b1,b2) = (1, -1, -1, -1): D1, D2, D3, D4 = [[1, 1, 1], [1, 1, -1], [1, -1, 1], [1, 1, -1]]
NOTE pattern (a,a2,b1,b2) = (-1, 1, 1, 1): D1, D2, D3, D4 = [[1, 1, 1], [1, 1, -1], [-1, 1, 1], [1, 1, -1]]
NOTE pattern (a,a2,b1,b2) = (-1, 1, -1, -1): D1, D2, D3, D4 = [[1, 1, 1], [1, 1, 1], [-1, 1, 1], [1, 1, 1]]
NOTE pattern (a,a2,b1,b2) = (-1, -1, 1, -1): D1, D2, D3, D4 = [[1, 1, 1], [1, 1, 1], [-1, -1, 1], [1, 1, 1]]
NOTE pattern (a,a2,b1,b2) = (-1, -1, -1, 1): D1, D2, D3, D4 = [[1, 1, 1], [1, 1, -1], [-1, -1, 1], [1, 1, -1]]
PASS C.5 each of the other 8 sign patterns has an exact negative product-effect value on a product (posFwd fails)
NOTE excluded pattern (1, 1, 1, 1): x = ['3/5', '4/5', '0'], y = [0, 1, 0], e = ['1', '-3/5', '-4/5', '0'], f = ['1', '3/5', '0', '4/5'], value -46/125
NOTE excluded pattern (1, 1, -1, -1): x = ['3/5', '4/5', '0'], y = [0, 1, 0], e = ['1', '3/5', '4/5', '0'], f = ['1', '-3/5', '0', '4/5'], value -46/125
NOTE excluded pattern (1, -1, 1, -1): x = ['3/5', '4/5', '0'], y = [0, 1, 0], e = ['1', '-3/5', '4/5', '0'], f = ['1', '3/5', '0', '4/5'], value -46/125
NOTE excluded pattern (1, -1, -1, 1): x = ['3/5', '4/5', '0'], y = [0, 1, 0], e = ['1', '3/5', '-4/5', '0'], f = ['1', '-3/5', '0', '4/5'], value -46/125
NOTE excluded pattern (-1, 1, 1, -1): x = ['3/5', '4/5', '0'], y = [0, 1, 0], e = ['1', '-3/5', '4/5', '0'], f = ['1', '-3/5', '0', '4/5'], value -46/125
NOTE excluded pattern (-1, 1, -1, 1): x = ['3/5', '4/5', '0'], y = [0, 1, 0], e = ['1', '3/5', '-4/5', '0'], f = ['1', '3/5', '0', '4/5'], value -46/125
NOTE excluded pattern (-1, -1, 1, 1): x = ['3/5', '4/5', '0'], y = [0, 1, 0], e = ['1', '-3/5', '-4/5', '0'], f = ['1', '-3/5', '0', '4/5'], value -46/125
NOTE excluded pattern (-1, -1, -1, -1): x = ['3/5', '4/5', '0'], y = [0, 1, 0], e = ['1', '3/5', '4/5', '0'], f = ['1', '3/5', '0', '4/5'], value -46/125
PASS C.6 the 8 admissible patterns all satisfy CtrlGate's frame and relC exactly, and are all distinct
NOTE determinants (D1, D2, D3, D4) of the local sign maps found: {(1, 1, 1, -1): (1, -1, 1, -1), (1, 1, -1, 1): (1, 1, 1, 1), (1, -1, 1, 1): (1, 1, -1, 1), (1, -1, -1, -1): (1, -1, -1, -1), (-1, 1, 1, 1): (1, -1, -1, -1), (-1, 1, -1, -1): (1, 1, -1, 1), (-1, -1, 1, -1): (1, 1, 1, 1), (-1, -1, -1, 1): (1, -1, 1, -1)}
PASS D.1 cnot o actT(O) satisfies frame, relC and normalization for O a z-rotation, reflY and diag(-1,1,1) (every O in O(3) with O z = z is allowed by the corner analysis)
PASS D.2 transport: for the rational rotation R(1,2,-1,3), Lam cnot Lam^-1 (Lam = actC R actT R) satisfies the frame at z = R z3 and relC with N = R nflip R^T, and IsNot holds for (z, N) (involution, N z = -z, orthogonal)
PASS E.1 every admissible pattern maps prodState xplus z3 to a joint vector of matrix rank >= 2 (not a product)
PASS F.1 countercontrol: without C3+C4 the space has dimension 32 > 4, and a fixed member of it violates posFwd at an exact point  [value -4/5]
PASS F.2 countercontrol: without relC (C2+C3+C4) the space has dimension 8 > 4
--- B1 native control-gate class at d = 3: 20 checks, 0 failures
VERDICT NATIVE-CLASS: every CtrlGate at d = 3 with u o G = u is, after the rotation moving (z, u0) to (z3, e_x) and the corner map actT(M0), one of 8 sign patterns, each (local sign maps) o cnot o (local sign maps); hence every such gate is l1 o cnot o l2 with l1, l2 local O(3) x O(3) maps
