F 7d661737d496df682d07920d832c8b1e15643387
C1 bee33c8fe5b321682fb6c3b108b8f77cfa289ee4
S1 7a9f9c4d0c368382d118a0cbd7b2801c1a3bde7a
S2 2eef4f6c29a2e5157a9d6aae36668c27cc6e6133
prereg blob 708feac05e7f0176472e9f381367df9d71bf872a  controls blob 7a691bca95232e1dbe289f57d8b9e458b9732b76  result blob 86b789e90aed02f13ffb5a2b4e5a0ece7656efa7  indep blob 94159768a66248bbe5733e0ebde83b4c1dfe40ca  workflow blob 6207ec57b53ce2f0844397fd84e29aab77dd90be
C1: controls blob is the frozen blob recorded in the preregistration
F: single parent D
== check S1
controls: OK -- 12 checks
== self-test
controls: OK -- self-test 47 checks
== check S2
controls: OK -- 14 checks
== verdict S2
Q1-CL   CLOSEDNESS-FOIL-VERIFIED
Q1-MAX  MAXCONE-MODEL-VERIFIED
Q1-IND  INDEPENDENT-REPLICATION-VERIFIED
Q1-MAP  COUNTERMODEL-MATRIX-VERIFIED
Q1-NEC  CLASSIFICATION-STEPS-VERIFIED
Q2      PAIR-ROUTE-GAP-VERIFIED
Q3      SOURCE-MAP-CITATIONS-VERIFIED
kt4_prem1_probe: OK -- 79 checks
FINAL: 124 exact checks, 0 failed; claims AGREE
PASS countercontrol extra-token -> FAILED V1
PASS countercontrol earned-altered -> FAILED V2
PASS countercontrol rule-missing -> FAILED V3
PASS countercontrol summary-missing -> FAILED V4
PASS countercontrol phrase-PH -> FAILED PH
PASS countercontrol prereg-after-F -> FAILED F
PASS countercontrol roadmap-touched -> FAILED G
PASS countercontrol workflow-test-line -> FAILED W
PASS countercontrol probe-witness -> FAILED P
PASS countercontrol extra-record-file -> FAILED R
PASS countercontrol indep-witness -> FAILED P
PASS countercontrol final-missing -> FAILED V4
PASS countercontrol ind-token-negated -> FAILED V1
PASS countercontrol lean-source-changed -> FAILED G
exit 0
