absorption by orientation (dim of (T + T_o)/T, with T the two fixed-pairing hulls):
  column ((0, 1, 2, 3), (4, 5, 6, 7))      dim T_o mod gauge 14 | adds  0 to T
  column ((0, 2, 8, 10), (1, 3, 9, 11))    dim T_o mod gauge 24 | adds 10 to T
  column ((0, 2, 9, 11), (1, 3, 8, 10))    dim T_o mod gauge 14 | adds  6 to T
  column ((0, 4, 8, 12), (1, 5, 9, 13))    dim T_o mod gauge 14 | adds  3 to T
  row ((0, 1, 2, 3), (4, 5, 6, 7))         dim T_o mod gauge 14 | adds  0 to T
  row ((0, 2, 8, 10), (1, 3, 9, 11))       dim T_o mod gauge 24 | adds 10 to T
  row ((0, 2, 9, 11), (1, 3, 8, 10))       dim T_o mod gauge 14 | adds  6 to T
  row ((0, 4, 8, 12), (1, 5, 9, 13))       dim T_o mod gauge 14 | adds  3 to T
pairwise dim(T_o ∩ T_o') mod gauge:
   [14, 9, 8, 2, 2, 7, 2, 11]
   [9, 24, 8, 9, 7, 15, 7, 7]
   [8, 8, 14, 2, 2, 7, 2, 7]
   [2, 9, 2, 14, 11, 7, 7, 2]
   [2, 7, 2, 11, 14, 9, 8, 2]
   [7, 15, 7, 7, 9, 24, 8, 9]
   [2, 7, 2, 7, 8, 8, 14, 2]
   [11, 7, 7, 2, 2, 9, 2, 14]
second-order cone at generic points of each hull: rank of v -> B(u,v) on Def, and dim T_u Q = 49 - rank (T_o is a component iff dim T_u Q = dim T_o):
  column ((0, 1, 2, 3), (4, 5, 6, 7))      trial 0: rank 49 -> dim T_u Q =  0 (dim T_o = 14) LARGER: -14 extra
  column ((0, 1, 2, 3), (4, 5, 6, 7))      trial 1: rank 49 -> dim T_u Q =  0 (dim T_o = 14) LARGER: -14 extra
  column ((0, 2, 8, 10), (1, 3, 9, 11))    trial 0: rank 49 -> dim T_u Q =  0 (dim T_o = 24) LARGER: -24 extra
  column ((0, 2, 8, 10), (1, 3, 9, 11))    trial 1: rank 49 -> dim T_u Q =  0 (dim T_o = 24) LARGER: -24 extra
  column ((0, 2, 9, 11), (1, 3, 8, 10))    trial 0: rank 49 -> dim T_u Q =  0 (dim T_o = 14) LARGER: -14 extra
  column ((0, 2, 9, 11), (1, 3, 8, 10))    trial 1: rank 49 -> dim T_u Q =  0 (dim T_o = 14) LARGER: -14 extra
  column ((0, 4, 8, 12), (1, 5, 9, 13))    trial 0: rank 49 -> dim T_u Q =  0 (dim T_o = 14) LARGER: -14 extra
  column ((0, 4, 8, 12), (1, 5, 9, 13))    trial 1: rank 49 -> dim T_u Q =  0 (dim T_o = 14) LARGER: -14 extra
  row ((0, 1, 2, 3), (4, 5, 6, 7))         trial 0: rank 49 -> dim T_u Q =  0 (dim T_o = 14) LARGER: -14 extra
  row ((0, 1, 2, 3), (4, 5, 6, 7))         trial 1: rank 49 -> dim T_u Q =  0 (dim T_o = 14) LARGER: -14 extra
  row ((0, 2, 8, 10), (1, 3, 9, 11))       trial 0: rank 49 -> dim T_u Q =  0 (dim T_o = 24) LARGER: -24 extra
  row ((0, 2, 8, 10), (1, 3, 9, 11))       trial 1: rank 49 -> dim T_u Q =  0 (dim T_o = 24) LARGER: -24 extra
  row ((0, 2, 9, 11), (1, 3, 8, 10))       trial 0: rank 49 -> dim T_u Q =  0 (dim T_o = 14) LARGER: -14 extra
  row ((0, 2, 9, 11), (1, 3, 8, 10))       trial 1: rank 49 -> dim T_u Q =  0 (dim T_o = 14) LARGER: -14 extra
  row ((0, 4, 8, 12), (1, 5, 9, 13))       trial 0: rank 49 -> dim T_u Q =  0 (dim T_o = 14) LARGER: -14 extra
  row ((0, 4, 8, 12), (1, 5, 9, 13))       trial 1: rank 49 -> dim T_u Q =  0 (dim T_o = 14) LARGER: -14 extra
(134s)
generic u in Def: rank of B(u, .) = 49
B on Sym^2(Def) computed (136s)
rank of B: Sym^2(Def) -> coker: 47
constraint rows from all hulls: 9600 (159s)
rank of the vanishing conditions mod two primes: 722, 722 -> quadrics vanishing on every hull: 503 (mod-p count)
rank of the 64 B-quadrics mod p: 47 | all B-quadrics satisfy the hull constraints: False
done (208s)
