[2026-10-04 02:57:43] DRIVER stageA_R_5: 143 jobs, 0 checkpointed, 143 to run, 4 procs
[02:57:49] 1/143 ((0, 1), (0, 3)) 6s ADVANCE(dims [2, 3, 4])
[02:57:49] 2/143 ((0, 1), (0, 1)) 6s ADVANCE(dims [2, 3, 4])
[02:57:49] 3/143 ((0, 1), (0, 2)) 6s ADVANCE(dims [2, 3, 4])
[02:57:49] 4/143 ((0, 1), (1, 0)) 6s ADVANCE(dims [2, 3, 4])
[02:57:55] 5/143 ((0, 1), (1, 2)) 6s ADVANCE(dims [2, 3, 4])
[02:57:55] 6/143 ((0, 1), (1, 3)) 6s ADVANCE(dims [2, 3, 4])
[02:57:55] 7/143 ((0, 1), (2, 0)) 6s ADVANCE(dims [2, 3, 4])
[02:57:55] 8/143 ((0, 1), (2, 1)) 6s ADVANCE(dims [2, 3, 4])
[02:58:01] 9/143 ((0, 1), (3, 2)) 6s NOT-INVASIVE(rank 4)
[02:58:01] 10/143 ((0, 1), (3, 0)) 6s ADVANCE(dims [2, 3, 4])
[02:58:01] 11/143 ((0, 1), (3, 1)) 6s ADVANCE(dims [2, 3, 4])
[02:58:01] 12/143 ((0, 2), (0, 1)) 6s ADVANCE(dims [2, 3, 4])
[02:58:06] 13/143 ((0, 2), (0, 3)) 5s NOT-INVASIVE(rank 1)
[02:58:07] 14/143 ((0, 2), (1, 2)) 6s NOT-INVASIVE(rank 1)
[02:58:07] 15/143 ((0, 2), (1, 0)) 6s ADVANCE(dims [2, 3, 4])
[02:58:07] 16/143 ((0, 2), (0, 2)) 6s NOT-INVASIVE(rank 1)
[02:58:12] 17/143 ((0, 2), (1, 3)) 6s NOT-INVASIVE(rank 1)
[02:58:13] 18/143 ((0, 2), (2, 1)) 6s NOT-INVASIVE(rank 1)
[02:58:13] 19/143 ((0, 2), (2, 0)) 6s NOT-INVASIVE(rank 1)
[02:58:13] 20/143 ((0, 2), (2, 3)) 6s ADVANCE(dims [2, 3, 4])
[02:58:17] 21/143 ((0, 2), (3, 0)) 6s NOT-INVASIVE(rank 1)
[02:58:19] 22/143 ((0, 2), (3, 2)) 6s ADVANCE(dims [2, 3, 4])
[02:58:19] 23/143 ((0, 3), (0, 1)) 6s ADVANCE(dims [2, 3, 4])
[02:58:19] 24/143 ((0, 2), (3, 1)) 6s NOT-INVASIVE(rank 1)
[02:58:23] 25/143 ((0, 3), (0, 2)) 6s NOT-INVASIVE(rank 1)
[02:58:24] 26/143 ((0, 3), (1, 2)) 6s NOT-INVASIVE(rank 1)
[02:58:24] 27/143 ((0, 3), (1, 0)) 6s ADVANCE(dims [2, 3, 4])
[02:58:25] 28/143 ((0, 3), (0, 3)) 6s NOT-INVASIVE(rank 1)
[02:58:29] 29/143 ((0, 3), (1, 3)) 6s NOT-INVASIVE(rank 1)
[02:58:30] 30/143 ((0, 3), (2, 1)) 5s NOT-INVASIVE(rank 1)
[02:58:30] 31/143 ((0, 3), (2, 0)) 6s NOT-INVASIVE(rank 1)
[02:58:30] 32/143 ((0, 3), (2, 3)) 6s ADVANCE(dims [2, 3, 4])
[02:58:35] 33/143 ((0, 3), (3, 0)) 5s NOT-INVASIVE(rank 1)
[02:58:35] 34/143 ((0, 3), (3, 1)) 5s NOT-INVASIVE(rank 1)
[02:58:36] 35/143 ((0, 3), (3, 2)) 6s ADVANCE(dims [2, 3, 4])
[02:58:36] 36/143 ((1, 0), (0, 1)) 6s ADVANCE(dims [2, 3, 4])
[02:58:41] 37/143 ((1, 0), (0, 2)) 6s ADVANCE(dims [2, 3, 4])
[02:58:41] 38/143 ((1, 0), (0, 3)) 6s ADVANCE(dims [2, 3, 4])
[02:58:41] 39/143 ((1, 0), (1, 0)) 6s ADVANCE(dims [2, 3, 4])
[02:58:42] 40/143 ((1, 0), (1, 2)) 6s ADVANCE(dims [2, 3, 4])
[02:58:47] 41/143 ((1, 0), (1, 3)) 6s ADVANCE(dims [2, 3, 4])
[02:58:47] 42/143 ((1, 0), (2, 1)) 5s ADVANCE(dims [2, 3, 4])
[02:58:47] 43/143 ((1, 0), (2, 0)) 6s ADVANCE(dims [2, 3, 4])
[02:58:48] 44/143 ((1, 0), (2, 3)) 6s NOT-INVASIVE(rank 4)
[02:58:52] 45/143 ((1, 0), (3, 1)) 5s ADVANCE(dims [2, 3, 4])
[02:58:52] 46/143 ((1, 0), (3, 0)) 6s ADVANCE(dims [2, 3, 4])
[02:58:53] 47/143 ((1, 0), (3, 2)) 6s NOT-INVASIVE(rank 4)
[02:58:54] 48/143 ((1, 2), (0, 1)) 6s ADVANCE(dims [2, 3, 4])
[02:58:58] 49/143 ((1, 2), (0, 2)) 6s NOT-INVASIVE(rank 1)
[02:58:59] 50/143 ((1, 2), (0, 3)) 6s NOT-INVASIVE(rank 1)
[02:58:59] 51/143 ((1, 2), (1, 0)) 6s ADVANCE(dims [2, 3, 4])
[02:59:00] 52/143 ((1, 2), (1, 2)) 6s NOT-INVASIVE(rank 1)
[02:59:03] 53/143 ((1, 2), (1, 3)) 5s NOT-INVASIVE(rank 1)
[02:59:05] 54/143 ((1, 2), (2, 1)) 6s NOT-INVASIVE(rank 1)
[02:59:05] 55/143 ((1, 2), (2, 0)) 6s NOT-INVASIVE(rank 1)
[02:59:06] 56/143 ((1, 2), (2, 3)) 6s ADVANCE(dims [2, 3, 4])
[02:59:10] 57/143 ((1, 2), (3, 0)) 7s NOT-INVASIVE(rank 1)
[02:59:12] 58/143 ((1, 2), (3, 1)) 7s NOT-INVASIVE(rank 1)
[02:59:13] 59/143 ((1, 2), (3, 2)) 8s ADVANCE(dims [2, 3, 4])
[02:59:13] 60/143 ((1, 3), (0, 1)) 8s ADVANCE(dims [2, 3, 4])
[02:59:17] 61/143 ((1, 3), (0, 2)) 7s NOT-INVASIVE(rank 1)
[02:59:18] 62/143 ((1, 3), (0, 3)) 6s NOT-INVASIVE(rank 1)
[02:59:19] 63/143 ((1, 3), (1, 0)) 6s ADVANCE(dims [2, 3, 4])
[02:59:19] 64/143 ((1, 3), (1, 2)) 6s NOT-INVASIVE(rank 1)
[02:59:23] 65/143 ((1, 3), (1, 3)) 6s NOT-INVASIVE(rank 1)
[02:59:24] 66/143 ((1, 3), (2, 0)) 6s NOT-INVASIVE(rank 1)
[02:59:25] 67/143 ((1, 3), (2, 1)) 6s NOT-INVASIVE(rank 1)
[02:59:25] 68/143 ((1, 3), (2, 3)) 6s ADVANCE(dims [2, 3, 4])
[02:59:29] 69/143 ((1, 3), (3, 0)) 6s NOT-INVASIVE(rank 1)
[02:59:30] 70/143 ((1, 3), (3, 1)) 6s NOT-INVASIVE(rank 1)
[02:59:31] 71/143 ((1, 3), (3, 2)) 6s ADVANCE(dims [2, 3, 4])
[02:59:31] 72/143 ((2, 0), (0, 1)) 6s ADVANCE(dims [2, 3, 4])
[02:59:34] 73/143 ((2, 0), (0, 2)) 6s NOT-INVASIVE(rank 1)
[02:59:35] 74/143 ((2, 0), (0, 3)) 6s NOT-INVASIVE(rank 1)
[02:59:37] 75/143 ((2, 0), (1, 0)) 6s ADVANCE(dims [2, 3, 4])
[02:59:37] 76/143 ((2, 0), (1, 2)) 6s NOT-INVASIVE(rank 1)
[02:59:40] 77/143 ((2, 0), (1, 3)) 6s NOT-INVASIVE(rank 1)
[02:59:42] 78/143 ((2, 0), (2, 0)) 6s NOT-INVASIVE(rank 1)
[02:59:43] 79/143 ((2, 0), (2, 3)) 6s ADVANCE(dims [2, 3, 4])
[02:59:43] 80/143 ((2, 0), (2, 1)) 6s NOT-INVASIVE(rank 1)
[02:59:46] 81/143 ((2, 0), (3, 0)) 5s NOT-INVASIVE(rank 1)
[02:59:47] 82/143 ((2, 0), (3, 1)) 6s NOT-INVASIVE(rank 1)
[02:59:49] 83/143 ((2, 0), (3, 2)) 6s ADVANCE(dims [2, 3, 4])
[02:59:49] 84/143 ((2, 1), (0, 1)) 6s ADVANCE(dims [2, 3, 4])
[02:59:52] 85/143 ((2, 1), (0, 2)) 6s NOT-INVASIVE(rank 1)
[02:59:54] 86/143 ((2, 1), (0, 3)) 6s NOT-INVASIVE(rank 1)
[02:59:55] 87/143 ((2, 1), (1, 2)) 6s NOT-INVASIVE(rank 1)
[02:59:55] 88/143 ((2, 1), (1, 0)) 6s ADVANCE(dims [2, 3, 4])
[02:59:58] 89/143 ((2, 1), (1, 3)) 6s NOT-INVASIVE(rank 1)
[02:59:59] 90/143 ((2, 1), (2, 0)) 6s NOT-INVASIVE(rank 1)
[03:00:00] 91/143 ((2, 1), (2, 1)) 6s NOT-INVASIVE(rank 1)
[03:00:01] 92/143 ((2, 1), (2, 3)) 6s ADVANCE(dims [2, 3, 4])
[03:00:04] 93/143 ((2, 1), (3, 0)) 6s NOT-INVASIVE(rank 1)
[03:00:05] 94/143 ((2, 1), (3, 1)) 6s NOT-INVASIVE(rank 1)
[03:00:06] 95/143 ((2, 1), (3, 2)) 6s ADVANCE(dims [2, 3, 4])
[03:00:07] 96/143 ((2, 3), (0, 1)) 6s ADVANCE(dims [2, 3, 4])
[03:00:10] 97/143 ((2, 3), (0, 2)) 6s ADVANCE(dims [2, 3, 4])
[03:00:12] 98/143 ((2, 3), (0, 3)) 6s ADVANCE(dims [2, 3, 4])
[03:00:12] 99/143 ((2, 3), (1, 0)) 6s ADVANCE(dims [2, 3, 4])
[03:00:13] 100/143 ((2, 3), (1, 2)) 6s ADVANCE(dims [2, 3, 4])
[03:00:16] 101/143 ((2, 3), (1, 3)) 6s ADVANCE(dims [2, 3, 4])
[03:00:18] 102/143 ((2, 3), (2, 0)) 6s ADVANCE(dims [2, 3, 4])
[03:00:19] 103/143 ((2, 3), (2, 1)) 6s ADVANCE(dims [2, 3, 4])
[03:00:19] 104/143 ((2, 3), (2, 3)) 6s ADVANCE(dims [2, 3, 4])
[03:00:22] 105/143 ((2, 3), (3, 0)) 6s ADVANCE(dims [2, 3, 4])
[03:00:24] 106/143 ((2, 3), (3, 1)) 6s ADVANCE(dims [2, 3, 4])
[03:00:25] 107/143 ((2, 3), (3, 2)) 6s ADVANCE(dims [2, 3, 4])
[03:00:26] 108/143 ((3, 0), (0, 1)) 6s ADVANCE(dims [2, 3, 4])
[03:00:28] 109/143 ((3, 0), (0, 2)) 7s NOT-INVASIVE(rank 1)
[03:00:30] 110/143 ((3, 0), (0, 3)) 6s NOT-INVASIVE(rank 1)
[03:00:31] 111/143 ((3, 0), (1, 0)) 6s ADVANCE(dims [2, 3, 4])
[03:00:31] 112/143 ((3, 0), (1, 2)) 6s NOT-INVASIVE(rank 1)
[03:00:34] 113/143 ((3, 0), (1, 3)) 6s NOT-INVASIVE(rank 1)
[03:00:36] 114/143 ((3, 0), (2, 0)) 6s NOT-INVASIVE(rank 1)
[03:00:37] 115/143 ((3, 0), (2, 1)) 6s NOT-INVASIVE(rank 1)
[03:00:38] 116/143 ((3, 0), (2, 3)) 6s ADVANCE(dims [2, 3, 4])
[03:00:40] 117/143 ((3, 0), (3, 0)) 6s NOT-INVASIVE(rank 1)
[03:00:42] 118/143 ((3, 0), (3, 1)) 6s NOT-INVASIVE(rank 1)
[03:00:43] 119/143 ((3, 0), (3, 2)) 6s ADVANCE(dims [2, 3, 4])
[03:00:43] 120/143 ((3, 1), (0, 1)) 6s ADVANCE(dims [2, 3, 4])
[03:00:46] 121/143 ((3, 1), (0, 2)) 6s NOT-INVASIVE(rank 1)
[03:00:47] 122/143 ((3, 1), (0, 3)) 6s NOT-INVASIVE(rank 1)
[03:00:49] 123/143 ((3, 1), (1, 0)) 6s ADVANCE(dims [2, 3, 4])
[03:00:49] 124/143 ((3, 1), (1, 2)) 6s NOT-INVASIVE(rank 1)
[03:00:52] 125/143 ((3, 1), (1, 3)) 6s NOT-INVASIVE(rank 1)
[03:00:54] 126/143 ((3, 1), (2, 0)) 6s NOT-INVASIVE(rank 1)
[03:00:55] 127/143 ((3, 1), (2, 1)) 6s NOT-INVASIVE(rank 1)
[03:00:56] 128/143 ((3, 1), (2, 3)) 6s ADVANCE(dims [2, 3, 4])
[03:00:58] 129/143 ((3, 1), (3, 0)) 6s NOT-INVASIVE(rank 1)
[03:01:00] 130/143 ((3, 1), (3, 1)) 6s NOT-INVASIVE(rank 1)
[03:01:01] 131/143 ((3, 2), (0, 1)) 6s ADVANCE(dims [2, 3, 4])
[03:01:01] 132/143 ((3, 1), (3, 2)) 6s ADVANCE(dims [2, 3, 4])
[03:01:03] 133/143 ((3, 2), (0, 2)) 5s ADVANCE(dims [2, 3, 4])
[03:01:06] 134/143 ((3, 2), (0, 3)) 6s ADVANCE(dims [2, 3, 4])
[03:01:07] 135/143 ((3, 2), (1, 0)) 6s ADVANCE(dims [2, 3, 4])
[03:01:07] 136/143 ((3, 2), (1, 2)) 6s ADVANCE(dims [2, 3, 4])
[03:01:09] 137/143 ((3, 2), (1, 3)) 6s ADVANCE(dims [2, 3, 4])
[03:01:12] 138/143 ((3, 2), (2, 0)) 6s ADVANCE(dims [2, 3, 4])
[03:01:13] 139/143 ((3, 2), (2, 1)) 6s ADVANCE(dims [2, 3, 4])
[03:01:13] 140/143 ((3, 2), (2, 3)) 6s ADVANCE(dims [2, 3, 4])
[03:01:14] 141/143 ((3, 2), (3, 0)) 6s ADVANCE(dims [2, 3, 4])
[03:01:18] 142/143 ((3, 2), (3, 1)) 6s ADVANCE(dims [2, 3, 4])
[03:01:19] 143/143 ((3, 2), (3, 2)) 6s ADVANCE(dims [2, 3, 4])
ARTIFACT stageA_R_5.json: 143 records; sha256 dcf04f62d4de5c7748cfda979d562b22eaa2b3f0f84c3e87c4f717b63800229b
TALLY A R_5: ADVANCE: 76
TALLY A R_5: NOT-INVASIVE: 67
