== 0. act 36's stabilizer of SIG in G_ext, replayed for the census ==
  PASS  factor stabilizer products without factor exchange and with it         ([256, 256, 256, 256], [0, 0, 0, 0])
  PASS  stabilizer order                                                       1024
== 1. the three pieces ==
  PASS  A + B + C is act 38's exponent matrix E; the pieces take values in {0, 1} and are disjoint (True, True)
  PASS  rows, columns and support of A, B and C                                (([7, 15], [4, 5, 6, 7, 12, 13, 14, 15], 16), ([8, 9, 10, 11], [1, 5, 9, 13], 16), ([1, 3, 4, 6, 9, 11, 12, 14], [2, 8], 16))
  PASS  the joint difference triples occurring over all ordered row pairs      [(-1, 0, 0), (-1, 1, 0), (0, -1, 0), (0, 0, -1), (0, 0, 0), (0, 0, 1), (0, 1, 0), (1, -1, 0), (1, 0, 0)]
  (5s)
== 2. realizability on the three-torus: the joint level-set identity ==
  PASS  exact Gaussian rationals: joint level sets over the 256 ordered row pairs, and failures (552, 0)
  PASS  monomial by monomial in z and w, symbolic units (the form of the kernel proof): joint level sets, and failures (552, 0)
  (5s)
== 3. controls ==
  PASS  the family passes through the stratum point: H3(1, 1, 1) = SIG         True
  PASS  its diagonal is act 38's arc: H3(u, u, u) = SIG o u^E at u = u5, u60, -1 and i [True, True, True, True]
  PASS  H3 is exactly unitary at four Gaussian-rational points of the torus off the diagonal [True, True, True, True]
  PASS  and is not unitary at a non-unit parameter (u1 = 2): the unit hypothesis is used False
  PASS  the subfamilies, each in its own variables: joint level sets and failures [('E, one variable', 512, 0), ('A', 312, 0), ('B', 352, 0), ('C', 384, 0), ('(A, B)', 424, 0), ('(A, C)', 440, 0), ('(B, C)', 480, 0), ('(A + B, C)', 536, 0)]
  PASS  a countercontrol: one entry of C flipped, the joint identity fails (failures) and H3 is not unitary at (u5, w, (8+15i)/17) (60, False)
  PASS  the joint triples the diagonal projection merges with the zero triple (a line test cannot separate them) [(-1, 1, 0), (1, -1, 0)]
  PASS  each merged joint level set cancels on its own: their number, their column counts, and whether every one sums to zero (16, [2], True)
  (7s)

dita_torus_probe: OK -- the three-parameter family SIG o u1^A u2^B u3^C through the certified stratum point, A, B, C act 38's three pieces: every joint level set of every ordered row pair cancels exactly, 552 of them, and monomial by monomial in z and w, so the family is a complex Hadamard matrix on the whole three-torus; it passes through SIG at (1, 1, 1) and its diagonal is act 38's arc
