PASS K0 parsed pc, pt, sgn equal the hand transcription; phiW, idW, chainW, reflY, sharpVec as transcribed
PASS K1 landed controls reproduce: cnot(prodState xplus z3) = phiW (CD:1222) and cnot(idW) = chainW (K2G:110)
PASS K2 the kernel cnot is Ad(CNOT) in my dictionary: cnot(T) = coords(CNOT pauli(T) CNOT) (symbolic T)
PASS K3 the kernel cnot is orthogonal and symmetric as a 16 x 16 matrix (so its Euclidean dual is itself)
PASS K4 pairVal(sharpVec x, sharpVec y, T) = <effect table of sharp(x) (x) sharp(y), T>, and that effect table is prodState(x, y)/4 (symbolic x, y, T)
PASS K5 phiW = coords(Phi+) and idW = coords(SWAP/2) = coords(PT_2 Phi+)
PASS O1 the index-sum conditional equals the explicit partial trace tr_23[(1 (x) F)(L02 (x) L'13)] (symbolic)
PASS O2 table form of family (ii): coords(conditional) = coords(L) . (coords(F)/4) . coords(L')^T (symbolic)
PASS O3 table form of family (i): tr[(E02 (x) F13)(X01 (x) Y23)] = <X, e.Y.f^T> (symbolic)
PASS I1 inclusion (I): the Bell-link conditional of F is F^T (symbolic F), and in tables Delta.f.Delta = T f with T the transpose map coords(pauli(.)^T) (symbolic f)
PASS I2 inclusion (II): with Bell effects |Omega><Omega| on (0,2), (1,3) the value is tr(X Y^T) (symbolic X, Y)
PASS L1 CNOT(|a>|c>) has coefficient matrix diag(a).Circ(c), Circ(c) = [[c0, c1], [c1, c0]] (symbolic)
PASS L2 general rank-one links: links with coefficients C on (0,2), C' on (1,3) give the conditional (C (x) C') F^T (C (x) C')^dag (symbolic C, C', F)
PASS L3 coverage: diag(1, r/w).Circ(p, w).diag(1, q/w) = [[p, q], [r, p q r / w^2]] (symbolic): every coefficient [[p, q], [r, s]] with pqrs != 0 arises, w a square root of pqr/s
PASS L4 the filtered conditional of the gate effect CNOT(|+><+| (x) |b><b|)CNOT through links |00> + u|11>, |00> + u'|11> is the pure state with coefficient diag(1,u).conj(Circ(b))/sqrt2.diag(1,u') (symbolic u, u', b)
PASS L5 the gate's maximally entangled links (1 - t^2) 1 + 2it X = CNOT(|+>|c>) and diag(1, z) = CNOT(|a>|0>) induce on copy 0 homMap(R), R in SO(3) a nontrivial rotation about x (resp. z) (exact t = 1/2, 2/3; z from s = 1/3, 3/2)
PASS G1 general gates N = l1 . cnot . l2 (exact rational O(3) locals, proper and improper, pre- and post-locals independent) are orthogonal, so the dual of N^-1 acts on effect tables as N
PASS G2 the Bell STATE N(l2^-1(prodState xplus z3)) is homMap(R), R = A reflY B^T (both link pairs), and the input l2^-1(prodState xplus z3) is a product state
FAIL G3 the Bell EFFECT through the dual action of N^-1 on the product effect l2^-1(sharp xplus (x) sharp z3) (a product of two sharp effects) is homMap(R)/4: the same Theta as the Bell state
PASS G4 with one Theta(g) = H_R02 g H_R13^T: the Bell-state conditional of f is Theta(f) (so Theta(K23*) <= K01) and the Bell-effect value is <X, Theta(Y)>/16 (so K01 <= Theta(K23)* = Theta(K23*), Theta orthogonal)
NOTE G5 through N's OWN dual the Bell effect is l2^T(Delta)/4 (pre-locals): for N = (reflY (x) 1) . cnot the Bell state is homMap(R) with det R = 1 and the N^T Bell effect is homMap(R')/4 with det R' = -1.00000000000000; the inverse's dual (G3) is what makes (II) use the same Theta as (I)
PASS G5 control: the two Bell effects of that gate differ (so the choice in G3 is substantive)
PASS G6 general charts, maximally entangled link on (0,2) and Bell link on (1,3): the conditional of Theta^-1(X) is c . homMap(A R_C A^T) X with R_C in SO(3) (symbolic X; c = 2|det C|)
PASS P0 control: the integer index sums agree with the sympy operator values on an exact Gaussian-integer instance (family (i) by val_i; family (ii) by the trace of the assembled operators)
PASS P1 for all 16 twist assignments on (01, 23, 02, 13): a negative family value exists over the Bell-basis candidates iff the 4-cycle parity is odd  [0000:0/0 0001:-2/-2 0010:-2/-2 0011:0/0 0100:-2/-2 0101:0/0 0110:0/0 0111:-2/-2 1000:-2/-2 1001:0/0 1010:0/0 1011:-2/-2 1100:0/0 1101:-2/-2 1110:-2/-2 1111:0/0]
PASS P2 for every S of the 16 token subsets, PT_S(X01 (x) Y23) = PT_{S cap 01}X (x) PT_{S cap 23}Y and likewise for the 02|13 grouping (exact instance), and PT on both tokens of a pair is the full transpose: K4 = PT_S(PSD16) realizes exactly the twist t_ij = [i in S] + [j in S] mod 2 on every pair, i.e. every even 4-cycle pattern
PASS F1 the generators (local H, S on both tokens, CNOT) act on tables as signed permutations fixing the unit, CNOT's as the kernel cnot; group order 11520; over the orbit of psi psi^dag the largest marginal Bloch norm^2 is 45/49 < (24/25)^2, so the largest Schmidt weight on the orbit is < 49/50 and w = (49/50) 1 - psi psi^dag is in K_F*; countercontrol: a product state's orbit reaches 1
PASS F2 the four-copy value tr[(W01 (x) F23)(Phi+02 (x) Phi+13)] with F = psi psi^dag (in K_F* as PSD, K_F <= PSD) and Phi+ = Ad(CNOT)(|+><+| (x) |0><0|) in K_F is -1/200 < 0: K_F admits no K4 for this instance
PASS F3 control: W is not PSD (eigenvalue -1/50 on psi), so the witness is outside Q3* = PSD
PASS Q converse: PSD pair cones with K4 = PSD16 give nonnegative values in both families (3 exact random instances)
--- audit_eq3_n1: 28/29 checks pass
VERDICT NOT RENDERED
