records 111
BY kind
  theorem                       57  1,5,7,8,9,12,15,16,17,19,20,21,22,23,25,26,27,29,30,32,33,34,35,36,37,39,40,41,44,45,47,48,50,51,52,59,64,65,66,72,74,77,80,81,82,83,88,89,94,95,96,97,98,99,100,108,109
  manuscript-principle          25  2,3,4,10,11,14,18,24,61,62,63,67,68,69,70,73,75,76,78,84,85,105,107,110,111
  hypothesis                     4  6,56,86,87
  theorem clause                 1  13
  hypothesis-structure           2  28,38
  definition-as-hypothesis with an equivalence theorem   1  31
  definition-as-hypothesis / hypothesis   1  42
  lemma                         11  43,49,53,54,55,57,58,60,71,79,106
  obligation                     9  46,90,91,92,93,101,102,103,104
BY level
  H                             47  1,2,4,5,6,7,8,9,10,11,12,13,15,16,17,19,20,39,40,41,44,45,46,47,48,49,50,51,52,53,54,58,64,65,66,67,69,70,72,76,80,82,85,87,105,107,108
  G                             14  3,18,29,30,31,32,33,34,35,36,37,63,103,104
  M                             33  14,21,22,23,24,25,26,27,28,38,42,43,55,56,57,59,60,61,62,68,90,91,92,93,94,95,96,97,98,99,100,101,109
  X                             17  71,73,74,75,77,78,79,81,83,84,86,88,89,102,106,110,111
BY status
  proved [M]                    46  1,2,5,7,8,9,11,12,13,15,16,17,19,20,22,24,40,41,43,45,47,48,49,50,51,52,54,55,57,59,60,64,65,66,67,71,74,75,77,79,80,82,83,106,107,109
  scope statement               11  3,4,18,62,63,68,69,78,85,110,111
  assumed                        9  6,10,28,38,42,56,76,87,105
  conditional-on                 8  14,53,61,72,81,88,89,108
  proved [K]                    25  21,23,25,26,27,29,30,31,32,33,34,35,36,37,39,44,58,91,94,95,96,97,98,99,100
  open                           7  46,90,92,93,102,103,104
  other                          3  70,84,101
  empirically motivated          2  73,86
flag do-not-assume 11  3,29,30,31,32,33,34,35,62,63,69
bridge 'none at L' 111 of 111
transfer denied by the corpus 14  2,3,4,18,21,22,45,62,63,68,69,85,108,111
status unclassified 3  70,84,101
