target t1 mode bisep: d = [4. 1. 1. 1.], rho = 4.0000, phi_A = 2.500000, min(u0, 3u1) = 2.000000
  round 0: LP value -0.00000000, upper bracket 2.75000000 (eps 2.50e-01)
  round 10: LP value 1.99999571, upper bracket 2.00000161 (eps 5.36e-07)
  round 20: LP value 1.99999999, upper bracket 2.00000003 (eps 3.27e-09)
  round 30: LP value 1.99999993, upper bracket 2.00000003 (eps 8.38e-09)
  round 40: LP value 1.99999997, upper bracket 2.00000003 (eps 5.53e-09)
  round 50: LP value 1.99999996, upper bracket 2.00000003 (eps 6.42e-09)
  round 60: LP value 1.99999997, upper bracket 2.00000003 (eps 5.53e-09)
  round 70: LP value 1.99999999, upper bracket 2.00000003 (eps 3.27e-09)
  round 80: LP value 1.99999998, upper bracket 2.00000001 (eps 1.84e-09)
  round 90: LP value 1.99999997, upper bracket 2.00000003 (eps 5.53e-09)
  round 100: LP value 2.00000000, upper bracket 2.00000000 (eps 5.24e-10)
  round 110: LP value 1.99999997, upper bracket 2.00000002 (eps 4.91e-09)
  round 120: LP value 1.99999999, upper bracket 2.00000000 (eps 1.60e-09)
  round 130: LP value 1.99999995, upper bracket 2.00000003 (eps 7.37e-09)
  round 140: LP value 1.99999998, upper bracket 2.00000001 (eps 2.44e-09)
  round 150: LP value 1.99999997, upper bracket 2.00000003 (eps 5.86e-09)
  round 160: LP value 2.00000000, upper bracket 2.00000016 (eps 1.51e-08)
  round 170: LP value 1.99999996, upper bracket 2.00000003 (eps 5.75e-09)
  round 180: LP value 1.99999996, upper bracket 2.00000003 (eps 6.59e-09)
  round 190: LP value 1.99999998, upper bracket 2.00000001 (eps 1.90e-09)
  round 200: LP value 1.99999996, upper bracket 2.00000003 (eps 5.97e-09)
  round 210: LP value 1.99999995, upper bracket 2.00000003 (eps 6.66e-09)
  round 220: LP value 1.99999994, upper bracket 2.00000003 (eps 7.93e-09)
  round 230: LP value 1.99999997, upper bracket 2.00000002 (eps 4.76e-09)
  round 240: LP value 1.99999997, upper bracket 2.00000002 (eps 5.01e-09)
  round 250: LP value 1.99999998, upper bracket 2.00000004 (eps 4.62e-09)
  round 260: LP value 1.99999996, upper bracket 2.00000003 (eps 6.53e-09)
  round 270: LP value 1.99999993, upper bracket 2.00000002 (eps 8.22e-09)
  round 280: LP value 1.99999999, upper bracket 2.00000004 (eps 4.14e-09)
  round 290: LP value 1.99999998, upper bracket 2.00000000 (eps 2.33e-09)
  round 300: LP value 1.99999998, upper bracket 2.00000001 (eps 2.10e-09)
  round 310: LP value 1.99999996, upper bracket 2.00000003 (eps 6.19e-09)
  round 320: LP value 1.99999994, upper bracket 2.00000002 (eps 7.43e-09)
  round 330: LP value 1.99999997, upper bracket 2.00000003 (eps 5.86e-09)
  round 340: LP value 1.99999998, upper bracket 2.00000001 (eps 1.97e-09)
  round 350: LP value 1.99999997, upper bracket 2.00000003 (eps 5.53e-09)
  round 360: LP value 1.99999996, upper bracket 2.00000003 (eps 6.36e-09)
  round 370: LP value 1.99999996, upper bracket 2.00000003 (eps 5.97e-09)
  round 380: LP value 1.99999997, upper bracket 2.00000002 (eps 4.71e-09)
  round 390: LP value 1.99999997, upper bracket 2.00000003 (eps 5.53e-09)
  final: LP value 1.99999999, verified upper bracket 2.00000003 (eps 3.27e-09), phi_A 2.50000000, psi_diag 2.53441825
  support: [(np.float64(0.999933), [0.0, 0.3333, 0.0, 0.0], 0.0), (np.float64(1.000067), [0.0, 0.0, 0.3333, 0.0], 0.0), (np.float64(8.399868), [0.4445, 0.0741, 0.0741, 0.1111], np.float64(0.222221)), (np.float64(0.600132), [0.4443, 0.0741, 0.0741, 0.1112], np.float64(0.222246))]
  control reading: bisep LP 1.99999999 vs min(u0, 3u1) 2.00000000
