STAGE B R_5: 76 advancing kappa (advance rule on stageA_R_5.json)
[2026-10-04 03:52:00] DRIVER stageB_R_5: 76 jobs, 0 checkpointed, 76 to run, 4 procs
[03:54:38] 1/76 ((0, 1), (0, 3)) 158s AT-RANK
[03:54:40] 2/76 ((0, 1), (0, 1)) 160s AT-RANK
[03:54:42] 3/76 ((0, 1), (1, 0)) 162s AT-RANK
[03:54:42] 4/76 ((0, 1), (0, 2)) 162s AT-RANK
[03:57:17] 5/76 ((0, 1), (1, 2)) 159s AT-RANK
[03:57:19] 6/76 ((0, 1), (1, 3)) 159s AT-RANK
[03:57:21] 7/76 ((0, 1), (2, 0)) 160s AT-RANK
[03:57:23] 8/76 ((0, 1), (2, 1)) 160s AT-RANK
[03:59:55] 9/76 ((0, 1), (3, 0)) 158s AT-RANK
[03:59:56] 10/76 ((0, 1), (3, 1)) 157s AT-RANK
[04:00:00] 11/76 ((0, 2), (0, 1)) 159s AT-RANK
[04:00:03] 12/76 ((0, 2), (1, 0)) 160s AT-RANK
[04:02:34] 13/76 ((0, 2), (3, 2)) 158s AT-RANK
[04:02:35] 14/76 ((0, 2), (2, 3)) 160s AT-RANK
[04:02:37] 15/76 ((0, 3), (0, 1)) 157s AT-RANK
[04:02:37] 16/76 ((0, 3), (1, 0)) 155s AT-RANK
[04:05:12] 17/76 ((0, 3), (2, 3)) 158s AT-RANK
[04:05:12] 18/76 ((0, 3), (3, 2)) 158s AT-RANK
[04:05:15] 19/76 ((1, 0), (0, 2)) 158s AT-RANK
[04:05:16] 20/76 ((1, 0), (0, 1)) 159s AT-RANK
[04:07:49] 21/76 ((1, 0), (0, 3)) 157s AT-RANK
[04:07:50] 22/76 ((1, 0), (1, 0)) 158s AT-RANK
[04:07:55] 23/76 ((1, 0), (1, 2)) 159s AT-RANK
[04:07:56] 24/76 ((1, 0), (1, 3)) 159s AT-RANK
[04:10:26] 25/76 ((1, 0), (2, 0)) 157s AT-RANK
[04:10:31] 26/76 ((1, 0), (2, 1)) 161s AT-RANK
[04:10:33] 27/76 ((1, 0), (3, 1)) 157s AT-RANK
[04:10:33] 28/76 ((1, 0), (3, 0)) 159s AT-RANK
[04:13:04] 29/76 ((1, 2), (0, 1)) 158s AT-RANK
[04:13:07] 30/76 ((1, 2), (1, 0)) 156s AT-RANK
[04:13:09] 31/76 ((1, 2), (2, 3)) 156s AT-RANK
[04:13:11] 32/76 ((1, 2), (3, 2)) 158s AT-RANK
[04:15:42] 33/76 ((1, 3), (0, 1)) 158s AT-RANK
[04:15:46] 34/76 ((1, 3), (1, 0)) 159s AT-RANK
[04:15:47] 35/76 ((1, 3), (2, 3)) 158s AT-RANK
[04:15:48] 36/76 ((1, 3), (3, 2)) 156s AT-RANK
[04:18:19] 37/76 ((2, 0), (0, 1)) 157s AT-RANK
[04:18:23] 38/76 ((2, 0), (2, 3)) 156s AT-RANK
[04:18:24] 39/76 ((2, 0), (1, 0)) 159s AT-RANK
[04:18:25] 40/76 ((2, 0), (3, 2)) 157s AT-RANK
[04:20:57] 41/76 ((2, 1), (0, 1)) 158s AT-RANK
[04:21:02] 42/76 ((2, 1), (2, 3)) 158s AT-RANK
[04:21:03] 43/76 ((2, 1), (1, 0)) 160s AT-RANK
[04:21:04] 44/76 ((2, 1), (3, 2)) 159s AT-RANK
[04:23:36] 45/76 ((2, 3), (0, 1)) 159s AT-RANK
[04:23:40] 46/76 ((2, 3), (0, 2)) 158s AT-RANK
[04:23:40] 47/76 ((2, 3), (0, 3)) 158s AT-RANK
[04:23:42] 48/76 ((2, 3), (1, 0)) 159s AT-RANK
[04:26:10] 49/76 ((2, 3), (1, 2)) 153s AT-RANK
[04:26:14] 50/76 ((2, 3), (2, 0)) 153s AT-RANK
[04:26:14] 51/76 ((2, 3), (1, 3)) 154s AT-RANK
[04:26:20] 52/76 ((2, 3), (2, 1)) 157s AT-RANK
[04:28:47] 53/76 ((2, 3), (2, 3)) 158s AT-RANK
[04:28:52] 54/76 ((2, 3), (3, 1)) 158s AT-RANK
[04:28:53] 55/76 ((2, 3), (3, 0)) 159s AT-RANK
[04:28:58] 56/76 ((2, 3), (3, 2)) 159s AT-RANK
[04:31:28] 57/76 ((3, 0), (0, 1)) 161s AT-RANK
[04:31:32] 58/76 ((3, 0), (2, 3)) 159s AT-RANK
[04:31:33] 59/76 ((3, 0), (1, 0)) 161s AT-RANK
[04:31:37] 60/76 ((3, 0), (3, 2)) 158s AT-RANK
[04:34:06] 61/76 ((3, 1), (0, 1)) 157s AT-RANK
[04:34:12] 62/76 ((3, 1), (1, 0)) 160s AT-RANK
[04:34:14] 63/76 ((3, 1), (2, 3)) 161s AT-RANK
[04:34:18] 64/76 ((3, 1), (3, 2)) 161s AT-RANK
[04:36:47] 65/76 ((3, 2), (0, 1)) 161s AT-RANK
[04:36:50] 66/76 ((3, 2), (0, 2)) 158s AT-RANK
[04:36:55] 67/76 ((3, 2), (0, 3)) 161s AT-RANK
[04:36:56] 68/76 ((3, 2), (1, 0)) 159s AT-RANK
[04:39:24] 69/76 ((3, 2), (1, 3)) 155s AT-RANK
[04:39:25] 70/76 ((3, 2), (1, 2)) 158s AT-RANK
[04:39:30] 71/76 ((3, 2), (2, 0)) 155s AT-RANK
[04:39:32] 72/76 ((3, 2), (2, 1)) 156s AT-RANK
[04:42:01] 73/76 ((3, 2), (2, 3)) 156s AT-RANK
[04:42:05] 74/76 ((3, 2), (3, 0)) 160s AT-RANK
[04:42:06] 75/76 ((3, 2), (3, 1)) 156s AT-RANK
[04:42:10] 76/76 ((3, 2), (3, 2)) 158s AT-RANK
ARTIFACT stageB_R_5.json: 76 records; sha256 fae8bcc2ac62327af473d655e4e9ca8cefe64eafdd6ab11e17c74f063ee06a06
TALLY B R_5: AT-RANK: 76
S1-CHAIN-B2 exit 0
