[2026-10-04 09:05:15] DRIVER V10_R_LS: 143 jobs, 0 checkpointed, 143 to run, 4 procs
[09:05:41] 1/143 ((0, 1), (0, 1)) 26s True
[09:05:41] 2/143 ((0, 1), (0, 2)) 26s True
[09:05:41] 3/143 ((0, 1), (0, 3)) 26s True
[09:05:41] 4/143 ((0, 1), (1, 0)) 26s True
[09:06:06] 5/143 ((0, 1), (1, 3)) 25s True
[09:06:07] 6/143 ((0, 1), (1, 2)) 26s True
[09:06:07] 7/143 ((0, 1), (2, 1)) 26s True
[09:06:08] 8/143 ((0, 1), (2, 0)) 27s True
[09:06:32] 9/143 ((0, 1), (3, 1)) 25s True
[09:06:33] 10/143 ((0, 1), (3, 0)) 26s True
[09:06:33] 11/143 ((0, 2), (0, 1)) 25s True
[09:06:33] 12/143 ((0, 1), (3, 2)) 26s True
[09:06:58] 13/143 ((0, 2), (0, 2)) 25s True
[09:06:58] 14/143 ((0, 2), (0, 3)) 26s True
[09:06:59] 15/143 ((0, 2), (1, 2)) 26s True
[09:06:59] 16/143 ((0, 2), (1, 0)) 26s True
[09:07:23] 17/143 ((0, 2), (1, 3)) 25s True
[09:07:24] 18/143 ((0, 2), (2, 1)) 25s True
[09:07:24] 19/143 ((0, 2), (2, 0)) 26s True
[09:07:25] 20/143 ((0, 2), (2, 3)) 26s True
[09:07:47] 21/143 ((0, 2), (3, 0)) 25s True
[09:07:49] 22/143 ((0, 2), (3, 1)) 25s True
[09:07:49] 23/143 ((0, 2), (3, 2)) 26s True
[09:07:50] 24/143 ((0, 3), (0, 1)) 25s True
[09:08:13] 25/143 ((0, 3), (0, 2)) 26s True
[09:08:15] 26/143 ((0, 3), (1, 0)) 25s True
[09:08:15] 27/143 ((0, 3), (0, 3)) 26s True
[09:08:16] 28/143 ((0, 3), (1, 2)) 26s True
[09:08:38] 29/143 ((0, 3), (1, 3)) 25s True
[09:08:40] 30/143 ((0, 3), (2, 0)) 26s True
[09:08:41] 31/143 ((0, 3), (2, 1)) 26s True
[09:08:41] 32/143 ((0, 3), (2, 3)) 26s True
[09:09:04] 33/143 ((0, 3), (3, 0)) 26s True
[09:09:06] 34/143 ((0, 3), (3, 1)) 26s True
[09:09:07] 35/143 ((1, 0), (0, 1)) 25s True
[09:09:07] 36/143 ((0, 3), (3, 2)) 26s True
[09:09:30] 37/143 ((1, 0), (0, 2)) 26s True
[09:09:32] 38/143 ((1, 0), (0, 3)) 26s True
[09:09:33] 39/143 ((1, 0), (1, 2)) 26s True
[09:09:33] 40/143 ((1, 0), (1, 0)) 27s True
[09:09:56] 41/143 ((1, 0), (1, 3)) 25s True
[09:09:58] 42/143 ((1, 0), (2, 1)) 26s True
[09:09:58] 43/143 ((1, 0), (2, 0)) 26s True
[09:10:00] 44/143 ((1, 0), (2, 3)) 26s True
[09:10:22] 45/143 ((1, 0), (3, 0)) 26s True
[09:10:24] 46/143 ((1, 0), (3, 2)) 26s True
[09:10:25] 47/143 ((1, 0), (3, 1)) 26s True
[09:10:25] 48/143 ((1, 2), (0, 1)) 26s True
[09:10:48] 49/143 ((1, 2), (0, 2)) 27s True
[09:10:50] 50/143 ((1, 2), (0, 3)) 26s True
[09:10:50] 51/143 ((1, 2), (1, 2)) 25s True
[09:10:52] 52/143 ((1, 2), (1, 0)) 27s True
[09:11:14] 53/143 ((1, 2), (1, 3)) 26s True
[09:11:16] 54/143 ((1, 2), (2, 0)) 26s True
[09:11:17] 55/143 ((1, 2), (2, 1)) 27s True
[09:11:17] 56/143 ((1, 2), (2, 3)) 26s True
[09:11:40] 57/143 ((1, 2), (3, 0)) 26s True
[09:11:41] 58/143 ((1, 2), (3, 1)) 25s True
[09:11:42] 59/143 ((1, 3), (0, 1)) 25s True
[09:11:43] 60/143 ((1, 2), (3, 2)) 26s True
[09:12:06] 61/143 ((1, 3), (0, 2)) 26s True
[09:12:07] 62/143 ((1, 3), (0, 3)) 26s True
[09:12:08] 63/143 ((1, 3), (1, 0)) 26s True
[09:12:10] 64/143 ((1, 3), (1, 2)) 27s True
[09:12:32] 65/143 ((1, 3), (1, 3)) 26s True
[09:12:33] 66/143 ((1, 3), (2, 0)) 26s True
[09:12:34] 67/143 ((1, 3), (2, 1)) 26s True
[09:12:36] 68/143 ((1, 3), (2, 3)) 26s True
[09:12:58] 69/143 ((1, 3), (3, 0)) 26s True
[09:12:59] 70/143 ((1, 3), (3, 1)) 25s True
[09:13:00] 71/143 ((1, 3), (3, 2)) 26s True
[09:13:01] 72/143 ((2, 0), (0, 1)) 26s True
[09:13:25] 73/143 ((2, 0), (0, 2)) 27s True
[09:13:26] 74/143 ((2, 0), (1, 0)) 26s True
[09:13:26] 75/143 ((2, 0), (0, 3)) 27s True
[09:13:28] 76/143 ((2, 0), (1, 2)) 27s True
[09:13:50] 77/143 ((2, 0), (1, 3)) 25s True
[09:13:51] 78/143 ((2, 0), (2, 1)) 26s True
[09:13:51] 79/143 ((2, 0), (2, 0)) 26s True
[09:13:54] 80/143 ((2, 0), (2, 3)) 26s True
[09:14:15] 81/143 ((2, 0), (3, 0)) 25s True
[09:14:17] 82/143 ((2, 0), (3, 2)) 25s True
[09:14:18] 83/143 ((2, 0), (3, 1)) 27s True
[09:14:20] 84/143 ((2, 1), (0, 1)) 25s True
[09:14:40] 85/143 ((2, 1), (0, 2)) 25s True
[09:14:42] 86/143 ((2, 1), (0, 3)) 25s True
[09:14:43] 87/143 ((2, 1), (1, 0)) 25s True
[09:14:46] 88/143 ((2, 1), (1, 2)) 26s True
[09:15:06] 89/143 ((2, 1), (1, 3)) 25s True
[09:15:08] 90/143 ((2, 1), (2, 0)) 26s True
[09:15:09] 91/143 ((2, 1), (2, 1)) 26s True
[09:15:13] 92/143 ((2, 1), (2, 3)) 27s True
[09:15:33] 93/143 ((2, 1), (3, 0)) 27s True
[09:15:34] 94/143 ((2, 1), (3, 1)) 26s True
[09:15:36] 95/143 ((2, 1), (3, 2)) 27s True
[09:15:39] 96/143 ((2, 3), (0, 1)) 27s True
[09:15:58] 97/143 ((2, 3), (0, 2)) 25s True
[09:16:01] 98/143 ((2, 3), (0, 3)) 26s True
[09:16:01] 99/143 ((2, 3), (1, 0)) 26s True
[09:16:05] 100/143 ((2, 3), (1, 2)) 26s True
[09:16:22] 101/143 ((2, 3), (1, 3)) 24s True
[09:16:26] 102/143 ((2, 3), (2, 0)) 26s True
[09:16:27] 103/143 ((2, 3), (2, 1)) 26s True
[09:16:31] 104/143 ((2, 3), (2, 3)) 26s True
[09:16:48] 105/143 ((2, 3), (3, 0)) 26s True
[09:16:52] 106/143 ((2, 3), (3, 1)) 25s True
[09:16:53] 107/143 ((2, 3), (3, 2)) 26s True
[09:16:57] 108/143 ((3, 0), (0, 1)) 26s True
[09:17:14] 109/143 ((3, 0), (0, 2)) 26s True
[09:17:17] 110/143 ((3, 0), (0, 3)) 26s True
[09:17:19] 111/143 ((3, 0), (1, 0)) 26s True
[09:17:23] 112/143 ((3, 0), (1, 2)) 26s True
[09:17:39] 113/143 ((3, 0), (1, 3)) 25s True
[09:17:43] 114/143 ((3, 0), (2, 0)) 26s True
[09:17:44] 115/143 ((3, 0), (2, 1)) 25s True
[09:17:48] 116/143 ((3, 0), (2, 3)) 25s True
[09:18:05] 117/143 ((3, 0), (3, 0)) 26s True
[09:18:09] 118/143 ((3, 0), (3, 1)) 26s True
[09:18:09] 119/143 ((3, 0), (3, 2)) 25s True
[09:18:13] 120/143 ((3, 1), (0, 1)) 26s True
[09:18:31] 121/143 ((3, 1), (0, 2)) 26s True
[09:18:34] 122/143 ((3, 1), (0, 3)) 25s True
[09:18:35] 123/143 ((3, 1), (1, 0)) 26s True
[09:18:39] 124/143 ((3, 1), (1, 2)) 26s True
[09:18:54] 125/143 ((3, 1), (1, 3)) 24s True
[09:19:00] 126/143 ((3, 1), (2, 0)) 26s True
[09:19:00] 127/143 ((3, 1), (2, 1)) 25s True
[09:19:03] 128/143 ((3, 1), (2, 3)) 24s True
[09:19:19] 129/143 ((3, 1), (3, 0)) 24s True
[09:19:25] 130/143 ((3, 1), (3, 1)) 25s True
[09:19:26] 131/143 ((3, 1), (3, 2)) 26s True
[09:19:29] 132/143 ((3, 2), (0, 1)) 26s True
[09:19:44] 133/143 ((3, 2), (0, 2)) 25s True
[09:19:51] 134/143 ((3, 2), (1, 0)) 25s True
[09:19:52] 135/143 ((3, 2), (0, 3)) 26s True
[09:19:54] 136/143 ((3, 2), (1, 2)) 25s True
[09:20:08] 137/143 ((3, 2), (1, 3)) 24s True
[09:20:17] 138/143 ((3, 2), (2, 0)) 25s True
[09:20:17] 139/143 ((3, 2), (2, 1)) 26s True
[09:20:19] 140/143 ((3, 2), (2, 3)) 25s True
[09:20:33] 141/143 ((3, 2), (3, 0)) 25s True
[09:20:42] 142/143 ((3, 2), (3, 1)) 26s True
[09:20:44] 143/143 ((3, 2), (3, 2)) 26s True
ARTIFACT layers_R_LS.json: 143 records; sha256 014be8501973fe14b90b9c1535b3ff2c6c684f44458c2d592ae6a118024b61e4
LAYERS R_LS: G2 143/143, G3norm 143/143, G3idle 143/143
GATE V10 OK
S1-CHAIN-V10a exit 0
