[2026-10-04 09:21:00] DRIVER V10_R_NL: 143 jobs, 0 checkpointed, 143 to run, 4 procs
[09:21:24] 1/143 ((0, 1), (1, 0)) 24s True
[09:21:24] 2/143 ((0, 1), (0, 2)) 25s True
[09:21:24] 3/143 ((0, 1), (0, 3)) 25s True
[09:21:25] 4/143 ((0, 1), (0, 1)) 25s True
[09:21:49] 5/143 ((0, 1), (1, 2)) 25s True
[09:21:49] 6/143 ((0, 1), (2, 0)) 24s True
[09:21:50] 7/143 ((0, 1), (1, 3)) 25s True
[09:21:50] 8/143 ((0, 1), (2, 1)) 25s True
[09:22:14] 9/143 ((0, 1), (3, 0)) 25s True
[09:22:14] 10/143 ((0, 1), (3, 2)) 24s True
[09:22:14] 11/143 ((0, 1), (3, 1)) 25s True
[09:22:14] 12/143 ((0, 2), (0, 1)) 24s True
[09:22:38] 13/143 ((0, 2), (0, 3)) 24s True
[09:22:38] 14/143 ((0, 2), (0, 2)) 25s True
[09:22:39] 15/143 ((0, 2), (1, 0)) 25s True
[09:22:39] 16/143 ((0, 2), (1, 2)) 25s True
[09:23:04] 17/143 ((0, 2), (2, 3)) 25s True
[09:23:04] 18/143 ((0, 2), (2, 0)) 25s True
[09:23:04] 19/143 ((0, 2), (1, 3)) 26s True
[09:23:04] 20/143 ((0, 2), (2, 1)) 25s True
[09:23:28] 21/143 ((0, 3), (0, 1)) 24s True
[09:23:29] 22/143 ((0, 2), (3, 0)) 25s True
[09:23:29] 23/143 ((0, 2), (3, 2)) 25s True
[09:23:29] 24/143 ((0, 2), (3, 1)) 26s True
[09:23:52] 25/143 ((0, 3), (0, 2)) 25s True
[09:23:53] 26/143 ((0, 3), (0, 3)) 24s True
[09:23:53] 27/143 ((0, 3), (1, 0)) 24s True
[09:23:54] 28/143 ((0, 3), (1, 2)) 25s True
[09:24:16] 29/143 ((0, 3), (2, 0)) 23s True
[09:24:17] 30/143 ((0, 3), (1, 3)) 25s True
[09:24:18] 31/143 ((0, 3), (2, 3)) 24s True
[09:24:18] 32/143 ((0, 3), (2, 1)) 24s True
[09:24:41] 33/143 ((0, 3), (3, 0)) 25s True
[09:24:42] 34/143 ((1, 0), (0, 1)) 24s True
[09:24:42] 35/143 ((0, 3), (3, 1)) 25s True
[09:24:42] 36/143 ((0, 3), (3, 2)) 25s True
[09:25:04] 37/143 ((1, 0), (0, 3)) 22s True
[09:25:05] 38/143 ((1, 0), (0, 2)) 24s True
[09:25:06] 39/143 ((1, 0), (1, 2)) 23s True
[09:25:06] 40/143 ((1, 0), (1, 0)) 24s True
[09:25:29] 41/143 ((1, 0), (1, 3)) 25s True
[09:25:30] 42/143 ((1, 0), (2, 0)) 25s True
[09:25:31] 43/143 ((1, 0), (2, 3)) 24s True
[09:25:31] 44/143 ((1, 0), (2, 1)) 25s True
[09:25:54] 45/143 ((1, 0), (3, 0)) 25s True
[09:25:55] 46/143 ((1, 0), (3, 1)) 25s True
[09:25:55] 47/143 ((1, 2), (0, 1)) 24s True
[09:25:55] 48/143 ((1, 0), (3, 2)) 25s True
[09:26:19] 49/143 ((1, 2), (0, 2)) 25s True
[09:26:20] 50/143 ((1, 2), (0, 3)) 26s True
[09:26:20] 51/143 ((1, 2), (1, 0)) 26s True
[09:26:21] 52/143 ((1, 2), (1, 2)) 26s True
[09:26:45] 53/143 ((1, 2), (1, 3)) 26s True
[09:26:46] 54/143 ((1, 2), (2, 3)) 25s True
[09:26:46] 55/143 ((1, 2), (2, 1)) 25s True
[09:26:46] 56/143 ((1, 2), (2, 0)) 25s True
[09:27:10] 57/143 ((1, 2), (3, 2)) 24s True
[09:27:10] 58/143 ((1, 2), (3, 0)) 25s True
[09:27:10] 59/143 ((1, 2), (3, 1)) 25s True
[09:27:11] 60/143 ((1, 3), (0, 1)) 25s True
[09:27:35] 61/143 ((1, 3), (1, 0)) 25s True
[09:27:35] 62/143 ((1, 3), (0, 2)) 25s True
[09:27:35] 63/143 ((1, 3), (0, 3)) 25s True
[09:27:36] 64/143 ((1, 3), (1, 2)) 25s True
[09:27:58] 65/143 ((1, 3), (1, 3)) 23s True
[09:27:59] 66/143 ((1, 3), (2, 1)) 23s True
[09:28:00] 67/143 ((1, 3), (2, 3)) 24s True
[09:28:00] 68/143 ((1, 3), (2, 0)) 25s True
[09:28:23] 69/143 ((1, 3), (3, 1)) 24s True
[09:28:23] 70/143 ((1, 3), (3, 2)) 23s True
[09:28:23] 71/143 ((1, 3), (3, 0)) 25s True
[09:28:25] 72/143 ((2, 0), (0, 1)) 25s True
[09:28:49] 73/143 ((2, 0), (0, 3)) 25s True
[09:28:49] 74/143 ((2, 0), (0, 2)) 26s True
[09:28:50] 75/143 ((2, 0), (1, 0)) 26s True
[09:28:51] 76/143 ((2, 0), (1, 2)) 26s True
[09:29:13] 77/143 ((2, 0), (1, 3)) 25s True
[09:29:14] 78/143 ((2, 0), (2, 1)) 24s True
[09:29:14] 79/143 ((2, 0), (2, 0)) 25s True
[09:29:16] 80/143 ((2, 0), (2, 3)) 25s True
[09:29:37] 81/143 ((2, 0), (3, 0)) 24s True
[09:29:38] 82/143 ((2, 0), (3, 1)) 25s True
[09:29:39] 83/143 ((2, 0), (3, 2)) 25s True
[09:29:41] 84/143 ((2, 1), (0, 1)) 25s True
[09:30:02] 85/143 ((2, 1), (0, 2)) 25s True
[09:30:03] 86/143 ((2, 1), (0, 3)) 25s True
[09:30:03] 87/143 ((2, 1), (1, 0)) 25s True
[09:30:05] 88/143 ((2, 1), (1, 2)) 24s True
[09:30:26] 89/143 ((2, 1), (1, 3)) 24s True
[09:30:28] 90/143 ((2, 1), (2, 1)) 25s True
[09:30:28] 91/143 ((2, 1), (2, 0)) 25s True
[09:30:29] 92/143 ((2, 1), (2, 3)) 24s True
[09:30:51] 93/143 ((2, 1), (3, 0)) 24s True
[09:30:53] 94/143 ((2, 1), (3, 2)) 25s True
[09:30:53] 95/143 ((2, 1), (3, 1)) 25s True
[09:30:54] 96/143 ((2, 3), (0, 1)) 25s True
[09:31:14] 97/143 ((2, 3), (0, 2)) 24s True
[09:31:16] 98/143 ((2, 3), (0, 3)) 23s True
[09:31:18] 99/143 ((2, 3), (1, 0)) 24s True
[09:31:18] 100/143 ((2, 3), (1, 2)) 24s True
[09:31:40] 101/143 ((2, 3), (1, 3)) 25s True
[09:31:40] 102/143 ((2, 3), (2, 0)) 24s True
[09:31:43] 103/143 ((2, 3), (2, 1)) 25s True
[09:31:43] 104/143 ((2, 3), (2, 3)) 25s True
[09:32:04] 105/143 ((2, 3), (3, 0)) 24s True
[09:32:05] 106/143 ((2, 3), (3, 1)) 24s True
[09:32:08] 107/143 ((2, 3), (3, 2)) 25s True
[09:32:08] 108/143 ((3, 0), (0, 1)) 25s True
[09:32:29] 109/143 ((3, 0), (0, 2)) 25s True
[09:32:30] 110/143 ((3, 0), (0, 3)) 25s True
[09:32:32] 111/143 ((3, 0), (1, 2)) 24s True
[09:32:33] 112/143 ((3, 0), (1, 0)) 25s True
[09:32:54] 113/143 ((3, 0), (1, 3)) 26s True
[09:32:55] 114/143 ((3, 0), (2, 0)) 25s True
[09:32:57] 115/143 ((3, 0), (2, 1)) 25s True
[09:32:58] 116/143 ((3, 0), (2, 3)) 25s True
[09:33:19] 117/143 ((3, 0), (3, 0)) 24s True
[09:33:19] 118/143 ((3, 0), (3, 1)) 24s True
[09:33:21] 119/143 ((3, 0), (3, 2)) 25s True
[09:33:22] 120/143 ((3, 1), (0, 1)) 24s True
[09:33:44] 121/143 ((3, 1), (0, 3)) 25s True
[09:33:44] 122/143 ((3, 1), (0, 2)) 25s True
[09:33:46] 123/143 ((3, 1), (1, 2)) 24s True
[09:33:47] 124/143 ((3, 1), (1, 0)) 25s True
[09:34:07] 125/143 ((3, 1), (1, 3)) 24s True
[09:34:08] 126/143 ((3, 1), (2, 0)) 24s True
[09:34:10] 127/143 ((3, 1), (2, 3)) 24s True
[09:34:11] 128/143 ((3, 1), (2, 1)) 25s True
[09:34:31] 129/143 ((3, 1), (3, 1)) 24s True
[09:34:33] 130/143 ((3, 1), (3, 0)) 25s True
[09:34:34] 131/143 ((3, 1), (3, 2)) 24s True
[09:34:35] 132/143 ((3, 2), (0, 1)) 24s True
[09:34:56] 133/143 ((3, 2), (0, 2)) 24s True
[09:34:57] 134/143 ((3, 2), (0, 3)) 24s True
[09:34:58] 135/143 ((3, 2), (1, 0)) 24s True
[09:34:59] 136/143 ((3, 2), (1, 2)) 25s True
[09:35:19] 137/143 ((3, 2), (2, 0)) 22s True
[09:35:21] 138/143 ((3, 2), (1, 3)) 25s True
[09:35:22] 139/143 ((3, 2), (2, 3)) 23s True
[09:35:22] 140/143 ((3, 2), (2, 1)) 24s True
[09:35:43] 141/143 ((3, 2), (3, 0)) 24s True
[09:35:45] 142/143 ((3, 2), (3, 1)) 24s True
[09:35:46] 143/143 ((3, 2), (3, 2)) 24s True
ARTIFACT layers_R_NL.json: 143 records; sha256 4903431046205a74de2ef66b8d74d6de80ad0fbb1a79fc2220ea6b566ab1e8a1
LAYERS R_NL: G2 143/143, G3norm 143/143, G3idle 143/143
GATE V10 OK
S1-CHAIN-V10b exit 0
