[2026-10-04 09:36:01] DRIVER V10_R_5: 143 jobs, 0 checkpointed, 143 to run, 4 procs
[09:36:26] 1/143 ((0, 1), (0, 1)) 26s True
[09:36:27] 2/143 ((0, 1), (0, 2)) 26s True
[09:36:27] 3/143 ((0, 1), (0, 3)) 26s True
[09:36:27] 4/143 ((0, 1), (1, 0)) 26s True
[09:36:53] 5/143 ((0, 1), (1, 3)) 26s True
[09:36:53] 6/143 ((0, 1), (2, 0)) 26s True
[09:36:53] 7/143 ((0, 1), (1, 2)) 27s True
[09:36:54] 8/143 ((0, 1), (2, 1)) 27s True
[09:37:19] 9/143 ((0, 1), (3, 1)) 26s True
[09:37:19] 10/143 ((0, 1), (3, 0)) 26s True
[09:37:19] 11/143 ((0, 1), (3, 2)) 26s True
[09:37:20] 12/143 ((0, 2), (0, 1)) 27s True
[09:37:46] 13/143 ((0, 2), (0, 2)) 27s True
[09:37:46] 14/143 ((0, 2), (0, 3)) 27s True
[09:37:46] 15/143 ((0, 2), (1, 2)) 26s True
[09:37:46] 16/143 ((0, 2), (1, 0)) 27s True
[09:38:11] 17/143 ((0, 2), (1, 3)) 26s True
[09:38:12] 18/143 ((0, 2), (2, 0)) 26s True
[09:38:13] 19/143 ((0, 2), (2, 1)) 27s True
[09:38:13] 20/143 ((0, 2), (2, 3)) 27s True
[09:38:39] 21/143 ((0, 2), (3, 2)) 26s True
[09:38:39] 22/143 ((0, 2), (3, 0)) 27s True
[09:38:39] 23/143 ((0, 2), (3, 1)) 27s True
[09:38:39] 24/143 ((0, 3), (0, 1)) 26s True
[09:39:05] 25/143 ((0, 3), (1, 2)) 26s True
[09:39:06] 26/143 ((0, 3), (0, 2)) 27s True
[09:39:06] 27/143 ((0, 3), (1, 0)) 27s True
[09:39:06] 28/143 ((0, 3), (0, 3)) 27s True
[09:39:32] 29/143 ((0, 3), (1, 3)) 26s True
[09:39:32] 30/143 ((0, 3), (2, 0)) 26s True
[09:39:32] 31/143 ((0, 3), (2, 1)) 27s True
[09:39:32] 32/143 ((0, 3), (2, 3)) 26s True
[09:39:57] 33/143 ((0, 3), (3, 1)) 25s True
[09:39:58] 34/143 ((0, 3), (3, 0)) 27s True
[09:39:59] 35/143 ((0, 3), (3, 2)) 26s True
[09:39:59] 36/143 ((1, 0), (0, 1)) 27s True
[09:40:23] 37/143 ((1, 0), (0, 2)) 26s True
[09:40:24] 38/143 ((1, 0), (0, 3)) 26s True
[09:40:25] 39/143 ((1, 0), (1, 2)) 26s True
[09:40:25] 40/143 ((1, 0), (1, 0)) 26s True
[09:40:49] 41/143 ((1, 0), (2, 1)) 24s True
[09:40:49] 42/143 ((1, 0), (1, 3)) 26s True
[09:40:51] 43/143 ((1, 0), (2, 3)) 26s True
[09:40:51] 44/143 ((1, 0), (2, 0)) 27s True
[09:41:15] 45/143 ((1, 0), (3, 0)) 26s True
[09:41:16] 46/143 ((1, 0), (3, 1)) 26s True
[09:41:16] 47/143 ((1, 0), (3, 2)) 26s True
[09:41:18] 48/143 ((1, 2), (0, 1)) 27s True
[09:41:42] 49/143 ((1, 2), (0, 2)) 26s True
[09:41:42] 50/143 ((1, 2), (0, 3)) 27s True
[09:41:43] 51/143 ((1, 2), (1, 0)) 27s True
[09:41:43] 52/143 ((1, 2), (1, 2)) 26s True
[09:42:07] 53/143 ((1, 2), (2, 1)) 24s True
[09:42:08] 54/143 ((1, 2), (1, 3)) 26s True
[09:42:08] 55/143 ((1, 2), (2, 0)) 26s True
[09:42:10] 56/143 ((1, 2), (2, 3)) 26s True
[09:42:33] 57/143 ((1, 2), (3, 2)) 25s True
[09:42:34] 58/143 ((1, 2), (3, 0)) 27s True
[09:42:35] 59/143 ((1, 2), (3, 1)) 27s True
[09:42:35] 60/143 ((1, 3), (0, 1)) 26s True
[09:42:59] 61/143 ((1, 3), (0, 2)) 26s True
[09:43:00] 62/143 ((1, 3), (1, 0)) 25s True
[09:43:01] 63/143 ((1, 3), (0, 3)) 27s True
[09:43:02] 64/143 ((1, 3), (1, 2)) 27s True
[09:43:25] 65/143 ((1, 3), (1, 3)) 26s True
[09:43:26] 66/143 ((1, 3), (2, 0)) 26s True
[09:43:27] 67/143 ((1, 3), (2, 1)) 26s True
[09:43:27] 68/143 ((1, 3), (2, 3)) 25s True
[09:43:51] 69/143 ((1, 3), (3, 0)) 26s True
[09:43:52] 70/143 ((1, 3), (3, 1)) 26s True
[09:43:53] 71/143 ((1, 3), (3, 2)) 26s True
[09:43:54] 72/143 ((2, 0), (0, 1)) 27s True
[09:44:18] 73/143 ((2, 0), (0, 2)) 27s True
[09:44:19] 74/143 ((2, 0), (0, 3)) 27s True
[09:44:20] 75/143 ((2, 0), (1, 0)) 27s True
[09:44:20] 76/143 ((2, 0), (1, 2)) 26s True
[09:44:44] 77/143 ((2, 0), (1, 3)) 26s True
[09:44:44] 78/143 ((2, 0), (2, 0)) 26s True
[09:44:46] 79/143 ((2, 0), (2, 1)) 27s True
[09:44:47] 80/143 ((2, 0), (2, 3)) 27s True
[09:45:09] 81/143 ((2, 0), (3, 1)) 25s True
[09:45:10] 82/143 ((2, 0), (3, 0)) 26s True
[09:45:12] 83/143 ((2, 0), (3, 2)) 25s True
[09:45:13] 84/143 ((2, 1), (0, 1)) 26s True
[09:45:35] 85/143 ((2, 1), (0, 2)) 26s True
[09:45:36] 86/143 ((2, 1), (0, 3)) 26s True
[09:45:38] 87/143 ((2, 1), (1, 0)) 26s True
[09:45:39] 88/143 ((2, 1), (1, 2)) 26s True
[09:46:01] 89/143 ((2, 1), (2, 0)) 25s True
[09:46:02] 90/143 ((2, 1), (1, 3)) 27s True
[09:46:05] 91/143 ((2, 1), (2, 1)) 27s True
[09:46:05] 92/143 ((2, 1), (2, 3)) 26s True
[09:46:27] 93/143 ((2, 1), (3, 0)) 26s True
[09:46:29] 94/143 ((2, 1), (3, 1)) 27s True
[09:46:31] 95/143 ((2, 3), (0, 1)) 26s True
[09:46:31] 96/143 ((2, 1), (3, 2)) 27s True
[09:46:53] 97/143 ((2, 3), (0, 2)) 26s True
[09:46:56] 98/143 ((2, 3), (0, 3)) 27s True
[09:46:57] 99/143 ((2, 3), (1, 0)) 26s True
[09:46:58] 100/143 ((2, 3), (1, 2)) 26s True
[09:47:19] 101/143 ((2, 3), (1, 3)) 26s True
[09:47:22] 102/143 ((2, 3), (2, 0)) 26s True
[09:47:24] 103/143 ((2, 3), (2, 3)) 26s True
[09:47:24] 104/143 ((2, 3), (2, 1)) 27s True
[09:47:45] 105/143 ((2, 3), (3, 0)) 26s True
[09:47:49] 106/143 ((2, 3), (3, 1)) 27s True
[09:47:50] 107/143 ((2, 3), (3, 2)) 26s True
[09:47:51] 108/143 ((3, 0), (0, 1)) 27s True
[09:48:11] 109/143 ((3, 0), (0, 2)) 26s True
[09:48:16] 110/143 ((3, 0), (0, 3)) 27s True
[09:48:16] 111/143 ((3, 0), (1, 0)) 26s True
[09:48:17] 112/143 ((3, 0), (1, 2)) 27s True
[09:48:37] 113/143 ((3, 0), (1, 3)) 26s True
[09:48:43] 114/143 ((3, 0), (2, 0)) 27s True
[09:48:43] 115/143 ((3, 0), (2, 3)) 25s True
[09:48:43] 116/143 ((3, 0), (2, 1)) 27s True
[09:49:02] 117/143 ((3, 0), (3, 0)) 26s True
[09:49:08] 118/143 ((3, 0), (3, 1)) 26s True
[09:49:09] 119/143 ((3, 0), (3, 2)) 26s True
[09:49:09] 120/143 ((3, 1), (0, 1)) 26s True
[09:49:29] 121/143 ((3, 1), (0, 2)) 26s True
[09:49:34] 122/143 ((3, 1), (1, 0)) 26s True
[09:49:35] 123/143 ((3, 1), (0, 3)) 27s True
[09:49:36] 124/143 ((3, 1), (1, 2)) 27s True
[09:49:55] 125/143 ((3, 1), (1, 3)) 26s True
[09:50:00] 126/143 ((3, 1), (2, 0)) 26s True
[09:50:01] 127/143 ((3, 1), (2, 1)) 26s True
[09:50:02] 128/143 ((3, 1), (2, 3)) 26s True
[09:50:21] 129/143 ((3, 1), (3, 0)) 26s True
[09:50:27] 130/143 ((3, 1), (3, 1)) 27s True
[09:50:27] 131/143 ((3, 2), (0, 1)) 25s True
[09:50:27] 132/143 ((3, 1), (3, 2)) 26s True
[09:50:48] 133/143 ((3, 2), (0, 2)) 26s True
[09:50:53] 134/143 ((3, 2), (0, 3)) 26s True
[09:50:53] 135/143 ((3, 2), (1, 0)) 26s True
[09:50:54] 136/143 ((3, 2), (1, 2)) 27s True
[09:51:14] 137/143 ((3, 2), (1, 3)) 26s True
[09:51:17] 138/143 ((3, 2), (2, 0)) 24s True
[09:51:19] 139/143 ((3, 2), (2, 1)) 26s True
[09:51:21] 140/143 ((3, 2), (2, 3)) 27s True
[09:51:40] 141/143 ((3, 2), (3, 0)) 26s True
[09:51:44] 142/143 ((3, 2), (3, 1)) 27s True
[09:51:45] 143/143 ((3, 2), (3, 2)) 26s True
ARTIFACT layers_R_5.json: 143 records; sha256 718b3a0130adeac299e06a4588351f4be408856a3a49bf86636dc5cb51f31507
LAYERS R_5: G2 143/143, G3norm 143/143, G3idle 143/143
GATE V10 OK
S1-CHAIN-V10c exit 0
