sealed 3A Stage-A artifact fast3_stageA_linear.json sha256 9b88a7cc497bbfc2199a06955d69806d83ba88069770175532f3f15e51c656e0
V6 ((0, 1), (0, 1)) ADVANCE(dims [2, 3, 4]) rank 4 dims [2, 3, 4] MATCH
V6 ((0, 2), (2, 1)) NOT-INVASIVE(rank 1) rank 1 dims [1, 1, 1] MATCH
V6 ((1, 0), (0, 2)) ADVANCE(dims [2, 3, 4]) rank 4 dims [2, 3, 4] MATCH
V6 ((1, 2), (2, 1)) NOT-INVASIVE(rank 1) rank 1 dims [1, 1, 1] MATCH
V6 ((2, 0), (0, 2)) NOT-INVASIVE(rank 1) rank 1 dims [1, 1, 1] MATCH
V6 ((2, 1), (2, 1)) NOT-INVASIVE(rank 1) rank 1 dims [1, 1, 1] MATCH
V6 ((3, 0), (0, 2)) NOT-INVASIVE(rank 1) rank 1 dims [1, 1, 1] MATCH
V6 ((3, 1), (2, 1)) NOT-INVASIVE(rank 1) rank 1 dims [1, 1, 1] MATCH
V6 ((3, 2), (3, 2)) ADVANCE(dims [2, 3, 4]) rank 4 dims [2, 3, 4] MATCH
V6 9 jobs; GATE V6 OK
[2026-10-04 02:50:26] DRIVER V7: 6 jobs, 0 checkpointed, 6 to run, 3 procs
[02:50:32] 1/6 ('nonlinear', ((0, 1), (0, 1))) 6s OVER-RANK(dims [2, 4, 8])
[02:50:32] 2/6 ('nonlinear', ((3, 2), (3, 2))) 6s OVER-RANK(dims [2, 4, 7])
[02:50:32] 3/6 ('nonlinear', ((2, 0), (0, 1))) 6s OVER-RANK(dims [2, 4, 8])
[02:50:39] 4/6 ('majority', ((0, 1), (0, 1))) 7s OVER-RANK(dims [2, 5, 10])
[02:50:39] 5/6 ('majority', ((2, 0), (0, 1))) 7s OVER-RANK(dims [2, 5, 14])
[02:50:39] 6/6 ('majority', ((3, 2), (3, 2))) 7s OVER-RANK(dims [2, 5, 10])
ARTIFACT controls_RNS.json: 6 records; sha256 2ecdaddcb64dd6189b1174209a42f73cecf268a2eaec5987ade76fca5c3f883f
CONTROL nonlinear ((0, 1), (0, 1)): rank 8 certified True dims [2, 4, 8] OVER-RANK
CONTROL nonlinear ((2, 0), (0, 1)): rank 13 certified True dims [2, 4, 8] OVER-RANK
CONTROL nonlinear ((3, 2), (3, 2)): rank 7 certified True dims [2, 4, 7] OVER-RANK
CONTROL majority ((0, 1), (0, 1)): rank 13 certified True dims [2, 5, 10] OVER-RANK
CONTROL majority ((2, 0), (0, 1)): rank 20 certified True dims [2, 5, 14] OVER-RANK
CONTROL majority ((3, 2), (3, 2)): rank 13 certified True dims [2, 5, 10] OVER-RANK
GATE V7 OK
[2026-10-04 02:50:40] DRIVER stageA_R_LS: 143 jobs, 0 checkpointed, 143 to run, 4 procs
[02:50:45] 1/143 ((0, 1), (0, 2)) 6s ADVANCE(dims [2, 3, 4])
[02:50:46] 2/143 ((0, 1), (1, 0)) 6s ADVANCE(dims [2, 3, 4])
[02:50:46] 3/143 ((0, 1), (0, 1)) 6s ADVANCE(dims [2, 3, 4])
[02:50:46] 4/143 ((0, 1), (0, 3)) 6s ADVANCE(dims [2, 3, 4])
[02:50:51] 5/143 ((0, 1), (1, 2)) 6s ADVANCE(dims [2, 3, 4])
[02:50:52] 6/143 ((0, 1), (1, 3)) 6s ADVANCE(dims [2, 3, 4])
[02:50:52] 7/143 ((0, 1), (2, 0)) 6s ADVANCE(dims [2, 3, 4])
[02:50:52] 8/143 ((0, 1), (2, 1)) 6s ADVANCE(dims [2, 3, 4])
[02:50:57] 9/143 ((0, 1), (3, 0)) 6s ADVANCE(dims [2, 3, 4])
[02:50:58] 10/143 ((0, 1), (3, 2)) 6s NOT-INVASIVE(rank 4)
[02:50:58] 11/143 ((0, 1), (3, 1)) 6s ADVANCE(dims [2, 3, 4])
[02:50:58] 12/143 ((0, 2), (0, 1)) 6s ADVANCE(dims [2, 3, 4])
[02:51:05] 13/143 ((0, 2), (0, 3)) 7s NOT-INVASIVE(rank 1)
[02:51:05] 14/143 ((0, 2), (1, 0)) 8s ADVANCE(dims [2, 3, 4])
[02:51:05] 15/143 ((0, 2), (0, 2)) 8s NOT-INVASIVE(rank 1)
[02:51:06] 16/143 ((0, 2), (1, 2)) 8s NOT-INVASIVE(rank 1)
[02:51:11] 17/143 ((0, 2), (1, 3)) 6s NOT-INVASIVE(rank 1)
[02:51:11] 18/143 ((0, 2), (2, 1)) 6s NOT-INVASIVE(rank 1)
[02:51:11] 19/143 ((0, 2), (2, 0)) 6s NOT-INVASIVE(rank 1)
[02:51:12] 20/143 ((0, 2), (2, 3)) 6s ADVANCE(dims [2, 3, 4])
[02:51:16] 21/143 ((0, 2), (3, 0)) 5s NOT-INVASIVE(rank 1)
[02:51:17] 22/143 ((0, 2), (3, 1)) 5s NOT-INVASIVE(rank 1)
[02:51:17] 23/143 ((0, 2), (3, 2)) 6s ADVANCE(dims [2, 3, 4])
[02:51:18] 24/143 ((0, 3), (0, 1)) 6s ADVANCE(dims [2, 3, 4])
[02:51:22] 25/143 ((0, 3), (0, 2)) 6s NOT-INVASIVE(rank 1)
[02:51:22] 26/143 ((0, 3), (0, 3)) 6s NOT-INVASIVE(rank 1)
[02:51:23] 27/143 ((0, 3), (1, 0)) 6s ADVANCE(dims [2, 3, 4])
[02:51:23] 28/143 ((0, 3), (1, 2)) 6s NOT-INVASIVE(rank 1)
[02:51:28] 29/143 ((0, 3), (1, 3)) 5s NOT-INVASIVE(rank 1)
[02:51:28] 30/143 ((0, 3), (2, 1)) 5s NOT-INVASIVE(rank 1)
[02:51:29] 31/143 ((0, 3), (2, 0)) 6s NOT-INVASIVE(rank 1)
[02:51:29] 32/143 ((0, 3), (2, 3)) 6s ADVANCE(dims [2, 3, 4])
[02:51:34] 33/143 ((0, 3), (3, 0)) 6s NOT-INVASIVE(rank 1)
[02:51:34] 34/143 ((0, 3), (3, 1)) 6s NOT-INVASIVE(rank 1)
[02:51:34] 35/143 ((0, 3), (3, 2)) 6s ADVANCE(dims [2, 3, 4])
[02:51:35] 36/143 ((1, 0), (0, 1)) 6s ADVANCE(dims [2, 3, 4])
[02:51:40] 37/143 ((1, 0), (0, 3)) 5s ADVANCE(dims [2, 3, 4])
[02:51:40] 38/143 ((1, 0), (0, 2)) 6s ADVANCE(dims [2, 3, 4])
[02:51:40] 39/143 ((1, 0), (1, 0)) 6s ADVANCE(dims [2, 3, 4])
[02:51:41] 40/143 ((1, 0), (1, 2)) 6s ADVANCE(dims [2, 3, 4])
[02:51:46] 41/143 ((1, 0), (2, 0)) 6s ADVANCE(dims [2, 3, 4])
[02:51:46] 42/143 ((1, 0), (1, 3)) 6s ADVANCE(dims [2, 3, 4])
[02:51:46] 43/143 ((1, 0), (2, 1)) 6s ADVANCE(dims [2, 3, 4])
[02:51:47] 44/143 ((1, 0), (2, 3)) 6s NOT-INVASIVE(rank 4)
[02:51:51] 45/143 ((1, 0), (3, 0)) 6s ADVANCE(dims [2, 3, 4])
[02:51:51] 46/143 ((1, 0), (3, 1)) 6s ADVANCE(dims [2, 3, 4])
[02:51:52] 47/143 ((1, 0), (3, 2)) 6s NOT-INVASIVE(rank 4)
[02:51:53] 48/143 ((1, 2), (0, 1)) 6s ADVANCE(dims [2, 3, 4])
[02:51:57] 49/143 ((1, 2), (0, 3)) 6s NOT-INVASIVE(rank 1)
[02:51:57] 50/143 ((1, 2), (0, 2)) 6s NOT-INVASIVE(rank 1)
[02:51:58] 51/143 ((1, 2), (1, 2)) 6s NOT-INVASIVE(rank 1)
[02:51:59] 52/143 ((1, 2), (1, 0)) 6s ADVANCE(dims [2, 3, 4])
[02:52:03] 53/143 ((1, 2), (1, 3)) 5s NOT-INVASIVE(rank 1)
[02:52:04] 54/143 ((1, 2), (2, 0)) 6s NOT-INVASIVE(rank 1)
[02:52:04] 55/143 ((1, 2), (2, 1)) 6s NOT-INVASIVE(rank 1)
[02:52:05] 56/143 ((1, 2), (2, 3)) 6s ADVANCE(dims [2, 3, 4])
[02:52:09] 57/143 ((1, 2), (3, 0)) 6s NOT-INVASIVE(rank 1)
[02:52:10] 58/143 ((1, 2), (3, 1)) 6s NOT-INVASIVE(rank 1)
[02:52:10] 59/143 ((1, 2), (3, 2)) 6s ADVANCE(dims [2, 3, 4])
[02:52:11] 60/143 ((1, 3), (0, 1)) 6s ADVANCE(dims [2, 3, 4])
[02:52:15] 61/143 ((1, 3), (0, 2)) 6s NOT-INVASIVE(rank 1)
[02:52:15] 62/143 ((1, 3), (1, 0)) 5s ADVANCE(dims [2, 3, 4])
[02:52:16] 63/143 ((1, 3), (0, 3)) 6s NOT-INVASIVE(rank 1)
[02:52:17] 64/143 ((1, 3), (1, 2)) 6s NOT-INVASIVE(rank 1)
[02:52:20] 65/143 ((1, 3), (1, 3)) 6s NOT-INVASIVE(rank 1)
[02:52:21] 66/143 ((1, 3), (2, 0)) 6s NOT-INVASIVE(rank 1)
[02:52:22] 67/143 ((1, 3), (2, 1)) 6s NOT-INVASIVE(rank 1)
[02:52:22] 68/143 ((1, 3), (2, 3)) 6s ADVANCE(dims [2, 3, 4])
[02:52:26] 69/143 ((1, 3), (3, 0)) 6s NOT-INVASIVE(rank 1)
[02:52:27] 70/143 ((1, 3), (3, 1)) 6s NOT-INVASIVE(rank 1)
[02:52:28] 71/143 ((1, 3), (3, 2)) 6s ADVANCE(dims [2, 3, 4])
[02:52:28] 72/143 ((2, 0), (0, 1)) 6s ADVANCE(dims [2, 3, 4])
[02:52:32] 73/143 ((2, 0), (0, 2)) 6s NOT-INVASIVE(rank 1)
[02:52:33] 74/143 ((2, 0), (0, 3)) 6s NOT-INVASIVE(rank 1)
[02:52:34] 75/143 ((2, 0), (1, 0)) 6s ADVANCE(dims [2, 3, 4])
[02:52:34] 76/143 ((2, 0), (1, 2)) 6s NOT-INVASIVE(rank 1)
[02:52:38] 77/143 ((2, 0), (1, 3)) 6s NOT-INVASIVE(rank 1)
[02:52:39] 78/143 ((2, 0), (2, 0)) 6s NOT-INVASIVE(rank 1)
[02:52:40] 79/143 ((2, 0), (2, 3)) 6s ADVANCE(dims [2, 3, 4])
[02:52:40] 80/143 ((2, 0), (2, 1)) 6s NOT-INVASIVE(rank 1)
[02:52:44] 81/143 ((2, 0), (3, 0)) 6s NOT-INVASIVE(rank 1)
[02:52:44] 82/143 ((2, 0), (3, 1)) 6s NOT-INVASIVE(rank 1)
[02:52:46] 83/143 ((2, 0), (3, 2)) 6s ADVANCE(dims [2, 3, 4])
[02:52:46] 84/143 ((2, 1), (0, 1)) 6s ADVANCE(dims [2, 3, 4])
[02:52:50] 85/143 ((2, 1), (0, 2)) 6s NOT-INVASIVE(rank 1)
[02:52:50] 86/143 ((2, 1), (0, 3)) 6s NOT-INVASIVE(rank 1)
[02:52:52] 87/143 ((2, 1), (1, 0)) 6s ADVANCE(dims [2, 3, 4])
[02:52:52] 88/143 ((2, 1), (1, 2)) 6s NOT-INVASIVE(rank 1)
[02:52:55] 89/143 ((2, 1), (1, 3)) 6s NOT-INVASIVE(rank 1)
[02:52:56] 90/143 ((2, 1), (2, 0)) 6s NOT-INVASIVE(rank 1)
[02:52:58] 91/143 ((2, 1), (2, 3)) 6s ADVANCE(dims [2, 3, 4])
[02:52:58] 92/143 ((2, 1), (2, 1)) 6s NOT-INVASIVE(rank 1)
[02:53:01] 93/143 ((2, 1), (3, 0)) 6s NOT-INVASIVE(rank 1)
[02:53:02] 94/143 ((2, 1), (3, 1)) 6s NOT-INVASIVE(rank 1)
[02:53:03] 95/143 ((2, 1), (3, 2)) 5s ADVANCE(dims [2, 3, 4])
[02:53:04] 96/143 ((2, 3), (0, 1)) 6s ADVANCE(dims [2, 3, 4])
[02:53:07] 97/143 ((2, 3), (0, 2)) 6s ADVANCE(dims [2, 3, 4])
[02:53:08] 98/143 ((2, 3), (0, 3)) 6s ADVANCE(dims [2, 3, 4])
[02:53:10] 99/143 ((2, 3), (1, 0)) 6s ADVANCE(dims [2, 3, 4])
[02:53:10] 100/143 ((2, 3), (1, 2)) 6s ADVANCE(dims [2, 3, 4])
[02:53:13] 101/143 ((2, 3), (1, 3)) 6s ADVANCE(dims [2, 3, 4])
[02:53:14] 102/143 ((2, 3), (2, 0)) 6s ADVANCE(dims [2, 3, 4])
[02:53:16] 103/143 ((2, 3), (2, 1)) 6s ADVANCE(dims [2, 3, 4])
[02:53:16] 104/143 ((2, 3), (2, 3)) 6s ADVANCE(dims [2, 3, 4])
[02:53:19] 105/143 ((2, 3), (3, 0)) 6s ADVANCE(dims [2, 3, 4])
[02:53:20] 106/143 ((2, 3), (3, 1)) 6s ADVANCE(dims [2, 3, 4])
[02:53:22] 107/143 ((2, 3), (3, 2)) 6s ADVANCE(dims [2, 3, 4])
[02:53:22] 108/143 ((3, 0), (0, 1)) 6s ADVANCE(dims [2, 3, 4])
[02:53:25] 109/143 ((3, 0), (0, 2)) 6s NOT-INVASIVE(rank 1)
[02:53:25] 110/143 ((3, 0), (0, 3)) 6s NOT-INVASIVE(rank 1)
[02:53:28] 111/143 ((3, 0), (1, 0)) 6s ADVANCE(dims [2, 3, 4])
[02:53:28] 112/143 ((3, 0), (1, 2)) 6s NOT-INVASIVE(rank 1)
[02:53:31] 113/143 ((3, 0), (1, 3)) 6s NOT-INVASIVE(rank 1)
[02:53:32] 114/143 ((3, 0), (2, 0)) 6s NOT-INVASIVE(rank 1)
[02:53:34] 115/143 ((3, 0), (2, 1)) 6s NOT-INVASIVE(rank 1)
[02:53:34] 116/143 ((3, 0), (2, 3)) 6s ADVANCE(dims [2, 3, 4])
[02:53:37] 117/143 ((3, 0), (3, 0)) 6s NOT-INVASIVE(rank 1)
[02:53:37] 118/143 ((3, 0), (3, 1)) 6s NOT-INVASIVE(rank 1)
[02:53:39] 119/143 ((3, 0), (3, 2)) 6s ADVANCE(dims [2, 3, 4])
[02:53:40] 120/143 ((3, 1), (0, 1)) 6s ADVANCE(dims [2, 3, 4])
[02:53:42] 121/143 ((3, 1), (0, 2)) 6s NOT-INVASIVE(rank 1)
[02:53:43] 122/143 ((3, 1), (0, 3)) 6s NOT-INVASIVE(rank 1)
[02:53:46] 123/143 ((3, 1), (1, 0)) 6s ADVANCE(dims [2, 3, 4])
[02:53:46] 124/143 ((3, 1), (1, 2)) 6s NOT-INVASIVE(rank 1)
[02:53:48] 125/143 ((3, 1), (1, 3)) 6s NOT-INVASIVE(rank 1)
[02:53:48] 126/143 ((3, 1), (2, 0)) 5s NOT-INVASIVE(rank 1)
[02:53:52] 127/143 ((3, 1), (2, 1)) 6s NOT-INVASIVE(rank 1)
[02:53:52] 128/143 ((3, 1), (2, 3)) 6s ADVANCE(dims [2, 3, 4])
[02:53:54] 129/143 ((3, 1), (3, 0)) 6s NOT-INVASIVE(rank 1)
[02:53:54] 130/143 ((3, 1), (3, 1)) 6s NOT-INVASIVE(rank 1)
[02:53:58] 131/143 ((3, 1), (3, 2)) 7s ADVANCE(dims [2, 3, 4])
[02:53:58] 132/143 ((3, 2), (0, 1)) 7s ADVANCE(dims [2, 3, 4])
[02:54:00] 133/143 ((3, 2), (0, 2)) 6s ADVANCE(dims [2, 3, 4])
[02:54:01] 134/143 ((3, 2), (0, 3)) 6s ADVANCE(dims [2, 3, 4])
[02:54:04] 135/143 ((3, 2), (1, 2)) 5s ADVANCE(dims [2, 3, 4])
[02:54:04] 136/143 ((3, 2), (1, 0)) 6s ADVANCE(dims [2, 3, 4])
[02:54:06] 137/143 ((3, 2), (1, 3)) 6s ADVANCE(dims [2, 3, 4])
[02:54:06] 138/143 ((3, 2), (2, 0)) 6s ADVANCE(dims [2, 3, 4])
[02:54:10] 139/143 ((3, 2), (2, 3)) 6s ADVANCE(dims [2, 3, 4])
[02:54:10] 140/143 ((3, 2), (2, 1)) 6s ADVANCE(dims [2, 3, 4])
[02:54:12] 141/143 ((3, 2), (3, 0)) 6s ADVANCE(dims [2, 3, 4])
[02:54:12] 142/143 ((3, 2), (3, 1)) 6s ADVANCE(dims [2, 3, 4])
[02:54:16] 143/143 ((3, 2), (3, 2)) 6s ADVANCE(dims [2, 3, 4])
ARTIFACT stageA_R_LS.json: 143 records; sha256 da53c72908293226fd097950a855dc138d4758a0c64a8708dc290fa4a9d25c2d
TALLY A R_LS: ADVANCE: 76
TALLY A R_LS: NOT-INVASIVE: 67
[2026-10-04 02:54:16] DRIVER stageA_R_NL: 143 jobs, 0 checkpointed, 143 to run, 4 procs
[02:54:21] 1/143 ((0, 1), (1, 0)) 6s OVER-RANK(dims [2, 5, 9])
[02:54:21] 2/143 ((0, 1), (0, 3)) 6s OVER-RANK(dims [2, 4, 9])
[02:54:21] 3/143 ((0, 1), (0, 2)) 6s OVER-RANK(dims [2, 5, 12])
[02:54:21] 4/143 ((0, 1), (0, 1)) 6s OVER-RANK(dims [2, 4, 7])
[02:54:27] 5/143 ((0, 1), (1, 2)) 6s OVER-RANK(dims [2, 5, 11])
[02:54:27] 6/143 ((0, 1), (1, 3)) 6s OVER-RANK(dims [2, 5, 12])
[02:54:28] 7/143 ((0, 1), (2, 1)) 6s OVER-RANK(dims [2, 4, 9])
[02:54:28] 8/143 ((0, 1), (2, 0)) 6s OVER-RANK(dims [2, 5, 12])
[02:54:32] 9/143 ((0, 1), (3, 0)) 5s OVER-RANK(dims [2, 5, 11])
[02:54:33] 10/143 ((0, 1), (3, 1)) 5s OVER-RANK(dims [2, 5, 12])
[02:54:33] 11/143 ((0, 1), (3, 2)) 6s OVER-RANK(dims [2, 5, 8])
[02:54:33] 12/143 ((0, 2), (0, 1)) 6s OVER-RANK(dims [2, 5, 12])
[02:54:38] 13/143 ((0, 2), (0, 2)) 6s OVER-RANK(dims [2, 5, 12])
[02:54:38] 14/143 ((0, 2), (0, 3)) 6s OVER-RANK(dims [2, 5, 12])
[02:54:39] 15/143 ((0, 2), (1, 0)) 6s OVER-RANK(dims [2, 5, 12])
[02:54:39] 16/143 ((0, 2), (1, 2)) 6s OVER-RANK(dims [2, 5, 12])
[02:54:44] 17/143 ((0, 2), (1, 3)) 6s OVER-RANK(dims [2, 5, 11])
[02:54:44] 18/143 ((0, 2), (2, 1)) 6s OVER-RANK(dims [2, 5, 12])
[02:54:45] 19/143 ((0, 2), (2, 0)) 6s OVER-RANK(dims [2, 5, 12])
[02:54:45] 20/143 ((0, 2), (2, 3)) 6s OVER-RANK(dims [2, 5, 12])
[02:54:50] 21/143 ((0, 2), (3, 0)) 6s OVER-RANK(dims [2, 5, 12])
[02:54:50] 22/143 ((0, 2), (3, 1)) 6s OVER-RANK(dims [2, 5, 11])
[02:54:50] 23/143 ((0, 2), (3, 2)) 6s OVER-RANK(dims [2, 5, 12])
[02:54:51] 24/143 ((0, 3), (0, 1)) 6s OVER-RANK(dims [2, 4, 9])
[02:54:56] 25/143 ((0, 3), (0, 2)) 6s OVER-RANK(dims [2, 5, 12])
[02:54:56] 26/143 ((0, 3), (0, 3)) 6s OVER-RANK(dims [2, 4, 9])
[02:54:56] 27/143 ((0, 3), (1, 0)) 6s OVER-RANK(dims [2, 5, 11])
[02:54:56] 28/143 ((0, 3), (1, 2)) 6s OVER-RANK(dims [2, 5, 11])
[02:55:02] 29/143 ((0, 3), (1, 3)) 6s OVER-RANK(dims [2, 5, 12])
[02:55:02] 30/143 ((0, 3), (2, 0)) 6s OVER-RANK(dims [2, 5, 12])
[02:55:02] 31/143 ((0, 3), (2, 1)) 6s OVER-RANK(dims [2, 4, 9])
[02:55:02] 32/143 ((0, 3), (2, 3)) 6s OVER-RANK(dims [2, 4, 9])
[02:55:08] 33/143 ((0, 3), (3, 0)) 6s OVER-RANK(dims [2, 5, 11])
[02:55:08] 34/143 ((1, 0), (0, 1)) 6s OVER-RANK(dims [2, 5, 9])
[02:55:08] 35/143 ((0, 3), (3, 1)) 6s OVER-RANK(dims [2, 5, 12])
[02:55:08] 36/143 ((0, 3), (3, 2)) 6s OVER-RANK(dims [2, 5, 11])
[02:55:13] 37/143 ((1, 0), (1, 2)) 5s OVER-RANK(dims [2, 4, 9])
[02:55:14] 38/143 ((1, 0), (0, 3)) 6s OVER-RANK(dims [2, 5, 11])
[02:55:14] 39/143 ((1, 0), (1, 0)) 5s OVER-RANK(dims [2, 4, 7])
[02:55:14] 40/143 ((1, 0), (0, 2)) 6s OVER-RANK(dims [2, 5, 12])
[02:55:19] 41/143 ((1, 0), (2, 0)) 5s OVER-RANK(dims [2, 5, 12])
[02:55:19] 42/143 ((1, 0), (2, 3)) 6s OVER-RANK(dims [2, 5, 8])
[02:55:19] 43/143 ((1, 0), (1, 3)) 6s OVER-RANK(dims [2, 5, 12])
[02:55:20] 44/143 ((1, 0), (2, 1)) 6s OVER-RANK(dims [2, 5, 11])
[02:55:25] 45/143 ((1, 0), (3, 0)) 6s OVER-RANK(dims [2, 4, 9])
[02:55:25] 46/143 ((1, 0), (3, 1)) 6s OVER-RANK(dims [2, 5, 12])
[02:55:25] 47/143 ((1, 0), (3, 2)) 6s OVER-RANK(dims [2, 4, 7])
[02:55:25] 48/143 ((1, 2), (0, 1)) 6s OVER-RANK(dims [2, 5, 11])
[02:55:31] 49/143 ((1, 2), (0, 2)) 6s OVER-RANK(dims [2, 5, 12])
[02:55:31] 50/143 ((1, 2), (1, 0)) 6s OVER-RANK(dims [2, 4, 9])
[02:55:31] 51/143 ((1, 2), (0, 3)) 6s OVER-RANK(dims [2, 5, 11])
[02:55:32] 52/143 ((1, 2), (1, 2)) 6s OVER-RANK(dims [2, 4, 9])
[02:55:37] 53/143 ((1, 2), (1, 3)) 6s OVER-RANK(dims [2, 5, 12])
[02:55:37] 54/143 ((1, 2), (2, 1)) 6s OVER-RANK(dims [2, 5, 11])
[02:55:37] 55/143 ((1, 2), (2, 0)) 6s OVER-RANK(dims [2, 5, 12])
[02:55:37] 56/143 ((1, 2), (2, 3)) 6s OVER-RANK(dims [2, 5, 11])
[02:55:43] 57/143 ((1, 2), (3, 0)) 6s OVER-RANK(dims [2, 4, 9])
[02:55:43] 58/143 ((1, 2), (3, 1)) 6s OVER-RANK(dims [2, 5, 12])
[02:55:43] 59/143 ((1, 3), (0, 1)) 6s OVER-RANK(dims [2, 5, 12])
[02:55:43] 60/143 ((1, 2), (3, 2)) 6s OVER-RANK(dims [2, 4, 9])
[02:55:49] 61/143 ((1, 3), (0, 3)) 6s OVER-RANK(dims [2, 5, 12])
[02:55:49] 62/143 ((1, 3), (0, 2)) 6s OVER-RANK(dims [2, 5, 11])
[02:55:49] 63/143 ((1, 3), (1, 2)) 6s OVER-RANK(dims [2, 5, 12])
[02:55:49] 64/143 ((1, 3), (1, 0)) 6s OVER-RANK(dims [2, 5, 11])
[02:55:54] 65/143 ((1, 3), (1, 3)) 6s OVER-RANK(dims [2, 5, 12])
[02:55:55] 66/143 ((1, 3), (2, 0)) 6s OVER-RANK(dims [2, 5, 11])
[02:55:55] 67/143 ((1, 3), (2, 1)) 6s OVER-RANK(dims [2, 5, 12])
[02:55:55] 68/143 ((1, 3), (2, 3)) 6s OVER-RANK(dims [2, 5, 12])
[02:56:00] 69/143 ((1, 3), (3, 1)) 6s OVER-RANK(dims [2, 5, 12])
[02:56:00] 70/143 ((1, 3), (3, 0)) 6s OVER-RANK(dims [2, 5, 12])
[02:56:01] 71/143 ((1, 3), (3, 2)) 6s OVER-RANK(dims [2, 5, 12])
[02:56:01] 72/143 ((2, 0), (0, 1)) 6s OVER-RANK(dims [2, 5, 12])
[02:56:06] 73/143 ((2, 0), (0, 2)) 6s OVER-RANK(dims [2, 5, 12])
[02:56:06] 74/143 ((2, 0), (0, 3)) 6s OVER-RANK(dims [2, 5, 12])
[02:56:06] 75/143 ((2, 0), (1, 0)) 6s OVER-RANK(dims [2, 5, 12])
[02:56:07] 76/143 ((2, 0), (1, 2)) 5s OVER-RANK(dims [2, 5, 12])
[02:56:12] 77/143 ((2, 0), (1, 3)) 6s OVER-RANK(dims [2, 5, 11])
[02:56:12] 78/143 ((2, 0), (2, 0)) 6s OVER-RANK(dims [2, 5, 12])
[02:56:12] 79/143 ((2, 0), (2, 3)) 6s OVER-RANK(dims [2, 5, 12])
[02:56:13] 80/143 ((2, 0), (2, 1)) 6s OVER-RANK(dims [2, 5, 12])
[02:56:18] 81/143 ((2, 0), (3, 2)) 5s OVER-RANK(dims [2, 5, 12])
[02:56:18] 82/143 ((2, 0), (3, 0)) 6s OVER-RANK(dims [2, 5, 12])
[02:56:18] 83/143 ((2, 0), (3, 1)) 6s OVER-RANK(dims [2, 5, 11])
[02:56:18] 84/143 ((2, 1), (0, 1)) 6s OVER-RANK(dims [2, 4, 9])
[02:56:23] 85/143 ((2, 1), (1, 0)) 5s OVER-RANK(dims [2, 5, 11])
[02:56:24] 86/143 ((2, 1), (0, 3)) 6s OVER-RANK(dims [2, 4, 9])
[02:56:24] 87/143 ((2, 1), (1, 2)) 6s OVER-RANK(dims [2, 5, 11])
[02:56:24] 88/143 ((2, 1), (0, 2)) 6s OVER-RANK(dims [2, 5, 12])
[02:56:29] 89/143 ((2, 1), (1, 3)) 6s OVER-RANK(dims [2, 5, 12])
[02:56:29] 90/143 ((2, 1), (2, 0)) 6s OVER-RANK(dims [2, 5, 12])
[02:56:29] 91/143 ((2, 1), (2, 3)) 5s OVER-RANK(dims [2, 4, 9])
[02:56:30] 92/143 ((2, 1), (2, 1)) 6s OVER-RANK(dims [2, 4, 9])
[02:56:35] 93/143 ((2, 1), (3, 0)) 6s OVER-RANK(dims [2, 5, 11])
[02:56:35] 94/143 ((2, 1), (3, 2)) 6s OVER-RANK(dims [2, 5, 11])
[02:56:35] 95/143 ((2, 3), (0, 1)) 5s OVER-RANK(dims [2, 4, 7])
[02:56:35] 96/143 ((2, 1), (3, 1)) 6s OVER-RANK(dims [2, 5, 12])
[02:56:40] 97/143 ((2, 3), (0, 2)) 6s OVER-RANK(dims [2, 5, 12])
[02:56:41] 98/143 ((2, 3), (1, 0)) 5s OVER-RANK(dims [2, 5, 9])
[02:56:41] 99/143 ((2, 3), (0, 3)) 6s OVER-RANK(dims [2, 4, 9])
[02:56:41] 100/143 ((2, 3), (1, 2)) 6s OVER-RANK(dims [2, 5, 11])
[02:56:46] 101/143 ((2, 3), (2, 0)) 6s OVER-RANK(dims [2, 5, 12])
[02:56:46] 102/143 ((2, 3), (1, 3)) 6s OVER-RANK(dims [2, 5, 12])
[02:56:47] 103/143 ((2, 3), (2, 3)) 5s OVER-RANK(dims [2, 4, 7])
[02:56:47] 104/143 ((2, 3), (2, 1)) 6s OVER-RANK(dims [2, 4, 9])
[02:56:52] 105/143 ((2, 3), (3, 0)) 6s OVER-RANK(dims [2, 5, 11])
[02:56:52] 106/143 ((2, 3), (3, 1)) 6s OVER-RANK(dims [2, 5, 12])
[02:56:52] 107/143 ((2, 3), (3, 2)) 6s OVER-RANK(dims [2, 5, 8])
[02:56:52] 108/143 ((3, 0), (0, 1)) 6s OVER-RANK(dims [2, 5, 11])
[02:56:57] 109/143 ((3, 0), (0, 2)) 5s OVER-RANK(dims [2, 5, 12])
[02:56:58] 110/143 ((3, 0), (1, 0)) 6s OVER-RANK(dims [2, 4, 9])
[02:56:58] 111/143 ((3, 0), (0, 3)) 6s OVER-RANK(dims [2, 5, 11])
[02:56:58] 112/143 ((3, 0), (1, 2)) 6s OVER-RANK(dims [2, 4, 9])
[02:57:03] 113/143 ((3, 0), (1, 3)) 6s OVER-RANK(dims [2, 5, 12])
[02:57:04] 114/143 ((3, 0), (2, 0)) 6s OVER-RANK(dims [2, 5, 12])
[02:57:04] 115/143 ((3, 0), (2, 1)) 6s OVER-RANK(dims [2, 5, 11])
[02:57:04] 116/143 ((3, 0), (2, 3)) 6s OVER-RANK(dims [2, 5, 11])
[02:57:09] 117/143 ((3, 0), (3, 0)) 6s OVER-RANK(dims [2, 4, 9])
[02:57:09] 118/143 ((3, 0), (3, 2)) 5s OVER-RANK(dims [2, 4, 9])
[02:57:10] 119/143 ((3, 0), (3, 1)) 6s OVER-RANK(dims [2, 5, 12])
[02:57:10] 120/143 ((3, 1), (0, 1)) 6s OVER-RANK(dims [2, 5, 12])
[02:57:14] 121/143 ((3, 1), (0, 2)) 5s OVER-RANK(dims [2, 5, 11])
[02:57:15] 122/143 ((3, 1), (1, 0)) 5s OVER-RANK(dims [2, 5, 12])
[02:57:15] 123/143 ((3, 1), (0, 3)) 5s OVER-RANK(dims [2, 5, 12])
[02:57:16] 124/143 ((3, 1), (1, 2)) 6s OVER-RANK(dims [2, 5, 12])
[02:57:20] 125/143 ((3, 1), (1, 3)) 6s OVER-RANK(dims [2, 5, 12])
[02:57:20] 126/143 ((3, 1), (2, 0)) 5s OVER-RANK(dims [2, 5, 11])
[02:57:20] 127/143 ((3, 1), (2, 1)) 6s OVER-RANK(dims [2, 5, 12])
[02:57:22] 128/143 ((3, 1), (2, 3)) 6s OVER-RANK(dims [2, 5, 12])
[02:57:25] 129/143 ((3, 1), (3, 1)) 5s OVER-RANK(dims [2, 5, 12])
[02:57:26] 130/143 ((3, 1), (3, 0)) 6s OVER-RANK(dims [2, 5, 12])
[02:57:26] 131/143 ((3, 1), (3, 2)) 6s OVER-RANK(dims [2, 5, 12])
[02:57:28] 132/143 ((3, 2), (0, 1)) 6s OVER-RANK(dims [2, 5, 9])
[02:57:31] 133/143 ((3, 2), (0, 2)) 6s OVER-RANK(dims [2, 5, 12])
[02:57:31] 134/143 ((3, 2), (0, 3)) 6s OVER-RANK(dims [2, 5, 11])
[02:57:32] 135/143 ((3, 2), (1, 0)) 5s OVER-RANK(dims [2, 4, 7])
[02:57:34] 136/143 ((3, 2), (1, 2)) 6s OVER-RANK(dims [2, 4, 9])
[02:57:37] 137/143 ((3, 2), (1, 3)) 6s OVER-RANK(dims [2, 5, 12])
[02:57:37] 138/143 ((3, 2), (2, 0)) 6s OVER-RANK(dims [2, 5, 12])
[02:57:37] 139/143 ((3, 2), (2, 1)) 6s OVER-RANK(dims [2, 5, 11])
[02:57:40] 140/143 ((3, 2), (2, 3)) 6s OVER-RANK(dims [2, 5, 8])
[02:57:43] 141/143 ((3, 2), (3, 2)) 6s OVER-RANK(dims [2, 4, 7])
[02:57:43] 142/143 ((3, 2), (3, 0)) 6s OVER-RANK(dims [2, 4, 9])
[02:57:43] 143/143 ((3, 2), (3, 1)) 6s OVER-RANK(dims [2, 5, 12])
ARTIFACT stageA_R_NL.json: 143 records; sha256 4b1b50127552fe5711a469278d373229823aa65272dbb1a02ebe6186b8fb01b2
TALLY A R_NL: OVER-RANK: 143
[2026-10-04 02:57:43] DRIVER stageA_R_5: 143 jobs, 0 checkpointed, 143 to run, 4 procs
[02:57:49] 1/143 ((0, 1), (0, 3)) 6s ADVANCE(dims [2, 3, 4])
[02:57:49] 2/143 ((0, 1), (0, 1)) 6s ADVANCE(dims [2, 3, 4])
[02:57:49] 3/143 ((0, 1), (0, 2)) 6s ADVANCE(dims [2, 3, 4])
[02:57:49] 4/143 ((0, 1), (1, 0)) 6s ADVANCE(dims [2, 3, 4])
[02:57:55] 5/143 ((0, 1), (1, 2)) 6s ADVANCE(dims [2, 3, 4])
[02:57:55] 6/143 ((0, 1), (1, 3)) 6s ADVANCE(dims [2, 3, 4])
[02:57:55] 7/143 ((0, 1), (2, 0)) 6s ADVANCE(dims [2, 3, 4])
[02:57:55] 8/143 ((0, 1), (2, 1)) 6s ADVANCE(dims [2, 3, 4])
[02:58:01] 9/143 ((0, 1), (3, 2)) 6s NOT-INVASIVE(rank 4)
[02:58:01] 10/143 ((0, 1), (3, 0)) 6s ADVANCE(dims [2, 3, 4])
[02:58:01] 11/143 ((0, 1), (3, 1)) 6s ADVANCE(dims [2, 3, 4])
[02:58:01] 12/143 ((0, 2), (0, 1)) 6s ADVANCE(dims [2, 3, 4])
[02:58:06] 13/143 ((0, 2), (0, 3)) 5s NOT-INVASIVE(rank 1)
[02:58:07] 14/143 ((0, 2), (1, 2)) 6s NOT-INVASIVE(rank 1)
[02:58:07] 15/143 ((0, 2), (1, 0)) 6s ADVANCE(dims [2, 3, 4])
[02:58:07] 16/143 ((0, 2), (0, 2)) 6s NOT-INVASIVE(rank 1)
[02:58:12] 17/143 ((0, 2), (1, 3)) 6s NOT-INVASIVE(rank 1)
[02:58:13] 18/143 ((0, 2), (2, 1)) 6s NOT-INVASIVE(rank 1)
[02:58:13] 19/143 ((0, 2), (2, 0)) 6s NOT-INVASIVE(rank 1)
[02:58:13] 20/143 ((0, 2), (2, 3)) 6s ADVANCE(dims [2, 3, 4])
[02:58:17] 21/143 ((0, 2), (3, 0)) 6s NOT-INVASIVE(rank 1)
[02:58:19] 22/143 ((0, 2), (3, 2)) 6s ADVANCE(dims [2, 3, 4])
[02:58:19] 23/143 ((0, 3), (0, 1)) 6s ADVANCE(dims [2, 3, 4])
[02:58:19] 24/143 ((0, 2), (3, 1)) 6s NOT-INVASIVE(rank 1)
[02:58:23] 25/143 ((0, 3), (0, 2)) 6s NOT-INVASIVE(rank 1)
[02:58:24] 26/143 ((0, 3), (1, 2)) 6s NOT-INVASIVE(rank 1)
[02:58:24] 27/143 ((0, 3), (1, 0)) 6s ADVANCE(dims [2, 3, 4])
[02:58:25] 28/143 ((0, 3), (0, 3)) 6s NOT-INVASIVE(rank 1)
[02:58:29] 29/143 ((0, 3), (1, 3)) 6s NOT-INVASIVE(rank 1)
[02:58:30] 30/143 ((0, 3), (2, 1)) 5s NOT-INVASIVE(rank 1)
[02:58:30] 31/143 ((0, 3), (2, 0)) 6s NOT-INVASIVE(rank 1)
[02:58:30] 32/143 ((0, 3), (2, 3)) 6s ADVANCE(dims [2, 3, 4])
[02:58:35] 33/143 ((0, 3), (3, 0)) 5s NOT-INVASIVE(rank 1)
[02:58:35] 34/143 ((0, 3), (3, 1)) 5s NOT-INVASIVE(rank 1)
[02:58:36] 35/143 ((0, 3), (3, 2)) 6s ADVANCE(dims [2, 3, 4])
[02:58:36] 36/143 ((1, 0), (0, 1)) 6s ADVANCE(dims [2, 3, 4])
[02:58:41] 37/143 ((1, 0), (0, 2)) 6s ADVANCE(dims [2, 3, 4])
[02:58:41] 38/143 ((1, 0), (0, 3)) 6s ADVANCE(dims [2, 3, 4])
[02:58:41] 39/143 ((1, 0), (1, 0)) 6s ADVANCE(dims [2, 3, 4])
[02:58:42] 40/143 ((1, 0), (1, 2)) 6s ADVANCE(dims [2, 3, 4])
[02:58:47] 41/143 ((1, 0), (1, 3)) 6s ADVANCE(dims [2, 3, 4])
[02:58:47] 42/143 ((1, 0), (2, 1)) 5s ADVANCE(dims [2, 3, 4])
[02:58:47] 43/143 ((1, 0), (2, 0)) 6s ADVANCE(dims [2, 3, 4])
[02:58:48] 44/143 ((1, 0), (2, 3)) 6s NOT-INVASIVE(rank 4)
[02:58:52] 45/143 ((1, 0), (3, 1)) 5s ADVANCE(dims [2, 3, 4])
[02:58:52] 46/143 ((1, 0), (3, 0)) 6s ADVANCE(dims [2, 3, 4])
[02:58:53] 47/143 ((1, 0), (3, 2)) 6s NOT-INVASIVE(rank 4)
[02:58:54] 48/143 ((1, 2), (0, 1)) 6s ADVANCE(dims [2, 3, 4])
[02:58:58] 49/143 ((1, 2), (0, 2)) 6s NOT-INVASIVE(rank 1)
[02:58:59] 50/143 ((1, 2), (0, 3)) 6s NOT-INVASIVE(rank 1)
[02:58:59] 51/143 ((1, 2), (1, 0)) 6s ADVANCE(dims [2, 3, 4])
[02:59:00] 52/143 ((1, 2), (1, 2)) 6s NOT-INVASIVE(rank 1)
[02:59:03] 53/143 ((1, 2), (1, 3)) 5s NOT-INVASIVE(rank 1)
[02:59:05] 54/143 ((1, 2), (2, 1)) 6s NOT-INVASIVE(rank 1)
[02:59:05] 55/143 ((1, 2), (2, 0)) 6s NOT-INVASIVE(rank 1)
[02:59:06] 56/143 ((1, 2), (2, 3)) 6s ADVANCE(dims [2, 3, 4])
[02:59:10] 57/143 ((1, 2), (3, 0)) 7s NOT-INVASIVE(rank 1)
[02:59:12] 58/143 ((1, 2), (3, 1)) 7s NOT-INVASIVE(rank 1)
[02:59:13] 59/143 ((1, 2), (3, 2)) 8s ADVANCE(dims [2, 3, 4])
[02:59:13] 60/143 ((1, 3), (0, 1)) 8s ADVANCE(dims [2, 3, 4])
[02:59:17] 61/143 ((1, 3), (0, 2)) 7s NOT-INVASIVE(rank 1)
[02:59:18] 62/143 ((1, 3), (0, 3)) 6s NOT-INVASIVE(rank 1)
[02:59:19] 63/143 ((1, 3), (1, 0)) 6s ADVANCE(dims [2, 3, 4])
[02:59:19] 64/143 ((1, 3), (1, 2)) 6s NOT-INVASIVE(rank 1)
[02:59:23] 65/143 ((1, 3), (1, 3)) 6s NOT-INVASIVE(rank 1)
[02:59:24] 66/143 ((1, 3), (2, 0)) 6s NOT-INVASIVE(rank 1)
[02:59:25] 67/143 ((1, 3), (2, 1)) 6s NOT-INVASIVE(rank 1)
[02:59:25] 68/143 ((1, 3), (2, 3)) 6s ADVANCE(dims [2, 3, 4])
[02:59:29] 69/143 ((1, 3), (3, 0)) 6s NOT-INVASIVE(rank 1)
[02:59:30] 70/143 ((1, 3), (3, 1)) 6s NOT-INVASIVE(rank 1)
[02:59:31] 71/143 ((1, 3), (3, 2)) 6s ADVANCE(dims [2, 3, 4])
[02:59:31] 72/143 ((2, 0), (0, 1)) 6s ADVANCE(dims [2, 3, 4])
[02:59:34] 73/143 ((2, 0), (0, 2)) 6s NOT-INVASIVE(rank 1)
[02:59:35] 74/143 ((2, 0), (0, 3)) 6s NOT-INVASIVE(rank 1)
[02:59:37] 75/143 ((2, 0), (1, 0)) 6s ADVANCE(dims [2, 3, 4])
[02:59:37] 76/143 ((2, 0), (1, 2)) 6s NOT-INVASIVE(rank 1)
[02:59:40] 77/143 ((2, 0), (1, 3)) 6s NOT-INVASIVE(rank 1)
[02:59:42] 78/143 ((2, 0), (2, 0)) 6s NOT-INVASIVE(rank 1)
[02:59:43] 79/143 ((2, 0), (2, 3)) 6s ADVANCE(dims [2, 3, 4])
[02:59:43] 80/143 ((2, 0), (2, 1)) 6s NOT-INVASIVE(rank 1)
[02:59:46] 81/143 ((2, 0), (3, 0)) 5s NOT-INVASIVE(rank 1)
[02:59:47] 82/143 ((2, 0), (3, 1)) 6s NOT-INVASIVE(rank 1)
[02:59:49] 83/143 ((2, 0), (3, 2)) 6s ADVANCE(dims [2, 3, 4])
[02:59:49] 84/143 ((2, 1), (0, 1)) 6s ADVANCE(dims [2, 3, 4])
[02:59:52] 85/143 ((2, 1), (0, 2)) 6s NOT-INVASIVE(rank 1)
[02:59:54] 86/143 ((2, 1), (0, 3)) 6s NOT-INVASIVE(rank 1)
[02:59:55] 87/143 ((2, 1), (1, 2)) 6s NOT-INVASIVE(rank 1)
[02:59:55] 88/143 ((2, 1), (1, 0)) 6s ADVANCE(dims [2, 3, 4])
[02:59:58] 89/143 ((2, 1), (1, 3)) 6s NOT-INVASIVE(rank 1)
[02:59:59] 90/143 ((2, 1), (2, 0)) 6s NOT-INVASIVE(rank 1)
[03:00:00] 91/143 ((2, 1), (2, 1)) 6s NOT-INVASIVE(rank 1)
[03:00:01] 92/143 ((2, 1), (2, 3)) 6s ADVANCE(dims [2, 3, 4])
[03:00:04] 93/143 ((2, 1), (3, 0)) 6s NOT-INVASIVE(rank 1)
[03:00:05] 94/143 ((2, 1), (3, 1)) 6s NOT-INVASIVE(rank 1)
[03:00:06] 95/143 ((2, 1), (3, 2)) 6s ADVANCE(dims [2, 3, 4])
[03:00:07] 96/143 ((2, 3), (0, 1)) 6s ADVANCE(dims [2, 3, 4])
[03:00:10] 97/143 ((2, 3), (0, 2)) 6s ADVANCE(dims [2, 3, 4])
[03:00:12] 98/143 ((2, 3), (0, 3)) 6s ADVANCE(dims [2, 3, 4])
[03:00:12] 99/143 ((2, 3), (1, 0)) 6s ADVANCE(dims [2, 3, 4])
[03:00:13] 100/143 ((2, 3), (1, 2)) 6s ADVANCE(dims [2, 3, 4])
[03:00:16] 101/143 ((2, 3), (1, 3)) 6s ADVANCE(dims [2, 3, 4])
[03:00:18] 102/143 ((2, 3), (2, 0)) 6s ADVANCE(dims [2, 3, 4])
[03:00:19] 103/143 ((2, 3), (2, 1)) 6s ADVANCE(dims [2, 3, 4])
[03:00:19] 104/143 ((2, 3), (2, 3)) 6s ADVANCE(dims [2, 3, 4])
[03:00:22] 105/143 ((2, 3), (3, 0)) 6s ADVANCE(dims [2, 3, 4])
[03:00:24] 106/143 ((2, 3), (3, 1)) 6s ADVANCE(dims [2, 3, 4])
[03:00:25] 107/143 ((2, 3), (3, 2)) 6s ADVANCE(dims [2, 3, 4])
[03:00:26] 108/143 ((3, 0), (0, 1)) 6s ADVANCE(dims [2, 3, 4])
[03:00:28] 109/143 ((3, 0), (0, 2)) 7s NOT-INVASIVE(rank 1)
[03:00:30] 110/143 ((3, 0), (0, 3)) 6s NOT-INVASIVE(rank 1)
[03:00:31] 111/143 ((3, 0), (1, 0)) 6s ADVANCE(dims [2, 3, 4])
[03:00:31] 112/143 ((3, 0), (1, 2)) 6s NOT-INVASIVE(rank 1)
[03:00:34] 113/143 ((3, 0), (1, 3)) 6s NOT-INVASIVE(rank 1)
[03:00:36] 114/143 ((3, 0), (2, 0)) 6s NOT-INVASIVE(rank 1)
[03:00:37] 115/143 ((3, 0), (2, 1)) 6s NOT-INVASIVE(rank 1)
[03:00:38] 116/143 ((3, 0), (2, 3)) 6s ADVANCE(dims [2, 3, 4])
[03:00:40] 117/143 ((3, 0), (3, 0)) 6s NOT-INVASIVE(rank 1)
[03:00:42] 118/143 ((3, 0), (3, 1)) 6s NOT-INVASIVE(rank 1)
[03:00:43] 119/143 ((3, 0), (3, 2)) 6s ADVANCE(dims [2, 3, 4])
[03:00:43] 120/143 ((3, 1), (0, 1)) 6s ADVANCE(dims [2, 3, 4])
[03:00:46] 121/143 ((3, 1), (0, 2)) 6s NOT-INVASIVE(rank 1)
[03:00:47] 122/143 ((3, 1), (0, 3)) 6s NOT-INVASIVE(rank 1)
[03:00:49] 123/143 ((3, 1), (1, 0)) 6s ADVANCE(dims [2, 3, 4])
[03:00:49] 124/143 ((3, 1), (1, 2)) 6s NOT-INVASIVE(rank 1)
[03:00:52] 125/143 ((3, 1), (1, 3)) 6s NOT-INVASIVE(rank 1)
[03:00:54] 126/143 ((3, 1), (2, 0)) 6s NOT-INVASIVE(rank 1)
[03:00:55] 127/143 ((3, 1), (2, 1)) 6s NOT-INVASIVE(rank 1)
[03:00:56] 128/143 ((3, 1), (2, 3)) 6s ADVANCE(dims [2, 3, 4])
[03:00:58] 129/143 ((3, 1), (3, 0)) 6s NOT-INVASIVE(rank 1)
[03:01:00] 130/143 ((3, 1), (3, 1)) 6s NOT-INVASIVE(rank 1)
[03:01:01] 131/143 ((3, 2), (0, 1)) 6s ADVANCE(dims [2, 3, 4])
[03:01:01] 132/143 ((3, 1), (3, 2)) 6s ADVANCE(dims [2, 3, 4])
[03:01:03] 133/143 ((3, 2), (0, 2)) 5s ADVANCE(dims [2, 3, 4])
[03:01:06] 134/143 ((3, 2), (0, 3)) 6s ADVANCE(dims [2, 3, 4])
[03:01:07] 135/143 ((3, 2), (1, 0)) 6s ADVANCE(dims [2, 3, 4])
[03:01:07] 136/143 ((3, 2), (1, 2)) 6s ADVANCE(dims [2, 3, 4])
[03:01:09] 137/143 ((3, 2), (1, 3)) 6s ADVANCE(dims [2, 3, 4])
[03:01:12] 138/143 ((3, 2), (2, 0)) 6s ADVANCE(dims [2, 3, 4])
[03:01:13] 139/143 ((3, 2), (2, 1)) 6s ADVANCE(dims [2, 3, 4])
[03:01:13] 140/143 ((3, 2), (2, 3)) 6s ADVANCE(dims [2, 3, 4])
[03:01:14] 141/143 ((3, 2), (3, 0)) 6s ADVANCE(dims [2, 3, 4])
[03:01:18] 142/143 ((3, 2), (3, 1)) 6s ADVANCE(dims [2, 3, 4])
[03:01:19] 143/143 ((3, 2), (3, 2)) 6s ADVANCE(dims [2, 3, 4])
ARTIFACT stageA_R_5.json: 143 records; sha256 dcf04f62d4de5c7748cfda979d562b22eaa2b3f0f84c3e87c4f717b63800229b
TALLY A R_5: ADVANCE: 76
TALLY A R_5: NOT-INVASIVE: 67
S1-CHAIN-1 exit 0
