=== d = 1
PASS A1 d=1 upper identity  1 - sharpEff b x = (|b-x|^2 + 1 - |x|^2)/4  (given |b|^2=1)
PASS A2 d=1 lower identity  sharpEff b x = (|b+x|^2 + 1 - |x|^2)/4  (given |b|^2=1)
PASS A3 d=1 certain face identity  |x-u|^2 = |x|^2 - 1 + 4(1 - sharpEff u x)  (given |u|^2=1)
PASS A4 d=1 seed r = sharpEff e0: r(e0) = 1, r(-e0) = 0
PASS B1 d=1 N = reflLin e0 is diag(-1,1,...,1)
PASS B2 d=1 N involutive
PASS B3 d=1 N orthogonal (sum of squares preserved, so N maps eball d into itself)
PASS B4 d=1 N flips z = e0 and z is a unit vector
NOTE d=1 det N = -1 (a reflection: not on any flow)
PASS C1 d=1 target u is a unit vector
PASS C2 d=1 Householder reflLin (e0 - u) is orthogonal and maps e0 to u
PASS C3 d=1 seedTransport (sharpEff e0) H = sharpEff u  (coefficientwise)
NOTE d=1: HasTwoSharpTests fails (kernel not_hasTwoSharpTests_one, SharpTests.lean:107)
NOTE d=1: not drivable (kernel not_drivable_Icc, KInfFoundations.lean:529, for Icc(-1,1) = eball 1 up to the identification Fin 1 -> R; transport to eball 1 written)
=== d = 2
PASS A1 d=2 upper identity  1 - sharpEff b x = (|b-x|^2 + 1 - |x|^2)/4  (given |b|^2=1)
PASS A2 d=2 lower identity  sharpEff b x = (|b+x|^2 + 1 - |x|^2)/4  (given |b|^2=1)
PASS A3 d=2 certain face identity  |x-u|^2 = |x|^2 - 1 + 4(1 - sharpEff u x)  (given |u|^2=1)
PASS A4 d=2 seed r = sharpEff e0: r(e0) = 1, r(-e0) = 0
PASS B1 d=2 N = reflLin e0 is diag(-1,1,...,1)
PASS B2 d=2 N involutive
PASS B3 d=2 N orthogonal (sum of squares preserved, so N maps eball d into itself)
PASS B4 d=2 N flips z = e0 and z is a unit vector
NOTE d=2 det N = -1 (a reflection: not on any flow)
PASS C1 d=2 target u is a unit vector
PASS C2 d=2 Householder reflLin (e0 - u) is orthogonal and maps e0 to u
PASS C3 d=2 seedTransport (sharpEff e0) H = sharpEff u  (coefficientwise)
PASS D1 d=2 two sharp tests: at x = e0, e = 1, f = 1/2, 1 - e = 0; f != e and f != 1 - e
PASS E5 d=2 every J in O(2) conjugates the rotation flow into the flow: R(a) R(t) R(a)^-1 = R(t), (R(a)F) R(t) (R(a)F)^-1 = R(-t)
NOTE d=2: with Aut(eball 2) = O(2) (written: centroid fixed, sum of squares preserved) and every flow a rotation flow, the off-axis clause J_off_axis fails; eball 2 is not drivable (written).
=== d = 3
PASS A1 d=3 upper identity  1 - sharpEff b x = (|b-x|^2 + 1 - |x|^2)/4  (given |b|^2=1)
PASS A2 d=3 lower identity  sharpEff b x = (|b+x|^2 + 1 - |x|^2)/4  (given |b|^2=1)
PASS A3 d=3 certain face identity  |x-u|^2 = |x|^2 - 1 + 4(1 - sharpEff u x)  (given |u|^2=1)
PASS A4 d=3 seed r = sharpEff e0: r(e0) = 1, r(-e0) = 0
PASS B1 d=3 N = reflLin e0 is diag(-1,1,...,1)
PASS B2 d=3 N involutive
PASS B3 d=3 N orthogonal (sum of squares preserved, so N maps eball d into itself)
PASS B4 d=3 N flips z = e0 and z is a unit vector
NOTE d=3 det N = -1 (a reflection: not on any flow)
PASS C1 d=3 target u is a unit vector
PASS C2 d=3 Householder reflLin (e0 - u) is orthogonal and maps e0 to u
PASS C3 d=3 seedTransport (sharpEff e0) H = sharpEff u  (coefficientwise)
PASS D1 d=3 two sharp tests: at x = e0, e = 1, f = 1/2, 1 - e = 0; f != e and f != 1 - e
PASS E1 d=3 flow law Rot(s) Rot(t) = Rot(s + t) (symbolic)
PASS E2 d=3 flow members orthogonal (symbolic t)
PASS E3 d=3 N := flow(pi) = diag(-1,-1,1,...), involutive, moves e0
PASS E4 d=3 J orthogonal (body automorphism) and J N J^-1 e2 = -e2 while Rot(s) e2 = e2 for all s
=== d = 4
PASS A1 d=4 upper identity  1 - sharpEff b x = (|b-x|^2 + 1 - |x|^2)/4  (given |b|^2=1)
PASS A2 d=4 lower identity  sharpEff b x = (|b+x|^2 + 1 - |x|^2)/4  (given |b|^2=1)
PASS A3 d=4 certain face identity  |x-u|^2 = |x|^2 - 1 + 4(1 - sharpEff u x)  (given |u|^2=1)
PASS A4 d=4 seed r = sharpEff e0: r(e0) = 1, r(-e0) = 0
PASS B1 d=4 N = reflLin e0 is diag(-1,1,...,1)
PASS B2 d=4 N involutive
PASS B3 d=4 N orthogonal (sum of squares preserved, so N maps eball d into itself)
PASS B4 d=4 N flips z = e0 and z is a unit vector
NOTE d=4 det N = -1 (a reflection: not on any flow)
PASS C1 d=4 target u is a unit vector
PASS C2 d=4 Householder reflLin (e0 - u) is orthogonal and maps e0 to u
PASS C3 d=4 seedTransport (sharpEff e0) H = sharpEff u  (coefficientwise)
PASS D1 d=4 two sharp tests: at x = e0, e = 1, f = 1/2, 1 - e = 0; f != e and f != 1 - e
PASS E1 d=4 flow law Rot(s) Rot(t) = Rot(s + t) (symbolic)
PASS E2 d=4 flow members orthogonal (symbolic t)
PASS E3 d=4 N := flow(pi) = diag(-1,-1,1,...), involutive, moves e0
PASS E4 d=4 J orthogonal (body automorphism) and J N J^-1 e2 = -e2 while Rot(s) e2 = e2 for all s
=== d = 5
PASS A1 d=5 upper identity  1 - sharpEff b x = (|b-x|^2 + 1 - |x|^2)/4  (given |b|^2=1)
PASS A2 d=5 lower identity  sharpEff b x = (|b+x|^2 + 1 - |x|^2)/4  (given |b|^2=1)
PASS A3 d=5 certain face identity  |x-u|^2 = |x|^2 - 1 + 4(1 - sharpEff u x)  (given |u|^2=1)
PASS A4 d=5 seed r = sharpEff e0: r(e0) = 1, r(-e0) = 0
PASS B1 d=5 N = reflLin e0 is diag(-1,1,...,1)
PASS B2 d=5 N involutive
PASS B3 d=5 N orthogonal (sum of squares preserved, so N maps eball d into itself)
PASS B4 d=5 N flips z = e0 and z is a unit vector
NOTE d=5 det N = -1 (a reflection: not on any flow)
PASS C1 d=5 target u is a unit vector
PASS C2 d=5 Householder reflLin (e0 - u) is orthogonal and maps e0 to u
PASS C3 d=5 seedTransport (sharpEff e0) H = sharpEff u  (coefficientwise)
PASS D1 d=5 two sharp tests: at x = e0, e = 1, f = 1/2, 1 - e = 0; f != e and f != 1 - e
PASS E1 d=5 flow law Rot(s) Rot(t) = Rot(s + t) (symbolic)
PASS E2 d=5 flow members orthogonal (symbolic t)
PASS E3 d=5 N := flow(pi) = diag(-1,-1,1,...), involutive, moves e0
PASS E4 d=5 J orthogonal (body automorphism) and J N J^-1 e2 = -e2 while Rot(s) e2 = e2 for all s
=== d = 7
PASS A1 d=7 upper identity  1 - sharpEff b x = (|b-x|^2 + 1 - |x|^2)/4  (given |b|^2=1)
PASS A2 d=7 lower identity  sharpEff b x = (|b+x|^2 + 1 - |x|^2)/4  (given |b|^2=1)
PASS A3 d=7 certain face identity  |x-u|^2 = |x|^2 - 1 + 4(1 - sharpEff u x)  (given |u|^2=1)
PASS A4 d=7 seed r = sharpEff e0: r(e0) = 1, r(-e0) = 0
PASS B1 d=7 N = reflLin e0 is diag(-1,1,...,1)
PASS B2 d=7 N involutive
PASS B3 d=7 N orthogonal (sum of squares preserved, so N maps eball d into itself)
PASS B4 d=7 N flips z = e0 and z is a unit vector
NOTE d=7 det N = -1 (a reflection: not on any flow)
PASS C1 d=7 target u is a unit vector
PASS C2 d=7 Householder reflLin (e0 - u) is orthogonal and maps e0 to u
PASS C3 d=7 seedTransport (sharpEff e0) H = sharpEff u  (coefficientwise)
PASS D1 d=7 two sharp tests: at x = e0, e = 1, f = 1/2, 1 - e = 0; f != e and f != 1 - e
PASS E1 d=7 flow law Rot(s) Rot(t) = Rot(s + t) (symbolic)
PASS E2 d=7 flow members orthogonal (symbolic t)
PASS E3 d=7 N := flow(pi) = diag(-1,-1,1,...), involutive, moves e0
PASS E4 d=7 J orthogonal (body automorphism) and J N J^-1 e2 = -e2 while Rot(s) e2 = e2 for all s
=== F
F d= 1 balanced m=[1]  +block m=[1]  +det(N)=+1 m=[]
F d= 2 balanced m=[]  +block m=[]  +det(N)=+1 m=[]
F d= 3 balanced m=[2]  +block m=[2]  +det(N)=+1 m=[2]
F d= 4 balanced m=[]  +block m=[]  +det(N)=+1 m=[]
F d= 5 balanced m=[3]  +block m=[]  +det(N)=+1 m=[]
F d= 6 balanced m=[]  +block m=[]  +det(N)=+1 m=[]
F d= 7 balanced m=[4]  +block m=[]  +det(N)=+1 m=[]
F d= 8 balanced m=[]  +block m=[]  +det(N)=+1 m=[]
F d= 9 balanced m=[5]  +block m=[]  +det(N)=+1 m=[]
F d=10 balanced m=[]  +block m=[]  +det(N)=+1 m=[]
F d=11 balanced m=[6]  +block m=[]  +det(N)=+1 m=[]
F d=12 balanced m=[]  +block m=[]  +det(N)=+1 m=[]
F d=13 balanced m=[7]  +block m=[]  +det(N)=+1 m=[]
F d=14 balanced m=[]  +block m=[]  +det(N)=+1 m=[]
F d=15 balanced m=[8]  +block m=[]  +det(N)=+1 m=[]
PASS F1 balance alone: d odd exactly
PASS F2 balance + det(N)=+1 (NOT on a flow): d = 3 mod 4 exactly
PASS F3 balance + block bound: d in {1, 3}
PASS F4 balance + block bound + det(N)=+1: d = 3 only
SUMMARY 92 checks, 0 failed
VERDICT RENDERED: every listed single-system item holds at each tested d (drivability for d >= 3 only); see ledger
