PASS A1 d=1: every real h with (h o h) involutive has h o h = id on the line
NOTE A1 uses only D2 (flow(t0) = flow(t0/2)^2), D4 restricted to aff(Omega) and D5/D6: no continuity, no boundedness. Kernel: not_drivable_Icc (KF:529) for Icc(-1,1) in R only; transport written.
PASS A2a flow group law R(s)R(t) = R(s+t)
PASS A2b N = R(pi) = -I: involutive and moves (1,0)
PASS A2c J R(pi/2) J^-1 = [[1,-2],[1,-1]]
PASS A2d it is not orthogonal, hence equal to no R(s): C^T C != I
NOTE A2: Omega = R^2 (affine dimension 2, unbounded, no boundary state) carries an ElementaryDrivability (D1-D9; D3 continuous). B6 'planar => not drivable' therefore needs BOUNDEDNESS of Omega. For the completion body it is supplied by values in [0,1] (P1b), not by the drive.
PASS A3a rotation J: J R(t) J^-1 = R(t)
PASS A3b reflection J: J R(t) J^-1 = R(-t)
PASS B1a L_i^2 = -I, L_i skew
PASS B1b flow(s) flow(t) = flow(s+t)
PASS B1c flow orthogonal (preserves B^4)
PASS B1d N = flow(pi) = -I: involutive, moves
PASS B1e J = L_q orthogonal (q unit, rational)
PASS B1f q i q^-1 = (0, -7/25, 0, -24/25): not +-i
PASS B1g J flow(pi/2) J^-1 = L_{q i q^-1} (zero diagonal)
PASS B1h D9: L_{qiq^-1} != +-L_i, so J flow(pi/2) J^-1 equals no flow member
PASS B1i Lie algebra generated by the flow generator and its J-conjugate has dim 3 (= sp(1))
PASS B1j transitivity witness: L_u e_1 = u for a unit u (left multiplication is transitive on S^3)
PASS B1k no stationary pure state: L_i has no real eigenvector (char poly (l^2+1)^2)
NOTE B1: B^4 with the Sp(1) drive satisfies DRIVE (D1-D9), boundary transitivity of the drive group (Sp(1) = words of two non-commuting circles, Lowenthal-type, written), and a 3-dimensional generator algebra: 'TRANS + minimal generator algebra' does not give d = 3.
PASS B2a spin-2 flow group law
PASS B2b flow preserves the Frobenius norm and tracelessness
PASS B2c N = conj by Rz(pi): involutive and moves E13+E31
PASS B2d J = conj by cyc3 conjugates the flow to conj by Rx(t) (cyc Rz cyc^-1 = Rx)
PASS B2e D9: conj by Rx(pi/2) differs from every conj by Rz(s) on E12+E21 (third-row entries)
PASS B2f spin-2 representation irreducible (commutant dimension 1)
PASS B2g generator algebra of the spin-2 drive has dim 3
PASS B2h two unit boundary points with different det (an orbit invariant): not transitive
PASS B2i a seed direction whose drive-orbit spans all of R^5 (orbit-span = Lie-module span)
NOTE B2: B^5 with the SO(3) spin-2 drive satisfies DRIVE, irreducibility, a 3-dimensional generator algebra and seed-orbit spanning, with d = 5. It fails TRANS (det invariant) and EO (E-series).
PASS B3 SO(3)+1 fixes x4: e_4 annihilated by every generator (boundary not one orbit)
PASS E so(2) on R^2 (rebit disk): intertwiners g->R^d dim 0, injective exists = False
PASS E so(3) on R^3 (qubit ball): intertwiners g->R^d dim 1, injective exists = True
PASS E sp(1)_L on R^4 (B1): intertwiners g->R^d dim 0, injective exists = False
PASS E u(2) on R^4 = C^2: intertwiners g->R^d dim 0, injective exists = False
PASS E so(4) on R^4: intertwiners g->R^d dim 0, injective exists = False
PASS E so(5) on R^5 (quaternionic bit, Spin(5) = Sp(2) acts through SO(5)): intertwiners g->R^d dim 0, injective exists = False
PASS E so(7) on R^7: intertwiners g->R^d dim 0, injective exists = False
PASS E so(2)+so(2) on R^4 (bidisk): intertwiners g->R^d dim 0, injective exists = False
PASS E so(3) on Sym0(3) = R^5 (spin-2, B2): intertwiners g->R^d dim 0, injective exists = False
PASS E so(3)+0 on R^4 (B3, also cone over B^3 / B^3 x [-1,1]) [non-transitive]: injective intertwiner exists (EO holds, TRANS fails)
PASS E so(3)+so(3) on R^6 (B^3 x B^3) [non-transitive]: injective intertwiner exists (EO holds, TRANS fails)
PASS E su(3) on Herm0(3) = R^8 (qutrit): identity intertwiner, commutant dim 1 (EO holds unscoped in QM)
NOTE E: dimension counts close the transitive cases not computed: G2 (dim 14) on R^7, Spin(7) (21) on R^8, Spin(9) (36) on R^16, SU(n) (n^2-1), Sp(n) (n(2n+1)) on R^(2n), R^(4n), n >= 2: dim g > d, so no injective linear map g -> R^d at all.
PASS H1 proper rational rotation: R hat(v) R^T = hat(R v)
PASS H2 improper (-R): (-R) hat(v) (-R)^T = -hat((-R) v): equivariance holds only up to det
PASS H3 an improper J (det -1) still satisfies D9 with the Rz flow (J e_z not +-e_z)
PASS U1 A_u = i(1 - |u><u|) annihilates u and is nonzero
PASS U2 A_{-u} = A_u (the assignment is even, not odd)
PASS U3 equivariance g A_u g^-1 = A_{g u} for a rational U(2) element
NOTE U: on B^4 under U(2) (transitive, dim 4 = d, stabilizer dim 1) an equivariant map from sharp directions to nontrivial flows fixing them exists; it is even (A_{-u} = A_u), so it is not the restriction of a linear EO map (E: u(2) -> R^4 has no intertwiner). Stabilizer-dimension or 'dim G = d' counting alone does not give d = 3.
PASS I1 d=2: Brukner-Zeilinger total information over d orthogonal axes = |x|^2 (one bit on pure states)
PASS I1 d=3: Brukner-Zeilinger total information over d orthogonal axes = |x|^2 (one bit on pure states)
PASS I1 d=4: Brukner-Zeilinger total information over d orthogonal axes = |x|^2 (one bit on pure states)
PASS I1 d=5: Brukner-Zeilinger total information over d orthogonal axes = |x|^2 (one bit on pure states)
PASS I1 d=7: Brukner-Zeilinger total information over d orthogonal axes = |x|^2 (one bit on pure states)
PASS I2 d=2: K(2^n) = (d+1)^n multiplicative for n=1..3 (LT counting holds); r = log2(d+1) integer: False
PASS I2 d=3: K(2^n) = (d+1)^n multiplicative for n=1..3 (LT counting holds); r = log2(d+1) integer: True
PASS I2 d=4: K(2^n) = (d+1)^n multiplicative for n=1..3 (LT counting holds); r = log2(d+1) integer: False
PASS I2 d=5: K(2^n) = (d+1)^n multiplicative for n=1..3 (LT counting holds); r = log2(d+1) integer: False
PASS I2 d=7: K(2^n) = (d+1)^n multiplicative for n=1..3 (LT counting holds); r = log2(d+1) integer: True
NOTE I2: within binary scope LT counting K(2^n) = K(2)^n holds for every d; Hardy's integrality of r needs systems with N = 3 (subspace axiom); with it, d + 1 = 2^r leaves d in {3, 7, 15, ...} (r >= 2), and only the Simplicity axiom (minimal K) picks d = 3.
OK -- 56 checks, 0 failed, 7 written notes
