F d6fa4c6371f56575b6a55c61029a2d073a158478; 19 frozen stage-file blobs read from the preregistration at F
PASS  C1 retire.py has its frozen blob  1e549b70d131629d45092fdd807c6d61a6fab0d6
PASS  C1 messages.json has its frozen blob  96e82a37fe24342a2022829ae78fbf1cd9f0e888
PASS  C1 headers.json has its frozen blob  8c727cad183a54048064013b3805013d35ed9fc1
PASS  C1 controls.py has its frozen blob  0870fdecc54e5a8545b2ab1e72c108c8a4adaa51
stage 1 = cc90082cfbe9dbfe6f84c30d154f189e336d0d75
PASS  C1 controls.py --self-test  controls: self-test OK
  retire: 1616 predicates retired, 1610 as the census classes them and 6 by the amendment; 2486 retained
  retire: structural rows: 15 removed with the emptied checks, 85 kept
  retire: 3942 statements removed directly, 3 dead-code rounds, 35099 lines -> 14793 lines
  retire: 91 checks remain; emptied: R7-ABR, R7-ARCH, R7-BRIDGE, R7-CV1, R7-DILCH, R7-DILMAP, R7-GR1, R7-GR2, R7-RBR, R7-SI1, R7-SI2, R7-SI3, R7-SRCA, R7-VIS
  retire: retained predicates missing: 0
PASS  C2 retire.py
PASS  C2 the guard has its frozen blob  d1c6bf660958f870b9e9c8e3d07fe6935ba5f824
PASS  C2 the guard compiles
stage 2 = 0811754da89dd5e3674ec913c0c89a24462a88fd
PASS  C2 controls history 0811754d  history: 56 file(s) run by the probes job (56 named), 0 history site(s)
PASS  C2 controls history f9a9acaa  history: 56 file(s) run by the probes job (56 named), 213 history site(s)
  PREDICATE  R7-PC4S line 17854  holds
  PREDICATE  R7-PC4S line 17999  holds
  PREDICATE  R7-PC4S line 18000  holds
  PREDICATE  R7-PC4S line 18001  holds
  READ  verification/migration-manifest.json  lookup
  READ  verification/seals/A12P.json  legacy record
  READ  verification/seals/A6D.json  legacy record
  READ  verification/seals/A6I.json  legacy record
  READ  verification/seals/A6P.json  legacy record
  READ  verification/seals/ABR.json  legacy record
  READ  verification/seals/CGR.json  legacy record
  READ  verification/seals/CLG.json  legacy record
  READ  verification/seals/CTI.json  legacy record
  READ  verification/seals/HYA.json  legacy record
  READ  verification/seals/HYB.json  legacy record
  READ  verification/seals/HYE.json  legacy record
  READ  verification/seals/NLV.json  legacy record
  READ  verification/seals/OGC.json  legacy record
  READ  verification/seals/OGS.json  legacy record
  READ  verification/seals/OLG.json  legacy record
  READ  verification/seals/OLN.json  legacy record
  READ  verification/seals/OLT.json  legacy record
  READ  verification/seals/PC4.json  legacy record
  READ  verification/seals/PC4S.json  legacy record
  READ  verification/seals/PFR.json  legacy record
  READ  verification/seals/PQT.json  legacy record
  READ  verification/seals/PRA.json  legacy record
  READ  verification/seals/RBR.json  legacy record
  READ  verification/seals/RNC.json  legacy record
  READ  verification/seals/RNT.json  legacy record
  READ  verification/seals/SGT.json  legacy record
  READ  verification/seals/SI1.json  legacy record
  READ  verification/seals/SI2.json  legacy record
  READ  verification/seals/SI3.json  legacy record
  READ  verification/seals/TCF.json  legacy record
  READ  verification/seals/TRJ.json  legacy record
  READ  verification/seals/TSG.json  legacy record
  READ  verification/seals/WTS.json  legacy record
  READ  verification/seals/XTS.json  legacy record
  LISTED  verification/seals  closed namespace
  COUNTERCONTROL  one byte of verification/seals/PC4.json changed: line 17854 FAILS
  pc4s: 4 predicate(s) all hold; 35 file(s) read, 34 legacy record(s); 1 directory listing(s); legacy bytes only
PASS  C2 controls pc4s f9a9acaa  pc4s: 4 predicate(s) all hold; 35 file(s) read, 34 legacy record(s); 1 directory listing(s); legacy bytes only
  EVAL  1,610 _olt_supersessions on the guard: holds
  EVAL  1,610 _olt_supersessions on the sought strings removed outside it: holds
  EVAL  1,610 _olt_supersessions on its own definition alone: holds
  COUNTERCONTROL  _olt_supersessions on a text without its strings: FAILS
  EVAL  1,610 _olt_supersessions: 0 occurrence(s) of its strings outside its definition
  EVAL  1,610 _oln_supersession on the guard: holds
  EVAL  1,610 _oln_supersession on the sought strings removed outside it: holds
  EVAL  1,610 _oln_supersession on its own definition alone: holds
  COUNTERCONTROL  _oln_supersession on a text without its strings: FAILS
  COUNTERCONTROL  _oln_supersession on the guard with the forbidden statement appended: FAILS
  EVAL  1,610 _oln_supersession: 0 occurrence(s) of its strings outside its definition
  NOTE  D     _olt_supersessions on the guard: holds
  NOTE  D     _olt_supersessions on the sought strings removed outside it: holds
  NOTE  D     _olt_supersessions on its own definition alone: holds
  NOTE  D     _olt_supersessions: 10 occurrence(s) of its strings outside its definition
  NOTE  D     _oln_supersession on the guard: holds
  NOTE  D     _oln_supersession on the sought strings removed outside it: holds
  NOTE  D     _oln_supersession on its own definition alone: holds
  NOTE  D     _oln_supersession: 1 occurrence(s) of its strings outside its definition
  vacuity: both predicates hold whatever the rest of the 1,610 guard says
PASS  C2 controls vacuity 0811754d f9a9acaa  vacuity: both predicates hold whatever the rest of the 1,610 guard says
PASS  C3 verification/infrastructure/legacy-records.json has its frozen blob  9e48bd31797e1673f03807e699a10ae4a0b960c7
PASS  C3 tools/legacy_records_check.py has its frozen blob  0d8f5f49b762954aaa075e543e2be53ec54529c7
PASS  C3 tools/release_gate.py has its frozen blob  a279ff334d0196c5212be8a6f403d73326008d2d
PASS  C3 .github/workflows/verify.yml has its frozen blob  7196339b8a31ba2f31098d631a75d69995e48e8a
stage 3 = f1dabfb32d60c753b5916470873ab6239cbb21e8
PASS  C3 the manifest is byte-identical to V3-12's
PASS  C3 legacy-records at stage 3  LEGACY  303 record(s) in 75 closed namespace(s), all intact
PASS  C3 legacy-records at stage 2 fails, the manifest absent  LEGACY  FAILS  manifest-absent
PASS  C3 callers at stage 3  callers: 0
PASS  C3 v3_verifier --self-test  v3_verifier: self-test OK
PASS  C3 v3_verifier --corpus  CORPUS  135 vector(s), exact and as expected
PASS  C4 v3_verifier.py has its frozen blob  ad47527d1f52bc95f5037637ae7fdd0a294d9513
PASS  C4 architecture.md has its frozen blob  08d768669cd4c3cf1113e2f78ec2d141cf074661
PASS  C4 g12-admit-execution-changes-legacy-seal-namespace.json has its frozen blob  f0207794af2eaf6f2c43a7ecd932589aaab51d44
PASS  C4 g13-admit-records-unchanged-after-later-commit.json has its frozen blob  3c8f396a5fe0db70519328cf31082225f0143e19
PASS  C4 g13-reject-record-file-added-after-landing.json has its frozen blob  6a4a28fc793abe165b8c629465951643ad070231
PASS  C4 g13-reject-record-file-deleted-after-landing.json has its frozen blob  311c119ee0c85345e7afcd1068617005d9f67ed6
PASS  C4 g13-reject-record-file-modified-after-landing.json has its frozen blob  a474cb4792ab6ac72bea532f74bfcdf6efd615a9
PASS  C4 g13-reject-seal-record-changed-after-landing.json has its frozen blob  7e55b7f3176b3707098e97e35b9204be12f996b4
stage 4 = d658231fdc54593d4d0aafdffed9705ea1d1071d
PASS  C4 v3_verifier --self-test  v3_verifier: self-test OK
PASS  C4 v3_verifier --corpus  CORPUS  140 vector(s), exact and as expected
  callers: names removed from tools/v3_verifier.py: ATTESTATION_DIR, AXES, SETTLED, _axis, _strong, _v3only, project
  callers: 0
PASS  C4 callers at stage 4  callers: 0
PASS  C5 AGENTS.md has its frozen blob  4560d2db156fa40acba81acb76c440556f5a44fb
PASS  C5 verification/README.md has its frozen blob  75f767b6ce7dbff72121ba4fb26a449d95880557
stage 5 = dc9f08a076e09c137ac0a61191a02bed3bb839c4
PASS  C6 receipts at stage 1  RECEIPTS  3 receipt(s), all hold
PASS  C6 receipts at stage 2  RECEIPTS  3 receipt(s), all hold
PASS  C6 receipts at stage 3  RECEIPTS  3 receipt(s), all hold
PASS  C6 legacy-records at stage 3  LEGACY  303 record(s) in 75 closed namespace(s), all intact
PASS  C6 receipts at stage 4  RECEIPTS  3 receipt(s), all hold
PASS  C6 legacy-records at stage 4  LEGACY  303 record(s) in 75 closed namespace(s), all intact
PASS  C6 receipts at stage 5  RECEIPTS  3 receipt(s), all hold
PASS  C6 legacy-records at stage 5  LEGACY  303 record(s) in 75 closed namespace(s), all intact
PASS  stage 5 duplicate_check  duplicate_check: OK (no paragraph repeated within a file)
PASS  stage 5 claims_check  claims_check: OK (no withdrawn result asserted unconditionally)
PASS  stage 5 artifact_placement_check  artifact_placement_check: OK (no unaccounted root artifact; 95 name(s)
PASS  stage 5 baseline_label_check  baseline_label_check: OK (no baseline archives named)
PASS  stage 5 ci_gate_presence_test  ci_gate_presence_test: OK (CI runs the real release gate)
PASS  stage 5 voice_scope_test  voice_scope_test: OK (6 scope case(s); the checker scans the manuscrip
STAGES  cc90082cfbe9dbfe6f84c30d154f189e336d0d75 0811754da89dd5e3674ec913c0c89a24462a88fd f1dabfb32d60c753b5916470873ab6239cbb21e8 d658231fdc54593d4d0aafdffed9705ea1d1071d dc9f08a076e09c137ac0a61191a02bed3bb839c4
