== S0 transcription
PASS S0.tables  [source] sgn, pc, pt, phiW transcribed from the base
PASS S0.cites  [source] landed cnot_prodState_mem_maxCone, cnot_prodState_xplus_z3, prodState_mem_maxCone are present

== S1 the dual memberships (R1)
PASS A2.1  [identity] ipW(A, cnot B) = ipW(cnot A, B) for symbolic tables (cnot is self-adjoint for ipW)
PASS A2.2  [witness] T_psi = diag(1) + P13 and cnot T_psi = diag(1) + O_c with O_c a signed permutation (no unit row/column) -- O_c = [[0, 0, -1], [0, -1, 0], [1, 0, 0]]
PASS A2.3  [identity] R1: E = T_psi/4 lies in dualW K_gen (both generator families, exact SOS identity)
PASS A2.4  [identity] R1: F = E00/2 - T_psi/4 lies in dualW K_gen (both generator families, exact SOS identity)
NOTE [written] A2.W1  -- K_gen is the convex cone generated by the two families prodState x y and cnot(prodState x y), x, y in the ball, so a table nonnegative on both families is nonnegative on K_gen; by A2.1 ipW(G, cnot g) = ipW(cnot G, g). Each SOS expression is >= 0 on the ball because |x|, |y| <= 1.

== S2 T_psi is outside K_gen; IE1 fails for K_gen (R2, R3)
PASS A2.5  [witness] R2: ipW(F, T_psi) < 0, so T_psi is not in K_gen -- value -1/2
PASS A2.6  [witness] R3: phiW = cnot(prodState xplus z3) (phiW in K_gen); R_H is a rotation; T_psi = actT R_H phiW
PASS A2.7  [witness] pauliW T_psi = psi psi^dagger, psi = (1, 1, 1, -1)/2 (T_psi is a pure state of Q3, landed M_cl.7)
NOTE [written] A2.W2  -- so actT R_H maps phiW in K_gen to T_psi outside K_gen: IE1 fails for K_gen; and K_gen is not Q3. This is a PSD-free certificate of the landed M_cl.9W conclusion (T_psi is not in SEP + cnot SEP): a linear witness F with exact SOS certificates in place of pure-state extremality.

== S3 FCC fails for the uniform K_gen (R4)
PASS A2.8  [identity] fourVal X Y E F = ipW E (X F Y^T) for symbolic tables (landed probe H8, re-checked)
PASS A2.9  [witness] R4: famI at (X, Y, E, F) = (phiW, phiW, T_psi/4, E00/2 - T_psi/4) is negative -- value -1/8
NOTE [written] A2.W3  -- phiW lies in K_gen (A2.6) and E, F lie in dualW K_gen (A2.3, A2.4), so FourCopyCoherent fails for the uniform family (K_gen, K_gen, K_gen, K_gen). K_gen contains the products, lies in maxCone (landed prodState_mem_maxCone, cnot_prodState_mem_maxCone) and is a convex cone, so by Lemma B1 (fourCopyCoherent_of_kt4Core, design run, [D]) no carrier carries KT4Core for it: H fails.
PASS C2  [countercontrol] countercontrol: with F replaced by the Q3-dual effect T_psi/4 the same famI value is >= 0 -- value 1/4
PASS C1  [countercontrol] countercontrol: the witness built on phiW (in K_gen), E00/2 - phiW/4, is negative at phiW, so it is not in dualW K_gen -- value -1/2
PASS C3  [countercontrol] countercontrol: ipW(T_psi, prodState x y) is not 1 + x.y (the permutation in R1 is load-bearing) -- ipW = x1*y3 + x2*y2 + x3*y1 + 1

== S4 the maximal closure K_E = dualW(K_gen) (R5)
PASS A2.10  [identity] R5(a): F lies in K_E (it is A2.4)
PASS A2.11  [witness] R5(b): <psi| pauliW F |psi> < 0, so F is not in Q3: K_E is strictly larger than Q3 -- value -1/8
PASS A2.12  [witness] R5(c): R0 is a rotation and ipW(actT R0 F, cnot(prodState (0,-1,0) (0,1,0))) < 0: actT R0 maps F in K_E out of K_E, so IE1 fails for K_E -- value -2/5
PASS C4  [countercontrol] countercontrol: actT R0 phiW (a member of Q3, inside K_E) is >= 0 on the sampled generators -- minimum 0 over 200 generators
PASS A2.13  [identity] R5(d) membership: phiW lies in K_E: ipW(phiW, prodState x y) = SOS and ipW(phiW, cnot(prodState x y)) = (1 + x1)(1 + y3) >= 0 on the ball
PASS A2.14  [witness] R5(d): famI for the uniform K_E at X = F, Y = phiW, E' = cnot(prodState e2 (-e3)), F' = cnot(prodState e2 e2) is negative -- value -1/2
NOTE [written] A2.W4  -- E' and F' are generators of K_gen; every generator g of K_gen lies in dualW K_E because ipW(g, w) >= 0 for w in K_E = dualW K_gen by definition. So FourCopyCoherent fails for the uniform K_E; K_E contains the products (A2.15), lies in maxCone and is a convex cone, so by Lemma B1 [D] H fails for it.
PASS A2.15  [identity] R5(e): ipW(prodState x y, cnot(prodState u v)) = pairVal(hom x, hom y, cnot(prodState u v)) and ipW(prodState x y, prodState u v) = (1 + x.u)(1 + y.v), symbolic
NOTE [written] A2.W5  -- hom x = 2 ehom(sharp effect (1 + x.z)/2) for |x| <= 1, so pairVal(hom x, hom y, w) = 4 prodEffVal >= 0 for w in maxCone; cnot(prodState u v) is in maxCone by the landed cnot_prodState_mem_maxCone; and (1 + x.u)(1 + y.v) >= 0 on the ball. So every product state lies in K_E.
NOTE [written] A2.W6  -- the interval: every convex cone K that contains the product states, lies in maxCone and is cnot-invariant satisfies K_gen <= K (it contains the products and their cnot images) and K <= K_E (cnot K = K lies in maxCone, so K lies in maxCone /\ cnot(maxCone); dualW(SEP) = maxCone because the homogenized effect vectors of the ball are the cone L of hom-points, landed lor_ehom and isEffectOn_affOf; and dualW(cnot SEP) = cnot(dualW SEP) by A2.1). Q3 and the landed foil K_cl lie in this interval. Both endpoints are closed (K_gen: the convex hull of two compact sets, cone over a compact base; K_E: a dual cone), contain the products, are cnot-invariant, and fail IE1 and FCC (A2.6-A2.9, A2.12-A2.14).

== S5 the identities behind K_gen <= Q3 <= K_E (R6)
PASS A2.16  [identity] R6: pauliW(prodState x y) = rho(x) (x) rho(y), pauliW(cnot w) = CNOT pauliW(w) CNOT^dagger and ipW E X = tr(4 pauliW(E) pauliW(X)), symbolic
NOTE [written] A2.W7  -- with the standard facts (Kronecker products and unitary conjugates of positive semidefinite matrices are positive semidefinite; tr(AB) >= 0 for A, B positive semidefinite) and rho(x) >= 0 for |x| <= 1: every generator of K_gen lies in Q3, so K_gen <= Q3; every member of Q3 pairs nonnegatively with every generator of K_gen, so Q3 <= dualW(K_gen) = K_E. Both inclusions are strict by A2.5 with A2.7 (T_psi in Q3 \ K_gen) and by A2.10 with A2.11 (F in K_E \ Q3).

kinds: countercontrol 4, identity 8, source 2, witness 8
a2_native_closures: OK -- 22 checks
VERDICT A2: at the instance (cnot, identity locals, uniform cones) the minimal native closure K_gen = SEP + cnot SEP and the maximal one K_E = dualW(K_gen) are admissible cnot-invariant cones; Q3 differs from both (exact witnesses T_psi in Q3 outside K_gen, F in K_E outside Q3; the inclusions K_gen <= Q3 <= K_E rest on the exact identities A2.16 and written standard steps); IE1 fails for both, and FCC fails for both (famI values -1/8 and -1/2). Closedness of the two endpoints is written (A2.W6).
