PART A — square gbit (homogeneous coords (t,x,y); state iff |x|,|y| <= t = 1)
  e on vertices: [Fraction(1, 1), Fraction(1, 1), Fraction(0, 1), Fraction(0, 1)] | u-e on vertices: [Fraction(0, 1), Fraction(0, 1), Fraction(1, 1), Fraction(1, 1)]
  rank of rays where e=0: 2; where u-e=0: 2  (2 = extreme ray of the 3-d dual cone)
  certain face F_e vertices: [(1, 1, 1), (1, 1, -1)] -> an edge (two vertices)
  A1 ideal branch for e exists? False
  A2 measure-and-prepare T = v1 e^T: positive=True normalised=True repeatable=True disturbs certain state (1,1,-1)=True
  A3 selector-constrained branch exists? True | free-parameter bounds: [(T12, (Fraction(0, 1), Fraction(0, 1))), (T22, (Fraction(0, 1), Fraction(0, 1)))]
  A3 unique? True
  A3 forced branch: [[1/2, 1/2, 0], [1/2, 1/2, 0], [1/2, 1/2, 0]] == v1 e^T ? True

PART B — positive controls (classical trit; cone = nonnegative orthant)
  B1 trit coarse e=d0+d1: ideal branch exists? True | bounds: [(T12, (Fraction(0, 1), Fraction(0, 1))), (T22, (Fraction(0, 1), Fraction(0, 1)))]
     ideal branch maps d0->d0, d1->d1: post-state depends on input within the outcome (not SI)
  B2 trit fine e=d0: ideal branch exists? True | bounds: [(T11, (Fraction(0, 1), Fraction(0, 1))), (T12, (Fraction(0, 1), Fraction(0, 1))), (T21, (Fraction(0, 1), Fraction(0, 1))), (T22, (Fraction(0, 1), Fraction(0, 1)))]
     unique? True -> forced T = [[1, 0, 0], [0, 0, 0], [0, 0, 0]] (SI: every input with e>0 goes to d0)
  B3 trit coarse selector T d0=d0, T d2=0: feasible? True unique? False | bounds: [(T11, (Fraction(0, 1), Fraction(1, 1))), (T21, (Fraction(0, 1), Fraction(1, 1)))]
  B4 disk: boundary points with e=1: [{x: 1, y: 0}] -> F_e is the single state (1,1,0); T w = e(w)(1,1,0) is positive (e>=0 on states), ideal and SI

PART C — corpus's classical update: Bayesian conditioning on a visible outcome
  C1 post-states after the certain visible outcome X1=1:
     root x0=0: {(1, 1): Fraction(1, 2), (1, 2): Fraction(1, 2)} next law {0: Fraction(1, 1), 1: Fraction(0, 1)}
     root x0=1: {(1, 4): Fraction(1, 4), (1, 3): Fraction(1, 4), (1, 6): Fraction(1, 4), (1, 5): Fraction(1, 4)} next law {0: Fraction(0, 1), 1: Fraction(1, 1)}
     TV(next laws) = 1 (Main.md:194: P(x2=0|x1=1,x0=0) = 1)
     unrooted P(x2=0|x1=1) = 1/3 (Main.md:194: 1/3)
  C2 re-burn update: post-states equal? True ; next law {0: Fraction(1, 3), 1: Fraction(2, 3)} -> history gap at this step killed
     re-burn is not ideal: delta_(1,3) is certain for X=1 but is sent to uniform die (changed: True )
     conditioning is ideal: condition(delta_(1,3), 1) == delta_(1,3): True

  C3 card table (ch01:271-280): hole c, burn b in {R,B} uniform; shuffle = swap
     one shuffle 1/2; two shuffles 1; chained 1/2; passive peek 1; peek+re-burn(uniform) 1/2; peek+re-burn(fixed card) 1/2

ALL ASSERTIONS PASSED
