parsed: sgn = -1 at [(1, 3), (2, 2)]; nflip = diag['1', '-1', '-1']
PASS K cnot: frame, relT, relC with nflip; involution
PASS K cnot1: frame, relT, relC with neg1; involution
PASS S cnot: target-odd sector, control-even (4) <-> control-odd (4) swapped bijectively; target-even sectors preserved
PASS S cnot1: target-odd sector, control-even (1) <-> control-odd (1) swapped bijectively; target-even sectors preserved
PASS J cnot: (actC N o G)^2 = actT N o G^2 on W; J preserves the target-odd sector (dim 8) and J^2 = -1 there
PASS J cnot1: (actC N o G)^2 = actT N o G^2 on W; J preserves the target-odd sector (dim 2) and J^2 = -1 there
PASS F N' = g nflip g^T is a pi-rotation about (3/5,4/5,0) flipping z; G' meets frame, relT, relC with N'  [N' = [['-7/25', '24/25', '0'], ['24/25', '7/25', '0'], ['0', '0', '-1']]]
PASS F sample: min pairVal over 30^3 rational pure products x effect rays is >= 0 for cnot (0) and G' (0)
PASS L pi-rotation N' (unitary, non-diagonal): split (2,2); solution space dim 64; sector rule on every basis element; generic rank 16; bound 16-|pm-mm| = 16; invertible solution exists iff balanced
PASS L diag(1,1,-1) (antiunitary reflection): split (3,1); solution space dim 96; sector rule on every basis element; generic rank 14; bound 16-|pm-mm| = 14; invertible solution exists iff balanced
PASS L -I (antiunitary universal NOT): split (1,3); solution space dim 64; sector rule on every basis element; generic rank 10; bound 16-|pm-mm| = 10; invertible solution exists iff balanced
PASS L nflip (kernel): split (2,2); solution space dim 64; sector rule on every basis element; generic rank 16; bound 16-|pm-mm| = 16; invertible solution exists iff balanced
PASS A d=1 tangent (0,1): explicit G_J meets frame, relT, relC and is invertible
PASS A d=3 tangent (1,2): explicit G_J meets frame, relT, relC and is invertible
PASS A d=5 tangent (2,3): explicit G_J meets frame, relT, relC and is invertible
PASS A d=7 tangent (3,4): explicit G_J meets frame, relT, relC and is invertible
PASS A d=9 tangent (4,5): explicit G_J meets frame, relT, relC and is invertible
     census (d, p_tan, m_tan, term rank / (d+1)^2, balanced):
       d=1 (0,1): 4/4 True
       d=2 (0,2): 7/9 False
       d=2 (1,1): 8/9 False
       d=3 (0,3): 10/16 False
       d=3 (1,2): 16/16 True
       d=3 (2,1): 14/16 False
       d=5 (0,5): 16/36 False
       d=5 (1,4): 28/36 False
       d=5 (2,3): 36/36 True
       d=5 (3,2): 32/36 False
       d=5 (4,1): 32/36 False
       d=7 (0,7): 22/64 False
       d=7 (1,6): 40/64 False
       d=7 (2,5): 54/64 False
       d=7 (3,4): 64/64 True
       d=7 (4,3): 58/64 False
       d=7 (5,2): 56/64 False
       d=7 (6,1): 58/64 False
       d=9 (0,9): 28/100 False
       d=9 (1,8): 52/100 False
       d=9 (2,7): 72/100 False
       d=9 (3,6): 88/100 False
       d=9 (4,5): 100/100 True
       d=9 (5,4): 92/100 False
       d=9 (6,3): 88/100 False
       d=9 (7,2): 88/100 False
       d=9 (8,1): 92/100 False
PASS A full term rank <=> balanced, over all 27 diagonal cases
PASS A Hurwitz level-exchange NOTs (tangent (1,k)): algebraic gate exists exactly for C (d=3) and the classical bit (d=1, (0,1))
PASS P d=1: G_J equals the kernel cnot1
PASS P d=3 tangent (1,2): Lorentz effects a, b; pairVal(a, b, G_J(prodState e1 z)) = -2/5 < 0 (posFwd fails)
PASS P d=5 tangent (2,3): Lorentz effects a, b; pairVal(a, b, G_J(prodState e1 z)) = -2/5 < 0 (posFwd fails)
PASS P d=7 tangent (3,4): Lorentz effects a, b; pairVal(a, b, G_J(prodState e1 z)) = -2/5 < 0 (posFwd fails)
PASS P d=9 tangent (4,5): Lorentz effects a, b; pairVal(a, b, G_J(prodState e1 z)) = -2/5 < 0 (posFwd fails)
PASS P d=3: G_J differs from the kernel cnot (cnot carries a target twist on the target-odd sector)
     cnot on control x (index 1) x target-odd: e1(x)e2(y) -> [(2, 3, '1')] ; e1(x)e3(z) -> [(2, 2, '-1')]
PASS P d=3: cnot's target twist K on V-_tan = span(y, z) satisfies K^2 = -1 (a complex structure on the target minus plane)  [K = [['0', '-1'], ['1', '0']]]
SUMMARY 26 checks, 0 failed
VERDICT RENDERED: an invertible G with frame+relT+relC exists exactly for balanced splits [(1, 0, 1), (3, 1, 2), (5, 2, 3), (7, 3, 4), (9, 4, 5)]; the gate complex structure J (J^2 = -1 on the target-odd sector) holds for cnot and for the classical cnot1; balanced G_J fails posFwd at d = 3, 5, 7, 9 by an explicit witness; Q-FWD covariance holds for the rational pi-rotation N'
