== 1. the certified point, the named point and the exact line ==
  PASS  SIG is unitary (scaled)                                                True
  PASS  u60 is a unit                                                          1
  PASS  P = SIG ∘ u60^W is unitary (scaled)                                    True
  PASS  rank DF at SIG                                                         176
  PASS  defect of SIG                                                          49
  PASS  defect of P                                                            37
  PASS  W is an exact straight line at SIG (every level-set sum of the c_k vanishes, 120 pairs) True
  PASS  a one-entry perturbation of W is not a straight line (control)         False
  PASS  W lies in ker DF                                                       True
  PASS  the family at u = 1 is SIG entrywise (control)                         True
  PASS  u5 = (3+4i)/5 is a unit; the second frozen point Pu(u5) is unitary (scaled) (Fraction(1, 1), True)
  PASS  defect of Pu(u5)                                                       37
  PASS  cross-ratio violations of P over ordered (b,b'),(c,c') (identity value 1 scaled) 384
  PASS  the value at (a,b,b',c,c',d) = (0,0,1,0,1,0) is u60 (scaled; u60/256 in the frozen normalization) True
  (1s)
== 2. Diţă factorizations by exhaustive search over block structures ==
  PASS  column-Diţă 4x4 at P: (candidates, exact factorizations)               (1, 0)
  PASS  column-Diţă 4x4 at Pu(u5): (candidates, exact factorizations)          (1, 0)
  PASS  column-Diţă 4x4 at SIG = Pu(1): (candidates, exact factorizations) (control) (5, 4)
  PASS  row-Diţă 4x4 at P: (candidates, exact factorizations)                  (1, 0)
  PASS  row-Diţă 4x4 at Pu(u5): (candidates, exact factorizations)             (1, 0)
  PASS  row-Diţă 4x4 at SIG = Pu(1): (candidates, exact factorizations) (control) (5, 4)
  PASS  column-Diţă 8x2 at P: (candidates, exact factorizations)               (1, 0)
  PASS  column-Diţă 8x2 at Pu(u5): (candidates, exact factorizations)          (1, 0)
  PASS  column-Diţă 8x2 at SIG = Pu(1): (candidates, exact factorizations) (control) (3, 2)
  PASS  row-Diţă 8x2 at P: (candidates, exact factorizations)                  (1, 0)
  PASS  row-Diţă 8x2 at Pu(u5): (candidates, exact factorizations)             (1, 0)
  PASS  row-Diţă 8x2 at SIG = Pu(1): (candidates, exact factorizations) (control) (3, 2)
  PASS  column-Diţă 2x8 at P: (candidates, exact factorizations)               (1, 1)
  PASS  column-Diţă 2x8 at P: the frozen blocks and row classes                (((0, 1, 2, 3, 8, 9, 10, 11), (4, 5, 6, 7, 12, 13, 14, 15)), [(0, 8), (1, 9), (2, 10), (3, 11), (4, 12), (5, 13), (6, 14), (7, 15)])
  PASS  column-Diţă 2x8 at Pu(u5): (candidates, exact factorizations)          (1, 1)
  PASS  column-Diţă 2x8 at Pu(u5): the frozen blocks and row classes           (((0, 1, 2, 3, 8, 9, 10, 11), (4, 5, 6, 7, 12, 13, 14, 15)), [(0, 8), (1, 9), (2, 10), (3, 11), (4, 12), (5, 13), (6, 14), (7, 15)])
  PASS  column-Diţă 2x8 at SIG = Pu(1): (candidates, exact factorizations) (control) (3, 3)
  PASS  row-Diţă 2x8 at P: (candidates, exact factorizations)                  (1, 1)
  PASS  row-Diţă 2x8 at P: the frozen blocks and row classes                   (((0, 1, 2, 3, 8, 9, 10, 11), (4, 5, 6, 7, 12, 13, 14, 15)), [(0, 8), (1, 9), (2, 10), (3, 11), (4, 12), (5, 13), (6, 14), (7, 15)])
  PASS  row-Diţă 2x8 at Pu(u5): (candidates, exact factorizations)             (1, 1)
  PASS  row-Diţă 2x8 at Pu(u5): the frozen blocks and row classes              (((0, 1, 2, 3, 8, 9, 10, 11), (4, 5, 6, 7, 12, 13, 14, 15)), [(0, 8), (1, 9), (2, 10), (3, 11), (4, 12), (5, 13), (6, 14), (7, 15)])
  PASS  row-Diţă 2x8 at SIG = Pu(1): (candidates, exact factorizations) (control) (3, 3)
  (18s)
== 3. the first-order census at SIG: gauge, the fixed-pairing hulls, the residual, the cokernel ==
  PASS  dim ker DF                                                             80
  PASS  gauge rank                                                             31
  PASS  T_c, T_r, T_c + T_r mod gauge                                          (14, 14, 26)
  PASS  R = ker DF / (gauge + T): dim                                          23
  PASS  coker DF: dim                                                          64
  (34s)
== 4. every 4x4 Diţă hull through SIG: orientations, factor circles, exact integrability, the span ==
== A41-H1. every valid alignment of every 4x4 partition structure of SIG, in both orientations ==
  PASS  control: for every 4x4 partition candidate of SIG, the sorted alignment is valid here exactly when act 36's search reports it exact True
  (239s)
== A41-H2. distinct hulls, exactly: as matrix families and modulo the gauge ==
  (1295s)
== A41-H3. a second equality test: buckets by a reduction modulo a prime, equality within buckets by exact joint rank ==
  (1359s)
== A41-H4. every distinct hull: tangent dimension, ker DF, the second-order form; the combined span; W ==
  PASS  the sorted control: the parametrizations at the sorted alignments are act 36's 492 492
  (1429s)
A41-MEASUREMENTS hulls {"W_in":0,"bijection":true,"dF_ok":true,"dims":[14],"distinct_gauge":3896,"distinct_mat":3896,"gensets":3896,"params":31168,"per_structure":[["column",[[0,1,2,3],[4,5,6,7],[8,9,10,11],[12,13,14,15]],[[0,4,8,12],[1,5,9,13],[2,6,10,14],[3,7,11,15]],8,8],["column",[[0,2,8,10],[1,3,9,11],[4,6,12,14],[5,7,13,15]],[[0,2,8,10],[1,3,9,11],[4,6,12,14],[5,7,13,15]],64,15552],["column",[[0,2,9,11],[1,3,8,10],[4,6,13,15],[5,7,12,14]],[[0,6,8,14],[1,7,9,15],[2,4,10,12],[3,5,11,13]],8,8],["column",[[0,4,8,12],[1,5,9,13],[2,6,10,14],[3,7,11,15]],[[0,1,2,3],[4,5,6,7],[8,9,10,11],[12,13,14,15]],8,8],["column",[[0,6,8,14],[1,7,9,15],[2,4,10,12],[3,5,11,13]],[[0,2,9,11],[1,3,8,10],[4,6,13,15],[5,7,12,14]],8,8],["row",[[0,1,2,3],[4,5,6,7],[8,9,10,11],[12,13,14,15]],[[0,4,8,12],[1,5,9,13],[2,6,10,14],[3,7,11,15]],8,8],["row",[[0,2,8,10],[1,3,9,11],[4,6,12,14],[5,7,13,15]],[[0,2,8,10],[1,3,9,11],[4,6,12,14],[5,7,13,15]],64,15552],["row",[[0,2,9,11],[1,3,8,10],[4,6,13,15],[5,7,12,14]],[[0,6,8,14],[1,7,9,15],[2,4,10,12],[3,5,11,13]],8,8],["row",[[0,4,8,12],[1,5,9,13],[2,6,10,14],[3,7,11,15]],[[0,1,2,3],[4,5,6,7],[8,9,10,11],[12,13,14,15]],8,8],["row",[[0,6,8,14],[1,7,9,15],[2,4,10,12],[3,5,11,13]],[[0,2,9,11],[1,3,8,10],[4,6,13,15],[5,7,12,14]],8,8]],"second_test":[3896,3896],"sorted_distinct_gauge":492,"sorted_distinct_mat":492,"sorted_params":492,"span":49}
A41-SHA256 hulls 147cc544a04429fdf821e62ca3c13c2b5a14914aece6a7b1938a1364107cbea7

dita_index_map_hulls: OK -- MEASURED: 31168 parametrizations, 3896 distinct hulls as matrix families, 3896 modulo the gauge
exit 0 wall 1458s
