PASS 2.0a dim l = 6, dim M1 = 9, dim M2 = 9, dim(l + M1 + M2) = 24
PASS 2.0b span(phi(M1)) = M2 (phi = conjugation by Pi_B = actT(-I))
PASS 2.0c l = span of the generators of the kernel lifts actC R, actT R (R in SO(3))
PASS 2.1a control: every element of l satisfies V1 for all unit x, y (symbolic)
PASS 2.1b control: every element of M1 (su(4)-image complement) satisfies V1 symbolically
PASS 2.1c control: every element of M2 = R_B M1 R_B satisfies V1 symbolically
  [lower bound done, 1.0s]
  rank history (pairs used, rank): [(17, 43), (34, 86), (51, 129), (68, 172), (85, 179), (102, 186), (119, 193), (136, 200), (153, 207), (170, 207), (187, 207), (204, 207), (221, 207), (238, 207), (255, 207), (272, 207), (289, 207)]
NOTE upper bound: dim V1 <= 33 (rank 207 of the conditions from 289 rational pairs)
  [upper bound done, 25.7s]
PASS 2.2a each of the 24 basis elements satisfies every finite condition used (exact)
FAIL 2.2b the explicit lower bound and the exact upper bound meet: dim V1 = 24 = dim(l + M1 + M2)
PASS 2.3a countercontrol: a generic so(15) element (traceless block, rational) is NOT in V1
PASS 2.4a [l, M1] in M1 and [l, M2] in M2
PASS 2.4b [M1, M1] in l and [M2, M2] in l (both l+M1 and l+M2 are Lie algebras: the su(4) image and its R_B conjugate)
PASS 2.4c phi = Ad(Pi_B) fixes l pointwise, maps M1 onto M2, and phi^2 = id
PASS 2.4d the commutant of ad(l) on M1 is 1-dimensional (M1 is absolutely irreducible: (3,3))  [dim = 1]
PASS 2.5a some mixed bracket C(v,w) = [v, phi w] + [phi v, w] lies outside V1 (so no graph l + {a v + b phi v} with ab != 0 is a Lie algebra inside V1)  [pair (0, 1)]
PASS 2.5b countercontrol: that element C(v,w) is NOT in V1 although it lies in the algebra generated by M1 + M2
PASS 2.5c some [M1, M2] bracket lies outside V1 (l + M1 + M2 is not a subalgebra of V1)
  [brackets done, 31.1s]
NOTE the Lie algebra generated by l + M1 + M2 has dimension 105 (so(15) has 105)
  [generated algebra done, 41.1s]
--- P2 Lie classification: 16 checks, 1 failures
VERDICT NOT RENDERED (a check failed)
