PASS 2.0a dim l = 6, dim M1 = 9, dim M2 = 9, dim N = 9, dim(l + M1 + M2 + N) = 33
PASS 2.0b span(phi(M1)) = M2 (phi = conjugation by Pi_B = actT(-I))
PASS 2.0c l = span of the generators of the kernel lifts actC R, actT R (R in SO(3))
PASS 2.1a control: every element of l satisfies V1 for all unit x, y (symbolic)
PASS 2.1b control: every element of M1 satisfies V1 symbolically
PASS 2.1c control: every element of M2 = R_B M1 R_B satisfies V1 symbolically
PASS 2.1d every element of N = {J_a (x) J_b on the correlation block} satisfies V1 symbolically
  rank history (pairs used, rank): [(17, 43), (34, 86), (51, 129), (68, 172), (85, 179), (102, 186), (119, 193), (136, 200), (153, 207), (170, 207), (187, 207), (204, 207), (221, 207), (238, 207), (255, 207), (272, 207), (289, 207)]
NOTE upper bound: dim V1 <= 33 (rank 207 of the conditions from 289 rational pairs)
PASS 2.2a each of the 33 basis elements satisfies every finite condition used (exact)
PASS 2.2b lower bound = upper bound: V1 = l + M1 + M2 + N exactly, dim 33
PASS 2.3 countercontrol: a generic so(15) element on the traceless part is NOT in V1
PASS 2.4a the l-invariant symmetric bilinear forms on W 3 are exactly the block scalars diag(a, b I3, b' I3, c I9): solution space of dimension 4 equal to their span
PASS 2.4b every M1 and M2 element has zero (3,3)->(3,3) block
PASS 2.4c every l element has an antisymmetric (3,3)->(3,3) block
PASS 2.4d every N element has a symmetric (3,3)->(3,3) block, and N -> block is injective (rank 9)
NOTE 2.4e [written] Let H be compact with L <= H <= Aut_u(K). An H-invariant inner product exists (average); it is l-invariant, hence a block scalar G = diag(a, b, b', c) with c > 0 by 2.4a. Every X in Lie(H) is G-antisymmetric, so its (3,3)->(3,3) block is antisymmetric. Writing X = X_l + X_M1 + X_M2 + X_N (2.2b), that block is (antisymmetric, 2.4c) + 0 (2.4b) + (symmetric, 2.4d), so the N-block vanishes and X_N = 0 by injectivity. Hence Lie(H) <= l + M1 + M2.
PASS 2.5a End_l(M1) is 1-dimensional (M1 ~ (3,3) is absolutely irreducible)
PASS 2.5b Hom_l(M1, M2) is 1-dimensional (spanned by phi): the l-submodules of M1 + M2 are 0, the graphs G[a:b] = {a v + b phi(v)}, and M1 + M2 [written: isotypic component (3,3) (x) R^2 with End = R]
PASS 2.5c [l, M1] <= M1, [l, M2] <= M2, [M1, M1] <= l, [M2, M2] <= l (l+M1, l+M2 are Lie algebras)
PASS 2.5d phi = Ad(Pi_B) fixes l pointwise and phi^2 = id
PASS 2.5e some C(v,w) = [v, phi w] + [phi v, w] lies outside V1 (hence outside l + M1 + M2): for ab != 0, [a v + b phi v, a w + b phi w] = (a^2+b^2)[v,w] + ab C(v,w) leaves l + G[a:b], so no graph with ab != 0 is a subalgebra  [(v,w) = M1[0], M1[1]]
PASS 2.5f some [M1, M2] lies outside V1: l + M1 + M2 is not a subalgebra
NOTE identification: the Lie algebra generated by l + M1 + M2 has dimension 105 (so(15): 105)
--- P2 Lie classification (run 2): 20 checks, 0 failures
VERDICT V1-CLASSIFIED: V1 = l + M1 + M2 + N (dim 33, exact); compactness removes N; the Lie algebra of every compact group H with L <= H <= Aut_u(K), K admissible, is l, l + M1 (the su(4) image) or l + M2 (its R_B conjugate)
