witnesses 416
orbits 53 (without the conjugation sign on the permutation: 53; same partition: True)
orbit  n  supports  straight  hulls(strict/relaxed)
  0    2  [48, 64]     True  [] []
  1    8  [48, 64, 80] True  [] []
  2    8  [48, 64, 80] True  [] []
  3    2  [48, 64]     True  [] []
  4    2  [48, 64]     True  [] []
  5    8  [48, 64, 80] True  [] []
  6    8  [48, 64, 80] True  [] []
  7   22  [48, 64, 80] True  [] []
  8    2  [48, 64]     True  [] []
  9   16  [48, 64, 80] True  [] []
 10    2  [64, 80]     True  [] []
 11    2  [64, 80]     True  [] []
 12    1  [64]         True  [] []
 13    2  [64, 80]     True  [] []
 14    2  [64, 80]     True  [] []
 15    1  [64]         True  [] []
 16    8  [64, 80, 96] True  [] []
 17    8  [64, 80, 96] True  [] []
 18    8  [64, 80, 96] True  [] []
 19    8  [64, 80, 96] True  [] []
 20    8  [64, 80, 96] True  [] []
 21    8  [64, 80, 96] True  [] []
 22    2  [64, 80]     True  [] []
 23    2  [64, 80]     True  [] []
 24    8  [64, 80, 96] True  [] []
 25    8  [64, 80, 96] True  [] []
 26    8  [64, 80, 96] True  [] []
 27    8  [64, 80, 96] True  [] []
 28    2  [64, 80]     True  [] []
 29   16  [64, 80, 96] True  [] []
 30   24  [64, 80, 96, 112, 128] True  [] []
 31    8  [64, 80, 96] True  [] []
 32    2  [64, 80]     True  [] []
 33    8  [64, 80, 96] True  [] []
 34   16  [64, 80, 96] True  [] []
 35   16  [64, 80, 96] True  [] []
 36    8  [80, 96, 112] True  [] []
 37    8  [80, 96, 112] True  [] []
 38    8  [80, 96, 112] True  [] []
 39    8  [80, 96, 112] True  [] []
 40    8  [80, 96, 112] True  [] []
 41    8  [80, 96, 112] True  [] []
 42    8  [80, 96, 112] True  [] []
 43    8  [80, 96, 112] True  [] []
 44   16  [80, 96, 112] True  [] []
 45    8  [80, 96, 112] True  [] []
 46    8  [80, 96, 112] True  [] []
 47    8  [80, 96, 112] True  [] []
 48    8  [80, 96, 112] True  [] []
 49   16  [80, 96, 112] True  [] []
 50    8  [96, 112, 128] True  [] []
 51    8  [96, 112, 128] True  [] []
 52    8  [96, 112, 128] True  [] []
all straight and in no hull: True
support histogram of orbit representatives: {48: 10, 64: 26, 80: 14, 96: 3}
15s
