exact controls: enumerated splitters failing the direct check 0 ; random non-enumerated sub-supports passing it 0 of 208
47s
orbit  members: (#splitters, #atoms, atom sizes, atoms jointly realizable)
  0 [(8, 3, (16, 16, 16), True), (16, 4, (16, 16, 16, 16), True)]
  1 [(8, 3, (16, 16, 16), True), (16, 4, (16, 16, 16, 16), True), (32, 5, (16, 16, 16, 16, 16), True)]
  2 [(8, 3, (16, 16, 16), True), (16, 4, (16, 16, 16, 16), True), (32, 5, (16, 16, 16, 16, 16), True)]
  3 [(8, 3, (16, 16, 16), True), (16, 4, (16, 16, 16, 16), True)]
  4 [(8, 3, (16, 16, 16), True), (16, 4, (16, 16, 16, 16), True)]
  5 [(8, 3, (16, 16, 16), True), (16, 4, (16, 16, 16, 16), True), (32, 5, (16, 16, 16, 16, 16), True)]
  6 [(8, 3, (16, 16, 16), True), (16, 4, (16, 16, 16, 16), True), (32, 5, (16, 16, 16, 16, 16), True)]
  7 [(8, 3, (16, 16, 16), True), (16, 4, (16, 16, 16, 16), True), (32, 5, (16, 16, 16, 16, 16), True), (48, 7, (8, 8, 8, 8, 16, 16, 16), False)]
  8 [(8, 3, (16, 16, 16), True), (16, 4, (16, 16, 16, 16), True)]
  9 [(8, 3, (16, 16, 16), True), (16, 4, (16, 16, 16, 16), True), (32, 5, (16, 16, 16, 16, 16), True)]
 10 [(16, 4, (16, 16, 16, 16), True), (32, 5, (16, 16, 16, 16, 16), True)]
 11 [(16, 4, (16, 16, 16, 16), True), (32, 5, (16, 16, 16, 16, 16), True)]
 12 [(16, 4, (16, 16, 16, 16), True)]
 13 [(16, 4, (16, 16, 16, 16), True), (32, 5, (16, 16, 16, 16, 16), True)]
 14 [(16, 4, (16, 16, 16, 16), True), (32, 5, (16, 16, 16, 16, 16), True)]
 15 [(16, 4, (16, 16, 16, 16), True)]
 16 [(16, 4, (16, 16, 16, 16), True), (32, 5, (16, 16, 16, 16, 16), True), (64, 6, (16, 16, 16, 16, 16, 16), True)]
 17 [(16, 4, (16, 16, 16, 16), True), (32, 5, (16, 16, 16, 16, 16), True), (64, 6, (16, 16, 16, 16, 16, 16), True)]
 18 [(16, 4, (16, 16, 16, 16), True), (32, 5, (16, 16, 16, 16, 16), True), (64, 6, (16, 16, 16, 16, 16, 16), True)]
 19 [(16, 4, (16, 16, 16, 16), True), (32, 5, (16, 16, 16, 16, 16), True), (64, 6, (16, 16, 16, 16, 16, 16), True)]
 20 [(16, 4, (16, 16, 16, 16), True), (32, 5, (16, 16, 16, 16, 16), True), (64, 6, (16, 16, 16, 16, 16, 16), True)]
 21 [(16, 4, (16, 16, 16, 16), True), (32, 5, (16, 16, 16, 16, 16), True), (64, 6, (16, 16, 16, 16, 16, 16), True)]
 22 [(16, 4, (16, 16, 16, 16), True), (32, 5, (16, 16, 16, 16, 16), True)]
 23 [(16, 4, (16, 16, 16, 16), True), (32, 5, (16, 16, 16, 16, 16), True)]
 24 [(16, 4, (16, 16, 16, 16), True), (32, 5, (16, 16, 16, 16, 16), True), (64, 6, (16, 16, 16, 16, 16, 16), True)]
 25 [(16, 4, (16, 16, 16, 16), True), (32, 5, (16, 16, 16, 16, 16), True), (64, 6, (16, 16, 16, 16, 16, 16), True)]
 26 [(16, 4, (16, 16, 16, 16), True), (32, 5, (16, 16, 16, 16, 16), True), (64, 6, (16, 16, 16, 16, 16, 16), True)]
 27 [(16, 4, (16, 16, 16, 16), True), (32, 5, (16, 16, 16, 16, 16), True), (64, 6, (16, 16, 16, 16, 16, 16), True)]
 28 [(16, 4, (16, 16, 16, 16), True), (32, 5, (16, 16, 16, 16, 16), True)]
 29 [(16, 4, (16, 16, 16, 16), True), (32, 5, (16, 16, 16, 16, 16), True), (64, 6, (16, 16, 16, 16, 16, 16), True)]
 30 [(16, 4, (16, 16, 16, 16), True), (32, 5, (16, 16, 16, 16, 16), True), (64, 6, (16, 16, 16, 16, 16, 16), True), (128, 7, (16, 16, 16, 16, 16, 16, 16), True), (256, 8, (16, 16, 16, 16, 16, 16, 16, 16), True)]
 31 [(16, 4, (16, 16, 16, 16), True), (32, 5, (16, 16, 16, 16, 16), True), (64, 6, (16, 16, 16, 16, 16, 16), True)]
 32 [(16, 4, (16, 16, 16, 16), True), (32, 5, (16, 16, 16, 16, 16), True)]
 33 [(16, 4, (16, 16, 16, 16), True), (32, 5, (16, 16, 16, 16, 16), True), (64, 6, (16, 16, 16, 16, 16, 16), True)]
 34 [(16, 4, (16, 16, 16, 16), True), (32, 5, (16, 16, 16, 16, 16), True), (64, 6, (16, 16, 16, 16, 16, 16), True)]
 35 [(16, 4, (16, 16, 16, 16), True), (32, 5, (16, 16, 16, 16, 16), True), (64, 6, (16, 16, 16, 16, 16, 16), True)]
 36 [(32, 5, (16, 16, 16, 16, 16), True), (64, 6, (16, 16, 16, 16, 16, 16), True), (128, 7, (16, 16, 16, 16, 16, 16, 16), True)]
 37 [(32, 5, (16, 16, 16, 16, 16), True), (64, 6, (16, 16, 16, 16, 16, 16), True), (128, 7, (16, 16, 16, 16, 16, 16, 16), True)]
 38 [(32, 5, (16, 16, 16, 16, 16), True), (64, 6, (16, 16, 16, 16, 16, 16), True), (128, 7, (16, 16, 16, 16, 16, 16, 16), True)]
 39 [(32, 5, (16, 16, 16, 16, 16), True), (64, 6, (16, 16, 16, 16, 16, 16), True), (128, 7, (16, 16, 16, 16, 16, 16, 16), True)]
 40 [(32, 5, (16, 16, 16, 16, 16), True), (64, 6, (16, 16, 16, 16, 16, 16), True), (128, 7, (16, 16, 16, 16, 16, 16, 16), True)]
 41 [(32, 5, (16, 16, 16, 16, 16), True), (64, 6, (16, 16, 16, 16, 16, 16), True), (128, 7, (16, 16, 16, 16, 16, 16, 16), True)]
 42 [(32, 5, (16, 16, 16, 16, 16), True), (64, 6, (16, 16, 16, 16, 16, 16), True), (128, 7, (16, 16, 16, 16, 16, 16, 16), True)]
 43 [(32, 5, (16, 16, 16, 16, 16), True), (64, 6, (16, 16, 16, 16, 16, 16), True), (128, 7, (16, 16, 16, 16, 16, 16, 16), True)]
 44 [(32, 5, (16, 16, 16, 16, 16), True), (64, 6, (16, 16, 16, 16, 16, 16), True), (128, 7, (16, 16, 16, 16, 16, 16, 16), True)]
 45 [(32, 5, (16, 16, 16, 16, 16), True), (64, 6, (16, 16, 16, 16, 16, 16), True), (128, 7, (16, 16, 16, 16, 16, 16, 16), True)]
 46 [(32, 5, (16, 16, 16, 16, 16), True), (64, 6, (16, 16, 16, 16, 16, 16), True), (128, 7, (16, 16, 16, 16, 16, 16, 16), True)]
 47 [(32, 5, (16, 16, 16, 16, 16), True), (64, 6, (16, 16, 16, 16, 16, 16), True), (128, 7, (16, 16, 16, 16, 16, 16, 16), True)]
 48 [(32, 5, (16, 16, 16, 16, 16), True), (64, 6, (16, 16, 16, 16, 16, 16), True), (128, 7, (16, 16, 16, 16, 16, 16, 16), True)]
 49 [(32, 5, (16, 16, 16, 16, 16), True), (64, 6, (16, 16, 16, 16, 16, 16), True), (128, 7, (16, 16, 16, 16, 16, 16, 16), True)]
 50 [(64, 6, (16, 16, 16, 16, 16, 16), True), (128, 7, (16, 16, 16, 16, 16, 16, 16), True), (256, 8, (16, 16, 16, 16, 16, 16, 16, 16), True)]
 51 [(64, 6, (16, 16, 16, 16, 16, 16), True), (128, 7, (16, 16, 16, 16, 16, 16, 16), True), (256, 8, (16, 16, 16, 16, 16, 16, 16, 16), True)]
 52 [(64, 6, (16, 16, 16, 16, 16, 16), True), (128, 7, (16, 16, 16, 16, 16, 16, 16), True), (256, 8, (16, 16, 16, 16, 16, 16, 16, 16), True)]
every member: #splitters == 2^#atoms: False
every member: atom family jointly realizable: False
47s
