distinct atoms 34
 0 used by 416  rect R=[(0, 1), (0, 3), (1, 0), (1, 2), (2, 1), (2, 3), (3, 0), (3, 2)] K=[(0, 2), (2, 0)] straight True  hulls [('k2', 'column'), ('t1', 'column'), ('t2', 'column'), ('t3', 'column'), ('t3', 'row')]
 1 used by 192  rect R=[(2, 2)] K=[(0, 0), (0, 1), (0, 2), (0, 3), (1, 0), (1, 1), (1, 2), (1, 3), (2, 0), (2, 1), (2, 2), (2, 3), (3, 0), (3, 1), (3, 2), (3, 3)] straight True  hulls [('k1', 'row'), ('k2', 'row'), ('k3', 'row'), ('k4', 'row'), ('e1', 'row'), ('e2', 'row'), ('t1', 'row'), ('t2', 'row'), ('t3', 'row')] relaxed [('k1', 'column'), ('k1', 'row'), ('k2', 'column'), ('k2', 'row'), ('k3', 'column'), ('k3', 'row'), ('k4', 'column'), ('k4', 'row'), ('e1', 'column'), ('e1', 'row'), ('e2', 'column'), ('e2', 'row'), ('t1', 'column'), ('t1', 'row'), ('t2', 'column'), ('t2', 'row'), ('t3', 'column'), ('t3', 'row')]
 2 used by 160  rect R=[(0, 1), (0, 3), (2, 1), (2, 3)] K=[(0, 1), (0, 3), (2, 1), (2, 3)] straight True  hulls [('k2', 'column'), ('k2', 'row'), ('t1', 'column'), ('t1', 'row'), ('t2', 'column'), ('t2', 'row'), ('t3', 'column'), ('t3', 'row')]
 3 used by 144  rect R=[(1, 2), (3, 0)] K=[(0, 1), (0, 3), (1, 0), (1, 2), (2, 1), (2, 3), (3, 0), (3, 2)] straight True  hulls [('k2', 'row'), ('t1', 'row'), ('t2', 'row'), ('t3', 'column'), ('t3', 'row')]
 4 used by 136  rect R=[(3, 0), (3, 2)] K=[(0, 1), (0, 3), (1, 1), (1, 3), (2, 1), (2, 3), (3, 1), (3, 3)] straight True  hulls [('k1', 'row'), ('k2', 'row'), ('k3', 'row'), ('e1', 'row'), ('t1', 'row'), ('t2', 'column'), ('t2', 'row'), ('t3', 'row')]
 5 used by 135  rect R=[(3, 1)] K=[(0, 0), (0, 1), (0, 2), (0, 3), (1, 0), (1, 1), (1, 2), (1, 3), (2, 0), (2, 1), (2, 2), (2, 3), (3, 0), (3, 1), (3, 2), (3, 3)] straight True  hulls [('k1', 'row'), ('k2', 'row'), ('k3', 'row'), ('k4', 'row'), ('e1', 'row'), ('e2', 'row'), ('t1', 'row'), ('t2', 'row'), ('t3', 'row')] relaxed [('k1', 'column'), ('k1', 'row'), ('k2', 'column'), ('k2', 'row'), ('k3', 'column'), ('k3', 'row'), ('k4', 'column'), ('k4', 'row'), ('e1', 'column'), ('e1', 'row'), ('e2', 'column'), ('e2', 'row'), ('t1', 'column'), ('t1', 'row'), ('t2', 'column'), ('t2', 'row'), ('t3', 'column'), ('t3', 'row')]
 6 used by 134  rect R=[(1, 3), (3, 3)] K=[(0, 0), (0, 1), (0, 2), (0, 3), (2, 0), (2, 1), (2, 2), (2, 3)] straight True  hulls [('k2', 'row'), ('k4', 'row'), ('e2', 'row'), ('t1', 'column'), ('t1', 'row'), ('t2', 'row'), ('t3', 'row')]
 7 used by  96  rect R=[(0, 3), (2, 3)] K=[(1, 0), (1, 1), (1, 2), (1, 3), (3, 0), (3, 1), (3, 2), (3, 3)] straight True  hulls [('k2', 'row'), ('k4', 'row'), ('e2', 'row'), ('t1', 'column'), ('t1', 'row'), ('t2', 'row'), ('t3', 'row')]
 8 used by  96  rect R=[(0, 1), (2, 1)] K=[(1, 0), (1, 1), (1, 2), (1, 3), (3, 0), (3, 1), (3, 2), (3, 3)] straight True  hulls [('k2', 'row'), ('k4', 'row'), ('e2', 'row'), ('t1', 'column'), ('t1', 'row'), ('t2', 'row'), ('t3', 'row')]
 9 used by  65  rect R=[(3, 1), (3, 3)] K=[(0, 0), (0, 2), (1, 0), (1, 2), (2, 0), (2, 2), (3, 0), (3, 2)] straight True  hulls [('k1', 'row'), ('k2', 'row'), ('k3', 'row'), ('e1', 'row'), ('t1', 'row'), ('t2', 'column'), ('t2', 'row'), ('t3', 'row')]
10 used by  65  rect R=[(1, 3)] K=[(0, 0), (0, 1), (0, 2), (0, 3), (1, 0), (1, 1), (1, 2), (1, 3), (2, 0), (2, 1), (2, 2), (2, 3), (3, 0), (3, 1), (3, 2), (3, 3)] straight True  hulls [('k1', 'row'), ('k2', 'row'), ('k3', 'row'), ('k4', 'row'), ('e1', 'row'), ('e2', 'row'), ('t1', 'row'), ('t2', 'row'), ('t3', 'row')] relaxed [('k1', 'column'), ('k1', 'row'), ('k2', 'column'), ('k2', 'row'), ('k3', 'column'), ('k3', 'row'), ('k4', 'column'), ('k4', 'row'), ('e1', 'column'), ('e1', 'row'), ('e2', 'column'), ('e2', 'row'), ('t1', 'column'), ('t1', 'row'), ('t2', 'column'), ('t2', 'row'), ('t3', 'column'), ('t3', 'row')]
11 used by  64  rect R=[(0, 3), (1, 3), (2, 3), (3, 3)] K=[(1, 0), (1, 1), (1, 2), (1, 3)] straight True  hulls [('k1', 'column'), ('k4', 'row'), ('t1', 'column'), ('t2', 'row')]
12 used by  64  rect R=[(3, 0), (3, 1), (3, 2), (3, 3)] K=[(0, 1), (1, 1), (2, 1), (3, 1)] straight True  hulls [('k1', 'row'), ('k4', 'column'), ('t1', 'row'), ('t2', 'column')]
13 used by  64  rect R=[(3, 0), (3, 1), (3, 2), (3, 3)] K=[(0, 3), (1, 3), (2, 3), (3, 3)] straight True  hulls [('k1', 'row'), ('k4', 'column'), ('t1', 'row'), ('t2', 'column')]
14 used by  64  rect R=[(0, 3), (1, 3), (2, 3), (3, 3)] K=[(3, 0), (3, 1), (3, 2), (3, 3)] straight True  hulls [('k1', 'column'), ('k4', 'row'), ('t1', 'column'), ('t2', 'row')]
15 used by  64  rect R=[(0, 1), (1, 3), (2, 1), (3, 3)] K=[(1, 1), (1, 3), (3, 0), (3, 2)] straight True  hulls [('k3', 'column'), ('t1', 'column'), ('t2', 'row')]
16 used by  64  rect R=[(0, 1), (1, 3), (2, 1), (3, 3)] K=[(1, 0), (1, 2), (3, 1), (3, 3)] straight True  hulls [('k3', 'column'), ('t1', 'column'), ('t2', 'row')]
17 used by  32  rect R=[(0, 3), (2, 1)] K=[(0, 1), (0, 3), (1, 0), (1, 2), (2, 1), (2, 3), (3, 0), (3, 2)] straight True  hulls [('k2', 'row'), ('t1', 'row'), ('t2', 'row'), ('t3', 'column'), ('t3', 'row')]
18 used by  32  rect R=[(0, 1), (2, 3)] K=[(0, 1), (0, 3), (1, 0), (1, 2), (2, 1), (2, 3), (3, 0), (3, 2)] straight True  hulls [('k2', 'row'), ('t1', 'row'), ('t2', 'row'), ('t3', 'column'), ('t3', 'row')]
19 used by  32  rect R=[(0, 1), (0, 3), (2, 1), (2, 3)] K=[(1, 1), (1, 3), (3, 1), (3, 3)] straight True  hulls [('k2', 'column'), ('k2', 'row'), ('t1', 'column'), ('t1', 'row'), ('t2', 'column'), ('t2', 'row'), ('t3', 'column'), ('t3', 'row')]
20 used by  32  rect R=[(2, 0), (2, 1), (2, 2), (2, 3)] K=[(0, 1), (1, 1), (2, 1), (3, 1)] straight True  hulls [('k1', 'row'), ('k4', 'column'), ('t1', 'row'), ('t2', 'column')]
21 used by   7  rect R=[(3, 3)] K=[(0, 0), (0, 1), (0, 2), (0, 3), (1, 0), (1, 1), (1, 2), (1, 3), (2, 0), (2, 1), (2, 2), (2, 3), (3, 0), (3, 1), (3, 2), (3, 3)] straight True  hulls [('k1', 'row'), ('k2', 'row'), ('k3', 'row'), ('k4', 'row'), ('e1', 'row'), ('e2', 'row'), ('t1', 'row'), ('t2', 'row'), ('t3', 'row')] relaxed [('k1', 'column'), ('k1', 'row'), ('k2', 'column'), ('k2', 'row'), ('k3', 'column'), ('k3', 'row'), ('k4', 'column'), ('k4', 'row'), ('e1', 'column'), ('e1', 'row'), ('e2', 'column'), ('e2', 'row'), ('t1', 'column'), ('t1', 'row'), ('t2', 'column'), ('t2', 'row'), ('t3', 'column'), ('t3', 'row')]
22 used by   6  rect R=[(1, 3), (3, 1)] K=[(0, 1), (0, 3), (1, 0), (1, 2), (2, 1), (2, 3), (3, 0), (3, 2)] straight True  hulls [('k2', 'row'), ('t1', 'row'), ('t2', 'row'), ('t3', 'column'), ('t3', 'row')]
23 used by   6  rect R=[(1, 3), (3, 1)] K=[(0, 0), (0, 2), (1, 1), (1, 3), (2, 0), (2, 2), (3, 1), (3, 3)] straight True  hulls [('k2', 'row'), ('t1', 'row'), ('t2', 'row'), ('t3', 'column'), ('t3', 'row')]
24 used by   6  rect R=[(1, 3), (3, 3)] K=[(1, 0), (1, 1), (1, 2), (1, 3), (3, 0), (3, 1), (3, 2), (3, 3)] straight True  hulls [('k2', 'row'), ('k4', 'row'), ('e2', 'row'), ('t1', 'column'), ('t1', 'row'), ('t2', 'row'), ('t3', 'row')]
25 used by   1  rect R=[(3, 1), (3, 3)] K=[(0, 1), (0, 3), (1, 1), (1, 3), (2, 1), (2, 3), (3, 1), (3, 3)] straight True  hulls [('k1', 'row'), ('k2', 'row'), ('k3', 'row'), ('e1', 'row'), ('t1', 'row'), ('t2', 'column'), ('t2', 'row'), ('t3', 'row')]
26 used by   1  rect R=[(3, 1)] K=[(0, 0), (0, 2), (1, 0), (1, 2), (2, 0), (2, 2), (3, 0), (3, 2)] straight False  hulls [('k1', 'row'), ('k2', 'row'), ('k3', 'row'), ('e1', 'row'), ('t1', 'row'), ('t2', 'row'), ('t3', 'row')]
27 used by   1  rect R=[(3, 1)] K=[(0, 1), (0, 3), (1, 1), (1, 3), (2, 1), (2, 3), (3, 1), (3, 3)] straight False  hulls [('k1', 'row'), ('k2', 'row'), ('k3', 'row'), ('e1', 'row'), ('t1', 'row'), ('t2', 'row'), ('t3', 'row')]
28 used by   1  rect R=[(3, 3)] K=[(0, 0), (0, 2), (1, 0), (1, 2), (2, 0), (2, 2), (3, 0), (3, 2)] straight False  hulls [('k1', 'row'), ('k2', 'row'), ('k3', 'row'), ('e1', 'row'), ('t1', 'row'), ('t2', 'row'), ('t3', 'row')]
29 used by   1  rect R=[(3, 3)] K=[(0, 1), (0, 3), (1, 1), (1, 3), (2, 1), (2, 3), (3, 1), (3, 3)] straight False  hulls [('k1', 'row'), ('k2', 'row'), ('k3', 'row'), ('e1', 'row'), ('t1', 'row'), ('t2', 'row'), ('t3', 'row')]
30 used by   1  rect R=[(1, 3)] K=[(0, 0), (0, 1), (0, 2), (0, 3), (2, 0), (2, 1), (2, 2), (2, 3)] straight False  hulls [('k2', 'row'), ('k4', 'row'), ('e2', 'row'), ('t1', 'row'), ('t2', 'row'), ('t3', 'row')]
31 used by   1  rect R=[(1, 3)] K=[(1, 0), (1, 1), (1, 2), (1, 3), (3, 0), (3, 1), (3, 2), (3, 3)] straight False  hulls [('k2', 'row'), ('k4', 'row'), ('e2', 'row'), ('t1', 'row'), ('t2', 'row'), ('t3', 'row')]
32 used by   1  rect R=[(3, 3)] K=[(0, 0), (0, 1), (0, 2), (0, 3), (2, 0), (2, 1), (2, 2), (2, 3)] straight False  hulls [('k2', 'row'), ('k4', 'row'), ('e2', 'row'), ('t1', 'row'), ('t2', 'row'), ('t3', 'row')]
33 used by   1  rect R=[(3, 3)] K=[(1, 0), (1, 1), (1, 2), (1, 3), (3, 0), (3, 1), (3, 2), (3, 3)] straight False  hulls [('k2', 'row'), ('k4', 'row'), ('e2', 'row'), ('t1', 'row'), ('t2', 'row'), ('t3', 'row')]
3s
