orbit  0 m386 d=3 g0 [(8, 2), (2, 8), (4, 4)] cand 54 ne(s/r/sorted) 52/52/32
   strict  ['u1 = -1', 'u1 = 1', 'u2 = -1', 'u2 = 1', 'u3 = 1']
   relaxed ['u1 = -1', 'u1 = 1', 'u2 = -1', 'u2 = 1', 'u3 = 1']
   sorted  ['u1 = -1', 'u1 = 1', 'u2 = -1', 'u2 = 1', 'u3 = 1'] | sorted-relaxed ['u1 = -1', 'u1 = 1', 'u2 = -1', 'u2 = 1', 'u3 = 1']
   line strict ['u1 = -1', 'u1 = 1'] relaxed ['u1 = -1', 'u1 = 1'] sorted ['u1 = -1', 'u1 = 1']  39s
orbit  1 m 56 d=3 g0 [(8, 2), (4, 4), (2, 8)] cand 46 ne(s/r/sorted) 43/43/33
   strict  ['u1 = -1', 'u1 = 1', 'u2 = 1', 'u3 = -1', 'u3 = 1']
   relaxed ['u1 = -1', 'u1 = 1', 'u2 = 1', 'u3 = -1', 'u3 = 1']
   sorted  ['u1 = -1', 'u1 = 1', 'u2 = 1', 'u3 = -1', 'u3 = 1'] | sorted-relaxed ['u1 = -1', 'u1 = 1', 'u2 = 1', 'u3 = -1', 'u3 = 1']
   line strict ['u1 = -1', 'u1 = 1'] relaxed ['u1 = -1', 'u1 = 1'] sorted ['u1 = -1', 'u1 = 1']  40s
orbit  2 m 57 d=3 g0 [(8, 2), (4, 4), (2, 8)] cand 54 ne(s/r/sorted) 52/52/32
   strict  ['u1 = -1', 'u1 = 1', 'u2 = 1', 'u3 = -1', 'u3 = 1']
   relaxed ['u1 = -1', 'u1 = 1', 'u2 = 1', 'u3 = -1', 'u3 = 1']
   sorted  ['u1 = -1', 'u1 = 1', 'u2 = 1', 'u3 = -1', 'u3 = 1'] | sorted-relaxed ['u1 = -1', 'u1 = 1', 'u2 = 1', 'u3 = -1', 'u3 = 1']
   line strict ['u1 = -1', 'u1 = 1'] relaxed ['u1 = -1', 'u1 = 1'] sorted ['u1 = -1', 'u1 = 1']  40s
orbit  3 m390 d=3 g0 [(8, 2), (2, 8), (4, 4)] cand 46 ne(s/r/sorted) 43/43/30
   strict  ['u1 = -1', 'u1 = 1', 'u2 = -1', 'u2 = 1', 'u3 = 1']
   relaxed ['u1 = -1', 'u1 = 1', 'u2 = -1', 'u2 = 1', 'u3 = 1']
   sorted  ['u1 = -1', 'u1 = 1', 'u2 = -1', 'u2 = 1', 'u3 = 1'] | sorted-relaxed ['u1 = -1', 'u1 = 1', 'u2 = -1', 'u2 = 1', 'u3 = 1']
   line strict ['u1 = -1', 'u1 = 1'] relaxed ['u1 = -1', 'u1 = 1'] sorted ['u1 = -1', 'u1 = 1']  58s
orbit  4 m388 d=3 g0 [(8, 2), (2, 8), (4, 4)] cand 54 ne(s/r/sorted) 42/52/30
   strict  ['u1 = -1', 'u1 = 1', 'u2 = 1', 'u3 = 1']
   relaxed ['u1 = -1', 'u1 = 1', 'u2 = -1', 'u2 = 1', 'u3 = 1']
   sorted  ['u1 = -1', 'u1 = 1', 'u2 = 1', 'u3 = 1'] | sorted-relaxed ['u1 = -1', 'u1 = 1', 'u2 = -1', 'u2 = 1', 'u3 = 1']
   line strict ['u1 = -1', 'u1 = 1'] relaxed ['u1 = -1', 'u1 = 1'] sorted ['u1 = -1', 'u1 = 1']  70s
orbit  5 m 16 d=3 g0 [(8, 2), (4, 4), (2, 8)] cand 46 ne(s/r/sorted) 43/43/33
   strict  ['u1 = -1', 'u1 = 1', 'u2 = 1', 'u3 = -1', 'u3 = 1']
   relaxed ['u1 = -1', 'u1 = 1', 'u2 = 1', 'u3 = -1', 'u3 = 1']
   sorted  ['u1 = -1', 'u1 = 1', 'u2 = 1', 'u3 = -1', 'u3 = 1'] | sorted-relaxed ['u1 = -1', 'u1 = 1', 'u2 = 1', 'u3 = -1', 'u3 = 1']
   line strict ['u1 = -1', 'u1 = 1'] relaxed ['u1 = -1', 'u1 = 1'] sorted ['u1 = -1', 'u1 = 1']  68s
orbit  6 m 17 d=3 g0 [(8, 2), (4, 4), (2, 8)] cand 54 ne(s/r/sorted) 52/52/32
   strict  ['u1 = -1', 'u1 = 1', 'u2 = 1', 'u3 = -1', 'u3 = 1']
   relaxed ['u1 = -1', 'u1 = 1', 'u2 = 1', 'u3 = -1', 'u3 = 1']
   sorted  ['u1 = -1', 'u1 = 1', 'u2 = 1', 'u3 = -1', 'u3 = 1'] | sorted-relaxed ['u1 = -1', 'u1 = 1', 'u2 = 1', 'u3 = -1', 'u3 = 1']
   line strict ['u1 = -1', 'u1 = 1'] relaxed ['u1 = -1', 'u1 = 1'] sorted ['u1 = -1', 'u1 = 1']  73s
orbit  7 m400 d=3 g0 [(8, 2), (2, 8), (4, 4)] cand 54 ne(s/r/sorted) 52/52/32
   strict  ['u1 = -1', 'u1 = 1', 'u2 = -1', 'u2 = 1', 'u3 = 1']
   relaxed ['u1 = -1', 'u1 = 1', 'u2 = -1', 'u2 = 1', 'u3 = 1']
   sorted  ['u1 = -1', 'u1 = 1', 'u2 = -1', 'u2 = 1', 'u3 = 1'] | sorted-relaxed ['u1 = -1', 'u1 = 1', 'u2 = -1', 'u2 = 1', 'u3 = 1']
   line strict ['u1 = -1', 'u1 = 1'] relaxed ['u1 = -1', 'u1 = 1'] sorted ['u1 = -1', 'u1 = 1']  83s
orbit  8 m384 d=3 g0 [(8, 2), (2, 8), (4, 4)] cand 46 ne(s/r/sorted) 37/43/28
   strict  ['u1 = -1', 'u1 = 1', 'u2 = 1', 'u3 = 1']
   relaxed ['u1 = -1', 'u1 = 1', 'u2 = -1', 'u2 = 1', 'u3 = 1']
   sorted  ['u1 = -1', 'u1 = 1', 'u2 = 1', 'u3 = 1'] | sorted-relaxed ['u1 = -1', 'u1 = 1', 'u2 = -1', 'u2 = 1', 'u3 = 1']
   line strict ['u1 = -1', 'u1 = 1'] relaxed ['u1 = -1', 'u1 = 1'] sorted ['u1 = -1', 'u1 = 1']  74s
orbit  9 m 28 d=3 g0 [(8, 2), (2, 8), (4, 4)] cand 46 ne(s/r/sorted) 43/43/30
   strict  ['u1 = -1', 'u1 = 1', 'u2 = -1', 'u2 = 1', 'u3 = 1']
   relaxed ['u1 = -1', 'u1 = 1', 'u2 = -1', 'u2 = 1', 'u3 = 1']
   sorted  ['u1 = -1', 'u1 = 1', 'u2 = -1', 'u2 = 1', 'u3 = 1'] | sorted-relaxed ['u1 = -1', 'u1 = 1', 'u2 = -1', 'u2 = 1', 'u3 = 1']
   line strict ['u1 = -1', 'u1 = 1'] relaxed ['u1 = -1', 'u1 = 1'] sorted ['u1 = -1', 'u1 = 1']  66s
orbit 10 m396 d=4 g0 [(8, 2), (2, 8), (4, 4), (2, 8)] cand 76 ne(s/r/sorted) 58/73/40
   strict  ['u1 = -1', 'u1 = 1', 'u2 = 1', 'u3 = 1']
   relaxed ['u1 = -1', 'u1 = 1', 'u2 = -1', 'u2 = 1', 'u3 = 1']
   sorted  ['u1 = -1', 'u1 = 1', 'u2 = 1', 'u3 = 1'] | sorted-relaxed ['u1 = -1', 'u1 = 1', 'u2 = -1', 'u2 = 1', 'u3 = 1']
   line strict ['u1 = -1', 'u1 = 1'] relaxed ['u1 = -1', 'u1 = 1'] sorted ['u1 = -1', 'u1 = 1']  70s
orbit 11 m394 d=4 g0 [(8, 2), (2, 8), (4, 4), (2, 8)] cand 76 ne(s/r/sorted) 73/73/43
   strict  ['u1 = -1', 'u1 = 1', 'u2 = -1', 'u2 = 1', 'u3 = 1']
   relaxed ['u1 = -1', 'u1 = 1', 'u2 = -1', 'u2 = 1', 'u3 = 1']
   sorted  ['u1 = -1', 'u1 = 1', 'u2 = -1', 'u2 = 1', 'u3 = 1'] | sorted-relaxed ['u1 = -1', 'u1 = 1', 'u2 = -1', 'u2 = 1', 'u3 = 1']
   line strict ['u1 = -1', 'u1 = 1'] relaxed ['u1 = -1', 'u1 = 1'] sorted ['u1 = -1', 'u1 = 1']  47s
orbit 12 m403 d=4 g0 [(8, 2), (2, 8), (4, 4), (2, 8)] cand 76 ne(s/r/sorted) 73/73/43
   strict  ['u1 = -1', 'u1 = 1', 'u2 = -1', 'u2 = 1', 'u3 = 1']
   relaxed ['u1 = -1', 'u1 = 1', 'u2 = -1', 'u2 = 1', 'u3 = 1']
   sorted  ['u1 = -1', 'u1 = 1', 'u2 = -1', 'u2 = 1', 'u3 = 1'] | sorted-relaxed ['u1 = -1', 'u1 = 1', 'u2 = -1', 'u2 = 1', 'u3 = 1']
   line strict ['u1 = -1', 'u1 = 1'] relaxed ['u1 = -1', 'u1 = 1'] sorted ['u1 = -1', 'u1 = 1']  61s
orbit 13 m408 d=4 g0 [(8, 2), (2, 8), (2, 8), (4, 4)] cand 94 ne(s/r/sorted) 92/92/48
   strict  ['u1 = -1', 'u1 = 1', 'u2 = -1, u3 = -1', 'u2 = -1, u3 = 1', 'u2 = 1, u3 = -1', 'u2 = 1, u3 = 1', 'u4 = 1']
   relaxed ['u1 = -1', 'u1 = 1', 'u2 = -1, u3 = -1', 'u2 = -1, u3 = 1', 'u2 = 1, u3 = -1', 'u2 = 1, u3 = 1', 'u4 = 1']
   sorted  ['u1 = -1', 'u1 = 1', 'u2 = -1, u3 = -1', 'u2 = -1, u3 = 1', 'u2 = 1, u3 = -1', 'u2 = 1, u3 = 1', 'u4 = 1'] | sorted-relaxed ['u1 = -1', 'u1 = 1', 'u2 = -1, u3 = -1', 'u2 = -1, u3 = 1', 'u2 = 1, u3 = -1', 'u2 = 1, u3 = 1', 'u4 = 1']
   line strict ['u1 = -1', 'u1 = 1'] relaxed ['u1 = -1', 'u1 = 1'] sorted ['u1 = -1', 'u1 = 1']  69s
orbit 14 m410 d=4 g0 [(8, 2), (2, 8), (2, 8), (4, 4)] cand 94 ne(s/r/sorted) 72/92/42
   strict  ['u1 = -1', 'u1 = 1', 'u2 = -1, u3 = 1', 'u2 = 1, u3 = 1', 'u4 = 1']
   relaxed ['u1 = -1', 'u1 = 1', 'u2 = -1, u3 = -1', 'u2 = -1, u3 = 1', 'u2 = 1, u3 = -1', 'u2 = 1, u3 = 1', 'u4 = 1']
   sorted  ['u1 = -1', 'u1 = 1', 'u2 = -1, u3 = 1', 'u2 = 1, u3 = 1', 'u4 = 1'] | sorted-relaxed ['u1 = -1', 'u1 = 1', 'u2 = -1, u3 = -1', 'u2 = -1, u3 = 1', 'u2 = 1, u3 = -1', 'u2 = 1, u3 = 1', 'u4 = 1']
   line strict ['u1 = -1', 'u1 = 1'] relaxed ['u1 = -1', 'u1 = 1'] sorted ['u1 = -1', 'u1 = 1']  56s
orbit 15 m402 d=4 g0 [(8, 2), (2, 8), (4, 4), (2, 8)] cand 76 ne(s/r/sorted) 62/73/36
   strict  ['u1 = -1', 'u1 = 1', 'u2 = -1', 'u2 = 1', 'u3 = 1']
   relaxed ['u1 = -1', 'u1 = 1', 'u2 = -1', 'u2 = 1', 'u3 = 1']
   sorted  ['u1 = -1', 'u1 = 1', 'u2 = -1', 'u2 = 1', 'u3 = 1'] | sorted-relaxed ['u1 = -1', 'u1 = 1', 'u2 = -1', 'u2 = 1', 'u3 = 1']
   line strict ['u1 = -1', 'u1 = 1'] relaxed ['u1 = -1', 'u1 = 1'] sorted ['u1 = -1', 'u1 = 1']  55s
orbit 16 m 60 d=4 g0 [(8, 2), (4, 4), (2, 8), (2, 8)] cand 60 ne(s/r/sorted) 48/55/36
   strict  ['u1 = -1', 'u1 = 1', 'u2 = 1', 'u4 = -1', 'u4 = 1']
   relaxed ['u1 = -1', 'u1 = 1', 'u2 = 1', 'u4 = -1', 'u4 = 1']
   sorted  ['u1 = -1', 'u1 = 1', 'u2 = 1', 'u4 = -1', 'u4 = 1'] | sorted-relaxed ['u1 = -1', 'u1 = 1', 'u2 = 1', 'u4 = -1', 'u4 = 1']
   line strict ['u1 = -1', 'u1 = 1'] relaxed ['u1 = -1', 'u1 = 1'] sorted ['u1 = -1', 'u1 = 1']  51s
orbit 17 m 64 d=4 g0 [(8, 2), (4, 4), (2, 8), (2, 8)] cand 60 ne(s/r/sorted) 55/55/39
   strict  ['u1 = -1', 'u1 = 1', 'u2 = 1', 'u4 = -1', 'u4 = 1']
   relaxed ['u1 = -1', 'u1 = 1', 'u2 = 1', 'u4 = -1', 'u4 = 1']
   sorted  ['u1 = -1', 'u1 = 1', 'u2 = 1', 'u4 = -1', 'u4 = 1'] | sorted-relaxed ['u1 = -1', 'u1 = 1', 'u2 = 1', 'u4 = -1', 'u4 = 1']
   line strict ['u1 = -1', 'u1 = 1'] relaxed ['u1 = -1', 'u1 = 1'] sorted ['u1 = -1', 'u1 = 1']  50s
orbit 18 m 80 d=4 g0 [(4, 4), (8, 2), (4, 4), (2, 8)] cand 46 ne(s/r/sorted) 43/43/33
   strict  ['u2 = -1', 'u2 = 1', 'u3 = 1', 'u4 = -1', 'u4 = 1']
   relaxed ['u2 = -1', 'u2 = 1', 'u3 = 1', 'u4 = -1', 'u4 = 1']
   sorted  ['u2 = -1', 'u2 = 1', 'u3 = 1', 'u4 = -1', 'u4 = 1'] | sorted-relaxed ['u2 = -1', 'u2 = 1', 'u3 = 1', 'u4 = -1', 'u4 = 1']
   line strict ['u1 = -1', 'u1 = 1'] relaxed ['u1 = -1', 'u1 = 1'] sorted ['u1 = -1', 'u1 = 1']  51s
orbit 19 m 61 d=4 g0 [(8, 2), (4, 4), (2, 8), (2, 8)] cand 76 ne(s/r/sorted) 62/73/38
   strict  ['u1 = -1', 'u1 = 1', 'u2 = 1', 'u3 = -1', 'u3 = 1']
   relaxed ['u1 = -1', 'u1 = 1', 'u2 = 1', 'u3 = -1', 'u3 = 1']
   sorted  ['u1 = -1', 'u1 = 1', 'u2 = 1', 'u3 = -1', 'u3 = 1'] | sorted-relaxed ['u1 = -1', 'u1 = 1', 'u2 = 1', 'u3 = -1', 'u3 = 1']
   line strict ['u1 = -1', 'u1 = 1'] relaxed ['u1 = -1', 'u1 = 1'] sorted ['u1 = -1', 'u1 = 1']  50s
orbit 20 m 81 d=4 g0 [(4, 4), (8, 2), (4, 4), (2, 8)] cand 54 ne(s/r/sorted) 52/52/32
   strict  ['u2 = -1', 'u2 = 1', 'u3 = 1', 'u4 = -1', 'u4 = 1']
   relaxed ['u2 = -1', 'u2 = 1', 'u3 = 1', 'u4 = -1', 'u4 = 1']
   sorted  ['u2 = -1', 'u2 = 1', 'u3 = 1', 'u4 = -1', 'u4 = 1'] | sorted-relaxed ['u2 = -1', 'u2 = 1', 'u3 = 1', 'u4 = -1', 'u4 = 1']
   line strict ['u1 = -1', 'u1 = 1'] relaxed ['u1 = -1', 'u1 = 1'] sorted ['u1 = -1', 'u1 = 1']  51s
orbit 21 m 65 d=4 g0 [(8, 2), (4, 4), (2, 8), (2, 8)] cand 76 ne(s/r/sorted) 73/73/41
   strict  ['u1 = -1', 'u1 = 1', 'u2 = 1', 'u4 = -1', 'u4 = 1']
   relaxed ['u1 = -1', 'u1 = 1', 'u2 = 1', 'u4 = -1', 'u4 = 1']
   sorted  ['u1 = -1', 'u1 = 1', 'u2 = 1', 'u4 = -1', 'u4 = 1'] | sorted-relaxed ['u1 = -1', 'u1 = 1', 'u2 = 1', 'u4 = -1', 'u4 = 1']
   line strict ['u1 = -1', 'u1 = 1'] relaxed ['u1 = -1', 'u1 = 1'] sorted ['u1 = -1', 'u1 = 1']  52s
orbit 22 m398 d=4 g0 [(8, 2), (2, 8), (4, 4), (2, 8)] cand 60 ne(s/r/sorted) 55/55/41
   strict  ['u1 = -1', 'u1 = 1', 'u2 = -1', 'u2 = 1', 'u3 = 1']
   relaxed ['u1 = -1', 'u1 = 1', 'u2 = -1', 'u2 = 1', 'u3 = 1']
   sorted  ['u1 = -1', 'u1 = 1', 'u2 = -1', 'u2 = 1', 'u3 = 1'] | sorted-relaxed ['u1 = -1', 'u1 = 1', 'u2 = -1', 'u2 = 1', 'u3 = 1']
   line strict ['u1 = -1', 'u1 = 1'] relaxed ['u1 = -1', 'u1 = 1'] sorted ['u1 = -1', 'u1 = 1']  57s
orbit 23 m412 d=4 g0 [(8, 2), (2, 8), (2, 8), (4, 4)] cand 76 ne(s/r/sorted) 73/73/41
   strict  ['u1 = -1', 'u1 = 1', 'u2 = -1, u3 = -1', 'u2 = -1, u3 = 1', 'u2 = 1, u3 = -1', 'u2 = 1, u3 = 1', 'u4 = 1']
   relaxed ['u1 = -1', 'u1 = 1', 'u2 = -1, u3 = -1', 'u2 = -1, u3 = 1', 'u2 = 1, u3 = -1', 'u2 = 1, u3 = 1', 'u4 = 1']
   sorted  ['u1 = -1', 'u1 = 1', 'u2 = -1, u3 = -1', 'u2 = -1, u3 = 1', 'u2 = 1, u3 = -1', 'u2 = 1, u3 = 1', 'u4 = 1'] | sorted-relaxed ['u1 = -1', 'u1 = 1', 'u2 = -1, u3 = -1', 'u2 = -1, u3 = 1', 'u2 = 1, u3 = -1', 'u2 = 1, u3 = 1', 'u4 = 1']
   line strict ['u1 = -1', 'u1 = 1'] relaxed ['u1 = -1', 'u1 = 1'] sorted ['u1 = -1', 'u1 = 1']  55s
orbit 24 m152 d=4 g0 [(8, 2), (2, 8), (4, 4), (2, 8)] cand 60 ne(s/r/sorted) 55/55/39
   strict  ['u1 = -1', 'u1 = 1', 'u3 = 1', 'u4 = -1', 'u4 = 1']
   relaxed ['u1 = -1', 'u1 = 1', 'u3 = 1', 'u4 = -1', 'u4 = 1']
   sorted  ['u1 = -1', 'u1 = 1', 'u3 = 1', 'u4 = -1', 'u4 = 1'] | sorted-relaxed ['u1 = -1', 'u1 = 1', 'u3 = 1', 'u4 = -1', 'u4 = 1']
   line strict ['u1 = -1', 'u1 = 1'] relaxed ['u1 = -1', 'u1 = 1'] sorted ['u1 = -1', 'u1 = 1']  46s
orbit 25 m 40 d=4 g0 [(4, 4), (8, 2), (4, 4), (2, 8)] cand 46 ne(s/r/sorted) 43/43/33
   strict  ['u2 = -1', 'u2 = 1', 'u3 = 1', 'u4 = -1', 'u4 = 1']
   relaxed ['u2 = -1', 'u2 = 1', 'u3 = 1', 'u4 = -1', 'u4 = 1']
   sorted  ['u2 = -1', 'u2 = 1', 'u3 = 1', 'u4 = -1', 'u4 = 1'] | sorted-relaxed ['u2 = -1', 'u2 = 1', 'u3 = 1', 'u4 = -1', 'u4 = 1']
   line strict ['u1 = -1', 'u1 = 1'] relaxed ['u1 = -1', 'u1 = 1'] sorted ['u1 = -1', 'u1 = 1']  41s
orbit 26 m153 d=4 g0 [(8, 2), (2, 8), (4, 4), (2, 8)] cand 76 ne(s/r/sorted) 73/73/41
   strict  ['u1 = -1', 'u1 = 1', 'u3 = 1', 'u4 = -1', 'u4 = 1']
   relaxed ['u1 = -1', 'u1 = 1', 'u3 = 1', 'u4 = -1', 'u4 = 1']
   sorted  ['u1 = -1', 'u1 = 1', 'u3 = 1', 'u4 = -1', 'u4 = 1'] | sorted-relaxed ['u1 = -1', 'u1 = 1', 'u3 = 1', 'u4 = -1', 'u4 = 1']
   line strict ['u1 = -1', 'u1 = 1'] relaxed ['u1 = -1', 'u1 = 1'] sorted ['u1 = -1', 'u1 = 1']  34s
orbit 27 m 41 d=4 g0 [(4, 4), (8, 2), (4, 4), (2, 8)] cand 54 ne(s/r/sorted) 52/52/32
   strict  ['u2 = -1', 'u2 = 1', 'u3 = 1', 'u4 = -1', 'u4 = 1']
   relaxed ['u2 = -1', 'u2 = 1', 'u3 = 1', 'u4 = -1', 'u4 = 1']
   sorted  ['u2 = -1', 'u2 = 1', 'u3 = 1', 'u4 = -1', 'u4 = 1'] | sorted-relaxed ['u2 = -1', 'u2 = 1', 'u3 = 1', 'u4 = -1', 'u4 = 1']
   line strict ['u1 = -1', 'u1 = 1'] relaxed ['u1 = -1', 'u1 = 1'] sorted ['u1 = -1', 'u1 = 1']  35s
orbit 28 m406 d=4 g0 [(8, 2), (2, 8), (2, 8), (4, 4)] cand 76 ne(s/r/sorted) 62/73/38
   strict  ['u1 = -1', 'u1 = 1', 'u2 = -1, u3 = 1', 'u2 = 1, u3 = 1', 'u4 = 1']
   relaxed ['u1 = -1', 'u1 = 1', 'u2 = -1, u3 = -1', 'u2 = -1, u3 = 1', 'u2 = 1, u3 = -1', 'u2 = 1, u3 = 1', 'u4 = 1']
   sorted  ['u1 = -1', 'u1 = 1', 'u2 = -1, u3 = 1', 'u2 = 1, u3 = 1', 'u4 = 1'] | sorted-relaxed ['u1 = -1', 'u1 = 1', 'u2 = -1, u3 = -1', 'u2 = -1, u3 = 1', 'u2 = 1, u3 = -1', 'u2 = 1, u3 = 1', 'u4 = 1']
   line strict ['u1 = -1', 'u1 = 1'] relaxed ['u1 = -1', 'u1 = 1'] sorted ['u1 = -1', 'u1 = 1']  37s
orbit 29 m 13 d=4 g0 [(8, 2), (2, 8), (4, 4), (2, 8)] cand 76 ne(s/r/sorted) 62/73/36
   strict  ['u1 = -1', 'u1 = 1', 'u2 = -1', 'u2 = 1', 'u3 = 1']
   relaxed ['u1 = -1', 'u1 = 1', 'u2 = -1', 'u2 = 1', 'u3 = 1']
   sorted  ['u1 = -1', 'u1 = 1', 'u2 = -1', 'u2 = 1', 'u3 = 1'] | sorted-relaxed ['u1 = -1', 'u1 = 1', 'u2 = -1', 'u2 = 1', 'u3 = 1']
   line strict ['u1 = -1', 'u1 = 1'] relaxed ['u1 = -1', 'u1 = 1'] sorted ['u1 = -1', 'u1 = 1']  48s
orbit 30 m116 d=4 g0 [(8, 2), (4, 4), (2, 8), (4, 4)] cand 54 ne(s/r/sorted) 52/52/32
   strict  ['u1 = -1', 'u1 = 1', 'u3 = -1', 'u3 = 1', 'u4 = 1']
   relaxed ['u1 = -1', 'u1 = 1', 'u3 = -1', 'u3 = 1', 'u4 = 1']
   sorted  ['u1 = -1', 'u1 = 1', 'u3 = -1', 'u3 = 1', 'u4 = 1'] | sorted-relaxed ['u1 = -1', 'u1 = 1', 'u3 = -1', 'u3 = 1', 'u4 = 1']
   line strict ['u1 = -1', 'u1 = 1'] relaxed ['u1 = -1', 'u1 = 1'] sorted ['u1 = -1', 'u1 = 1']  54s
orbit 31 m 21 d=4 g0 [(8, 2), (4, 4), (2, 8), (2, 8)] cand 76 ne(s/r/sorted) 62/73/38
   strict  ['u1 = -1', 'u1 = 1', 'u2 = 1', 'u3 = -1', 'u3 = 1']
   relaxed ['u1 = -1', 'u1 = 1', 'u2 = 1', 'u3 = -1', 'u3 = 1']
   sorted  ['u1 = -1', 'u1 = 1', 'u2 = 1', 'u3 = -1', 'u3 = 1'] | sorted-relaxed ['u1 = -1', 'u1 = 1', 'u2 = 1', 'u3 = -1', 'u3 = 1']
   line strict ['u1 = -1', 'u1 = 1'] relaxed ['u1 = -1', 'u1 = 1'] sorted ['u1 = -1', 'u1 = 1']  59s
orbit 32 m392 d=4 g0 [(8, 2), (2, 8), (4, 4), (2, 8)] cand 60 ne(s/r/sorted) 48/55/36
   strict  ['u1 = -1', 'u1 = 1', 'u2 = 1', 'u3 = 1']
   relaxed ['u1 = -1', 'u1 = 1', 'u2 = -1', 'u2 = 1', 'u3 = 1']
   sorted  ['u1 = -1', 'u1 = 1', 'u2 = 1', 'u3 = 1'] | sorted-relaxed ['u1 = -1', 'u1 = 1', 'u2 = -1', 'u2 = 1', 'u3 = 1']
   line strict ['u1 = -1', 'u1 = 1'] relaxed ['u1 = -1', 'u1 = 1'] sorted ['u1 = -1', 'u1 = 1']  63s
orbit 33 m 20 d=4 g0 [(8, 2), (4, 4), (2, 8), (2, 8)] cand 60 ne(s/r/sorted) 48/55/36
   strict  ['u1 = -1', 'u1 = 1', 'u2 = 1', 'u4 = -1', 'u4 = 1']
   relaxed ['u1 = -1', 'u1 = 1', 'u2 = 1', 'u4 = -1', 'u4 = 1']
   sorted  ['u1 = -1', 'u1 = 1', 'u2 = 1', 'u4 = -1', 'u4 = 1'] | sorted-relaxed ['u1 = -1', 'u1 = 1', 'u2 = 1', 'u4 = -1', 'u4 = 1']
   line strict ['u1 = -1', 'u1 = 1'] relaxed ['u1 = -1', 'u1 = 1'] sorted ['u1 = -1', 'u1 = 1']  56s
orbit 34 m 29 d=4 g0 [(8, 2), (2, 8), (4, 4), (2, 8)] cand 60 ne(s/r/sorted) 48/55/32
   strict  ['u1 = -1', 'u1 = 1', 'u2 = -1', 'u2 = 1', 'u3 = 1']
   relaxed ['u1 = -1', 'u1 = 1', 'u2 = -1', 'u2 = 1', 'u3 = 1']
   sorted  ['u1 = -1', 'u1 = 1', 'u2 = -1', 'u2 = 1', 'u3 = 1'] | sorted-relaxed ['u1 = -1', 'u1 = 1', 'u2 = -1', 'u2 = 1', 'u3 = 1']
   line strict ['u1 = -1', 'u1 = 1'] relaxed ['u1 = -1', 'u1 = 1'] sorted ['u1 = -1', 'u1 = 1']  53s
orbit 35 m 52 d=4 g0 [(4, 4), (8, 2), (2, 8), (4, 4)] cand 46 ne(s/r/sorted) 43/43/30
   strict  ['u2 = -1', 'u2 = 1', 'u3 = -1', 'u3 = 1', 'u4 = 1']
   relaxed ['u2 = -1', 'u2 = 1', 'u3 = -1', 'u3 = 1', 'u4 = 1']
   sorted  ['u2 = -1', 'u2 = 1', 'u3 = -1', 'u3 = 1', 'u4 = 1'] | sorted-relaxed ['u2 = -1', 'u2 = 1', 'u3 = -1', 'u3 = 1', 'u4 = 1']
   line strict ['u1 = -1', 'u1 = 1'] relaxed ['u1 = -1', 'u1 = 1'] sorted ['u1 = -1', 'u1 = 1']  61s
orbit 36 m 68 d=5 g0 [(8, 2), (4, 4), (2, 8), (2, 8), (2, 8)] cand 88 ne(s/r/sorted) 65/80/45
   strict  ['u1 = -1', 'u1 = 1', 'u2 = 1', 'u5 = -1', 'u5 = 1']
   relaxed ['u1 = -1', 'u1 = 1', 'u2 = 1', 'u5 = -1', 'u5 = 1']
   sorted  ['u1 = -1', 'u1 = 1', 'u2 = 1', 'u5 = -1', 'u5 = 1'] | sorted-relaxed ['u1 = -1', 'u1 = 1', 'u2 = 1', 'u5 = -1', 'u5 = 1']
   line strict ['u1 = -1', 'u1 = 1'] relaxed ['u1 = -1', 'u1 = 1'] sorted ['u1 = -1', 'u1 = 1']  65s
orbit 37 m 84 d=5 g0 [(4, 4), (8, 2), (4, 4), (2, 8), (2, 8)] cand 60 ne(s/r/sorted) 48/55/36
   strict  ['u2 = -1', 'u2 = 1', 'u3 = 1', 'u5 = -1', 'u5 = 1']
   relaxed ['u2 = -1', 'u2 = 1', 'u3 = 1', 'u5 = -1', 'u5 = 1']
   sorted  ['u2 = -1', 'u2 = 1', 'u3 = 1', 'u5 = -1', 'u5 = 1'] | sorted-relaxed ['u2 = -1', 'u2 = 1', 'u3 = 1', 'u5 = -1', 'u5 = 1']
   line strict ['u1 = -1', 'u1 = 1'] relaxed ['u1 = -1', 'u1 = 1'] sorted ['u1 = -1', 'u1 = 1']  66s
orbit 38 m 88 d=5 g0 [(4, 4), (8, 2), (4, 4), (2, 8), (2, 8)] cand 60 ne(s/r/sorted) 55/55/39
   strict  ['u2 = -1', 'u2 = 1', 'u3 = 1', 'u5 = -1', 'u5 = 1']
   relaxed ['u2 = -1', 'u2 = 1', 'u3 = 1', 'u5 = -1', 'u5 = 1']
   sorted  ['u2 = -1', 'u2 = 1', 'u3 = 1', 'u5 = -1', 'u5 = 1'] | sorted-relaxed ['u2 = -1', 'u2 = 1', 'u3 = 1', 'u5 = -1', 'u5 = 1']
   line strict ['u1 = -1', 'u1 = 1'] relaxed ['u1 = -1', 'u1 = 1'] sorted ['u1 = -1', 'u1 = 1']  63s
orbit 39 m 85 d=5 g0 [(4, 4), (8, 2), (4, 4), (2, 8), (2, 8)] cand 76 ne(s/r/sorted) 62/73/38
   strict  ['u2 = -1', 'u2 = 1', 'u3 = 1', 'u4 = -1', 'u4 = 1']
   relaxed ['u2 = -1', 'u2 = 1', 'u3 = 1', 'u4 = -1', 'u4 = 1']
   sorted  ['u2 = -1', 'u2 = 1', 'u3 = 1', 'u4 = -1', 'u4 = 1'] | sorted-relaxed ['u2 = -1', 'u2 = 1', 'u3 = 1', 'u4 = -1', 'u4 = 1']
   line strict ['u1 = -1', 'u1 = 1'] relaxed ['u1 = -1', 'u1 = 1'] sorted ['u1 = -1', 'u1 = 1']  65s
orbit 40 m 69 d=5 g0 [(8, 2), (4, 4), (2, 8), (2, 8), (2, 8)] cand 120 ne(s/r/sorted) 93/116/53
   strict  ['u1 = -1', 'u1 = 1', 'u2 = 1', 'u4 = -1', 'u4 = 1']
   relaxed ['u1 = -1', 'u1 = 1', 'u2 = 1', 'u4 = -1', 'u4 = 1']
   sorted  ['u1 = -1', 'u1 = 1', 'u2 = 1', 'u4 = -1', 'u4 = 1'] | sorted-relaxed ['u1 = -1', 'u1 = 1', 'u2 = 1', 'u4 = -1', 'u4 = 1']
   line strict ['u1 = -1', 'u1 = 1'] relaxed ['u1 = -1', 'u1 = 1'] sorted ['u1 = -1', 'u1 = 1']  73s
orbit 41 m 89 d=5 g0 [(4, 4), (8, 2), (4, 4), (2, 8), (2, 8)] cand 76 ne(s/r/sorted) 73/73/41
   strict  ['u2 = -1', 'u2 = 1', 'u3 = 1', 'u5 = -1', 'u5 = 1']
   relaxed ['u2 = -1', 'u2 = 1', 'u3 = 1', 'u5 = -1', 'u5 = 1']
   sorted  ['u2 = -1', 'u2 = 1', 'u3 = 1', 'u5 = -1', 'u5 = 1'] | sorted-relaxed ['u2 = -1', 'u2 = 1', 'u3 = 1', 'u5 = -1', 'u5 = 1']
   line strict ['u1 = -1', 'u1 = 1'] relaxed ['u1 = -1', 'u1 = 1'] sorted ['u1 = -1', 'u1 = 1']  101s
orbit 42 m184 d=5 g0 [(4, 4), (8, 2), (2, 8), (4, 4), (2, 8)] cand 60 ne(s/r/sorted) 55/55/39
   strict  ['u2 = -1', 'u2 = 1', 'u4 = 1', 'u5 = -1', 'u5 = 1']
   relaxed ['u2 = -1', 'u2 = 1', 'u4 = 1', 'u5 = -1', 'u5 = 1']
   sorted  ['u2 = -1', 'u2 = 1', 'u4 = 1', 'u5 = -1', 'u5 = 1'] | sorted-relaxed ['u2 = -1', 'u2 = 1', 'u4 = 1', 'u5 = -1', 'u5 = 1']
   line strict ['u1 = -1', 'u1 = 1'] relaxed ['u1 = -1', 'u1 = 1'] sorted ['u1 = -1', 'u1 = 1']  100s
orbit 43 m185 d=5 g0 [(4, 4), (8, 2), (2, 8), (4, 4), (2, 8)] cand 76 ne(s/r/sorted) 73/73/41
   strict  ['u2 = -1', 'u2 = 1', 'u4 = 1', 'u5 = -1', 'u5 = 1']
   relaxed ['u2 = -1', 'u2 = 1', 'u4 = 1', 'u5 = -1', 'u5 = 1']
   sorted  ['u2 = -1', 'u2 = 1', 'u4 = 1', 'u5 = -1', 'u5 = 1'] | sorted-relaxed ['u2 = -1', 'u2 = 1', 'u4 = 1', 'u5 = -1', 'u5 = 1']
   line strict ['u1 = -1', 'u1 = 1'] relaxed ['u1 = -1', 'u1 = 1'] sorted ['u1 = -1', 'u1 = 1']  96s
orbit 44 m117 d=5 g0 [(8, 2), (4, 4), (2, 8), (4, 4), (2, 8)] cand 76 ne(s/r/sorted) 62/73/36
   strict  ['u1 = -1', 'u1 = 1', 'u3 = -1', 'u3 = 1', 'u4 = 1']
   relaxed ['u1 = -1', 'u1 = 1', 'u3 = -1', 'u3 = 1', 'u4 = 1']
   sorted  ['u1 = -1', 'u1 = 1', 'u3 = -1', 'u3 = 1', 'u4 = 1'] | sorted-relaxed ['u1 = -1', 'u1 = 1', 'u3 = -1', 'u3 = 1', 'u4 = 1']
   line strict ['u1 = -1', 'u1 = 1'] relaxed ['u1 = -1', 'u1 = 1'] sorted ['u1 = -1', 'u1 = 1']  91s
orbit 45 m 45 d=5 g0 [(4, 4), (8, 2), (4, 4), (2, 8), (2, 8)] cand 76 ne(s/r/sorted) 62/73/38
   strict  ['u2 = -1', 'u2 = 1', 'u3 = 1', 'u4 = -1', 'u4 = 1']
   relaxed ['u2 = -1', 'u2 = 1', 'u3 = 1', 'u4 = -1', 'u4 = 1']
   sorted  ['u2 = -1', 'u2 = 1', 'u3 = 1', 'u4 = -1', 'u4 = 1'] | sorted-relaxed ['u2 = -1', 'u2 = 1', 'u3 = 1', 'u4 = -1', 'u4 = 1']
   line strict ['u1 = -1', 'u1 = 1'] relaxed ['u1 = -1', 'u1 = 1'] sorted ['u1 = -1', 'u1 = 1']  90s
orbit 46 m157 d=5 g0 [(8, 2), (2, 8), (4, 4), (2, 8), (2, 8)] cand 120 ne(s/r/sorted) 93/116/53
   strict  ['u1 = -1', 'u1 = 1', 'u3 = 1', 'u4 = -1', 'u4 = 1']
   relaxed ['u1 = -1', 'u1 = 1', 'u3 = 1', 'u4 = -1', 'u4 = 1']
   sorted  ['u1 = -1', 'u1 = 1', 'u3 = 1', 'u4 = -1', 'u4 = 1'] | sorted-relaxed ['u1 = -1', 'u1 = 1', 'u3 = 1', 'u4 = -1', 'u4 = 1']
   line strict ['u1 = -1', 'u1 = 1'] relaxed ['u1 = -1', 'u1 = 1'] sorted ['u1 = -1', 'u1 = 1']  91s
orbit 47 m 44 d=5 g0 [(4, 4), (8, 2), (4, 4), (2, 8), (2, 8)] cand 60 ne(s/r/sorted) 48/55/36
   strict  ['u2 = -1', 'u2 = 1', 'u3 = 1', 'u5 = -1', 'u5 = 1']
   relaxed ['u2 = -1', 'u2 = 1', 'u3 = 1', 'u5 = -1', 'u5 = 1']
   sorted  ['u2 = -1', 'u2 = 1', 'u3 = 1', 'u5 = -1', 'u5 = 1'] | sorted-relaxed ['u2 = -1', 'u2 = 1', 'u3 = 1', 'u5 = -1', 'u5 = 1']
   line strict ['u1 = -1', 'u1 = 1'] relaxed ['u1 = -1', 'u1 = 1'] sorted ['u1 = -1', 'u1 = 1']  90s
orbit 48 m156 d=5 g0 [(8, 2), (2, 8), (4, 4), (2, 8), (2, 8)] cand 88 ne(s/r/sorted) 65/80/45
   strict  ['u1 = -1', 'u1 = 1', 'u3 = 1', 'u5 = -1', 'u5 = 1']
   relaxed ['u1 = -1', 'u1 = 1', 'u3 = 1', 'u5 = -1', 'u5 = 1']
   sorted  ['u1 = -1', 'u1 = 1', 'u3 = 1', 'u5 = -1', 'u5 = 1'] | sorted-relaxed ['u1 = -1', 'u1 = 1', 'u3 = 1', 'u5 = -1', 'u5 = 1']
   line strict ['u1 = -1', 'u1 = 1'] relaxed ['u1 = -1', 'u1 = 1'] sorted ['u1 = -1', 'u1 = 1']  90s
orbit 49 m 53 d=5 g0 [(4, 4), (8, 2), (2, 8), (4, 4), (2, 8)] cand 60 ne(s/r/sorted) 48/55/32
   strict  ['u2 = -1', 'u2 = 1', 'u3 = -1', 'u3 = 1', 'u4 = 1']
   relaxed ['u2 = -1', 'u2 = 1', 'u3 = -1', 'u3 = 1', 'u4 = 1']
   sorted  ['u2 = -1', 'u2 = 1', 'u3 = -1', 'u3 = 1', 'u4 = 1'] | sorted-relaxed ['u2 = -1', 'u2 = 1', 'u3 = -1', 'u3 = 1', 'u4 = 1']
   line strict ['u1 = -1', 'u1 = 1'] relaxed ['u1 = -1', 'u1 = 1'] sorted ['u1 = -1', 'u1 = 1']  92s
orbit 50 m 92 d=6 g0 [(4, 4), (8, 2), (4, 4), (2, 8), (2, 8), (2, 8)] cand 88 ne(s/r/sorted) 65/80/45
   strict  ['u2 = -1', 'u2 = 1', 'u3 = 1', 'u6 = -1', 'u6 = 1']
   relaxed ['u2 = -1', 'u2 = 1', 'u3 = 1', 'u6 = -1', 'u6 = 1']
   sorted  ['u2 = -1', 'u2 = 1', 'u3 = 1', 'u6 = -1', 'u6 = 1'] | sorted-relaxed ['u2 = -1', 'u2 = 1', 'u3 = 1', 'u6 = -1', 'u6 = 1']
   line strict ['u1 = -1', 'u1 = 1'] relaxed ['u1 = -1', 'u1 = 1'] sorted ['u1 = -1', 'u1 = 1']  101s
orbit 51 m 93 d=6 g0 [(4, 4), (8, 2), (4, 4), (2, 8), (2, 8), (2, 8)] cand 120 ne(s/r/sorted) 93/116/53
   strict  ['u2 = -1', 'u2 = 1', 'u3 = 1', 'u5 = -1', 'u5 = 1']
   relaxed ['u2 = -1', 'u2 = 1', 'u3 = 1', 'u5 = -1', 'u5 = 1']
   sorted  ['u2 = -1', 'u2 = 1', 'u3 = 1', 'u5 = -1', 'u5 = 1'] | sorted-relaxed ['u2 = -1', 'u2 = 1', 'u3 = 1', 'u5 = -1', 'u5 = 1']
   line strict ['u1 = -1', 'u1 = 1'] relaxed ['u1 = -1', 'u1 = 1'] sorted ['u1 = -1', 'u1 = 1']  105s
orbit 52 m188 d=6 g0 [(4, 4), (8, 2), (2, 8), (4, 4), (2, 8), (2, 8)] cand 88 ne(s/r/sorted) 65/80/45
   strict  ['u2 = -1', 'u2 = 1', 'u4 = 1', 'u6 = -1', 'u6 = 1']
   relaxed ['u2 = -1', 'u2 = 1', 'u4 = 1', 'u6 = -1', 'u6 = 1']
   sorted  ['u2 = -1', 'u2 = 1', 'u4 = 1', 'u6 = -1', 'u6 = 1'] | sorted-relaxed ['u2 = -1', 'u2 = 1', 'u4 = 1', 'u6 = -1', 'u6 = 1']
   line strict ['u1 = -1', 'u1 = 1'] relaxed ['u1 = -1', 'u1 = 1'] sorted ['u1 = -1', 'u1 = 1']  132s
total 3485s
