orbit  0 d=3 atoms 8x2+-Pc 2x8+-Pr 4x4+. | faces [(0, -1), (0, 1), (1, -1), (1, 1), (2, 1)] | other comps [] | pred(+/-) [(0, -1), (0, 1), (1, -1), (1, 1), (2, 1)] | K8 True | strict=relaxed True | sorted=af True | line ['u1 = -1', 'u1 = 1']
orbit  1 d=3 atoms 8x2+-Pc 4x4+. 2x8+-Pr | faces [(0, -1), (0, 1), (1, 1), (2, -1), (2, 1)] | other comps [] | pred(+/-) [(0, -1), (0, 1), (1, 1), (2, -1), (2, 1)] | K8 True | strict=relaxed True | sorted=af True | line ['u1 = -1', 'u1 = 1']
orbit  2 d=3 atoms 8x2+-Pc 4x4+. 2x8+-Pr | faces [(0, -1), (0, 1), (1, 1), (2, -1), (2, 1)] | other comps [] | pred(+/-) [(0, -1), (0, 1), (1, 1), (2, -1), (2, 1)] | K8 True | strict=relaxed True | sorted=af True | line ['u1 = -1', 'u1 = 1']
orbit  3 d=3 atoms 8x2+-Pc 2x8+-Pr 4x4+. | faces [(0, -1), (0, 1), (1, -1), (1, 1), (2, 1)] | other comps [] | pred(+/-) [(0, -1), (0, 1), (1, -1), (1, 1), (2, 1)] | K8 True | strict=relaxed True | sorted=af True | line ['u1 = -1', 'u1 = 1']
orbit  4 d=3 atoms 8x2+-Pc 2x8+. 4x4+. | faces [(0, -1), (0, 1), (1, 1), (2, 1)] | other comps [] | pred(+/-) [(0, -1), (0, 1), (1, 1), (2, 1)] | K8 True | strict=relaxed False | sorted=af True | line ['u1 = -1', 'u1 = 1']
orbit  5 d=3 atoms 8x2+-Pc 4x4+. 2x8+-Pr | faces [(0, -1), (0, 1), (1, 1), (2, -1), (2, 1)] | other comps [] | pred(+/-) [(0, -1), (0, 1), (1, 1), (2, -1), (2, 1)] | K8 True | strict=relaxed True | sorted=af True | line ['u1 = -1', 'u1 = 1']
orbit  6 d=3 atoms 8x2+-Pc 4x4+. 2x8+-Pr | faces [(0, -1), (0, 1), (1, 1), (2, -1), (2, 1)] | other comps [] | pred(+/-) [(0, -1), (0, 1), (1, 1), (2, -1), (2, 1)] | K8 True | strict=relaxed True | sorted=af True | line ['u1 = -1', 'u1 = 1']
orbit  7 d=3 atoms 8x2+-Pc 2x8+-Pr 4x4+. | faces [(0, -1), (0, 1), (1, -1), (1, 1), (2, 1)] | other comps [] | pred(+/-) [(0, -1), (0, 1), (1, -1), (1, 1), (2, 1)] | K8 True | strict=relaxed True | sorted=af True | line ['u1 = -1', 'u1 = 1']
orbit  8 d=3 atoms 8x2+-Pc 2x8+. 4x4+. | faces [(0, -1), (0, 1), (1, 1), (2, 1)] | other comps [] | pred(+/-) [(0, -1), (0, 1), (1, 1), (2, 1)] | K8 True | strict=relaxed False | sorted=af True | line ['u1 = -1', 'u1 = 1']
orbit  9 d=3 atoms 8x2+-Pc 2x8+-Pr 4x4+. | faces [(0, -1), (0, 1), (1, -1), (1, 1), (2, 1)] | other comps [] | pred(+/-) [(0, -1), (0, 1), (1, -1), (1, 1), (2, 1)] | K8 True | strict=relaxed True | sorted=af True | line ['u1 = -1', 'u1 = 1']
orbit 10 d=4 atoms 8x2+-Pc 2x8+. 4x4+. 2x8..Pr | faces [(0, -1), (0, 1), (1, 1), (2, 1)] | other comps [] | pred(+/-) [(0, -1), (0, 1), (1, 1), (2, 1)] | K8 True | strict=relaxed False | sorted=af True | line ['u1 = -1', 'u1 = 1']
orbit 11 d=4 atoms 8x2+-Pc 2x8+-Pr 4x4+. 2x8..Pr | faces [(0, -1), (0, 1), (1, -1), (1, 1), (2, 1)] | other comps [] | pred(+/-) [(0, -1), (0, 1), (1, -1), (1, 1), (2, 1)] | K8 True | strict=relaxed True | sorted=af True | line ['u1 = -1', 'u1 = 1']
orbit 12 d=4 atoms 8x2+-Pc 2x8+-Pr 4x4+. 2x8..Pr | faces [(0, -1), (0, 1), (1, -1), (1, 1), (2, 1)] | other comps [] | pred(+/-) [(0, -1), (0, 1), (1, -1), (1, 1), (2, 1)] | K8 True | strict=relaxed True | sorted=af True | line ['u1 = -1', 'u1 = 1']
orbit 13 d=4 atoms 8x2+-Pc 2x8..Pr 2x8..Pr 4x4+. | faces [(0, -1), (0, 1), (3, 1)] | other comps ['u2 = 1, u3 = 1', 'u2 = 1, u3 = -1', 'u2 = -1, u3 = 1', 'u2 = -1, u3 = -1'] | pred(+/-) [(0, -1), (0, 1), (3, 1)] | K8 True | strict=relaxed True | sorted=af True | line ['u1 = -1', 'u1 = 1']
orbit 14 d=4 atoms 8x2+-Pc 2x8..Pr 2x8.. 4x4+. | faces [(0, -1), (0, 1), (3, 1)] | other comps ['u2 = 1, u3 = 1', 'u2 = -1, u3 = 1'] | pred(+/-) [(0, -1), (0, 1), (3, 1)] | K8 True | strict=relaxed False | sorted=af True | line ['u1 = -1', 'u1 = 1']
orbit 15 d=4 atoms 8x2+-Pc 2x8+-Pr 4x4+. 2x8.. | faces [(0, -1), (0, 1), (1, -1), (1, 1), (2, 1)] | other comps [] | pred(+/-) [(0, -1), (0, 1), (1, -1), (1, 1), (2, 1)] | K8 True | strict=relaxed True | sorted=af True | line ['u1 = -1', 'u1 = 1']
orbit 16 d=4 atoms 8x2+-Pc 4x4+. 2x8.. 2x8+-Pr | faces [(0, -1), (0, 1), (1, 1), (3, -1), (3, 1)] | other comps [] | pred(+/-) [(0, -1), (0, 1), (1, 1), (3, -1), (3, 1)] | K8 True | strict=relaxed True | sorted=af True | line ['u1 = -1', 'u1 = 1']
orbit 17 d=4 atoms 8x2+-Pc 4x4+. 2x8..Pr 2x8+-Pr | faces [(0, -1), (0, 1), (1, 1), (3, -1), (3, 1)] | other comps [] | pred(+/-) [(0, -1), (0, 1), (1, 1), (3, -1), (3, 1)] | K8 True | strict=relaxed True | sorted=af True | line ['u1 = -1', 'u1 = 1']
orbit 18 d=4 atoms 4x4.. 8x2+-Pc 4x4+. 2x8+-Pr | faces [(1, -1), (1, 1), (2, 1), (3, -1), (3, 1)] | other comps [] | pred(+/-) [(1, -1), (1, 1), (2, 1), (3, -1), (3, 1)] | K8 True | strict=relaxed True | sorted=af True | line ['u1 = -1', 'u1 = 1']
orbit 19 d=4 atoms 8x2+-Pc 4x4+. 2x8+-Pr 2x8.. | faces [(0, -1), (0, 1), (1, 1), (2, -1), (2, 1)] | other comps [] | pred(+/-) [(0, -1), (0, 1), (1, 1), (2, -1), (2, 1)] | K8 True | strict=relaxed True | sorted=af True | line ['u1 = -1', 'u1 = 1']
orbit 20 d=4 atoms 4x4.. 8x2+-Pc 4x4+. 2x8+-Pr | faces [(1, -1), (1, 1), (2, 1), (3, -1), (3, 1)] | other comps [] | pred(+/-) [(1, -1), (1, 1), (2, 1), (3, -1), (3, 1)] | K8 True | strict=relaxed True | sorted=af True | line ['u1 = -1', 'u1 = 1']
orbit 21 d=4 atoms 8x2+-Pc 4x4+. 2x8..Pr 2x8+-Pr | faces [(0, -1), (0, 1), (1, 1), (3, -1), (3, 1)] | other comps [] | pred(+/-) [(0, -1), (0, 1), (1, 1), (3, -1), (3, 1)] | K8 True | strict=relaxed True | sorted=af True | line ['u1 = -1', 'u1 = 1']
orbit 22 d=4 atoms 8x2+-Pc 2x8+-Pr 4x4+. 2x8..Pr | faces [(0, -1), (0, 1), (1, -1), (1, 1), (2, 1)] | other comps [] | pred(+/-) [(0, -1), (0, 1), (1, -1), (1, 1), (2, 1)] | K8 True | strict=relaxed True | sorted=af True | line ['u1 = -1', 'u1 = 1']
orbit 23 d=4 atoms 8x2+-Pc 2x8..Pr 2x8..Pr 4x4+. | faces [(0, -1), (0, 1), (3, 1)] | other comps ['u2 = 1, u3 = 1', 'u2 = 1, u3 = -1', 'u2 = -1, u3 = 1', 'u2 = -1, u3 = -1'] | pred(+/-) [(0, -1), (0, 1), (3, 1)] | K8 True | strict=relaxed True | sorted=af True | line ['u1 = -1', 'u1 = 1']
orbit 24 d=4 atoms 8x2+-Pc 2x8..Pr 4x4+. 2x8+-Pr | faces [(0, -1), (0, 1), (2, 1), (3, -1), (3, 1)] | other comps [] | pred(+/-) [(0, -1), (0, 1), (2, 1), (3, -1), (3, 1)] | K8 True | strict=relaxed True | sorted=af True | line ['u1 = -1', 'u1 = 1']
orbit 25 d=4 atoms 4x4.. 8x2+-Pc 4x4+. 2x8+-Pr | faces [(1, -1), (1, 1), (2, 1), (3, -1), (3, 1)] | other comps [] | pred(+/-) [(1, -1), (1, 1), (2, 1), (3, -1), (3, 1)] | K8 True | strict=relaxed True | sorted=af True | line ['u1 = -1', 'u1 = 1']
orbit 26 d=4 atoms 8x2+-Pc 2x8..Pr 4x4+. 2x8+-Pr | faces [(0, -1), (0, 1), (2, 1), (3, -1), (3, 1)] | other comps [] | pred(+/-) [(0, -1), (0, 1), (2, 1), (3, -1), (3, 1)] | K8 True | strict=relaxed True | sorted=af True | line ['u1 = -1', 'u1 = 1']
orbit 27 d=4 atoms 4x4.. 8x2+-Pc 4x4+. 2x8+-Pr | faces [(1, -1), (1, 1), (2, 1), (3, -1), (3, 1)] | other comps [] | pred(+/-) [(1, -1), (1, 1), (2, 1), (3, -1), (3, 1)] | K8 True | strict=relaxed True | sorted=af True | line ['u1 = -1', 'u1 = 1']
orbit 28 d=4 atoms 8x2+-Pc 2x8..Pr 2x8.. 4x4+. | faces [(0, -1), (0, 1), (3, 1)] | other comps ['u2 = 1, u3 = 1', 'u2 = -1, u3 = 1'] | pred(+/-) [(0, -1), (0, 1), (3, 1)] | K8 True | strict=relaxed False | sorted=af True | line ['u1 = -1', 'u1 = 1']
orbit 29 d=4 atoms 8x2+-Pc 2x8+-Pr 4x4+. 2x8.. | faces [(0, -1), (0, 1), (1, -1), (1, 1), (2, 1)] | other comps [] | pred(+/-) [(0, -1), (0, 1), (1, -1), (1, 1), (2, 1)] | K8 True | strict=relaxed True | sorted=af True | line ['u1 = -1', 'u1 = 1']
orbit 30 d=4 atoms 8x2+-Pc 4x4.. 2x8+-Pr 4x4+. | faces [(0, -1), (0, 1), (2, -1), (2, 1), (3, 1)] | other comps [] | pred(+/-) [(0, -1), (0, 1), (2, -1), (2, 1), (3, 1)] | K8 True | strict=relaxed True | sorted=af True | line ['u1 = -1', 'u1 = 1']
orbit 31 d=4 atoms 8x2+-Pc 4x4+. 2x8+-Pr 2x8.. | faces [(0, -1), (0, 1), (1, 1), (2, -1), (2, 1)] | other comps [] | pred(+/-) [(0, -1), (0, 1), (1, 1), (2, -1), (2, 1)] | K8 True | strict=relaxed True | sorted=af True | line ['u1 = -1', 'u1 = 1']
orbit 32 d=4 atoms 8x2+-Pc 2x8+. 4x4+. 2x8..Pr | faces [(0, -1), (0, 1), (1, 1), (2, 1)] | other comps [] | pred(+/-) [(0, -1), (0, 1), (1, 1), (2, 1)] | K8 True | strict=relaxed False | sorted=af True | line ['u1 = -1', 'u1 = 1']
orbit 33 d=4 atoms 8x2+-Pc 4x4+. 2x8.. 2x8+-Pr | faces [(0, -1), (0, 1), (1, 1), (3, -1), (3, 1)] | other comps [] | pred(+/-) [(0, -1), (0, 1), (1, 1), (3, -1), (3, 1)] | K8 True | strict=relaxed True | sorted=af True | line ['u1 = -1', 'u1 = 1']
orbit 34 d=4 atoms 8x2+-Pc 2x8+-Pr 4x4+. 2x8.. | faces [(0, -1), (0, 1), (1, -1), (1, 1), (2, 1)] | other comps [] | pred(+/-) [(0, -1), (0, 1), (1, -1), (1, 1), (2, 1)] | K8 True | strict=relaxed True | sorted=af True | line ['u1 = -1', 'u1 = 1']
orbit 35 d=4 atoms 4x4.. 8x2+-Pc 2x8+-Pr 4x4+. | faces [(1, -1), (1, 1), (2, -1), (2, 1), (3, 1)] | other comps [] | pred(+/-) [(1, -1), (1, 1), (2, -1), (2, 1), (3, 1)] | K8 True | strict=relaxed True | sorted=af True | line ['u1 = -1', 'u1 = 1']
orbit 36 d=5 atoms 8x2+-Pc 4x4+. 2x8..Pr 2x8.. 2x8+-Pr | faces [(0, -1), (0, 1), (1, 1), (4, -1), (4, 1)] | other comps [] | pred(+/-) [(0, -1), (0, 1), (1, 1), (4, -1), (4, 1)] | K8 True | strict=relaxed True | sorted=af True | line ['u1 = -1', 'u1 = 1']
orbit 37 d=5 atoms 4x4.. 8x2+-Pc 4x4+. 2x8.. 2x8+-Pr | faces [(1, -1), (1, 1), (2, 1), (4, -1), (4, 1)] | other comps [] | pred(+/-) [(1, -1), (1, 1), (2, 1), (4, -1), (4, 1)] | K8 True | strict=relaxed True | sorted=af True | line ['u1 = -1', 'u1 = 1']
orbit 38 d=5 atoms 4x4.. 8x2+-Pc 4x4+. 2x8..Pr 2x8+-Pr | faces [(1, -1), (1, 1), (2, 1), (4, -1), (4, 1)] | other comps [] | pred(+/-) [(1, -1), (1, 1), (2, 1), (4, -1), (4, 1)] | K8 True | strict=relaxed True | sorted=af True | line ['u1 = -1', 'u1 = 1']
orbit 39 d=5 atoms 4x4.. 8x2+-Pc 4x4+. 2x8+-Pr 2x8.. | faces [(1, -1), (1, 1), (2, 1), (3, -1), (3, 1)] | other comps [] | pred(+/-) [(1, -1), (1, 1), (2, 1), (3, -1), (3, 1)] | K8 True | strict=relaxed True | sorted=af True | line ['u1 = -1', 'u1 = 1']
orbit 40 d=5 atoms 8x2+-Pc 4x4+. 2x8..Pr 2x8+-Pr 2x8.. | faces [(0, -1), (0, 1), (1, 1), (3, -1), (3, 1)] | other comps [] | pred(+/-) [(0, -1), (0, 1), (1, 1), (3, -1), (3, 1)] | K8 True | strict=relaxed True | sorted=af True | line ['u1 = -1', 'u1 = 1']
orbit 41 d=5 atoms 4x4.. 8x2+-Pc 4x4+. 2x8..Pr 2x8+-Pr | faces [(1, -1), (1, 1), (2, 1), (4, -1), (4, 1)] | other comps [] | pred(+/-) [(1, -1), (1, 1), (2, 1), (4, -1), (4, 1)] | K8 True | strict=relaxed True | sorted=af True | line ['u1 = -1', 'u1 = 1']
orbit 42 d=5 atoms 4x4.. 8x2+-Pc 2x8..Pr 4x4+. 2x8+-Pr | faces [(1, -1), (1, 1), (3, 1), (4, -1), (4, 1)] | other comps [] | pred(+/-) [(1, -1), (1, 1), (3, 1), (4, -1), (4, 1)] | K8 True | strict=relaxed True | sorted=af True | line ['u1 = -1', 'u1 = 1']
orbit 43 d=5 atoms 4x4.. 8x2+-Pc 2x8..Pr 4x4+. 2x8+-Pr | faces [(1, -1), (1, 1), (3, 1), (4, -1), (4, 1)] | other comps [] | pred(+/-) [(1, -1), (1, 1), (3, 1), (4, -1), (4, 1)] | K8 True | strict=relaxed True | sorted=af True | line ['u1 = -1', 'u1 = 1']
orbit 44 d=5 atoms 8x2+-Pc 4x4.. 2x8+-Pr 4x4+. 2x8.. | faces [(0, -1), (0, 1), (2, -1), (2, 1), (3, 1)] | other comps [] | pred(+/-) [(0, -1), (0, 1), (2, -1), (2, 1), (3, 1)] | K8 True | strict=relaxed True | sorted=af True | line ['u1 = -1', 'u1 = 1']
orbit 45 d=5 atoms 4x4.. 8x2+-Pc 4x4+. 2x8+-Pr 2x8.. | faces [(1, -1), (1, 1), (2, 1), (3, -1), (3, 1)] | other comps [] | pred(+/-) [(1, -1), (1, 1), (2, 1), (3, -1), (3, 1)] | K8 True | strict=relaxed True | sorted=af True | line ['u1 = -1', 'u1 = 1']
orbit 46 d=5 atoms 8x2+-Pc 2x8..Pr 4x4+. 2x8+-Pr 2x8.. | faces [(0, -1), (0, 1), (2, 1), (3, -1), (3, 1)] | other comps [] | pred(+/-) [(0, -1), (0, 1), (2, 1), (3, -1), (3, 1)] | K8 True | strict=relaxed True | sorted=af True | line ['u1 = -1', 'u1 = 1']
orbit 47 d=5 atoms 4x4.. 8x2+-Pc 4x4+. 2x8.. 2x8+-Pr | faces [(1, -1), (1, 1), (2, 1), (4, -1), (4, 1)] | other comps [] | pred(+/-) [(1, -1), (1, 1), (2, 1), (4, -1), (4, 1)] | K8 True | strict=relaxed True | sorted=af True | line ['u1 = -1', 'u1 = 1']
orbit 48 d=5 atoms 8x2+-Pc 2x8..Pr 4x4+. 2x8.. 2x8+-Pr | faces [(0, -1), (0, 1), (2, 1), (4, -1), (4, 1)] | other comps [] | pred(+/-) [(0, -1), (0, 1), (2, 1), (4, -1), (4, 1)] | K8 True | strict=relaxed True | sorted=af True | line ['u1 = -1', 'u1 = 1']
orbit 49 d=5 atoms 4x4.. 8x2+-Pc 2x8+-Pr 4x4+. 2x8.. | faces [(1, -1), (1, 1), (2, -1), (2, 1), (3, 1)] | other comps [] | pred(+/-) [(1, -1), (1, 1), (2, -1), (2, 1), (3, 1)] | K8 True | strict=relaxed True | sorted=af True | line ['u1 = -1', 'u1 = 1']
orbit 50 d=6 atoms 4x4.. 8x2+-Pc 4x4+. 2x8..Pr 2x8.. 2x8+-Pr | faces [(1, -1), (1, 1), (2, 1), (5, -1), (5, 1)] | other comps [] | pred(+/-) [(1, -1), (1, 1), (2, 1), (5, -1), (5, 1)] | K8 True | strict=relaxed True | sorted=af True | line ['u1 = -1', 'u1 = 1']
orbit 51 d=6 atoms 4x4.. 8x2+-Pc 4x4+. 2x8..Pr 2x8+-Pr 2x8.. | faces [(1, -1), (1, 1), (2, 1), (4, -1), (4, 1)] | other comps [] | pred(+/-) [(1, -1), (1, 1), (2, 1), (4, -1), (4, 1)] | K8 True | strict=relaxed True | sorted=af True | line ['u1 = -1', 'u1 = 1']
orbit 52 d=6 atoms 4x4.. 8x2+-Pc 2x8..Pr 4x4+. 2x8.. 2x8+-Pr | faces [(1, -1), (1, 1), (3, 1), (5, -1), (5, 1)] | other comps [] | pred(+/-) [(1, -1), (1, 1), (3, 1), (5, -1), (5, 1)] | K8 True | strict=relaxed True | sorted=af True | line ['u1 = -1', 'u1 = 1']

K1    holds on 14 of 53 orbits
K2    holds on 53 of 53 orbits
K3    holds on 10 of 53 orbits
K4    holds on 49 of 53 orbits
K5    holds on 53 of 53 orbits
K7    holds on 53 of 53 orbits
K8    holds on 53 of 53 orbits
K9    holds on 53 of 53 orbits
SR    holds on 47 of 53 orbits
SORT  holds on 53 of 53 orbits
