 0 column (2, 8) alignments    128  strict ['u2 = 1']  relaxed ['u2 = 1']  17s
 1 column (2, 8) alignments    128  strict ['u1 = 1']  relaxed ['u1 = 1']  17s
 2 column (2, 8) alignments    128  strict ['u1 = -1']  relaxed ['u1 = -1']  18s
 3 column (2, 8) alignments    128  strict ['u1 = -1, u2 = 1']  relaxed ['u1 = -1, u2 = 1']  18s
 4 column (2, 8) alignments    128  strict ['u1 = 1, u2 = 1']  relaxed ['u1 = 1, u2 = 1']  18s
 5 column (4, 4) alignments  13824  strict ['u1 = -1 z^-2, u2 = 1, u3 = 1', 'u1 = -1, u2 = 1, u3 = 1', 'u1 = 1 z^-2, u2 = 1, u3 = 1', 'u1 = 1, u2 = 1, u3 = 1']  relaxed ['u1 = -1 z^-2, u2 = 1, u3 = 1', 'u1 = -1, u2 = 1, u3 = 1', 'u1 = 1 z^-2, u2 = 1, u3 = 1', 'u1 = 1, u2 = 1, u3 = 1']  71s
 6 column (4, 4) alignments  13824  strict ['u1 = -1 z^-2, u2 = 1, u3 = -1', 'u1 = -1, u2 = 1, u3 = -1', 'u1 = 1 z^-2, u2 = 1, u3 = -1', 'u1 = 1, u2 = 1, u3 = -1']  relaxed ['u1 = -1 z^-2, u2 = 1, u3 = -1', 'u1 = -1, u2 = 1, u3 = -1', 'u1 = 1 z^-2, u2 = 1, u3 = -1', 'u1 = 1, u2 = 1, u3 = -1']  133s
 7 column (4, 4) alignments  13824  strict ['u1 = 1, u3 = -1']  relaxed ['u1 = 1, u3 = -1']  199s
 8 column (4, 4) alignments  13824  strict ['u1 = -1, u3 = -1']  relaxed ['u1 = -1, u3 = -1']  288s
 9 column (4, 4) alignments  13824  strict ['u1 = -1, u2 = 1, u3 = -1']  relaxed ['u1 = -1, u2 = 1, u3 = -1']  395s
10 column (4, 4) alignments  13824  strict ['u1 = 1, u2 = 1, u3 = -1']  relaxed ['u1 = 1, u2 = 1, u3 = -1']  515s
11 column (4, 4) alignments  13824  strict ['u1 = -1, u2 = 1', 'u1 = 1, u2 = 1']  relaxed ['u1 = -1, u2 = 1', 'u1 = 1, u2 = 1']  590s
12 column (4, 4) alignments  13824  strict ['u1 = -1 z^-2, u2 = 1, u3 = 1', 'u1 = -1, u2 = 1, u3 = 1', 'u1 = 1 z^-2, u2 = 1, u3 = 1', 'u1 = 1, u2 = 1, u3 = 1']  relaxed ['u1 = -1 z^-2, u2 = 1, u3 = 1', 'u1 = -1, u2 = 1, u3 = 1', 'u1 = 1 z^-2, u2 = 1, u3 = 1', 'u1 = 1, u2 = 1, u3 = 1']  685s
13 column (4, 4) alignments  13824  strict ['u1 = 1, u3 = 1']  relaxed ['u1 = 1, u3 = 1']  750s
14 column (4, 4) alignments  13824  strict ['u1 = -1, u3 = 1']  relaxed ['u1 = -1, u3 = 1']  829s
15 column (4, 4) alignments  13824  strict ['u1 = -1, u2 = 1, u3 = 1']  relaxed ['u1 = -1, u2 = 1, u3 = 1']  923s
16 column (4, 4) alignments  13824  strict ['u1 = 1, u2 = 1, u3 = 1']  relaxed ['u1 = 1, u2 = 1, u3 = 1']  1004s
17 column (4, 4) alignments  13824  strict ['u1 = -1 z^-2, u2 = 1, u3 = -1', 'u1 = -1, u2 = 1, u3 = -1', 'u1 = 1 z^-2, u2 = 1, u3 = -1', 'u1 = 1, u2 = 1, u3 = -1']  relaxed ['u1 = -1 z^-2, u2 = 1, u3 = -1', 'u1 = -1, u2 = 1, u3 = -1', 'u1 = 1 z^-2, u2 = 1, u3 = -1', 'u1 = 1, u2 = 1, u3 = -1']  1080s
18 column (8, 2) alignments  40320  strict ['u1 = -1, u2 = 1, u3 = 1', 'u1 = 1, u2 = 1, u3 = 1']  relaxed ['u1 = -1, u2 = 1, u3 = 1', 'u1 = 1, u2 = 1, u3 = 1']  1281s
19 column (8, 2) alignments  40320  strict ['u1 = -1, u2 = 1, u3 = -1', 'u1 = 1, u2 = 1, u3 = -1']  relaxed ['u1 = -1, u2 = 1, u3 = -1', 'u1 = 1, u2 = 1, u3 = -1']  1447s
